{"output": "/Users/stanislav/Projects/opentt3d/build-macos/breadth-original-river-relief-close-observer-separated-temperate-3-vulkan-canonical", "image_size": [1280, 960]}
{"output": "/Users/stanislav/Projects/opentt3d/build-macos/breadth-original-river-relief-close-observer-separated-temperate-3-vulkan-complete", "image_size": [1280, 960]}
{"output": "/Users/stanislav/Projects/opentt3d/build-macos/breadth-original-river-relief-close-observer-separated-temperate-3-opengl-canonical", "image_size": [1280, 960]}
{"output": "/Users/stanislav/Projects/opentt3d/build-macos/breadth-original-river-relief-close-observer-separated-temperate-3-opengl-complete", "image_size": [1280, 960]}
{"output": "/Users/stanislav/Projects/opentt3d/build-macos/breadth-original-river-relief-close-observer-separated-temperate-6-vulkan-canonical", "image_size": [1280, 960]}
{"output": "/Users/stanislav/Projects/opentt3d/build-macos/breadth-original-river-relief-close-observer-separated-temperate-6-vulkan-complete", "image_size": [1280, 960]}
{"output": "/Users/stanislav/Projects/opentt3d/build-macos/breadth-original-river-relief-close-observer-separated-temperate-6-opengl-canonical", "image_size": [1280, 960]}
{"output": "/Users/stanislav/Projects/opentt3d/build-macos/breadth-original-river-relief-close-observer-separated-temperate-6-opengl-complete", "image_size": [1280, 960]}
{"output": "/Users/stanislav/Projects/opentt3d/build-macos/breadth-original-river-relief-close-observer-separated-temperate-9-vulkan-canonical", "image_size": [1280, 960]}
{"output": "/Users/stanislav/Projects/opentt3d/build-macos/breadth-original-river-relief-close-observer-separated-temperate-9-vulkan-complete", "image_size": [1280, 960]}
{"output": "/Users/stanislav/Projects/opentt3d/build-macos/breadth-original-river-relief-close-observer-separated-temperate-9-opengl-canonical", "image_size": [1280, 960]}
{"output": "/Users/stanislav/Projects/opentt3d/build-macos/breadth-original-river-relief-close-observer-separated-temperate-9-opengl-complete", "image_size": [1280, 960]}
{"output": "/Users/stanislav/Projects/opentt3d/build-macos/breadth-original-river-relief-close-observer-separated-temperate-12-vulkan-canonical", "image_size": [1280, 960]}
{"output": "/Users/stanislav/Projects/opentt3d/build-macos/breadth-original-river-relief-close-observer-separated-temperate-12-vulkan-complete", "image_size": [1280, 960]}
{"output": "/Users/stanislav/Projects/opentt3d/build-macos/breadth-original-river-relief-close-observer-separated-temperate-12-opengl-canonical", "image_size": [1280, 960]}
{"output": "/Users/stanislav/Projects/opentt3d/build-macos/breadth-original-river-relief-close-observer-separated-temperate-12-opengl-complete", "image_size": [1280, 960]}
{"output": "/Users/stanislav/Projects/opentt3d/build-macos/breadth-original-river-relief-close-observer-separated-toyland-3-vulkan-canonical", "image_size": [1280, 960]}
{"output": "/Users/stanislav/Projects/opentt3d/build-macos/breadth-original-river-relief-close-observer-separated-toyland-3-vulkan-complete", "image_size": [1280, 960]}
{"output": "/Users/stanislav/Projects/opentt3d/build-macos/breadth-original-river-relief-close-observer-separated-toyland-3-opengl-canonical", "image_size": [640, 480]}
{"output": "/Users/stanislav/Projects/opentt3d/build-macos/breadth-original-river-relief-close-observer-separated-toyland-3-opengl-complete", "image_size": [640, 480]}
{"output": "/Users/stanislav/Projects/opentt3d/build-macos/breadth-original-river-relief-close-observer-separated-toyland-6-vulkan-canonical", "image_size": [640, 480]}
{"output": "/Users/stanislav/Projects/opentt3d/build-macos/breadth-original-river-relief-close-observer-separated-toyland-6-vulkan-complete", "image_size": [640, 480]}
{"output": "/Users/stanislav/Projects/opentt3d/build-macos/breadth-original-river-relief-close-observer-separated-toyland-6-opengl-canonical", "image_size": [640, 480]}
{"output": "/Users/stanislav/Projects/opentt3d/build-macos/breadth-original-river-relief-close-observer-separated-toyland-6-opengl-complete", "image_size": [1280, 960]}
{"output": "/Users/stanislav/Projects/opentt3d/build-macos/breadth-original-river-relief-close-observer-separated-toyland-9-vulkan-canonical", "image_size": [1280, 960]}
{"output": "/Users/stanislav/Projects/opentt3d/build-macos/breadth-original-river-relief-close-observer-separated-toyland-9-vulkan-complete", "image_size": [640, 480]}
{"output": "/Users/stanislav/Projects/opentt3d/build-macos/breadth-original-river-relief-close-observer-separated-toyland-9-opengl-canonical", "image_size": [1280, 960]}
{"output": "/Users/stanislav/Projects/opentt3d/build-macos/breadth-original-river-relief-close-observer-separated-toyland-9-opengl-complete", "image_size": [1280, 960]}
{"output": "/Users/stanislav/Projects/opentt3d/build-macos/breadth-original-river-relief-close-observer-separated-toyland-12-vulkan-canonical", "image_size": [1280, 960]}
{"output": "/Users/stanislav/Projects/opentt3d/build-macos/breadth-original-river-relief-close-observer-separated-toyland-12-vulkan-complete", "image_size": [1280, 960]}
{"output": "/Users/stanislav/Projects/opentt3d/build-macos/breadth-original-river-relief-close-observer-separated-toyland-12-opengl-canonical", "image_size": [640, 480]}
{"output": "/Users/stanislav/Projects/opentt3d/build-macos/breadth-original-river-relief-close-observer-separated-toyland-12-opengl-complete", "image_size": [640, 480]}
{"quiet_saved_close_worlds": 32, "individual_models_presented": 8, "live_relief_specific_picking_accepted": false, "approvals": 0}
