{"output": "/Users/stanislav/Projects/opentt3d/build-macos/breadth-original-river-relief-fixed-pixel-preservation-temperate-vulkan-complete-water-canonical-on", "image_size": [640, 480]}
{"output": "/Users/stanislav/Projects/opentt3d/build-macos/breadth-original-river-relief-fixed-pixel-preservation-temperate-vulkan-complete-water-complete-on", "image_size": [640, 480]}
{"output": "/Users/stanislav/Projects/opentt3d/build-macos/breadth-original-river-relief-fixed-pixel-preservation-temperate-vulkan-observer-separated-canonical-on", "image_size": [640, 480]}
{"output": "/Users/stanislav/Projects/opentt3d/build-macos/breadth-original-river-relief-fixed-pixel-preservation-temperate-vulkan-observer-separated-complete-on", "image_size": [640, 480]}
{"output": "/Users/stanislav/Projects/opentt3d/build-macos/breadth-original-river-relief-fixed-pixel-preservation-temperate-vulkan-observer-separated-complete-off", "image_size": [640, 480]}
{"output": "/Users/stanislav/Projects/opentt3d/build-macos/breadth-original-river-relief-fixed-pixel-preservation-temperate-opengl-complete-water-canonical-on", "image_size": [640, 480]}
{"output": "/Users/stanislav/Projects/opentt3d/build-macos/breadth-original-river-relief-fixed-pixel-preservation-temperate-opengl-complete-water-complete-on", "image_size": [640, 480]}
{"output": "/Users/stanislav/Projects/opentt3d/build-macos/breadth-original-river-relief-fixed-pixel-preservation-temperate-opengl-observer-separated-canonical-on", "image_size": [640, 480]}
{"output": "/Users/stanislav/Projects/opentt3d/build-macos/breadth-original-river-relief-fixed-pixel-preservation-temperate-opengl-observer-separated-complete-on", "image_size": [640, 480]}
{"output": "/Users/stanislav/Projects/opentt3d/build-macos/breadth-original-river-relief-fixed-pixel-preservation-temperate-opengl-observer-separated-complete-off", "image_size": [640, 480]}
{"output": "/Users/stanislav/Projects/opentt3d/build-macos/breadth-original-river-relief-fixed-pixel-preservation-arctic-vulkan-complete-water-canonical-on", "image_size": [640, 480]}
{"output": "/Users/stanislav/Projects/opentt3d/build-macos/breadth-original-river-relief-fixed-pixel-preservation-arctic-vulkan-complete-water-complete-on", "image_size": [640, 480]}
{"output": "/Users/stanislav/Projects/opentt3d/build-macos/breadth-original-river-relief-fixed-pixel-preservation-arctic-vulkan-observer-separated-canonical-on", "image_size": [640, 480]}
{"output": "/Users/stanislav/Projects/opentt3d/build-macos/breadth-original-river-relief-fixed-pixel-preservation-arctic-vulkan-observer-separated-complete-on", "image_size": [640, 480]}
{"output": "/Users/stanislav/Projects/opentt3d/build-macos/breadth-original-river-relief-fixed-pixel-preservation-arctic-vulkan-observer-separated-complete-off", "image_size": [640, 480]}
{"output": "/Users/stanislav/Projects/opentt3d/build-macos/breadth-original-river-relief-fixed-pixel-preservation-arctic-opengl-complete-water-canonical-on", "image_size": [640, 480]}
{"output": "/Users/stanislav/Projects/opentt3d/build-macos/breadth-original-river-relief-fixed-pixel-preservation-arctic-opengl-complete-water-complete-on", "image_size": [640, 480]}
{"output": "/Users/stanislav/Projects/opentt3d/build-macos/breadth-original-river-relief-fixed-pixel-preservation-arctic-opengl-observer-separated-canonical-on", "image_size": [640, 480]}
{"output": "/Users/stanislav/Projects/opentt3d/build-macos/breadth-original-river-relief-fixed-pixel-preservation-arctic-opengl-observer-separated-complete-on", "image_size": [640, 480]}
{"output": "/Users/stanislav/Projects/opentt3d/build-macos/breadth-original-river-relief-fixed-pixel-preservation-arctic-opengl-observer-separated-complete-off", "image_size": [640, 480]}
{"output": "/Users/stanislav/Projects/opentt3d/build-macos/breadth-original-river-relief-fixed-pixel-preservation-tropic-vulkan-complete-water-canonical-on", "image_size": [640, 480]}
{"output": "/Users/stanislav/Projects/opentt3d/build-macos/breadth-original-river-relief-fixed-pixel-preservation-tropic-vulkan-complete-water-complete-on", "image_size": [640, 480]}
{"output": "/Users/stanislav/Projects/opentt3d/build-macos/breadth-original-river-relief-fixed-pixel-preservation-tropic-vulkan-observer-separated-canonical-on", "image_size": [640, 480]}
{"output": "/Users/stanislav/Projects/opentt3d/build-macos/breadth-original-river-relief-fixed-pixel-preservation-tropic-vulkan-observer-separated-complete-on", "image_size": [640, 480]}
{"output": "/Users/stanislav/Projects/opentt3d/build-macos/breadth-original-river-relief-fixed-pixel-preservation-tropic-vulkan-observer-separated-complete-off", "image_size": [640, 480]}
{"output": "/Users/stanislav/Projects/opentt3d/build-macos/breadth-original-river-relief-fixed-pixel-preservation-tropic-opengl-complete-water-canonical-on", "image_size": [640, 480]}
{"output": "/Users/stanislav/Projects/opentt3d/build-macos/breadth-original-river-relief-fixed-pixel-preservation-tropic-opengl-complete-water-complete-on", "image_size": [640, 480]}
{"output": "/Users/stanislav/Projects/opentt3d/build-macos/breadth-original-river-relief-fixed-pixel-preservation-tropic-opengl-observer-separated-canonical-on", "image_size": [640, 480]}
{"output": "/Users/stanislav/Projects/opentt3d/build-macos/breadth-original-river-relief-fixed-pixel-preservation-tropic-opengl-observer-separated-complete-on", "image_size": [640, 480]}
{"output": "/Users/stanislav/Projects/opentt3d/build-macos/breadth-original-river-relief-fixed-pixel-preservation-tropic-opengl-observer-separated-complete-off", "image_size": [640, 480]}
{"output": "/Users/stanislav/Projects/opentt3d/build-macos/breadth-original-river-relief-fixed-pixel-preservation-toyland-vulkan-complete-water-canonical-on", "image_size": [640, 480]}
{"output": "/Users/stanislav/Projects/opentt3d/build-macos/breadth-original-river-relief-fixed-pixel-preservation-toyland-vulkan-complete-water-complete-on", "image_size": [640, 480]}
{"output": "/Users/stanislav/Projects/opentt3d/build-macos/breadth-original-river-relief-fixed-pixel-preservation-toyland-vulkan-observer-separated-canonical-on", "image_size": [640, 480]}
{"output": "/Users/stanislav/Projects/opentt3d/build-macos/breadth-original-river-relief-fixed-pixel-preservation-toyland-vulkan-observer-separated-complete-on", "image_size": [640, 480]}
{"output": "/Users/stanislav/Projects/opentt3d/build-macos/breadth-original-river-relief-fixed-pixel-preservation-toyland-vulkan-observer-separated-complete-off", "image_size": [640, 480]}
{"output": "/Users/stanislav/Projects/opentt3d/build-macos/breadth-original-river-relief-fixed-pixel-preservation-toyland-opengl-complete-water-canonical-on", "image_size": [640, 480]}
{"output": "/Users/stanislav/Projects/opentt3d/build-macos/breadth-original-river-relief-fixed-pixel-preservation-toyland-opengl-complete-water-complete-on", "image_size": [640, 480]}
{"output": "/Users/stanislav/Projects/opentt3d/build-macos/breadth-original-river-relief-fixed-pixel-preservation-toyland-opengl-observer-separated-canonical-on", "image_size": [640, 480]}
{"output": "/Users/stanislav/Projects/opentt3d/build-macos/breadth-original-river-relief-fixed-pixel-preservation-toyland-opengl-observer-separated-complete-on", "image_size": [640, 480]}
{"output": "/Users/stanislav/Projects/opentt3d/build-macos/breadth-original-river-relief-fixed-pixel-preservation-toyland-opengl-observer-separated-complete-off", "image_size": [640, 480]}
{"quiet_fixed_pixel_controls": 40, "runtime_tracing_on_off_pairs": 8, "observer_revision_scope_pairs": 16, "full_size_comparisons_pending_audit": true, "quality_approvals": 0}
