{"output": "/Users/stanislav/Projects/opentt3d/build-macos/breadth-original-river-relief-world-initial-temperate-271828-vulkan-canonical-classic", "image_size": [640, 480]}
{"output": "/Users/stanislav/Projects/opentt3d/build-macos/breadth-original-river-relief-world-initial-temperate-271828-vulkan-complete-classic", "image_size": [640, 480]}
{"output": "/Users/stanislav/Projects/opentt3d/build-macos/breadth-original-river-relief-world-initial-temperate-271828-opengl-canonical-classic", "image_size": [640, 480]}
{"output": "/Users/stanislav/Projects/opentt3d/build-macos/breadth-original-river-relief-world-initial-temperate-271828-opengl-complete-classic", "image_size": [640, 480]}
{"output": "/Users/stanislav/Projects/opentt3d/build-macos/breadth-original-river-relief-world-initial-arctic-271828-vulkan-canonical-classic", "image_size": [640, 480]}
{"output": "/Users/stanislav/Projects/opentt3d/build-macos/breadth-original-river-relief-world-initial-arctic-271828-vulkan-complete-classic", "image_size": [640, 480]}
{"output": "/Users/stanislav/Projects/opentt3d/build-macos/breadth-original-river-relief-world-initial-arctic-271828-opengl-canonical-classic", "image_size": [640, 480]}
{"output": "/Users/stanislav/Projects/opentt3d/build-macos/breadth-original-river-relief-world-initial-arctic-271828-opengl-complete-classic", "image_size": [640, 480]}
{"output": "/Users/stanislav/Projects/opentt3d/build-macos/breadth-original-river-relief-world-initial-tropic-271828-vulkan-canonical-classic", "image_size": [640, 480]}
{"output": "/Users/stanislav/Projects/opentt3d/build-macos/breadth-original-river-relief-world-initial-tropic-271828-vulkan-complete-classic", "image_size": [640, 480]}
{"output": "/Users/stanislav/Projects/opentt3d/build-macos/breadth-original-river-relief-world-initial-tropic-271828-opengl-canonical-classic", "image_size": [640, 480]}
{"output": "/Users/stanislav/Projects/opentt3d/build-macos/breadth-original-river-relief-world-initial-tropic-271828-opengl-complete-classic", "image_size": [640, 480]}
{"output": "/Users/stanislav/Projects/opentt3d/build-macos/breadth-original-river-relief-world-initial-toyland-271828-vulkan-canonical-classic", "image_size": [640, 480]}
{"output": "/Users/stanislav/Projects/opentt3d/build-macos/breadth-original-river-relief-world-initial-toyland-271828-vulkan-complete-classic", "image_size": [640, 480]}
{"output": "/Users/stanislav/Projects/opentt3d/build-macos/breadth-original-river-relief-world-initial-toyland-271828-opengl-canonical-classic", "image_size": [640, 480]}
{"output": "/Users/stanislav/Projects/opentt3d/build-macos/breadth-original-river-relief-world-initial-toyland-271828-opengl-complete-classic", "image_size": [640, 480]}
{"output": "/Users/stanislav/Projects/opentt3d/build-macos/breadth-original-river-relief-world-initial-tropic-161803-vulkan-canonical-classic", "image_size": [640, 480]}
{"output": "/Users/stanislav/Projects/opentt3d/build-macos/breadth-original-river-relief-world-initial-tropic-161803-vulkan-complete-classic", "image_size": [640, 480]}
{"output": "/Users/stanislav/Projects/opentt3d/build-macos/breadth-original-river-relief-world-initial-tropic-161803-opengl-canonical-classic", "image_size": [640, 480]}
{"output": "/Users/stanislav/Projects/opentt3d/build-macos/breadth-original-river-relief-world-initial-tropic-161803-opengl-complete-classic", "image_size": [640, 480]}
{"output": "/Users/stanislav/Projects/opentt3d/build-macos/breadth-original-river-relief-world-initial-temperate-271828-vulkan-missing-owner-classic", "image_size": [640, 480]}
{"output": "/Users/stanislav/Projects/opentt3d/build-macos/breadth-original-river-relief-world-initial-temperate-271828-vulkan-missing-water-classic", "image_size": [640, 480]}
{"output": "/Users/stanislav/Projects/opentt3d/build-macos/breadth-original-river-relief-world-initial-temperate-271828-vulkan-changed-source-classic", "image_size": [640, 480]}
{"output": "/Users/stanislav/Projects/opentt3d/build-macos/breadth-original-river-relief-world-initial-temperate-271828-opengl-missing-owner-classic", "image_size": [640, 480]}
{"output": "/Users/stanislav/Projects/opentt3d/build-macos/breadth-original-river-relief-world-initial-temperate-271828-opengl-missing-water-classic", "image_size": [640, 480]}
{"output": "/Users/stanislav/Projects/opentt3d/build-macos/breadth-original-river-relief-world-initial-temperate-271828-opengl-changed-source-classic", "image_size": [640, 480]}
{"output": "/Users/stanislav/Projects/opentt3d/build-macos/breadth-original-river-relief-world-initial-toyland-271828-vulkan-missing-owner-classic", "image_size": [640, 480]}
{"output": "/Users/stanislav/Projects/opentt3d/build-macos/breadth-original-river-relief-world-initial-toyland-271828-vulkan-missing-water-classic", "image_size": [640, 480]}
{"output": "/Users/stanislav/Projects/opentt3d/build-macos/breadth-original-river-relief-world-initial-toyland-271828-vulkan-changed-source-classic", "image_size": [640, 480]}
{"output": "/Users/stanislav/Projects/opentt3d/build-macos/breadth-original-river-relief-world-initial-toyland-271828-opengl-missing-owner-classic", "image_size": [640, 480]}
{"output": "/Users/stanislav/Projects/opentt3d/build-macos/breadth-original-river-relief-world-initial-toyland-271828-opengl-missing-water-classic", "image_size": [640, 480]}
{"output": "/Users/stanislav/Projects/opentt3d/build-macos/breadth-original-river-relief-world-initial-toyland-271828-opengl-changed-source-classic", "image_size": [640, 480]}
{"output": "/Users/stanislav/Projects/opentt3d/build-macos/breadth-original-river-relief-world-initial-temperate-271828-vulkan-canonical-alternate", "image_size": [640, 480]}
{"output": "/Users/stanislav/Projects/opentt3d/build-macos/breadth-original-river-relief-world-initial-temperate-271828-vulkan-complete-alternate", "image_size": [640, 480]}
{"output": "/Users/stanislav/Projects/opentt3d/build-macos/breadth-original-river-relief-world-initial-temperate-271828-opengl-canonical-alternate", "image_size": [640, 480]}
{"output": "/Users/stanislav/Projects/opentt3d/build-macos/breadth-original-river-relief-world-initial-temperate-271828-opengl-complete-alternate", "image_size": [640, 480]}
{"output": "/Users/stanislav/Projects/opentt3d/build-macos/breadth-original-river-relief-world-initial-toyland-271828-vulkan-canonical-alternate", "image_size": [640, 480]}
{"output": "/Users/stanislav/Projects/opentt3d/build-macos/breadth-original-river-relief-world-initial-toyland-271828-vulkan-complete-alternate", "image_size": [640, 480]}
{"output": "/Users/stanislav/Projects/opentt3d/build-macos/breadth-original-river-relief-world-initial-toyland-271828-opengl-canonical-alternate", "image_size": [640, 480]}
{"output": "/Users/stanislav/Projects/opentt3d/build-macos/breadth-original-river-relief-world-initial-toyland-271828-opengl-complete-alternate", "image_size": [640, 480]}
{"quiet_controls": 40, "all_four_climate_slopes_in_saved_worlds_pending_audit": true, "geometry_approvals": 0}
