[2026-10-03 23:42:40] dbg: [driver:1] Successfully loaded blitter '40bpp-anim'
[2026-10-03 23:42:40] dbg: [driver:1] OpenTT3D: Cocoa process 19834
[mvk-info] MoltenVK version 1.4.2, supporting Vulkan version 1.4.357.
	The following 154 Vulkan extensions are supported:
	VK_KHR_16bit_storage v1
	VK_KHR_8bit_storage v1
	VK_KHR_bind_memory2 v1
	VK_KHR_buffer_device_address v1
	VK_KHR_calibrated_timestamps v1
	VK_KHR_copy_commands2 v1
	VK_KHR_create_renderpass2 v1
	VK_KHR_dedicated_allocation v3
	VK_KHR_deferred_host_operations v4
	VK_KHR_depth_stencil_resolve v1
	VK_KHR_descriptor_update_template v1
	VK_KHR_device_group v4
	VK_KHR_device_group_creation v1
	VK_KHR_driver_properties v1
	VK_KHR_dynamic_rendering v1
	VK_KHR_dynamic_rendering_local_read v1
	VK_KHR_external_fence v1
	VK_KHR_external_fence_capabilities v1
	VK_KHR_external_memory v1
	VK_KHR_external_memory_capabilities v1
	VK_KHR_external_semaphore v1
	VK_KHR_external_semaphore_capabilities v1
	VK_KHR_format_feature_flags2 v2
	VK_KHR_fragment_shader_barycentric v1
	VK_KHR_get_memory_requirements2 v1
	VK_KHR_get_physical_device_properties2 v2
	VK_KHR_get_surface_capabilities2 v1
	VK_KHR_global_priority v1
	VK_KHR_image_format_list v1
	VK_KHR_imageless_framebuffer v1
	VK_KHR_incremental_present v2
	VK_KHR_index_type_uint8 v1
	VK_KHR_line_rasterization v1
	VK_KHR_load_store_op_none v1
	VK_KHR_maintenance1 v2
	VK_KHR_maintenance2 v1
	VK_KHR_maintenance3 v1
	VK_KHR_maintenance4 v2
	VK_KHR_maintenance5 v1
	VK_KHR_maintenance6 v1
	VK_KHR_maintenance7 v1
	VK_KHR_maintenance8 v1
	VK_KHR_maintenance9 v1
	VK_KHR_map_memory2 v1
	VK_KHR_multiview v1
	VK_KHR_portability_subset v1
	VK_KHR_present_id v1
	VK_KHR_present_id2 v1
	VK_KHR_present_wait v1
	VK_KHR_present_wait2 v1
	VK_KHR_push_descriptor v2
	VK_KHR_relaxed_block_layout v1
	VK_KHR_robustness2 v1
	VK_KHR_sampler_mirror_clamp_to_edge v3
	VK_KHR_sampler_ycbcr_conversion v14
	VK_KHR_separate_depth_stencil_layouts v1
	VK_KHR_shader_draw_parameters v1
	VK_KHR_shader_expect_assume v1
	VK_KHR_shader_float_controls v4
	VK_KHR_shader_float_controls2 v1
	VK_KHR_shader_float16_int8 v1
	VK_KHR_shader_fma v1
	VK_KHR_shader_integer_dot_product v1
	VK_KHR_shader_maximal_reconvergence v1
	VK_KHR_shader_non_semantic_info v1
	VK_KHR_shader_quad_control v1
	VK_KHR_shader_relaxed_extended_instruction v1
	VK_KHR_shader_subgroup_extended_types v1
	VK_KHR_shader_subgroup_rotate v2
	VK_KHR_shader_subgroup_uniform_control_flow v1
	VK_KHR_shader_terminate_invocation v1
	VK_KHR_spirv_1_4 v1
	VK_KHR_storage_buffer_storage_class v1
	VK_KHR_surface v25
	VK_KHR_surface_maintenance1 v1
	VK_KHR_surface_protected_capabilities v1
	VK_KHR_swapchain v70
	VK_KHR_swapchain_maintenance1 v1
	VK_KHR_swapchain_mutable_format v1
	VK_KHR_synchronization2 v1
	VK_KHR_timeline_semaphore v2
	VK_KHR_uniform_buffer_standard_layout v1
	VK_KHR_variable_pointers v1
	VK_KHR_vertex_attribute_divisor v1
	VK_KHR_vulkan_memory_model v3
	VK_KHR_zero_initialize_workgroup_memory v1
	VK_EXT_4444_formats v1
	VK_EXT_buffer_device_address v2
	VK_EXT_calibrated_timestamps v2
	VK_EXT_debug_marker v4
	VK_EXT_debug_report v10
	VK_EXT_debug_utils v2
	VK_EXT_depth_clip_control v1
	VK_EXT_descriptor_indexing v2
	VK_EXT_extended_dynamic_state v1
	VK_EXT_extended_dynamic_state2 v1
	VK_EXT_extended_dynamic_state3 v2
	VK_EXT_external_memory_host v1
	VK_EXT_external_memory_metal v1
	VK_EXT_fragment_shader_interlock v1
	VK_EXT_global_priority v2
	VK_EXT_global_priority_query v1
	VK_EXT_hdr_metadata v3
	VK_EXT_headless_surface v1
	VK_EXT_host_image_copy v1
	VK_EXT_host_query_reset v1
	VK_EXT_image_2d_view_of_3d v1
	VK_EXT_image_robustness v1
	VK_EXT_index_type_uint8 v1
	VK_EXT_inline_uniform_block v1
	VK_EXT_layer_settings v2
	VK_EXT_legacy_dithering v2
	VK_EXT_line_rasterization v1
	VK_EXT_load_store_op_none v1
	VK_EXT_memory_budget v1
	VK_EXT_metal_objects v2
	VK_EXT_metal_surface v1
	VK_EXT_non_seamless_cube_map v1
	VK_EXT_pipeline_creation_cache_control v3
	VK_EXT_pipeline_creation_feedback v1
	VK_EXT_pipeline_robustness v1
	VK_EXT_post_depth_coverage v1
	VK_EXT_primitive_topology_list_restart v1
	VK_EXT_private_data v1
	VK_EXT_provoking_vertex v1
	VK_EXT_robustness2 v1
	VK_EXT_sample_locations v1
	VK_EXT_sampler_filter_minmax v2
	VK_EXT_scalar_block_layout v1
	VK_EXT_separate_stencil_usage v1
	VK_EXT_shader_atomic_float v1
	VK_EXT_shader_demote_to_helper_invocation v1
	VK_EXT_shader_stencil_export v1
	VK_EXT_shader_subgroup_ballot v1
	VK_EXT_shader_subgroup_vote v1
	VK_EXT_shader_viewport_index_layer v1
	VK_EXT_subgroup_size_control v2
	VK_EXT_surface_maintenance1 v1
	VK_EXT_swapchain_colorspace v5
	VK_EXT_swapchain_maintenance1 v1
	VK_EXT_texel_buffer_alignment v1
	VK_EXT_texture_compression_astc_hdr v1
	VK_EXT_tooling_info v1
	VK_EXT_vertex_attribute_divisor v3
	VK_AMD_gpu_shader_half_float v2
	VK_AMD_negative_viewport_height v1
	VK_AMD_shader_image_load_store_lod v1
	VK_AMD_shader_trinary_minmax v1
	VK_GOOGLE_display_timing v1
	VK_IMG_format_pvrtc v1
	VK_INTEL_shader_integer_functions2 v1
	VK_MVK_macos_surface v3
	VK_MVK_moltenvk v37
	VK_NV_fragment_shader_barycentric v1
[mvk-info] GPU device:
	model: Apple M3 Pro
	type: Integrated
	vendorID: 0x106b
	deviceID: 0x1a060209
	pipelineCacheUUID: DB660224-1A06-0209-0000-000100000000
	GPU memory available: 13639 MB
	GPU memory used: 0 MB
	Metal Shading Language 4.0
	supports the following GPU Features:
		GPU Family Metal 4
		GPU Family Apple 9
		GPU Family Mac 1
		GPU Family Mac 2
		Read-Write Texture Tier 2
[mvk-info] Created VkInstance for Vulkan version 1.1.357, as requested by app, with the following 2 Vulkan extensions enabled:
	VK_KHR_surface v25
	VK_EXT_metal_surface v1
[mvk-info] Vulkan semaphores using MTLEvent.
[mvk-info] Descriptor sets binding resources using Metal3 argument buffers.
[mvk-info] Created VkDevice to run on GPU Apple M3 Pro with the following 2 Vulkan extensions enabled:
	VK_KHR_portability_subset v1
	VK_KHR_swapchain v70
[mvk-warn] VK_ERROR_FEATURE_NOT_PRESENT: Blending is enabled for attachment with format VK_FORMAT_R32_UINT, which does not support it.
[mvk-warn] VK_ERROR_FEATURE_NOT_PRESENT: Blending is enabled for attachment with format VK_FORMAT_R32_UINT, which does not support it.
[mvk-warn] VK_ERROR_FEATURE_NOT_PRESENT: Blending is enabled for attachment with format VK_FORMAT_R32_UINT, which does not support it.
[mvk-warn] VK_ERROR_FEATURE_NOT_PRESENT: Blending is enabled for attachment with format VK_FORMAT_R32_UINT, which does not support it.
[2026-10-03 23:42:40] dbg: [driver:1] OpenTT3D: Vulkan instanced renderer initialized on Apple M3 Pro
[mvk-info] Created 3 swapchain images with size (640, 480) and contents scale 1.0 in layer (null) (0x9db1cb360) on screen S2-TEK TV.
[2026-10-03 23:42:40] dbg: [driver:1] Successfully loaded video driver 'cocoa-vulkan'
[2026-10-03 23:42:40] dbg: [driver:1] Successfully loaded sound driver 'null'
[2026-10-03 23:42:40] dbg: [driver:1] Successfully loaded music driver 'null'
[2026-10-03 23:42:40] dbg: [driver:1] OpenTT3D: background Cocoa window active=false, key=false, visible=false, policy=2
[2026-10-03 23:42:40] dbg: [driver:1] using thread for game-loop
[2026-10-03 23:42:40] dbg: [driver:1] OpenTT3D: loaded 62 profiles from opentt3d-trees.json
[2026-10-03 23:42:55] dbg: [driver:1] OpenTT3D: loaded 1839 authored voxel models, 17466556 occupied cells, 12099288 exposed cell faces merged to 2659424 conforming rectangles / 20323366 triangles
[2026-10-03 23:42:55] dbg: [driver:1] OpenTT3D: retained lossless voxel sources use 36463144 bytes instead of 1731632308 dense cell bytes, with one shared palette
[2026-10-03 23:42:55] dbg: [driver:1] OpenTT3D: CPU voxel surfaces retain 1066714840 bytes under a scene-pinned soft budget, including 185902840 exact restoration bytes
[2026-10-03 23:42:56] dbg: [driver:1] OpenTT3D: live voxel house ground 97 construction stage 3 captured at 47,54
[2026-10-03 23:42:56] dbg: [driver:1] OpenTT3D: live voxel house ground 97 construction stage 3 variant 1 captured
[2026-10-03 23:42:56] dbg: [driver:1] OpenTT3D: live voxel house 97 construction stage 3 captured at 47,54
[2026-10-03 23:42:56] dbg: [driver:1] OpenTT3D: live voxel house 97 construction stage 3 variant 1 captured
[2026-10-03 23:42:56] dbg: [driver:1] OpenTT3D: live voxel house ground 91 construction stage 3 captured at 47,55
[2026-10-03 23:42:56] dbg: [driver:1] OpenTT3D: live voxel house ground 91 construction stage 3 variant 2 captured
[2026-10-03 23:42:56] dbg: [driver:1] OpenTT3D: live voxel house 91 construction stage 3 captured at 47,55
[2026-10-03 23:42:56] dbg: [driver:1] OpenTT3D: live voxel house 91 construction stage 3 variant 2 captured
[2026-10-03 23:42:56] dbg: [driver:1] OpenTT3D: live voxel house 92 construction stage 3 captured at 49,55
[2026-10-03 23:42:56] dbg: [driver:1] OpenTT3D: live voxel house 92 construction stage 3 variant 1 captured
[2026-10-03 23:42:56] dbg: [driver:2] OpenTT3D: source texture 4650 mip family request 2 decode 1.057 ms, preparation 0.577 ms
[2026-10-03 23:42:56] dbg: [driver:2] OpenTT3D: source texture 4671 mip family request 2 decode 0.550 ms, preparation 0.475 ms
[2026-10-03 23:42:56] dbg: [driver:1] OpenTT3D: 6 unmodelled reference sprites in this view (release coverage is incomplete)
[2026-10-03 23:42:56] dbg: [driver:1] OpenTT3D: live voxel house ground 95 construction stage 3 captured at 47,56
[2026-10-03 23:42:56] dbg: [driver:1] OpenTT3D: live voxel house ground 95 construction stage 3 variant 2 captured
[2026-10-03 23:42:56] dbg: [driver:1] OpenTT3D: live voxel house 95 construction stage 3 captured at 47,56
[2026-10-03 23:42:56] dbg: [driver:1] OpenTT3D: live voxel house 95 construction stage 3 variant 2 captured
[2026-10-03 23:42:56] dbg: [driver:1] OpenTT3D: live voxel house ground 94 construction stage 3 captured at 45,57
[2026-10-03 23:42:56] dbg: [driver:1] OpenTT3D: live voxel house ground 94 construction stage 3 variant 1 captured
[2026-10-03 23:42:56] dbg: [driver:1] OpenTT3D: live voxel house 94 construction stage 3 captured at 45,57
[2026-10-03 23:42:56] dbg: [driver:1] OpenTT3D: live voxel house 94 construction stage 3 variant 1 captured
[2026-10-03 23:42:56] dbg: [driver:1] OpenTT3D: live voxel house ground 102 construction stage 2 captured at 47,57
[2026-10-03 23:42:56] dbg: [driver:1] OpenTT3D: live voxel house ground 102 construction stage 2 variant 3 captured
[2026-10-03 23:42:56] dbg: [driver:1] OpenTT3D: live voxel house 102 construction stage 2 captured at 47,57
[2026-10-03 23:42:56] dbg: [driver:1] OpenTT3D: live voxel house 102 construction stage 2 variant 3 captured
[2026-10-03 23:42:56] dbg: [driver:1] OpenTT3D: live voxel house ground 99 construction stage 3 captured at 45,58
[2026-10-03 23:42:56] dbg: [driver:1] OpenTT3D: live voxel house ground 99 construction stage 3 variant 2 captured
[2026-10-03 23:42:56] dbg: [driver:1] OpenTT3D: live voxel house 99 construction stage 3 captured at 45,58
[2026-10-03 23:42:56] dbg: [driver:1] OpenTT3D: live voxel house 99 construction stage 3 variant 2 captured
[2026-10-03 23:42:56] dbg: [driver:1] OpenTT3D: live voxel house ground 101 construction stage 3 captured at 47,58
[2026-10-03 23:42:56] dbg: [driver:1] OpenTT3D: live voxel house ground 101 construction stage 3 variant 0 captured
[2026-10-03 23:42:56] dbg: [driver:1] OpenTT3D: live voxel house 101 construction stage 3 captured at 47,58
[2026-10-03 23:42:56] dbg: [driver:1] OpenTT3D: live voxel house 101 construction stage 3 variant 0 captured
[2026-10-03 23:42:56] dbg: [driver:1] OpenTT3D: live voxel house ground 100 construction stage 3 captured at 45,59
[2026-10-03 23:42:56] dbg: [driver:1] OpenTT3D: live voxel house ground 100 construction stage 3 variant 3 captured
[2026-10-03 23:42:56] dbg: [driver:1] OpenTT3D: live voxel house 100 construction stage 3 captured at 45,59
[2026-10-03 23:42:56] dbg: [driver:1] OpenTT3D: live voxel house 100 construction stage 3 variant 3 captured
[2026-10-03 23:42:56] dbg: [driver:1] OpenTT3D: live voxel house ground 94 construction stage 2 captured at 45,60
[2026-10-03 23:42:56] dbg: [driver:1] OpenTT3D: live voxel house ground 94 construction stage 2 variant 3 captured
[2026-10-03 23:42:56] dbg: [driver:1] OpenTT3D: live voxel house 94 construction stage 2 captured at 45,60
[2026-10-03 23:42:56] dbg: [driver:1] OpenTT3D: live voxel house 94 construction stage 2 variant 3 captured
[2026-10-03 23:42:56] dbg: [driver:1] OpenTT3D: live voxel house ground 107 construction stage 3 captured at 47,60
[2026-10-03 23:42:56] dbg: [driver:1] OpenTT3D: live voxel house ground 107 construction stage 3 variant 1 captured
[2026-10-03 23:42:56] dbg: [driver:1] OpenTT3D: live voxel house 107 construction stage 3 captured at 47,60
[2026-10-03 23:42:56] dbg: [driver:1] OpenTT3D: live voxel house 107 construction stage 3 variant 1 captured
[2026-10-03 23:42:56] dbg: [driver:1] OpenTT3D: live voxel house ground 98 construction stage 3 captured at 48,60
[2026-10-03 23:42:56] dbg: [driver:1] OpenTT3D: live voxel house ground 98 construction stage 3 variant 1 captured
[2026-10-03 23:42:56] dbg: [driver:1] OpenTT3D: live voxel house 98 construction stage 3 captured at 48,60
[2026-10-03 23:42:56] dbg: [driver:1] OpenTT3D: live voxel house 98 construction stage 3 variant 1 captured
[2026-10-03 23:42:56] dbg: [driver:1] OpenTT3D: live voxel house ground 105 construction stage 3 captured at 47,61
[2026-10-03 23:42:56] dbg: [driver:1] OpenTT3D: live voxel house ground 105 construction stage 3 variant 2 captured
[2026-10-03 23:42:56] dbg: [driver:1] OpenTT3D: live voxel house 105 construction stage 3 captured at 47,61
[2026-10-03 23:42:56] dbg: [driver:1] OpenTT3D: live voxel house 105 construction stage 3 variant 2 captured
[2026-10-03 23:42:56] dbg: [driver:1] OpenTT3D: 5 slope foundations rendered with complete retaining walls
[2026-10-03 23:42:56] dbg: [driver:1] OpenTT3D: live voxel house ground 92 construction stage 3 captured at 49,55
[2026-10-03 23:42:56] dbg: [driver:1] OpenTT3D: live voxel house ground 92 construction stage 3 variant 1 captured
[2026-10-03 23:42:56] dbg: [driver:1] OpenTT3D: live voxel house ground 102 construction stage 3 captured at 50,56
[2026-10-03 23:42:56] dbg: [driver:1] OpenTT3D: live voxel house ground 102 construction stage 3 variant 0 captured
[2026-10-03 23:42:56] dbg: [driver:1] OpenTT3D: live voxel house 102 construction stage 3 captured at 50,56
[2026-10-03 23:42:56] dbg: [driver:1] OpenTT3D: live voxel house 102 construction stage 3 variant 0 captured
[2026-10-03 23:42:56] dbg: [driver:1] OpenTT3D: live voxel house ground 106 construction stage 2 captured at 49,57
[2026-10-03 23:42:56] dbg: [driver:1] OpenTT3D: live voxel house ground 106 construction stage 2 variant 2 captured
[2026-10-03 23:42:56] dbg: [driver:1] OpenTT3D: live voxel house 106 construction stage 2 captured at 49,57
[2026-10-03 23:42:56] dbg: [driver:1] OpenTT3D: live voxel house 106 construction stage 2 variant 2 captured
[2026-10-03 23:42:56] dbg: [driver:1] OpenTT3D: live voxel house ground 96 construction stage 3 captured at 50,59
[2026-10-03 23:42:56] dbg: [driver:1] OpenTT3D: live voxel house ground 96 construction stage 3 variant 3 captured
[2026-10-03 23:42:56] dbg: [driver:1] OpenTT3D: live voxel house 96 construction stage 3 captured at 50,59
[2026-10-03 23:42:56] dbg: [driver:1] OpenTT3D: live voxel house 96 construction stage 3 variant 3 captured
[2026-10-03 23:42:56] dbg: [driver:1] OpenTT3D: live voxel house ground 94 construction stage 3 captured at 51,59
[2026-10-03 23:42:56] dbg: [driver:1] OpenTT3D: live voxel house ground 94 construction stage 3 variant 2 captured
[2026-10-03 23:42:56] dbg: [driver:1] OpenTT3D: live voxel house 94 construction stage 3 captured at 51,59
[2026-10-03 23:42:56] dbg: [driver:1] OpenTT3D: live voxel house 94 construction stage 3 variant 2 captured
[2026-10-03 23:42:56] dbg: [driver:1] OpenTT3D: 3 ground-detail tiles rendered with raised crops, hay, rocks or turf
[2026-10-03 23:42:56] dbg: [driver:1] OpenTT3D: 64 roof/wall pixels select their owning tile across four rotations, with independent vehicle picking
[2026-10-03 23:42:56] dbg: [driver:1] OpenTT3D: live projected tree 1975 stage 3 captured at 14,12
[2026-10-03 23:42:56] dbg: [driver:1] OpenTT3D: live projected tree 1975 stage 6 captured at 14,12
[2026-10-03 23:42:56] dbg: [driver:1] OpenTT3D: live projected tree 1989 stage 3 captured at 12,13
[2026-10-03 23:42:56] dbg: [driver:1] OpenTT3D: live projected tree 1982 stage 1 captured at 15,13
[2026-10-03 23:42:56] dbg: [driver:1] OpenTT3D: live projected tree 1996 stage 0 captured at 16,13
[2026-10-03 23:42:56] dbg: [driver:1] OpenTT3D: live projected tree 1996 stage 3 captured at 16,13
[2026-10-03 23:42:56] dbg: [driver:1] OpenTT3D: live projected tree 1954 stage 6 captured at 74,13
[2026-10-03 23:42:56] dbg: [driver:1] OpenTT3D: live projected tree 1968 stage 3 captured at 14,14
[2026-10-03 23:42:56] dbg: [driver:1] OpenTT3D: live projected tree 1996 stage 5 captured at 71,14
[2026-10-03 23:42:56] dbg: [driver:1] OpenTT3D: live projected tree 1968 stage 6 captured at 72,15
[2026-10-03 23:42:56] dbg: [driver:1] OpenTT3D: diagnostic voxel river relief slope 6 climate 3 source 11285 captured at 87,15 original height 0 with unscaled column support and independent original-layer animated water
[2026-10-03 23:42:56] dbg: [driver:1] OpenTT3D: diagnostic voxel river relief slope 6 climate 3 source 11285 captured at 88,15 original height 0 with unscaled column support and independent original-layer animated water
[2026-10-03 23:42:56] dbg: [driver:1] OpenTT3D: diagnostic voxel river relief slope 6 climate 3 source 11285 captured at 89,15 original height 0 with unscaled column support and independent original-layer animated water
[2026-10-03 23:42:56] dbg: [driver:1] OpenTT3D: live projected tree 1982 stage 3 captured at 90,15
[2026-10-03 23:42:56] dbg: [driver:1] OpenTT3D: live projected tree 1989 stage 1 captured at 36,17
[2026-10-03 23:42:56] dbg: [driver:1] OpenTT3D: live projected tree 1968 stage 2 captured at 20,18
[2026-10-03 23:42:56] dbg: [driver:1] OpenTT3D: live projected tree 1975 stage 5 captured at 27,18
[2026-10-03 23:42:56] dbg: [driver:1] OpenTT3D: live projected tree 1947 stage 6 captured at 44,18
[2026-10-03 23:42:56] dbg: [driver:1] OpenTT3D: live projected tree 1982 stage 2 captured at 48,18
[2026-10-03 23:42:56] dbg: [driver:1] OpenTT3D: live projected tree 1947 stage 3 captured at 38,19
[2026-10-03 23:42:56] dbg: [driver:1] OpenTT3D: live projected tree 1968 stage 0 captured at 39,19
[2026-10-03 23:42:56] dbg: [driver:1] OpenTT3D: live projected tree 1954 stage 3 captured at 97,19
[2026-10-03 23:42:56] dbg: [driver:1] OpenTT3D: live projected tree 1989 stage 6 captured at 6,20
[2026-10-03 23:42:56] dbg: [driver:1] OpenTT3D: live projected tree 1975 stage 0 captured at 48,20
[2026-10-03 23:42:56] dbg: [driver:1] OpenTT3D: live projected tree 1968 stage 1 captured at 53,21
[2026-10-03 23:42:56] dbg: [driver:1] OpenTT3D: live projected tree 1982 stage 5 captured at 91,21
[2026-10-03 23:42:56] dbg: [driver:1] OpenTT3D: live projected tree 1947 stage 2 captured at 100,21
[2026-10-03 23:42:56] dbg: [driver:1] OpenTT3D: live projected tree 2003 stage 3 captured at 16,22
[2026-10-03 23:42:56] dbg: [driver:1] OpenTT3D: live projected tree 2003 stage 1 captured at 16,22
[2026-10-03 23:42:56] dbg: [driver:1] OpenTT3D: live projected tree 1954 stage 5 captured at 33,22
[2026-10-03 23:42:56] dbg: [driver:1] OpenTT3D: live projected tree 1961 stage 3 captured at 69,22
[2026-10-03 23:42:56] dbg: [driver:1] OpenTT3D: live projected tree 1961 stage 5 captured at 69,22
[2026-10-03 23:42:56] dbg: [driver:1] OpenTT3D: live projected tree 1975 stage 4 captured at 18,23
[2026-10-03 23:42:56] dbg: [driver:1] OpenTT3D: live projected tree 2003 stage 6 captured at 85,23
[2026-10-03 23:42:56] dbg: [driver:1] OpenTT3D: live projected tree 1961 stage 2 captured at 40,24
[2026-10-03 23:42:56] dbg: [driver:1] OpenTT3D: live projected tree 1954 stage 0 captured at 68,24
[2026-10-03 23:42:56] dbg: [driver:1] OpenTT3D: live projected tree 1989 stage 0 captured at 40,25
[2026-10-03 23:42:56] dbg: [driver:1] OpenTT3D: live projected tree 1996 stage 1 captured at 49,25
[2026-10-03 23:42:56] dbg: [driver:1] OpenTT3D: live projected tree 1961 stage 4 captured at 82,25
[2026-10-03 23:42:56] dbg: [driver:1] OpenTT3D: live projected tree 1975 stage 2 captured at 83,25
[2026-10-03 23:42:56] dbg: [driver:1] OpenTT3D: live projected tree 1961 stage 1 captured at 45,26
[2026-10-03 23:42:56] dbg: [driver:1] OpenTT3D: live projected tree 1954 stage 4 captured at 50,26
[2026-10-03 23:42:56] dbg: [driver:1] OpenTT3D: live projected tree 2003 stage 0 captured at 98,26
[2026-10-03 23:42:56] dbg: [driver:1] OpenTT3D: diagnostic voxel river relief slope 9 climate 3 source 11293 captured at 54,27 original height 8 with unscaled column support and independent original-layer animated water
[2026-10-03 23:42:56] dbg: [driver:1] OpenTT3D: live projected tree 1989 stage 4 captured at 93,27
[2026-10-03 23:42:56] dbg: [driver:1] OpenTT3D: live projected tree 1996 stage 6 captured at 94,28
[2026-10-03 23:42:56] dbg: [driver:1] OpenTT3D: live projected tree 1961 stage 6 captured at 101,28
[2026-10-03 23:42:56] dbg: [driver:1] OpenTT3D: live projected tree 2003 stage 2 captured at 109,29
[2026-10-03 23:42:56] dbg: [driver:1] OpenTT3D: live projected tree 1968 stage 4 captured at 31,31
[2026-10-03 23:42:56] dbg: [driver:1] OpenTT3D: live projected tree 1947 stage 4 captured at 66,31
[2026-10-03 23:42:56] dbg: [driver:1] OpenTT3D: live projected tree 1982 stage 0 captured at 94,31
[2026-10-03 23:42:56] dbg: [driver:1] OpenTT3D: live projected tree 1947 stage 0 captured at 109,31
[2026-10-03 23:42:56] dbg: [driver:1] OpenTT3D: live projected tree 2003 stage 4 captured at 19,32
[2026-10-03 23:42:56] dbg: [driver:1] OpenTT3D: live projected tree 1954 stage 2 captured at 23,32
[2026-10-03 23:42:56] dbg: [driver:1] OpenTT3D: live projected tree 1961 stage 0 captured at 84,36
[2026-10-03 23:42:56] dbg: [driver:1] OpenTT3D: live projected tree 1982 stage 6 captured at 48,38
[2026-10-03 23:42:56] dbg: [driver:1] OpenTT3D: live projected tree 2003 stage 5 captured at 76,38
[2026-10-03 23:42:56] dbg: [driver:1] OpenTT3D: live projected tree 1947 stage 1 captured at 15,39
[2026-10-03 23:42:56] dbg: [driver:1] OpenTT3D: live projected tree 1996 stage 2 captured at 111,39
[2026-10-03 23:42:56] dbg: [driver:1] OpenTT3D: diagnostic voxel river relief slope 3 climate 3 source 11287 captured at 44,41 original height 0 with unscaled column support and independent original-layer animated water
[2026-10-03 23:42:56] dbg: [driver:1] OpenTT3D: diagnostic voxel river relief slope 3 climate 3 source 11287 captured at 44,42 original height 0 with unscaled column support and independent original-layer animated water
[2026-10-03 23:42:56] dbg: [driver:1] OpenTT3D: live projected tree 1954 stage 1 captured at 9,45
[2026-10-03 23:42:56] dbg: [driver:1] OpenTT3D: live projected tree 1982 stage 4 captured at 92,46
[2026-10-03 23:42:56] dbg: [driver:1] OpenTT3D: diagnostic voxel river relief slope 6 climate 3 source 11290 captured at 76,48 original height 8 with unscaled column support and independent original-layer animated water
[2026-10-03 23:42:56] dbg: [driver:1] OpenTT3D: live projected tree 1989 stage 2 captured at 64,50
[2026-10-03 23:42:56] dbg: [driver:1] OpenTT3D: diagnostic voxel river relief slope 12 climate 3 source 11291 captured at 72,50 original height 16 with unscaled column support and independent original-layer animated water
[2026-10-03 23:42:56] dbg: [driver:1] OpenTT3D: live projected tree 1989 stage 5 captured at 117,52
[2026-10-03 23:42:56] dbg: [driver:1] OpenTT3D: live projected tree 1947 stage 5 captured at 9,53
[2026-10-03 23:42:56] dbg: [driver:1] OpenTT3D: live projected tree 1975 stage 1 captured at 4,56
[2026-10-03 23:42:56] dbg: [driver:1] OpenTT3D: live voxel house ground 94 construction stage 3 captured at 52,56
[2026-10-03 23:42:56] dbg: [driver:1] OpenTT3D: live voxel house ground 94 construction stage 3 variant 3 captured
[2026-10-03 23:42:56] dbg: [driver:1] OpenTT3D: live voxel house 94 construction stage 3 captured at 52,56
[2026-10-03 23:42:56] dbg: [driver:1] OpenTT3D: live voxel house 94 construction stage 3 variant 3 captured
[2026-10-03 23:42:56] dbg: [driver:1] OpenTT3D: diagnostic voxel river relief slope 6 climate 3 source 11290 captured at 68,56 original height 24 with unscaled column support and independent original-layer animated water
[2026-10-03 23:42:56] dbg: [driver:1] OpenTT3D: live voxel house ground 108 construction stage 3 captured at 52,58
[2026-10-03 23:42:56] dbg: [driver:1] OpenTT3D: live voxel house ground 108 construction stage 3 variant 1 captured
[2026-10-03 23:42:56] dbg: [driver:1] OpenTT3D: live voxel house 108 construction stage 3 captured at 52,58
[2026-10-03 23:42:56] dbg: [driver:1] OpenTT3D: live voxel house 108 construction stage 3 variant 1 captured
[2026-10-03 23:42:56] dbg: [driver:1] OpenTT3D: live voxel house ground 104 construction stage 2 captured at 49,59
[2026-10-03 23:42:56] dbg: [driver:1] OpenTT3D: live voxel house ground 104 construction stage 2 variant 0 captured
[2026-10-03 23:42:56] dbg: [driver:1] OpenTT3D: live voxel house 104 construction stage 2 captured at 49,59
[2026-10-03 23:42:56] dbg: [driver:1] OpenTT3D: live voxel house 104 construction stage 2 variant 0 captured
[2026-10-03 23:42:56] dbg: [driver:1] OpenTT3D: live voxel house ground 109 construction stage 3 captured at 52,59
[2026-10-03 23:42:56] dbg: [driver:1] OpenTT3D: live voxel house ground 109 construction stage 3 variant 0 captured
[2026-10-03 23:42:56] dbg: [driver:1] OpenTT3D: live voxel house 109 construction stage 3 captured at 52,59
[2026-10-03 23:42:56] dbg: [driver:1] OpenTT3D: live voxel house 109 construction stage 3 variant 0 captured
[2026-10-03 23:42:56] dbg: [driver:1] OpenTT3D: live projected tree 1968 stage 5 captured at 95,63
[2026-10-03 23:42:56] dbg: [driver:1] OpenTT3D: live projected tree 1996 stage 4 captured at 59,64
[2026-10-03 23:42:56] dbg: [driver:1] OpenTT3D: diagnostic voxel river relief slope 9 climate 3 source 11293 captured at 63,72 original height 16 with unscaled column support and independent original-layer animated water
[2026-10-03 23:42:56] dbg: [driver:1] OpenTT3D: diagnostic voxel river relief slope 9 climate 3 source 11293 captured at 84,73 original height 16 with unscaled column support and independent original-layer animated water
[2026-10-03 23:42:56] dbg: [driver:1] OpenTT3D: diagnostic voxel river relief slope 9 climate 3 source 11293 captured at 63,74 original height 8 with unscaled column support and independent original-layer animated water
[2026-10-03 23:42:56] dbg: [driver:1] OpenTT3D: diagnostic voxel river relief slope 9 climate 3 source 11293 captured at 84,75 original height 8 with unscaled column support and independent original-layer animated water
[2026-10-03 23:42:56] dbg: [driver:1] OpenTT3D: diagnostic voxel river relief slope 3 climate 3 source 11287 captured at 42,85 original height 0 with unscaled column support and independent original-layer animated water
[2026-10-03 23:42:56] dbg: [driver:1] OpenTT3D: diagnostic voxel river relief slope 3 climate 3 source 11287 captured at 42,86 original height 0 with unscaled column support and independent original-layer animated water
[2026-10-03 23:42:56] dbg: [driver:1] OpenTT3D: diagnostic voxel river relief slope 12 climate 3 source 11286 captured at 19,95 original height 0 with unscaled column support and independent original-layer animated water
[2026-10-03 23:42:56] dbg: [driver:1] OpenTT3D: diagnostic voxel river relief slope 9 climate 3 source 11293 captured at 84,98 original height 40 with unscaled column support and independent original-layer animated water
[2026-10-03 23:42:56] dbg: [driver:1] OpenTT3D: diagnostic voxel river relief slope 9 climate 3 source 11293 captured at 84,101 original height 32 with unscaled column support and independent original-layer animated water
[2026-10-03 23:42:56] dbg: [driver:1] OpenTT3D: diagnostic voxel river relief slope 9 climate 3 source 11293 captured at 85,104 original height 24 with unscaled column support and independent original-layer animated water
[2026-10-03 23:42:56] dbg: [driver:1] OpenTT3D: diagnostic voxel river relief slope 6 climate 3 source 11285 captured at 32,106 original height 0 with unscaled column support and independent original-layer animated water
[2026-10-03 23:42:56] dbg: [driver:1] OpenTT3D: diagnostic voxel river relief slope 9 climate 3 source 11293 captured at 85,107 original height 16 with unscaled column support and independent original-layer animated water
[2026-10-03 23:42:56] dbg: [driver:1] OpenTT3D: diagnostic voxel river relief slope 9 climate 3 source 11293 captured at 84,109 original height 8 with unscaled column support and independent original-layer animated water
[2026-10-03 23:42:56] dbg: [driver:1] OpenTT3D: whole-world atlas relocation preserves 307200 exact RGBA/picking pixels across repack, clear and forced row relocation
[2026-10-03 23:42:56] dbg: [driver:1] OpenTT3D: captured Vulkan presentation with 1 GPU viewport regions
