[2026-10-03 22:08:22] dbg: [driver:1] Successfully loaded blitter '40bpp-anim'
[2026-10-03 22:08:22] dbg: [driver:1] OpenTT3D: Cocoa process 1048
[2026-10-03 22:08:22] dbg: [driver:1] OpenGL driver: Apple - Apple M3 Pro (4.1 Metal - 90.5)
[2026-10-03 22:08:22] dbg: [driver:2] OpenGL shading language version: 4.10, texture units = 80
[2026-10-03 22:08:22] dbg: [driver:1] Successfully loaded video driver 'cocoa-opengl'
[2026-10-03 22:08:22] dbg: [driver:1] Successfully loaded sound driver 'null'
[2026-10-03 22:08:22] dbg: [driver:1] Successfully loaded music driver 'null'
[2026-10-03 22:08:22] dbg: [driver:1] OpenTT3D: background Cocoa window active=false, key=false, visible=false, policy=2
[2026-10-03 22:08:22] dbg: [driver:1] using thread for game-loop
[2026-10-03 22:08:22] dbg: [driver:1] OpenTT3D: loaded 62 profiles from opentt3d-trees.json
[2026-10-03 22:08:22] dbg: [driver:1] OpenTT3D: live projected tree 1744 stage 2 captured at 45,62
[2026-10-03 22:08:22] dbg: [driver:1] OpenTT3D: live projected tree 1716 stage 3 captured at 48,64
[2026-10-03 22:08:22] dbg: [driver:1] OpenTT3D: live projected tree 1716 stage 1 captured at 48,64
[2026-10-03 22:08:22] dbg: [driver:1] OpenTT3D: live projected tree 1758 stage 3 captured at 48,64
[2026-10-03 22:08:22] dbg: [driver:1] OpenTT3D: live projected tree 1723 stage 3 captured at 48,64
[2026-10-03 22:08:22] dbg: [driver:1] OpenTT3D: live projected tree 1730 stage 0 captured at 47,66
[2026-10-03 22:08:22] dbg: [driver:1] OpenTT3D: live projected tree 1751 stage 3 captured at 47,66
[2026-10-03 22:08:22] dbg: [driver:1] OpenTT3D: live projected tree 1730 stage 3 captured at 50,66
[2026-10-03 22:08:22] dbg: [driver:1] OpenTT3D: live projected tree 1751 stage 6 captured at 46,67
[2026-10-03 22:08:22] dbg: [driver:1] OpenTT3D: live projected tree 1730 stage 6 captured at 50,67
[2026-10-03 22:08:22] dbg: [driver:1] OpenTT3D: live projected tree 1744 stage 3 captured at 50,67
[2026-10-03 22:08:22] dbg: [driver:1] OpenTT3D: live projected tree 1737 stage 3 captured at 50,67
[2026-10-03 22:08:22] dbg: [driver:1] OpenTT3D: live projected tree 1709 stage 3 captured at 45,68
[2026-10-03 22:08:22] dbg: [driver:1] OpenTT3D: live projected tree 1709 stage 6 captured at 52,69
[2026-10-03 22:08:35] dbg: [driver:1] OpenTT3D: loaded 1831 authored voxel models, 17420235 occupied cells, 12070638 exposed cell faces merged to 2656043 conforming rectangles / 20271120 triangles
[2026-10-03 22:08:35] dbg: [driver:1] OpenTT3D: retained lossless voxel sources use 36385568 bytes instead of 1727438004 dense cell bytes, with one shared palette
[2026-10-03 22:08:35] dbg: [driver:1] OpenTT3D: CPU voxel surfaces retain 1066079056 bytes under a scene-pinned soft budget, including 185267056 exact restoration bytes
[2026-10-03 22:08:36] dbg: [driver:1] OpenTT3D: live projected tree 1716 stage 5 captured at 52,71
[2026-10-03 22:08:36] dbg: [driver:1] OpenTT3D: live voxel house ground 37 construction stage 3 captured at 56,71
[2026-10-03 22:08:36] dbg: [driver:1] OpenTT3D: live voxel house ground 37 construction stage 3 variant 0 captured
[2026-10-03 22:08:36] dbg: [driver:1] OpenTT3D: live voxel house 37 construction stage 3 captured at 56,71
[2026-10-03 22:08:36] dbg: [driver:1] OpenTT3D: live voxel house 37 construction stage 3 variant 0 captured
[2026-10-03 22:08:36] dbg: [driver:1] OpenTT3D: live projected tree 1751 stage 0 captured at 45,72
[2026-10-03 22:08:36] dbg: [driver:1] OpenTT3D: live projected tree 1723 stage 0 captured at 51,72
[2026-10-03 22:08:36] dbg: [driver:1] OpenTT3D: live voxel house ground 64 construction stage 1 captured at 56,72
[2026-10-03 22:08:36] dbg: [driver:1] OpenTT3D: live voxel house ground 64 construction stage 1 variant 0 captured
[2026-10-03 22:08:36] dbg: [driver:1] OpenTT3D: live voxel house 64 construction stage 1 captured at 56,72
[2026-10-03 22:08:36] dbg: [driver:1] OpenTT3D: live voxel house 64 construction stage 1 variant 0 captured
[2026-10-03 22:08:36] dbg: [driver:1] OpenTT3D: live projected tree 1709 stage 1 captured at 43,73
[2026-10-03 22:08:36] dbg: [driver:1] OpenTT3D: 77 ground-detail tiles rendered with raised crops, hay, rocks or turf
[2026-10-03 22:08:36] dbg: [driver:2] OpenTT3D: pre-existing OpenGL error before mesh pass (1286)
[2026-10-03 22:08:36] dbg: [driver:1] OpenTT3D: depth-tested mesh renderer initialized
[2026-10-03 22:08:36] dbg: [driver:1] OpenTT3D: live voxel house ground 46 construction stage 3 captured at 54,73
[2026-10-03 22:08:36] dbg: [driver:1] OpenTT3D: live voxel house ground 46 construction stage 3 variant 0 captured
[2026-10-03 22:08:36] dbg: [driver:1] OpenTT3D: live voxel house 46 construction stage 3 captured at 54,73
[2026-10-03 22:08:36] dbg: [driver:1] OpenTT3D: live voxel house 46 construction stage 3 variant 0 captured
[2026-10-03 22:08:36] dbg: [driver:1] OpenTT3D: live voxel house ground 58 construction stage 3 captured at 56,73
[2026-10-03 22:08:36] dbg: [driver:1] OpenTT3D: live voxel house ground 58 construction stage 3 variant 1 captured
[2026-10-03 22:08:36] dbg: [driver:1] OpenTT3D: live voxel house 58 construction stage 3 captured at 56,73
[2026-10-03 22:08:36] dbg: [driver:1] OpenTT3D: live voxel house 58 construction stage 3 variant 1 captured
[2026-10-03 22:08:36] dbg: [driver:1] OpenTT3D: live voxel house ground 48 construction stage 3 captured at 54,74
[2026-10-03 22:08:36] dbg: [driver:1] OpenTT3D: live voxel house ground 48 construction stage 3 variant 3 captured
[2026-10-03 22:08:36] dbg: [driver:1] OpenTT3D: live voxel house 48 construction stage 3 captured at 54,74
[2026-10-03 22:08:36] dbg: [driver:1] OpenTT3D: live voxel house 48 construction stage 3 variant 3 captured
[2026-10-03 22:08:36] dbg: [driver:1] OpenTT3D: live voxel house ground 46 construction stage 3 captured at 56,74
[2026-10-03 22:08:36] dbg: [driver:1] OpenTT3D: live voxel house ground 46 construction stage 3 variant 2 captured
[2026-10-03 22:08:36] dbg: [driver:1] OpenTT3D: live voxel house 46 construction stage 3 captured at 56,74
[2026-10-03 22:08:36] dbg: [driver:1] OpenTT3D: live voxel house 46 construction stage 3 variant 2 captured
[2026-10-03 22:08:36] dbg: [driver:1] OpenTT3D: live voxel house ground 56 construction stage 3 captured at 52,75
[2026-10-03 22:08:36] dbg: [driver:1] OpenTT3D: live voxel house ground 56 construction stage 3 variant 0 captured
[2026-10-03 22:08:36] dbg: [driver:1] OpenTT3D: live voxel house 56 construction stage 3 captured at 52,75
[2026-10-03 22:08:36] dbg: [driver:1] OpenTT3D: live voxel house 56 construction stage 3 variant 0 captured
[2026-10-03 22:08:36] dbg: [driver:1] OpenTT3D: live voxel house ground 46 construction stage 3 captured at 53,75
[2026-10-03 22:08:36] dbg: [driver:1] OpenTT3D: live voxel house ground 46 construction stage 3 variant 1 captured
[2026-10-03 22:08:36] dbg: [driver:1] OpenTT3D: live voxel house 46 construction stage 3 captured at 53,75
[2026-10-03 22:08:36] dbg: [driver:1] OpenTT3D: live voxel house 46 construction stage 3 variant 1 captured
[2026-10-03 22:08:36] dbg: [driver:1] OpenTT3D: live voxel house 9 construction stage 3 captured at 54,75
[2026-10-03 22:08:36] dbg: [driver:1] OpenTT3D: live voxel house 9 construction stage 3 variant 2 captured
[2026-10-03 22:08:36] dbg: [driver:1] OpenTT3D: live voxel house ground 62 construction stage 3 captured at 52,76
[2026-10-03 22:08:36] dbg: [driver:1] OpenTT3D: live voxel house ground 62 construction stage 3 variant 2 captured
[2026-10-03 22:08:36] dbg: [driver:1] OpenTT3D: live voxel house 62 construction stage 3 captured at 52,76
[2026-10-03 22:08:36] dbg: [driver:1] OpenTT3D: live voxel house 62 construction stage 3 variant 2 captured
[2026-10-03 22:08:36] dbg: [driver:1] OpenTT3D: live voxel house ground 60 construction stage 1 captured at 54,77
[2026-10-03 22:08:36] dbg: [driver:1] OpenTT3D: live voxel house ground 60 construction stage 1 variant 3 captured
[2026-10-03 22:08:36] dbg: [driver:1] OpenTT3D: live voxel house 60 construction stage 1 captured at 54,77
[2026-10-03 22:08:36] dbg: [driver:1] OpenTT3D: live voxel house 60 construction stage 1 variant 3 captured
[2026-10-03 22:08:36] dbg: [driver:1] OpenTT3D: live voxel house ground 44 construction stage 3 captured at 56,77
[2026-10-03 22:08:36] dbg: [driver:1] OpenTT3D: live voxel house ground 44 construction stage 3 variant 0 captured
[2026-10-03 22:08:36] dbg: [driver:1] OpenTT3D: live voxel house 44 construction stage 3 captured at 56,77
[2026-10-03 22:08:36] dbg: [driver:1] OpenTT3D: live voxel house 44 construction stage 3 variant 0 captured
[2026-10-03 22:08:36] dbg: [driver:1] OpenTT3D: live voxel house ground 64 construction stage 3 captured at 52,78
[2026-10-03 22:08:36] dbg: [driver:1] OpenTT3D: live voxel house ground 64 construction stage 3 variant 0 captured
[2026-10-03 22:08:36] dbg: [driver:1] OpenTT3D: live voxel house 64 construction stage 3 captured at 52,78
[2026-10-03 22:08:36] dbg: [driver:1] OpenTT3D: live voxel house 64 construction stage 3 variant 0 captured
[2026-10-03 22:08:36] dbg: [driver:1] OpenTT3D: live voxel house ground 64 construction stage 3 captured at 56,78
[2026-10-03 22:08:36] dbg: [driver:1] OpenTT3D: live voxel house ground 64 construction stage 3 variant 1 captured
[2026-10-03 22:08:36] dbg: [driver:1] OpenTT3D: live voxel house 64 construction stage 3 captured at 56,78
[2026-10-03 22:08:36] dbg: [driver:1] OpenTT3D: live voxel house 64 construction stage 3 variant 1 captured
[2026-10-03 22:08:36] dbg: [driver:1] OpenTT3D: live voxel house ground 44 construction stage 3 captured at 58,78
[2026-10-03 22:08:36] dbg: [driver:1] OpenTT3D: live voxel house ground 44 construction stage 3 variant 3 captured
[2026-10-03 22:08:36] dbg: [driver:1] OpenTT3D: live voxel house ground 62 construction stage 3 captured at 58,79
[2026-10-03 22:08:36] dbg: [driver:1] OpenTT3D: live voxel house ground 62 construction stage 3 variant 0 captured
[2026-10-03 22:08:36] dbg: [driver:1] OpenTT3D: live projected tree 1730 stage 2 captured at 55,80
[2026-10-03 22:08:36] dbg: [driver:1] OpenTT3D: live projected tree 1716 stage 0 captured at 56,81
[2026-10-03 22:08:36] dbg: [driver:1] OpenTT3D: 6 slope foundations rendered with complete retaining walls
[2026-10-03 22:08:36] dbg: [driver:1] OpenTT3D: live projected tree 1779 stage 3 captured at 61,70
[2026-10-03 22:08:36] dbg: [driver:1] OpenTT3D: live projected tree 1814 stage 3 captured at 61,70
[2026-10-03 22:08:36] dbg: [driver:1] OpenTT3D: live voxel house ground 62 construction stage 3 captured at 58,73
[2026-10-03 22:08:36] dbg: [driver:1] OpenTT3D: live voxel house ground 62 construction stage 3 variant 3 captured
[2026-10-03 22:08:36] dbg: [driver:1] OpenTT3D: live voxel house 62 construction stage 3 captured at 58,73
[2026-10-03 22:08:36] dbg: [driver:1] OpenTT3D: live voxel house 62 construction stage 3 variant 3 captured
[2026-10-03 22:08:36] dbg: [driver:1] OpenTT3D: live projected tree 1709 stage 2 captured at 63,73
[2026-10-03 22:08:36] dbg: [driver:1] OpenTT3D: live voxel house 62 construction stage 3 captured at 58,74
[2026-10-03 22:08:36] dbg: [driver:1] OpenTT3D: live voxel house 62 construction stage 3 variant 0 captured
[2026-10-03 22:08:36] dbg: [driver:1] OpenTT3D: live projected tree 1723 stage 5 captured at 62,79
[2026-10-03 22:08:36] dbg: [driver:1] OpenTT3D: live projected tree 1758 stage 2 captured at 56,65
[2026-10-03 22:08:36] dbg: [driver:1] OpenTT3D: live projected tree 1751 stage 2 captured at 57,67
[2026-10-03 22:08:36] dbg: [driver:1] OpenTT3D: live projected tree 1716 stage 2 captured at 58,67
[2026-10-03 22:08:36] dbg: [driver:1] OpenTT3D: live projected tree 1730 stage 1 captured at 57,68
[2026-10-03 22:08:36] dbg: [driver:1] OpenTT3D: live projected tree 1772 stage 3 captured at 59,68
[2026-10-03 22:08:36] dbg: [driver:1] OpenTT3D: live projected tree 1765 stage 3 captured at 59,68
[2026-10-03 22:08:36] dbg: [driver:1] OpenTT3D: live projected tree 1786 stage 3 captured at 59,68
[2026-10-03 22:08:36] dbg: [driver:1] OpenTT3D: live projected tree 1807 stage 3 captured at 60,68
[2026-10-03 22:08:36] dbg: [driver:1] OpenTT3D: live projected tree 1814 stage 6 captured at 60,69
[2026-10-03 22:08:36] dbg: [driver:1] OpenTT3D: live projected tree 1793 stage 3 captured at 60,69
[2026-10-03 22:08:36] dbg: [driver:1] OpenTT3D: 64 roof/wall pixels select their owning tile across four rotations, with independent vehicle picking
[2026-10-03 22:08:36] dbg: [driver:1] OpenTT3D: live projected tree 1723 stage 2 captured at 1,13
[2026-10-03 22:08:36] dbg: [driver:1] OpenTT3D: live voxel object 1 size 0 part 0 body climate 1 source 2602 captured at 18,13 with original body ownership
[2026-10-03 22:08:36] dbg: [driver:1] OpenTT3D: live projected tree 1758 stage 6 captured at 55,13
[2026-10-03 22:08:36] dbg: [driver:1] OpenTT3D: live projected tree 1758 stage 1 captured at 59,13
[2026-10-03 22:08:36] dbg: [driver:1] OpenTT3D: live projected tree 1744 stage 6 captured at 60,13
[2026-10-03 22:08:36] dbg: [driver:1] OpenTT3D: live projected tree 1751 stage 4 captured at 61,13
[2026-10-03 22:08:36] dbg: [driver:1] OpenTT3D: live projected tree 1737 stage 1 captured at 62,13
[2026-10-03 22:08:36] dbg: [driver:1] OpenTT3D: live projected tree 1709 stage 5 captured at 74,13
[2026-10-03 22:08:36] dbg: [driver:1] OpenTT3D: live projected tree 1758 stage 4 captured at 5,14
[2026-10-03 22:08:36] dbg: [driver:1] OpenTT3D: live projected tree 1758 stage 5 captured at 20,14
[2026-10-03 22:08:36] dbg: [driver:1] OpenTT3D: live projected tree 1744 stage 1 captured at 54,14
[2026-10-03 22:08:36] dbg: [driver:1] OpenTT3D: live projected tree 1744 stage 5 captured at 57,14
[2026-10-03 22:08:36] dbg: [driver:1] OpenTT3D: live projected tree 1737 stage 2 captured at 61,14
[2026-10-03 22:08:36] dbg: [driver:1] OpenTT3D: live projected tree 1758 stage 0 captured at 14,15
[2026-10-03 22:08:36] dbg: [driver:1] OpenTT3D: live projected tree 1737 stage 4 captured at 49,15
[2026-10-03 22:08:36] dbg: [driver:1] OpenTT3D: live projected tree 1730 stage 4 captured at 51,15
[2026-10-03 22:08:36] dbg: [driver:1] OpenTT3D: live projected tree 1744 stage 4 captured at 52,15
[2026-10-03 22:08:36] dbg: [driver:1] OpenTT3D: live projected tree 1723 stage 4 captured at 55,15
[2026-10-03 22:08:36] dbg: [driver:1] OpenTT3D: live projected tree 1751 stage 5 captured at 59,15
[2026-10-03 22:08:36] dbg: [driver:1] OpenTT3D: live projected tree 1723 stage 1 captured at 72,15
[2026-10-03 22:08:36] dbg: [driver:1] OpenTT3D: live projected tree 1723 stage 6 captured at 100,15
[2026-10-03 22:08:36] dbg: [driver:1] OpenTT3D: live projected tree 1730 stage 5 captured at 54,16
[2026-10-03 22:08:36] dbg: [driver:1] OpenTT3D: live projected tree 1716 stage 6 captured at 55,16
[2026-10-03 22:08:36] dbg: [driver:1] OpenTT3D: live projected tree 1744 stage 0 captured at 91,16
[2026-10-03 22:08:36] dbg: [driver:1] OpenTT3D: live projected tree 1709 stage 0 captured at 101,16
[2026-10-03 22:08:36] dbg: [driver:1] OpenTT3D: live projected tree 1751 stage 1 captured at 64,17
[2026-10-03 22:08:36] dbg: [driver:1] OpenTT3D: live projected tree 1716 stage 4 captured at 38,18
[2026-10-03 22:08:36] dbg: [driver:1] OpenTT3D: live projected tree 1800 stage 3 captured at 57,18
[2026-10-03 22:08:36] dbg: [driver:1] OpenTT3D: live projected tree 1793 stage 0 captured at 57,18
[2026-10-03 22:08:36] dbg: [driver:1] OpenTT3D: live projected tree 1786 stage 0 captured at 61,18
[2026-10-03 22:08:36] dbg: [driver:1] OpenTT3D: live projected tree 1737 stage 0 captured at 101,18
[2026-10-03 22:08:36] dbg: [driver:1] OpenTT3D: live projected tree 1814 stage 5 captured at 58,19
[2026-10-03 22:08:36] dbg: [driver:1] OpenTT3D: live projected tree 1709 stage 4 captured at 87,19
[2026-10-03 22:08:36] dbg: [driver:1] OpenTT3D: live projected tree 1793 stage 2 captured at 53,20
[2026-10-03 22:08:36] dbg: [driver:1] OpenTT3D: live projected tree 1765 stage 1 captured at 55,20
[2026-10-03 22:08:36] dbg: [driver:1] OpenTT3D: live projected tree 1737 stage 6 captured at 29,21
[2026-10-03 22:08:36] dbg: [driver:1] OpenTT3D: live projected tree 1793 stage 6 captured at 42,22
[2026-10-03 22:08:36] dbg: [driver:1] OpenTT3D: live projected tree 1786 stage 6 captured at 51,22
[2026-10-03 22:08:36] dbg: [driver:1] OpenTT3D: live projected tree 1772 stage 1 captured at 52,22
[2026-10-03 22:08:36] dbg: [driver:1] OpenTT3D: live projected tree 1737 stage 5 captured at 47,23
[2026-10-03 22:08:36] dbg: [driver:1] OpenTT3D: live projected tree 1800 stage 5 captured at 53,23
[2026-10-03 22:08:36] dbg: [driver:1] OpenTT3D: live projected tree 1800 stage 6 captured at 54,23
[2026-10-03 22:08:36] dbg: [driver:1] OpenTT3D: live projected tree 1814 stage 1 captured at 74,39
[2026-10-03 22:08:36] dbg: [driver:1] OpenTT3D: live projected tree 1779 stage 1 captured at 64,43
[2026-10-03 22:08:36] dbg: [driver:1] OpenTT3D: live projected tree 1807 stage 4 captured at 67,43
[2026-10-03 22:08:36] dbg: [driver:1] OpenTT3D: live projected tree 1807 stage 6 captured at 66,44
[2026-10-03 22:08:36] dbg: [driver:1] OpenTT3D: live projected tree 1793 stage 1 captured at 63,45
[2026-10-03 22:08:36] dbg: [driver:1] OpenTT3D: live projected tree 1800 stage 0 captured at 67,45
[2026-10-03 22:08:36] dbg: [driver:1] OpenTT3D: live projected tree 1786 stage 2 captured at 68,45
[2026-10-03 22:08:36] dbg: [driver:1] OpenTT3D: live projected tree 1765 stage 6 captured at 69,45
[2026-10-03 22:08:36] dbg: [driver:1] OpenTT3D: live projected tree 1772 stage 6 captured at 70,45
[2026-10-03 22:08:36] dbg: [driver:1] OpenTT3D: live projected tree 1779 stage 6 captured at 65,46
[2026-10-03 22:08:36] dbg: [driver:1] OpenTT3D: live projected tree 1807 stage 1 captured at 67,46
[2026-10-03 22:08:36] dbg: [driver:1] OpenTT3D: live projected tree 1772 stage 0 captured at 69,46
[2026-10-03 22:08:36] dbg: [driver:1] OpenTT3D: live projected tree 1765 stage 4 captured at 70,46
[2026-10-03 22:08:36] dbg: [driver:1] OpenTT3D: live projected tree 1807 stage 5 captured at 62,47
[2026-10-03 22:08:36] dbg: [driver:1] OpenTT3D: live projected tree 1814 stage 2 captured at 63,47
[2026-10-03 22:08:36] dbg: [driver:1] OpenTT3D: live projected tree 1779 stage 5 captured at 64,47
[2026-10-03 22:08:36] dbg: [driver:1] OpenTT3D: live projected tree 1765 stage 2 captured at 63,48
[2026-10-03 22:08:36] dbg: [driver:1] OpenTT3D: live projected tree 1800 stage 4 captured at 67,48
[2026-10-03 22:08:36] dbg: [driver:1] OpenTT3D: live projected tree 1800 stage 2 captured at 68,48
[2026-10-03 22:08:36] dbg: [driver:1] OpenTT3D: live projected tree 1814 stage 4 captured at 60,50
[2026-10-03 22:08:36] dbg: [driver:1] OpenTT3D: live projected tree 1765 stage 5 captured at 66,50
[2026-10-03 22:08:36] dbg: [driver:1] OpenTT3D: live projected tree 1779 stage 4 captured at 67,50
[2026-10-03 22:08:36] dbg: [driver:1] OpenTT3D: live projected tree 1786 stage 5 captured at 70,53
[2026-10-03 22:08:36] dbg: [driver:1] OpenTT3D: live projected tree 1807 stage 0 captured at 70,54
[2026-10-03 22:08:36] dbg: [driver:1] OpenTT3D: live projected tree 1807 stage 2 captured at 74,56
[2026-10-03 22:08:36] dbg: [driver:1] OpenTT3D: live projected tree 1765 stage 0 captured at 61,57
[2026-10-03 22:08:36] dbg: [driver:1] OpenTT3D: live projected tree 1793 stage 5 captured at 69,57
[2026-10-03 22:08:36] dbg: [driver:1] OpenTT3D: live projected tree 1779 stage 2 captured at 70,57
[2026-10-03 22:08:36] dbg: [driver:1] OpenTT3D: live projected tree 1772 stage 4 captured at 80,57
[2026-10-03 22:08:36] dbg: [driver:1] OpenTT3D: live projected tree 1793 stage 4 captured at 82,57
[2026-10-03 22:08:36] dbg: [driver:1] OpenTT3D: live projected tree 1772 stage 5 captured at 79,58
[2026-10-03 22:08:36] dbg: [driver:1] OpenTT3D: live projected tree 1772 stage 2 captured at 64,59
[2026-10-03 22:08:36] dbg: [driver:1] OpenTT3D: live projected tree 1800 stage 1 captured at 69,59
[2026-10-03 22:08:36] dbg: [driver:1] OpenTT3D: live projected tree 1786 stage 1 captured at 76,59
[2026-10-03 22:08:36] dbg: [driver:1] OpenTT3D: live projected tree 1779 stage 0 captured at 2,60
[2026-10-03 22:08:36] dbg: [driver:1] OpenTT3D: live projected tree 1786 stage 4 captured at 5,62
[2026-10-03 22:08:36] dbg: [driver:1] OpenTT3D: live voxel object 0 size 0 part 0 body climate 1 source 2601 captured at 72,62 with original body ownership
[2026-10-03 22:08:36] dbg: [driver:1] OpenTT3D: live projected tree 1814 stage 0 captured at 81,62
[2026-10-03 22:08:36] dbg: [driver:1] OpenTT3D: live voxel house ground 62 construction stage 3 captured at 58,76
[2026-10-03 22:08:36] dbg: [driver:1] OpenTT3D: live voxel house ground 62 construction stage 3 variant 1 captured
[2026-10-03 22:08:36] dbg: [driver:1] OpenTT3D: live voxel house 62 construction stage 3 captured at 58,76
[2026-10-03 22:08:36] dbg: [driver:1] OpenTT3D: live voxel house 62 construction stage 3 variant 1 captured
[2026-10-03 22:08:36] dbg: [driver:1] OpenTT3D: live voxel house 44 construction stage 3 captured at 58,78
[2026-10-03 22:08:36] dbg: [driver:1] OpenTT3D: live voxel house 44 construction stage 3 variant 3 captured
[2026-10-03 22:08:36] dbg: [driver:1] OpenTT3D: live voxel object 0 size 0 part 0 body climate 1 source 2601 captured at 92,86 with original body ownership
[2026-10-03 22:08:36] dbg: [driver:1] OpenTT3D: live voxel object 0 size 0 part 0 body climate 1 source 2601 captured at 98,90 with original body ownership
[2026-10-03 22:08:36] dbg: [driver:1] OpenTT3D: whole-world atlas relocation preserves 307200 exact RGBA/picking pixels across repack, clear and forced row relocation
[2026-10-03 22:08:36] dbg: [driver:1] OpenTT3D: captured OpenGL presentation with 1 GPU viewport regions
