[2026-10-03 20:06:20] dbg: [driver:1] Successfully loaded blitter '32bpp-optimized'
[2026-10-03 20:06:20] dbg: [driver:1] OpenTT3D: Cocoa process 74031
[2026-10-03 20:06:20] dbg: [driver:1] OpenGL driver: Apple - Apple M3 Pro (4.1 Metal - 90.5)
[2026-10-03 20:06:20] dbg: [driver:2] OpenGL shading language version: 4.10, texture units = 80
[2026-10-03 20:06:20] dbg: [driver:1] Successfully loaded video driver 'cocoa-opengl'
[2026-10-03 20:06:20] dbg: [driver:1] Successfully loaded sound driver 'null'
[2026-10-03 20:06:20] dbg: [driver:1] Successfully loaded music driver 'null'
[2026-10-03 20:06:20] dbg: [driver:1] OpenTT3D: background Cocoa window active=false, key=false, visible=false, policy=2
[2026-10-03 20:06:20] dbg: [driver:1] using thread for game-loop
[2026-10-03 20:06:20] dbg: [driver:1] OpenTT3D: retained live water source tile 38,12 role ground sprite 9952 at original height 0
[2026-10-03 20:06:20] dbg: [driver:1] OpenTT3D: retained live water source tile 39,12 role ground sprite 9955 at original height 0
[2026-10-03 20:06:20] dbg: [driver:1] OpenTT3D: retained live water source tile 40,12 role ground sprite 9952 at original height 8
[2026-10-03 20:06:35] dbg: [driver:1] OpenTT3D: loaded 1831 authored voxel models, 17420235 occupied cells, 12070638 exposed cell faces merged to 2656043 conforming rectangles / 20271120 triangles
[2026-10-03 20:06:35] dbg: [driver:1] OpenTT3D: retained lossless voxel sources use 36385568 bytes instead of 1727438004 dense cell bytes, with one shared palette
[2026-10-03 20:06:35] dbg: [driver:1] OpenTT3D: CPU voxel surfaces retain 1066079056 bytes under a scene-pinned soft budget, including 185267056 exact restoration bytes
[2026-10-03 20:06:36] dbg: [driver:1] OpenTT3D: loaded 62 profiles from opentt3d-trees.json
[2026-10-03 20:06:36] dbg: [driver:1] OpenTT3D: retained live water source tile 51,16 role ground sprite 9957 at original height 8
[2026-10-03 20:06:36] dbg: [driver:1] OpenTT3D: retained live water source tile 52,16 role ground sprite 9960 at original height 8
[2026-10-03 20:06:36] dbg: [driver:1] OpenTT3D: retained live water source tile 53,16 role ground sprite 9957 at original height 16
[2026-10-03 20:06:36] dbg: [driver:1] OpenTT3D: retained river selector tile 37,30 feature 5 base 11269 offset 0->0 sprite 11269 absent false
[2026-10-03 20:06:36] dbg: [driver:1] OpenTT3D: retained river selector tile 37,30 feature 6 base 10064 offset 0->0 sprite 10064 absent false
[2026-10-03 20:06:36] dbg: [driver:1] OpenTT3D: retained river selector tile 37,30 feature 6 base 10064 offset 3->3 sprite 10067 absent false
[2026-10-03 20:06:36] dbg: [driver:1] OpenTT3D: retained river selector tile 37,30 feature 6 base 10064 offset 7->7 sprite 10071 absent false
[2026-10-03 20:06:36] dbg: [driver:1] OpenTT3D: retained river selector tile 38,30 feature 5 base 11269 offset 0->0 sprite 11269 absent false
[2026-10-03 20:06:36] dbg: [driver:1] OpenTT3D: retained river selector tile 38,30 feature 6 base 10064 offset 3->3 sprite 10067 absent false
[2026-10-03 20:06:36] dbg: [driver:1] OpenTT3D: retained river selector tile 39,30 feature 5 base 11269 offset 0->0 sprite 11269 absent false
[2026-10-03 20:06:36] dbg: [driver:1] OpenTT3D: retained river selector tile 39,30 feature 6 base 10064 offset 3->3 sprite 10067 absent false
[2026-10-03 20:06:36] dbg: [driver:1] OpenTT3D: retained river selector tile 39,30 feature 6 base 10064 offset 9->9 sprite 10073 absent false
[2026-10-03 20:06:36] dbg: [driver:1] OpenTT3D: retained river selector tile 40,30 feature 5 base 11269 offset 0->0 sprite 11269 absent false
[2026-10-03 20:06:36] dbg: [driver:1] OpenTT3D: retained river selector tile 40,30 feature 6 base 10064 offset 1->1 sprite 10065 absent false
[2026-10-03 20:06:36] dbg: [driver:1] OpenTT3D: retained river selector tile 40,30 feature 6 base 10064 offset 3->3 sprite 10067 absent false
[2026-10-03 20:06:36] dbg: [driver:1] OpenTT3D: retained river selector tile 41,30 feature 5 base 11269 offset 0->0 sprite 11269 absent false
[2026-10-03 20:06:36] dbg: [driver:1] OpenTT3D: retained river selector tile 41,30 feature 6 base 10064 offset 1->1 sprite 10065 absent false
[2026-10-03 20:06:36] dbg: [driver:1] OpenTT3D: retained river selector tile 41,30 feature 6 base 10064 offset 3->3 sprite 10067 absent false
[2026-10-03 20:06:36] dbg: [driver:1] OpenTT3D: retained river selector tile 42,30 feature 5 base 11269 offset 0->0 sprite 11269 absent false
[2026-10-03 20:06:36] dbg: [driver:1] OpenTT3D: retained river selector tile 42,30 feature 6 base 10064 offset 2->2 sprite 10066 absent false
[2026-10-03 20:06:36] dbg: [driver:1] OpenTT3D: retained river selector tile 42,30 feature 6 base 10064 offset 3->3 sprite 10067 absent false
[2026-10-03 20:06:36] dbg: [driver:1] OpenTT3D: retained river selector tile 42,30 feature 6 base 10064 offset 8->8 sprite 10072 absent false
[2026-10-03 20:06:36] dbg: [driver:1] OpenTT3D: retained river selector tile 42,30 feature 6 base 10064 offset 6->6 sprite 10070 absent false
[2026-10-03 20:06:36] dbg: [driver:1] OpenTT3D: retained river selector tile 34,31 feature 5 base 11264 offset 3->3 sprite 11267 absent false
[2026-10-03 20:06:36] dbg: [driver:1] OpenTT3D: retained live water source tile 34,31 role ground sprite 11267 at original height 0
[2026-10-03 20:06:36] dbg: [driver:1] OpenTT3D: retained river selector tile 34,31 feature 6 base 10304 offset 39->39 sprite 10343 absent false
[2026-10-03 20:06:36] dbg: [driver:1] OpenTT3D: retained live water source tile 34,31 role ground sprite 10343 at original height 0
[2026-10-03 20:06:36] dbg: [driver:1] OpenTT3D: retained river selector tile 35,31 feature 5 base 11269 offset 0->0 sprite 11269 absent false
[2026-10-03 20:06:36] dbg: [driver:1] OpenTT3D: retained river selector tile 35,31 feature 6 base 10064 offset 3->3 sprite 10067 absent false
[2026-10-03 20:06:36] dbg: [driver:1] OpenTT3D: retained river selector tile 36,31 feature 5 base 11269 offset 0->0 sprite 11269 absent false
[2026-10-03 20:06:36] dbg: [driver:1] OpenTT3D: retained river selector tile 36,31 feature 6 base 10064 offset 3->3 sprite 10067 absent false
[2026-10-03 20:06:36] dbg: [driver:1] OpenTT3D: retained river selector tile 37,31 feature 5 base 11269 offset 0->0 sprite 11269 absent false
[2026-10-03 20:06:36] dbg: [driver:1] OpenTT3D: retained river selector tile 37,31 feature 6 base 10064 offset 11->11 sprite 10075 absent false
[2026-10-03 20:06:36] dbg: [driver:1] OpenTT3D: retained river selector tile 38,31 feature 5 base 11269 offset 0->0 sprite 11269 absent false
[2026-10-03 20:06:36] dbg: [driver:1] OpenTT3D: retained river selector tile 38,31 feature 6 base 10064 offset 9->9 sprite 10073 absent false
[2026-10-03 20:06:36] dbg: [driver:1] OpenTT3D: retained river selector tile 39,31 feature 5 base 11269 offset 0->0 sprite 11269 absent false
[2026-10-03 20:06:36] dbg: [driver:1] OpenTT3D: retained river selector tile 39,31 feature 6 base 10064 offset 1->1 sprite 10065 absent false
[2026-10-03 20:06:36] dbg: [driver:1] OpenTT3D: retained river selector tile 39,31 feature 6 base 10064 offset 2->2 sprite 10066 absent false
[2026-10-03 20:06:36] dbg: [driver:1] OpenTT3D: retained river selector tile 39,31 feature 6 base 10064 offset 5->5 sprite 10069 absent false
[2026-10-03 20:06:36] dbg: [driver:1] OpenTT3D: retained river selector tile 42,31 feature 5 base 11269 offset 0->0 sprite 11269 absent false
[2026-10-03 20:06:36] dbg: [driver:1] OpenTT3D: retained river selector tile 42,31 feature 6 base 10064 offset 0->0 sprite 10064 absent false
[2026-10-03 20:06:36] dbg: [driver:1] OpenTT3D: retained river selector tile 42,31 feature 6 base 10064 offset 1->1 sprite 10065 absent false
[2026-10-03 20:06:36] dbg: [driver:1] OpenTT3D: retained river selector tile 42,31 feature 6 base 10064 offset 4->4 sprite 10068 absent false
[2026-10-03 20:06:36] dbg: [driver:1] OpenTT3D: retained river selector tile 42,31 feature 6 base 10064 offset 10->10 sprite 10074 absent false
[2026-10-03 20:06:36] dbg: [driver:1] OpenTT3D: retained river selector tile 43,31 feature 5 base 11269 offset 0->0 sprite 11269 absent false
[2026-10-03 20:06:36] dbg: [driver:1] OpenTT3D: retained river selector tile 43,31 feature 6 base 10064 offset 1->1 sprite 10065 absent false
[2026-10-03 20:06:36] dbg: [driver:1] OpenTT3D: retained river selector tile 43,31 feature 6 base 10064 offset 3->3 sprite 10067 absent false
[2026-10-03 20:06:36] dbg: [driver:1] OpenTT3D: retained river selector tile 44,31 feature 5 base 11269 offset 0->0 sprite 11269 absent false
[2026-10-03 20:06:36] dbg: [driver:1] OpenTT3D: retained river selector tile 44,31 feature 6 base 10064 offset 2->2 sprite 10066 absent false
[2026-10-03 20:06:36] dbg: [driver:1] OpenTT3D: retained river selector tile 44,31 feature 6 base 10064 offset 3->3 sprite 10067 absent false
[2026-10-03 20:06:36] dbg: [driver:1] OpenTT3D: retained river selector tile 44,31 feature 6 base 10064 offset 8->8 sprite 10072 absent false
[2026-10-03 20:06:36] dbg: [driver:1] OpenTT3D: retained river selector tile 44,31 feature 6 base 10064 offset 6->6 sprite 10070 absent false
[2026-10-03 20:06:36] dbg: [driver:1] OpenTT3D: retained river selector tile 34,32 feature 5 base 11264 offset 3->3 sprite 11267 absent false
[2026-10-03 20:06:36] dbg: [driver:1] OpenTT3D: retained live water source tile 34,32 role ground sprite 11267 at original height 0
[2026-10-03 20:06:36] dbg: [driver:1] OpenTT3D: retained river selector tile 34,32 feature 6 base 10304 offset 37->37 sprite 10341 absent false
[2026-10-03 20:06:36] dbg: [driver:1] OpenTT3D: retained live water source tile 34,32 role ground sprite 10341 at original height 0
[2026-10-03 20:06:36] dbg: [driver:1] OpenTT3D: retained river selector tile 35,32 feature 5 base 11269 offset 0->0 sprite 11269 absent false
[2026-10-03 20:06:36] dbg: [driver:1] OpenTT3D: retained river selector tile 35,32 feature 6 base 10064 offset 1->1 sprite 10065 absent false
[2026-10-03 20:06:36] dbg: [driver:1] OpenTT3D: retained river selector tile 36,32 feature 5 base 11269 offset 0->0 sprite 11269 absent false
[2026-10-03 20:06:36] dbg: [driver:1] OpenTT3D: retained river selector tile 36,32 feature 6 base 10064 offset 1->1 sprite 10065 absent false
[2026-10-03 20:06:36] dbg: [driver:1] OpenTT3D: retained river selector tile 37,32 feature 5 base 11269 offset 0->0 sprite 11269 absent false
[2026-10-03 20:06:36] dbg: [driver:1] OpenTT3D: retained river selector tile 37,32 feature 6 base 10064 offset 1->1 sprite 10065 absent false
[2026-10-03 20:06:36] dbg: [driver:1] OpenTT3D: retained river selector tile 38,32 feature 5 base 11269 offset 0->0 sprite 11269 absent false
[2026-10-03 20:06:36] dbg: [driver:1] OpenTT3D: retained river selector tile 38,32 feature 6 base 10064 offset 1->1 sprite 10065 absent false
[2026-10-03 20:06:36] dbg: [driver:1] OpenTT3D: retained river selector tile 38,32 feature 6 base 10064 offset 2->2 sprite 10066 absent false
[2026-10-03 20:06:36] dbg: [driver:1] OpenTT3D: retained river selector tile 38,32 feature 6 base 10064 offset 5->5 sprite 10069 absent false
[2026-10-03 20:06:36] dbg: [driver:1] OpenTT3D: retained river selector tile 44,32 feature 5 base 11269 offset 0->0 sprite 11269 absent false
[2026-10-03 20:06:36] dbg: [driver:1] OpenTT3D: retained river selector tile 44,32 feature 6 base 10064 offset 0->0 sprite 10064 absent false
[2026-10-03 20:06:36] dbg: [driver:1] OpenTT3D: retained river selector tile 44,32 feature 6 base 10064 offset 1->1 sprite 10065 absent false
[2026-10-03 20:06:36] dbg: [driver:1] OpenTT3D: retained river selector tile 44,32 feature 6 base 10064 offset 4->4 sprite 10068 absent false
[2026-10-03 20:06:36] dbg: [driver:1] OpenTT3D: retained river selector tile 44,32 feature 6 base 10064 offset 10->10 sprite 10074 absent false
[2026-10-03 20:06:36] dbg: [driver:1] OpenTT3D: retained river selector tile 45,32 feature 5 base 11269 offset 0->0 sprite 11269 absent false
[2026-10-03 20:06:36] dbg: [driver:1] OpenTT3D: retained river selector tile 45,32 feature 6 base 10064 offset 1->1 sprite 10065 absent false
[2026-10-03 20:06:36] dbg: [driver:1] OpenTT3D: retained river selector tile 45,32 feature 6 base 10064 offset 3->3 sprite 10067 absent false
[2026-10-03 20:06:36] dbg: [driver:1] OpenTT3D: retained river selector tile 46,32 feature 5 base 11269 offset 0->0 sprite 11269 absent false
[2026-10-03 20:06:36] dbg: [driver:1] OpenTT3D: retained river selector tile 46,32 feature 6 base 10064 offset 2->2 sprite 10066 absent false
[2026-10-03 20:06:36] dbg: [driver:1] OpenTT3D: retained river selector tile 46,32 feature 6 base 10064 offset 3->3 sprite 10067 absent false
[2026-10-03 20:06:36] dbg: [driver:1] OpenTT3D: retained river selector tile 46,32 feature 6 base 10064 offset 8->8 sprite 10072 absent false
[2026-10-03 20:06:36] dbg: [driver:1] OpenTT3D: retained river selector tile 46,32 feature 6 base 10064 offset 6->6 sprite 10070 absent false
[2026-10-03 20:06:36] dbg: [driver:1] OpenTT3D: retained river selector tile 46,33 feature 5 base 11269 offset 0->0 sprite 11269 absent false
[2026-10-03 20:06:36] dbg: [driver:1] OpenTT3D: retained river selector tile 46,33 feature 6 base 10064 offset 0->0 sprite 10064 absent false
[2026-10-03 20:06:36] dbg: [driver:1] OpenTT3D: retained river selector tile 46,33 feature 6 base 10064 offset 1->1 sprite 10065 absent false
[2026-10-03 20:06:36] dbg: [driver:1] OpenTT3D: retained river selector tile 46,33 feature 6 base 10064 offset 4->4 sprite 10068 absent false
[2026-10-03 20:06:36] dbg: [driver:1] OpenTT3D: retained river selector tile 46,33 feature 6 base 10064 offset 10->10 sprite 10074 absent false
[2026-10-03 20:06:36] dbg: [driver:1] OpenTT3D: retained river selector tile 47,33 feature 5 base 11269 offset 0->0 sprite 11269 absent false
[2026-10-03 20:06:36] dbg: [driver:1] OpenTT3D: retained river selector tile 47,33 feature 6 base 10064 offset 2->2 sprite 10066 absent false
[2026-10-03 20:06:36] dbg: [driver:1] OpenTT3D: retained river selector tile 47,33 feature 6 base 10064 offset 3->3 sprite 10067 absent false
[2026-10-03 20:06:36] dbg: [driver:1] OpenTT3D: retained river selector tile 47,33 feature 6 base 10064 offset 8->8 sprite 10072 absent false
[2026-10-03 20:06:36] dbg: [driver:1] OpenTT3D: retained river selector tile 47,33 feature 6 base 10064 offset 6->6 sprite 10070 absent false
[2026-10-03 20:06:36] dbg: [driver:1] OpenTT3D: retained river selector tile 47,34 feature 5 base 11269 offset 0->0 sprite 11269 absent false
[2026-10-03 20:06:36] dbg: [driver:1] OpenTT3D: retained river selector tile 47,34 feature 6 base 10064 offset 0->0 sprite 10064 absent false
[2026-10-03 20:06:36] dbg: [driver:1] OpenTT3D: retained river selector tile 47,34 feature 6 base 10064 offset 1->1 sprite 10065 absent false
[2026-10-03 20:06:36] dbg: [driver:1] OpenTT3D: retained river selector tile 47,34 feature 6 base 10064 offset 4->4 sprite 10068 absent false
[2026-10-03 20:06:36] dbg: [driver:1] OpenTT3D: retained river selector tile 47,34 feature 6 base 10064 offset 10->10 sprite 10074 absent false
[2026-10-03 20:06:36] dbg: [driver:1] OpenTT3D: retained river selector tile 48,34 feature 5 base 11269 offset 0->0 sprite 11269 absent false
[2026-10-03 20:06:36] dbg: [driver:1] OpenTT3D: retained river selector tile 48,34 feature 6 base 10064 offset 2->2 sprite 10066 absent false
[2026-10-03 20:06:36] dbg: [driver:1] OpenTT3D: retained river selector tile 48,34 feature 6 base 10064 offset 3->3 sprite 10067 absent false
[2026-10-03 20:06:36] dbg: [driver:1] OpenTT3D: retained river selector tile 48,34 feature 6 base 10064 offset 8->8 sprite 10072 absent false
[2026-10-03 20:06:36] dbg: [driver:1] OpenTT3D: retained river selector tile 48,34 feature 6 base 10064 offset 6->6 sprite 10070 absent false
[2026-10-03 20:06:36] dbg: [driver:1] OpenTT3D: retained river selector tile 48,35 feature 5 base 11269 offset 0->0 sprite 11269 absent false
[2026-10-03 20:06:36] dbg: [driver:1] OpenTT3D: retained river selector tile 48,35 feature 6 base 10064 offset 0->0 sprite 10064 absent false
[2026-10-03 20:06:36] dbg: [driver:1] OpenTT3D: retained river selector tile 48,35 feature 6 base 10064 offset 1->1 sprite 10065 absent false
[2026-10-03 20:06:36] dbg: [driver:1] OpenTT3D: retained river selector tile 48,35 feature 6 base 10064 offset 4->4 sprite 10068 absent false
[2026-10-03 20:06:36] dbg: [driver:1] OpenTT3D: retained river selector tile 48,35 feature 6 base 10064 offset 10->10 sprite 10074 absent false
[2026-10-03 20:06:36] dbg: [driver:1] OpenTT3D: retained river selector tile 49,35 feature 5 base 11269 offset 0->0 sprite 11269 absent false
[2026-10-03 20:06:36] dbg: [driver:1] OpenTT3D: retained river selector tile 49,35 feature 6 base 10064 offset 1->1 sprite 10065 absent false
[2026-10-03 20:06:36] dbg: [driver:1] OpenTT3D: retained river selector tile 49,35 feature 6 base 10064 offset 3->3 sprite 10067 absent false
[2026-10-03 20:06:36] dbg: [driver:1] OpenTT3D: retained river selector tile 50,35 feature 5 base 11269 offset 0->0 sprite 11269 absent false
[2026-10-03 20:06:36] dbg: [driver:1] OpenTT3D: retained river selector tile 50,35 feature 6 base 10064 offset 1->1 sprite 10065 absent false
[2026-10-03 20:06:36] dbg: [driver:1] OpenTT3D: retained river selector tile 50,35 feature 6 base 10064 offset 3->3 sprite 10067 absent false
[2026-10-03 20:06:36] dbg: [driver:1] OpenTT3D: retained river selector tile 51,35 feature 5 base 11269 offset 0->0 sprite 11269 absent false
[2026-10-03 20:06:36] dbg: [driver:1] OpenTT3D: retained river selector tile 51,35 feature 6 base 10064 offset 1->1 sprite 10065 absent false
[2026-10-03 20:06:36] dbg: [driver:1] OpenTT3D: retained river selector tile 51,35 feature 6 base 10064 offset 3->3 sprite 10067 absent false
[2026-10-03 20:06:36] dbg: [driver:1] OpenTT3D: retained river selector tile 52,35 feature 5 base 11269 offset 0->0 sprite 11269 absent false
[2026-10-03 20:06:36] dbg: [driver:1] OpenTT3D: retained river selector tile 52,35 feature 6 base 10064 offset 1->1 sprite 10065 absent false
[2026-10-03 20:06:36] dbg: [driver:1] OpenTT3D: retained river selector tile 52,35 feature 6 base 10064 offset 3->3 sprite 10067 absent false
[2026-10-03 20:06:36] dbg: [driver:1] OpenTT3D: retained river selector tile 53,35 feature 5 base 11269 offset 0->0 sprite 11269 absent false
[2026-10-03 20:06:36] dbg: [driver:1] OpenTT3D: retained river selector tile 53,35 feature 6 base 10064 offset 1->1 sprite 10065 absent false
[2026-10-03 20:06:36] dbg: [driver:1] OpenTT3D: retained river selector tile 53,35 feature 6 base 10064 offset 3->3 sprite 10067 absent false
[2026-10-03 20:06:36] dbg: [driver:1] OpenTT3D: retained river selector tile 54,35 feature 5 base 11269 offset 0->0 sprite 11269 absent false
[2026-10-03 20:06:36] dbg: [driver:1] OpenTT3D: retained river selector tile 54,35 feature 6 base 10064 offset 1->1 sprite 10065 absent false
[2026-10-03 20:06:36] dbg: [driver:1] OpenTT3D: retained river selector tile 54,35 feature 6 base 10064 offset 2->2 sprite 10066 absent false
[2026-10-03 20:06:36] dbg: [driver:1] OpenTT3D: retained river selector tile 54,35 feature 6 base 10064 offset 3->3 sprite 10067 absent false
[2026-10-03 20:06:36] dbg: [driver:1] OpenTT3D: retained river selector tile 54,35 feature 6 base 10064 offset 5->5 sprite 10069 absent false
[2026-10-03 20:06:36] dbg: [driver:1] OpenTT3D: retained river selector tile 54,35 feature 6 base 10064 offset 6->6 sprite 10070 absent false
[2026-10-03 20:06:36] dbg: [driver:1] OpenTT3D: live projected tree 1674 stage 6 captured at 41,36
[2026-10-03 20:06:36] dbg: [driver:1] OpenTT3D: live projected tree 1576 stage 3 captured at 43,38
[2026-10-03 20:06:36] dbg: [driver:1] OpenTT3D: live projected tree 1639 stage 3 captured at 43,38
[2026-10-03 20:06:36] dbg: [driver:1] OpenTT3D: live projected tree 1604 stage 3 captured at 43,38
[2026-10-03 20:06:36] dbg: [driver:1] OpenTT3D: live projected tree 1688 stage 3 captured at 45,38
[2026-10-03 20:06:36] dbg: [driver:1] OpenTT3D: live voxel house 24 construction stage 3 captured at 46,38
[2026-10-03 20:06:36] dbg: [driver:1] OpenTT3D: live voxel house 24 construction stage 3 variant 2 captured
[2026-10-03 20:06:36] dbg: [driver:1] OpenTT3D: 51 ground-detail tiles rendered with raised crops, hay, rocks or turf
[2026-10-03 20:06:36] dbg: [driver:1] OpenTT3D: 6 unmodelled reference sprites in this view (release coverage is incomplete)
[2026-10-03 20:06:36] dbg: [driver:2] OpenTT3D: pre-existing OpenGL error before mesh pass (1286)
[2026-10-03 20:06:36] dbg: [driver:1] OpenTT3D: depth-tested mesh renderer initialized
[2026-10-03 20:06:36] dbg: [driver:1] OpenTT3D: live voxel house 6 construction stage 3 captured at 43,40
[2026-10-03 20:06:36] dbg: [driver:1] OpenTT3D: live voxel house 6 construction stage 3 variant 3 captured
[2026-10-03 20:06:36] dbg: [driver:1] OpenTT3D: live voxel house ground 20 construction stage 3 captured at 45,41
[2026-10-03 20:06:36] dbg: [driver:1] OpenTT3D: live voxel house ground 20 construction stage 3 variant 1 captured
[2026-10-03 20:06:36] dbg: [driver:1] OpenTT3D: live voxel house 20 construction stage 3 captured at 45,41
[2026-10-03 20:06:36] dbg: [driver:1] OpenTT3D: live voxel house 20 construction stage 3 variant 1 captured
[2026-10-03 20:06:36] dbg: [driver:1] OpenTT3D: live voxel house ground 22 construction stage 3 captured at 46,41
[2026-10-03 20:06:36] dbg: [driver:1] OpenTT3D: live voxel house ground 22 construction stage 3 variant 2 captured
[2026-10-03 20:06:36] dbg: [driver:1] OpenTT3D: live voxel house 22 construction stage 3 captured at 46,41
[2026-10-03 20:06:36] dbg: [driver:1] OpenTT3D: live voxel house 22 construction stage 3 variant 2 captured
[2026-10-03 20:06:36] dbg: [driver:1] OpenTT3D: live voxel house ground 21 construction stage 3 captured at 45,42
[2026-10-03 20:06:36] dbg: [driver:1] OpenTT3D: live voxel house ground 21 construction stage 3 variant 2 captured
[2026-10-03 20:06:36] dbg: [driver:1] OpenTT3D: live voxel house 21 construction stage 3 captured at 45,42
[2026-10-03 20:06:36] dbg: [driver:1] OpenTT3D: live voxel house 21 construction stage 3 variant 2 captured
[2026-10-03 20:06:36] dbg: [driver:1] OpenTT3D: live voxel house ground 23 construction stage 3 captured at 46,42
[2026-10-03 20:06:36] dbg: [driver:1] OpenTT3D: live voxel house ground 23 construction stage 3 variant 1 captured
[2026-10-03 20:06:36] dbg: [driver:1] OpenTT3D: live voxel house 23 construction stage 3 captured at 46,42
[2026-10-03 20:06:36] dbg: [driver:1] OpenTT3D: live voxel house 23 construction stage 3 variant 1 captured
[2026-10-03 20:06:36] dbg: [driver:1] OpenTT3D: live voxel house 6 construction stage 3 captured at 43,43
[2026-10-03 20:06:36] dbg: [driver:1] OpenTT3D: live voxel house 6 construction stage 3 variant 0 captured
[2026-10-03 20:06:36] dbg: [driver:1] OpenTT3D: live voxel house ground 39 construction stage 2 captured at 45,43
[2026-10-03 20:06:36] dbg: [driver:1] OpenTT3D: live voxel house ground 39 construction stage 2 variant 3 captured
[2026-10-03 20:06:36] dbg: [driver:1] OpenTT3D: live voxel house 39 construction stage 2 captured at 45,43
[2026-10-03 20:06:36] dbg: [driver:1] OpenTT3D: live voxel house 39 construction stage 2 variant 3 captured
[2026-10-03 20:06:36] dbg: [driver:1] OpenTT3D: live voxel house 11 construction stage 3 captured at 46,43
[2026-10-03 20:06:36] dbg: [driver:1] OpenTT3D: live voxel house 11 construction stage 3 variant 0 captured
[2026-10-03 20:06:36] dbg: [driver:1] OpenTT3D: live voxel house 26 construction stage 3 captured at 44,45
[2026-10-03 20:06:36] dbg: [driver:1] OpenTT3D: live voxel house 26 construction stage 3 variant 3 captured
[2026-10-03 20:06:36] dbg: [driver:1] OpenTT3D: live voxel house ground 39 construction stage 3 captured at 46,45
[2026-10-03 20:06:36] dbg: [driver:1] OpenTT3D: live voxel house ground 39 construction stage 3 variant 1 captured
[2026-10-03 20:06:36] dbg: [driver:1] OpenTT3D: live voxel house 39 construction stage 3 captured at 46,45
[2026-10-03 20:06:36] dbg: [driver:1] OpenTT3D: live voxel house 39 construction stage 3 variant 1 captured
[2026-10-03 20:06:36] dbg: [driver:1] OpenTT3D: live voxel house 15 construction stage 3 captured at 47,45
[2026-10-03 20:06:36] dbg: [driver:1] OpenTT3D: live voxel house 15 construction stage 3 variant 2 captured
[2026-10-03 20:06:36] dbg: [driver:1] OpenTT3D: 2 slope foundations rendered with complete retaining walls
[2026-10-03 20:06:36] dbg: [driver:1] OpenTT3D: live voxel house ground 26 construction stage 0 captured at 50,39
[2026-10-03 20:06:36] dbg: [driver:1] OpenTT3D: live voxel house ground 26 construction stage 0 variant 0 captured
[2026-10-03 20:06:36] dbg: [driver:1] OpenTT3D: live projected tree 1632 stage 3 captured at 51,39
[2026-10-03 20:06:36] dbg: [driver:1] OpenTT3D: live projected tree 1625 stage 1 captured at 51,39
[2026-10-03 20:06:36] dbg: [driver:1] OpenTT3D: live projected tree 1653 stage 3 captured at 51,39
[2026-10-03 20:06:36] dbg: [driver:1] OpenTT3D: live voxel house 26 construction stage 2 captured at 48,41
[2026-10-03 20:06:36] dbg: [driver:1] OpenTT3D: live voxel house 26 construction stage 2 variant 3 captured
[2026-10-03 20:06:36] dbg: [driver:1] OpenTT3D: live voxel house 16 construction stage 3 captured at 49,41
[2026-10-03 20:06:36] dbg: [driver:1] OpenTT3D: live voxel house 16 construction stage 3 variant 2 captured
[2026-10-03 20:06:36] dbg: [driver:1] OpenTT3D: live voxel house 16 construction stage 3 captured at 48,42
[2026-10-03 20:06:36] dbg: [driver:1] OpenTT3D: live voxel house 16 construction stage 3 variant 0 captured
[2026-10-03 20:06:36] dbg: [driver:1] OpenTT3D: live projected tree 1583 stage 3 captured at 49,42
[2026-10-03 20:06:36] dbg: [driver:1] OpenTT3D: live voxel house 27 construction stage 3 captured at 49,43
[2026-10-03 20:06:36] dbg: [driver:1] OpenTT3D: live voxel house 27 construction stage 3 variant 0 captured
[2026-10-03 20:06:36] dbg: [driver:1] OpenTT3D: retained river selector tile 61,60 feature 5 base 11269 offset 0->0 sprite 11269 absent false
[2026-10-03 20:06:36] dbg: [driver:1] OpenTT3D: retained river selector tile 61,60 feature 6 base 10064 offset 0->0 sprite 10064 absent false
[2026-10-03 20:06:36] dbg: [driver:1] OpenTT3D: retained river selector tile 61,60 feature 6 base 10064 offset 1->1 sprite 10065 absent false
[2026-10-03 20:06:36] dbg: [driver:1] OpenTT3D: retained river selector tile 61,60 feature 6 base 10064 offset 3->3 sprite 10067 absent false
[2026-10-03 20:06:36] dbg: [driver:1] OpenTT3D: retained river selector tile 61,60 feature 6 base 10064 offset 4->4 sprite 10068 absent false
[2026-10-03 20:06:36] dbg: [driver:1] OpenTT3D: retained river selector tile 61,60 feature 6 base 10064 offset 7->7 sprite 10071 absent false
[2026-10-03 20:06:36] dbg: [driver:1] OpenTT3D: retained river selector tile 62,60 feature 5 base 11269 offset 0->0 sprite 11269 absent false
[2026-10-03 20:06:36] dbg: [driver:1] OpenTT3D: retained river selector tile 62,60 feature 6 base 10064 offset 1->1 sprite 10065 absent false
[2026-10-03 20:06:36] dbg: [driver:1] OpenTT3D: retained river selector tile 62,60 feature 6 base 10064 offset 3->3 sprite 10067 absent false
[2026-10-03 20:06:36] dbg: [driver:1] OpenTT3D: retained river selector tile 63,60 feature 5 base 11269 offset 0->0 sprite 11269 absent false
[2026-10-03 20:06:36] dbg: [driver:1] OpenTT3D: retained river selector tile 63,60 feature 6 base 10064 offset 2->2 sprite 10066 absent false
[2026-10-03 20:06:36] dbg: [driver:1] OpenTT3D: retained river selector tile 63,60 feature 6 base 10064 offset 3->3 sprite 10067 absent false
[2026-10-03 20:06:36] dbg: [driver:1] OpenTT3D: retained river selector tile 63,60 feature 6 base 10064 offset 8->8 sprite 10072 absent false
[2026-10-03 20:06:36] dbg: [driver:1] OpenTT3D: retained river selector tile 63,60 feature 6 base 10064 offset 6->6 sprite 10070 absent false
[2026-10-03 20:06:36] dbg: [driver:1] OpenTT3D: retained river selector tile 63,61 feature 5 base 11269 offset 0->0 sprite 11269 absent false
[2026-10-03 20:06:36] dbg: [driver:1] OpenTT3D: retained river selector tile 63,61 feature 6 base 10064 offset 0->0 sprite 10064 absent false
[2026-10-03 20:06:36] dbg: [driver:1] OpenTT3D: retained river selector tile 63,61 feature 6 base 10064 offset 2->2 sprite 10066 absent false
[2026-10-03 20:06:36] dbg: [driver:1] OpenTT3D: retained river selector tile 63,62 feature 5 base 11269 offset 0->0 sprite 11269 absent false
[2026-10-03 20:06:36] dbg: [driver:1] OpenTT3D: retained river selector tile 63,62 feature 6 base 10064 offset 0->0 sprite 10064 absent false
[2026-10-03 20:06:36] dbg: [driver:1] OpenTT3D: retained river selector tile 63,62 feature 6 base 10064 offset 2->2 sprite 10066 absent false
[2026-10-03 20:06:36] dbg: [driver:1] OpenTT3D: retained river selector tile 63,63 feature 5 base 11269 offset 0->0 sprite 11269 absent false
[2026-10-03 20:06:36] dbg: [driver:1] OpenTT3D: retained river selector tile 63,63 feature 6 base 10064 offset 0->0 sprite 10064 absent false
[2026-10-03 20:06:36] dbg: [driver:1] OpenTT3D: retained river selector tile 63,63 feature 6 base 10064 offset 2->2 sprite 10066 absent false
[2026-10-03 20:06:36] dbg: [driver:1] OpenTT3D: retained river selector tile 63,64 feature 5 base 11269 offset 0->0 sprite 11269 absent false
[2026-10-03 20:06:36] dbg: [driver:1] OpenTT3D: retained river selector tile 63,64 feature 6 base 10064 offset 0->0 sprite 10064 absent false
[2026-10-03 20:06:36] dbg: [driver:1] OpenTT3D: retained river selector tile 63,64 feature 6 base 10064 offset 2->2 sprite 10066 absent false
[2026-10-03 20:06:36] dbg: [driver:1] OpenTT3D: retained river selector tile 63,65 feature 5 base 11269 offset 0->0 sprite 11269 absent false
[2026-10-03 20:06:36] dbg: [driver:1] OpenTT3D: retained river selector tile 63,65 feature 6 base 10064 offset 0->0 sprite 10064 absent false
[2026-10-03 20:06:36] dbg: [driver:1] OpenTT3D: retained river selector tile 63,65 feature 6 base 10064 offset 2->2 sprite 10066 absent false
[2026-10-03 20:06:36] dbg: [driver:1] OpenTT3D: retained river selector tile 63,66 feature 5 base 11269 offset 0->0 sprite 11269 absent false
[2026-10-03 20:06:36] dbg: [driver:1] OpenTT3D: retained river selector tile 63,66 feature 6 base 10064 offset 0->0 sprite 10064 absent false
[2026-10-03 20:06:36] dbg: [driver:1] OpenTT3D: retained river selector tile 63,66 feature 6 base 10064 offset 1->1 sprite 10065 absent false
[2026-10-03 20:06:36] dbg: [driver:1] OpenTT3D: retained river selector tile 63,66 feature 6 base 10064 offset 4->4 sprite 10068 absent false
[2026-10-03 20:06:36] dbg: [driver:1] OpenTT3D: retained river selector tile 63,66 feature 6 base 10064 offset 10->10 sprite 10074 absent false
[2026-10-03 20:06:36] dbg: [driver:1] OpenTT3D: retained river selector tile 64,66 feature 5 base 11269 offset 0->0 sprite 11269 absent false
[2026-10-03 20:06:36] dbg: [driver:1] OpenTT3D: retained river selector tile 64,66 feature 6 base 10064 offset 3->3 sprite 10067 absent false
[2026-10-03 20:06:36] dbg: [driver:1] OpenTT3D: retained river selector tile 64,66 feature 6 base 10064 offset 8->8 sprite 10072 absent false
[2026-10-03 20:06:36] dbg: [driver:1] OpenTT3D: retained river selector tile 64,66 feature 6 base 10064 offset 9->9 sprite 10073 absent false
[2026-10-03 20:06:36] dbg: [driver:1] OpenTT3D: retained river selector tile 65,66 feature 5 base 11269 offset 0->0 sprite 11269 absent false
[2026-10-03 20:06:36] dbg: [driver:1] OpenTT3D: retained river selector tile 65,66 feature 6 base 10064 offset 1->1 sprite 10065 absent false
[2026-10-03 20:06:36] dbg: [driver:1] OpenTT3D: retained river selector tile 65,66 feature 6 base 10064 offset 3->3 sprite 10067 absent false
[2026-10-03 20:06:36] dbg: [driver:1] OpenTT3D: retained river selector tile 66,66 feature 5 base 11269 offset 0->0 sprite 11269 absent false
[2026-10-03 20:06:36] dbg: [driver:1] OpenTT3D: retained river selector tile 66,66 feature 6 base 10064 offset 2->2 sprite 10066 absent false
[2026-10-03 20:06:36] dbg: [driver:1] OpenTT3D: retained river selector tile 66,66 feature 6 base 10064 offset 3->3 sprite 10067 absent false
[2026-10-03 20:06:36] dbg: [driver:1] OpenTT3D: retained river selector tile 66,66 feature 6 base 10064 offset 8->8 sprite 10072 absent false
[2026-10-03 20:06:36] dbg: [driver:1] OpenTT3D: retained river selector tile 66,66 feature 6 base 10064 offset 6->6 sprite 10070 absent false
[2026-10-03 20:06:36] dbg: [driver:1] OpenTT3D: retained river selector tile 73,66 feature 5 base 11269 offset 0->0 sprite 11269 absent false
[2026-10-03 20:06:36] dbg: [driver:1] OpenTT3D: retained river selector tile 73,66 feature 6 base 10064 offset 0->0 sprite 10064 absent false
[2026-10-03 20:06:36] dbg: [driver:1] OpenTT3D: retained river selector tile 73,66 feature 6 base 10064 offset 3->3 sprite 10067 absent false
[2026-10-03 20:06:36] dbg: [driver:1] OpenTT3D: retained river selector tile 73,66 feature 6 base 10064 offset 9->9 sprite 10073 absent false
[2026-10-03 20:06:36] dbg: [driver:1] OpenTT3D: retained river selector tile 73,66 feature 6 base 10064 offset 7->7 sprite 10071 absent false
[2026-10-03 20:06:36] dbg: [driver:1] OpenTT3D: retained river selector tile 74,66 feature 5 base 11269 offset 0->0 sprite 11269 absent false
[2026-10-03 20:06:36] dbg: [driver:1] OpenTT3D: retained river selector tile 74,66 feature 6 base 10064 offset 1->1 sprite 10065 absent false
[2026-10-03 20:06:36] dbg: [driver:1] OpenTT3D: retained river selector tile 74,66 feature 6 base 10064 offset 3->3 sprite 10067 absent false
[2026-10-03 20:06:36] dbg: [driver:1] OpenTT3D: retained river selector tile 75,66 feature 5 base 11269 offset 0->0 sprite 11269 absent false
[2026-10-03 20:06:36] dbg: [driver:1] OpenTT3D: retained river selector tile 75,66 feature 6 base 10064 offset 1->1 sprite 10065 absent false
[2026-10-03 20:06:36] dbg: [driver:1] OpenTT3D: retained river selector tile 75,66 feature 6 base 10064 offset 3->3 sprite 10067 absent false
[2026-10-03 20:06:36] dbg: [driver:1] OpenTT3D: retained river selector tile 76,66 feature 5 base 11269 offset 0->0 sprite 11269 absent false
[2026-10-03 20:06:36] dbg: [driver:1] OpenTT3D: retained river selector tile 76,66 feature 6 base 10064 offset 1->1 sprite 10065 absent false
[2026-10-03 20:06:36] dbg: [driver:1] OpenTT3D: retained river selector tile 76,66 feature 6 base 10064 offset 3->3 sprite 10067 absent false
[2026-10-03 20:06:36] dbg: [driver:1] OpenTT3D: retained river selector tile 77,66 feature 5 base 11269 offset 0->0 sprite 11269 absent false
[2026-10-03 20:06:36] dbg: [driver:1] OpenTT3D: retained river selector tile 77,66 feature 6 base 10064 offset 1->1 sprite 10065 absent false
[2026-10-03 20:06:36] dbg: [driver:1] OpenTT3D: retained river selector tile 77,66 feature 6 base 10064 offset 3->3 sprite 10067 absent false
[2026-10-03 20:06:36] dbg: [driver:1] OpenTT3D: retained river selector tile 78,66 feature 5 base 11269 offset 0->0 sprite 11269 absent false
[2026-10-03 20:06:36] dbg: [driver:1] OpenTT3D: retained river selector tile 78,66 feature 6 base 10064 offset 1->1 sprite 10065 absent false
[2026-10-03 20:06:36] dbg: [driver:1] OpenTT3D: retained river selector tile 78,66 feature 6 base 10064 offset 3->3 sprite 10067 absent false
[2026-10-03 20:06:36] dbg: [driver:1] OpenTT3D: retained river selector tile 79,66 feature 5 base 11269 offset 0->0 sprite 11269 absent false
[2026-10-03 20:06:36] dbg: [driver:1] OpenTT3D: retained river selector tile 79,66 feature 6 base 10064 offset 1->1 sprite 10065 absent false
[2026-10-03 20:06:36] dbg: [driver:1] OpenTT3D: retained river selector tile 79,66 feature 6 base 10064 offset 3->3 sprite 10067 absent false
[2026-10-03 20:06:36] dbg: [driver:1] OpenTT3D: retained river selector tile 80,66 feature 5 base 11269 offset 0->0 sprite 11269 absent false
[2026-10-03 20:06:36] dbg: [driver:1] OpenTT3D: retained river selector tile 80,66 feature 6 base 10064 offset 1->1 sprite 10065 absent false
[2026-10-03 20:06:36] dbg: [driver:1] OpenTT3D: retained river selector tile 80,66 feature 6 base 10064 offset 3->3 sprite 10067 absent false
[2026-10-03 20:06:36] dbg: [driver:1] OpenTT3D: retained river selector tile 64,67 feature 5 base 11269 offset 0->0 sprite 11269 absent false
[2026-10-03 20:06:36] dbg: [driver:1] OpenTT3D: retained river selector tile 64,67 feature 6 base 10064 offset 0->0 sprite 10064 absent false
[2026-10-03 20:06:36] dbg: [driver:1] OpenTT3D: retained river selector tile 64,67 feature 6 base 10064 offset 2->2 sprite 10066 absent false
[2026-10-03 20:06:36] dbg: [driver:1] OpenTT3D: retained river selector tile 66,67 feature 5 base 11269 offset 0->0 sprite 11269 absent false
[2026-10-03 20:06:36] dbg: [driver:1] OpenTT3D: retained river selector tile 66,67 feature 6 base 10064 offset 0->0 sprite 10064 absent false
[2026-10-03 20:06:36] dbg: [driver:1] OpenTT3D: retained river selector tile 66,67 feature 6 base 10064 offset 1->1 sprite 10065 absent false
[2026-10-03 20:06:36] dbg: [driver:1] OpenTT3D: retained river selector tile 66,67 feature 6 base 10064 offset 4->4 sprite 10068 absent false
[2026-10-03 20:06:36] dbg: [driver:1] OpenTT3D: retained river selector tile 66,67 feature 6 base 10064 offset 10->10 sprite 10074 absent false
[2026-10-03 20:06:36] dbg: [driver:1] OpenTT3D: retained river selector tile 67,67 feature 5 base 11269 offset 0->0 sprite 11269 absent false
[2026-10-03 20:06:36] dbg: [driver:1] OpenTT3D: retained river selector tile 67,67 feature 6 base 10064 offset 1->1 sprite 10065 absent false
[2026-10-03 20:06:36] dbg: [driver:1] OpenTT3D: retained river selector tile 67,67 feature 6 base 10064 offset 3->3 sprite 10067 absent false
[2026-10-03 20:06:36] dbg: [driver:1] OpenTT3D: retained river selector tile 68,67 feature 5 base 11269 offset 0->0 sprite 11269 absent false
[2026-10-03 20:06:36] dbg: [driver:1] OpenTT3D: retained river selector tile 68,67 feature 6 base 10064 offset 2->2 sprite 10066 absent false
[2026-10-03 20:06:36] dbg: [driver:1] OpenTT3D: retained river selector tile 68,67 feature 6 base 10064 offset 3->3 sprite 10067 absent false
[2026-10-03 20:06:36] dbg: [driver:1] OpenTT3D: retained river selector tile 68,67 feature 6 base 10064 offset 8->8 sprite 10072 absent false
[2026-10-03 20:06:36] dbg: [driver:1] OpenTT3D: retained river selector tile 68,67 feature 6 base 10064 offset 6->6 sprite 10070 absent false
[2026-10-03 20:06:36] dbg: [driver:1] OpenTT3D: retained river selector tile 72,67 feature 5 base 11269 offset 0->0 sprite 11269 absent false
[2026-10-03 20:06:36] dbg: [driver:1] OpenTT3D: retained river selector tile 72,67 feature 6 base 10064 offset 0->0 sprite 10064 absent false
[2026-10-03 20:06:36] dbg: [driver:1] OpenTT3D: retained river selector tile 72,67 feature 6 base 10064 offset 3->3 sprite 10067 absent false
[2026-10-03 20:06:36] dbg: [driver:1] OpenTT3D: retained river selector tile 72,67 feature 6 base 10064 offset 9->9 sprite 10073 absent false
[2026-10-03 20:06:36] dbg: [driver:1] OpenTT3D: retained river selector tile 72,67 feature 6 base 10064 offset 7->7 sprite 10071 absent false
[2026-10-03 20:06:36] dbg: [driver:1] OpenTT3D: retained river selector tile 73,67 feature 5 base 11269 offset 0->0 sprite 11269 absent false
[2026-10-03 20:06:36] dbg: [driver:1] OpenTT3D: retained river selector tile 73,67 feature 6 base 10064 offset 1->1 sprite 10065 absent false
[2026-10-03 20:06:36] dbg: [driver:1] OpenTT3D: retained river selector tile 73,67 feature 6 base 10064 offset 2->2 sprite 10066 absent false
[2026-10-03 20:06:36] dbg: [driver:1] OpenTT3D: retained river selector tile 73,67 feature 6 base 10064 offset 5->5 sprite 10069 absent false
[2026-10-03 20:06:36] dbg: [driver:1] OpenTT3D: retained river selector tile 73,67 feature 6 base 10064 offset 11->11 sprite 10075 absent false
[2026-10-03 20:06:36] dbg: [driver:1] OpenTT3D: live voxel house 16 construction stage 3 captured at 48,43
[2026-10-03 20:06:36] dbg: [driver:1] OpenTT3D: live voxel house 16 construction stage 3 variant 1 captured
[2026-10-03 20:06:36] dbg: [driver:1] OpenTT3D: live voxel house 14 construction stage 3 captured at 49,44
[2026-10-03 20:06:36] dbg: [driver:1] OpenTT3D: live voxel house 14 construction stage 3 variant 2 captured
[2026-10-03 20:06:36] dbg: [driver:1] OpenTT3D: live voxel house 24 construction stage 3 captured at 43,45
[2026-10-03 20:06:36] dbg: [driver:1] OpenTT3D: live voxel house 24 construction stage 3 variant 1 captured
[2026-10-03 20:06:36] dbg: [driver:1] OpenTT3D: live projected tree 1688 stage 5 captured at 53,38
[2026-10-03 20:06:36] dbg: [driver:1] OpenTT3D: live projected tree 1674 stage 3 captured at 53,39
[2026-10-03 20:06:36] dbg: [driver:1] OpenTT3D: live projected tree 1618 stage 2 captured at 52,40
[2026-10-03 20:06:36] dbg: [driver:1] OpenTT3D: live projected tree 1618 stage 5 captured at 52,43
[2026-10-03 20:06:36] dbg: [driver:1] OpenTT3D: retained river selector tile 81,66 feature 5 base 11269 offset 0->0 sprite 11269 absent false
[2026-10-03 20:06:36] dbg: [driver:1] OpenTT3D: retained river selector tile 81,66 feature 6 base 10064 offset 1->1 sprite 10065 absent false
[2026-10-03 20:06:36] dbg: [driver:1] OpenTT3D: retained river selector tile 81,66 feature 6 base 10064 offset 3->3 sprite 10067 absent false
[2026-10-03 20:06:36] dbg: [driver:1] OpenTT3D: retained river selector tile 82,66 feature 5 base 11269 offset 0->0 sprite 11269 absent false
[2026-10-03 20:06:36] dbg: [driver:1] OpenTT3D: retained river selector tile 82,66 feature 6 base 10064 offset 1->1 sprite 10065 absent false
[2026-10-03 20:06:36] dbg: [driver:1] OpenTT3D: retained river selector tile 82,66 feature 6 base 10064 offset 2->2 sprite 10066 absent false
[2026-10-03 20:06:36] dbg: [driver:1] OpenTT3D: retained river selector tile 82,66 feature 6 base 10064 offset 3->3 sprite 10067 absent false
[2026-10-03 20:06:36] dbg: [driver:1] OpenTT3D: retained river selector tile 82,66 feature 6 base 10064 offset 5->5 sprite 10069 absent false
[2026-10-03 20:06:36] dbg: [driver:1] OpenTT3D: retained river selector tile 82,66 feature 6 base 10064 offset 6->6 sprite 10070 absent false
[2026-10-03 20:06:36] dbg: [driver:1] OpenTT3D: retained river selector tile 64,68 feature 5 base 11269 offset 0->0 sprite 11269 absent false
[2026-10-03 20:06:36] dbg: [driver:1] OpenTT3D: retained river selector tile 64,68 feature 6 base 10064 offset 0->0 sprite 10064 absent false
[2026-10-03 20:06:36] dbg: [driver:1] OpenTT3D: retained river selector tile 64,68 feature 6 base 10064 offset 2->2 sprite 10066 absent false
[2026-10-03 20:06:36] dbg: [driver:1] OpenTT3D: retained river selector tile 68,68 feature 5 base 11269 offset 0->0 sprite 11269 absent false
[2026-10-03 20:06:36] dbg: [driver:1] OpenTT3D: retained river selector tile 68,68 feature 6 base 10064 offset 0->0 sprite 10064 absent false
[2026-10-03 20:06:36] dbg: [driver:1] OpenTT3D: retained river selector tile 68,68 feature 6 base 10064 offset 1->1 sprite 10065 absent false
[2026-10-03 20:06:36] dbg: [driver:1] OpenTT3D: retained river selector tile 68,68 feature 6 base 10064 offset 4->4 sprite 10068 absent false
[2026-10-03 20:06:36] dbg: [driver:1] OpenTT3D: retained river selector tile 68,68 feature 6 base 10064 offset 10->10 sprite 10074 absent false
[2026-10-03 20:06:36] dbg: [driver:1] OpenTT3D: retained river selector tile 69,68 feature 5 base 11269 offset 0->0 sprite 11269 absent false
[2026-10-03 20:06:36] dbg: [driver:1] OpenTT3D: retained river selector tile 69,68 feature 6 base 10064 offset 1->1 sprite 10065 absent false
[2026-10-03 20:06:36] dbg: [driver:1] OpenTT3D: retained river selector tile 69,68 feature 6 base 10064 offset 3->3 sprite 10067 absent false
[2026-10-03 20:06:36] dbg: [driver:1] OpenTT3D: retained river selector tile 70,68 feature 5 base 11269 offset 0->0 sprite 11269 absent false
[2026-10-03 20:06:36] dbg: [driver:1] OpenTT3D: retained river selector tile 70,68 feature 6 base 10064 offset 1->1 sprite 10065 absent false
[2026-10-03 20:06:36] dbg: [driver:1] OpenTT3D: retained river selector tile 70,68 feature 6 base 10064 offset 3->3 sprite 10067 absent false
[2026-10-03 20:06:36] dbg: [driver:1] OpenTT3D: retained river selector tile 71,68 feature 5 base 11269 offset 0->0 sprite 11269 absent false
[2026-10-03 20:06:36] dbg: [driver:1] OpenTT3D: retained river selector tile 71,68 feature 6 base 10064 offset 1->1 sprite 10065 absent false
[2026-10-03 20:06:36] dbg: [driver:1] OpenTT3D: retained river selector tile 71,68 feature 6 base 10064 offset 3->3 sprite 10067 absent false
[2026-10-03 20:06:36] dbg: [driver:1] OpenTT3D: retained river selector tile 72,68 feature 5 base 11269 offset 0->0 sprite 11269 absent false
[2026-10-03 20:06:36] dbg: [driver:1] OpenTT3D: retained river selector tile 72,68 feature 6 base 10064 offset 1->1 sprite 10065 absent false
[2026-10-03 20:06:36] dbg: [driver:1] OpenTT3D: retained river selector tile 72,68 feature 6 base 10064 offset 2->2 sprite 10066 absent false
[2026-10-03 20:06:36] dbg: [driver:1] OpenTT3D: retained river selector tile 72,68 feature 6 base 10064 offset 5->5 sprite 10069 absent false
[2026-10-03 20:06:36] dbg: [driver:1] OpenTT3D: retained river selector tile 72,68 feature 6 base 10064 offset 11->11 sprite 10075 absent false
[2026-10-03 20:06:36] dbg: [driver:1] OpenTT3D: retained live water source tile 64,7 role ground sprite 9957 at original height 8
[2026-10-03 20:06:36] dbg: [driver:1] OpenTT3D: retained live water source tile 64,8 role ground sprite 9958 at original height 8
[2026-10-03 20:06:36] dbg: [driver:1] OpenTT3D: retained live water source tile 64,9 role ground sprite 9957 at original height 16
[2026-10-03 20:06:36] dbg: [driver:1] OpenTT3D: live projected tree 1695 stage 3 captured at 51,33
[2026-10-03 20:06:36] dbg: [driver:1] OpenTT3D: live projected tree 1702 stage 3 captured at 51,33
[2026-10-03 20:06:36] dbg: [driver:1] OpenTT3D: live projected tree 1611 stage 6 captured at 51,34
[2026-10-03 20:06:36] dbg: [driver:1] OpenTT3D: 81 roof/wall pixels select their owning tile across four rotations, with independent vehicle picking
[2026-10-03 20:06:36] dbg: [driver:1] OpenTT3D: live projected tree 1611 stage 3 captured at 90,1
[2026-10-03 20:06:36] dbg: [driver:1] OpenTT3D: live projected tree 1625 stage 3 captured at 94,2
[2026-10-03 20:06:36] dbg: [driver:1] OpenTT3D: live projected tree 1632 stage 5 captured at 94,2
[2026-10-03 20:06:36] dbg: [driver:1] OpenTT3D: live projected tree 1653 stage 2 captured at 89,3
[2026-10-03 20:06:36] dbg: [driver:1] OpenTT3D: retained live water source tile 100,4 role ground sprite 9952 at original height 8
[2026-10-03 20:06:36] dbg: [driver:1] OpenTT3D: retained live water source tile 101,4 role ground sprite 9954 at original height 0
[2026-10-03 20:06:36] dbg: [driver:1] OpenTT3D: retained live water source tile 102,4 role ground sprite 9952 at original height 0
[2026-10-03 20:06:36] dbg: [driver:1] OpenTT3D: live projected tree 1576 stage 6 captured at 99,7
[2026-10-03 20:06:36] dbg: [driver:1] OpenTT3D: live projected tree 1590 stage 4 captured at 102,8
[2026-10-03 20:06:36] dbg: [driver:1] OpenTT3D: retained live water source tile 80,14 role ground sprite 9957 at original height 16
[2026-10-03 20:06:36] dbg: [driver:1] OpenTT3D: retained live water source tile 81,14 role ground sprite 9959 at original height 8
[2026-10-03 20:06:36] dbg: [driver:1] OpenTT3D: retained live water source tile 82,14 role ground sprite 9957 at original height 8
[2026-10-03 20:06:36] dbg: [driver:1] OpenTT3D: whole-world atlas relocation preserves 1228800 exact RGBA/picking pixels across repack, clear and forced row relocation
[2026-10-03 20:06:36] dbg: [driver:1] OpenTT3D: captured OpenGL presentation with 1 GPU viewport regions
