[2026-10-04 14:11:39] dbg: [driver:1] Successfully loaded blitter '32bpp-anim'
[2026-10-04 14:11:39] dbg: [driver:1] OpenTT3D: Cocoa process 12442
[2026-10-04 14:11:39] dbg: [driver:1] OpenGL driver: Apple - Apple M3 Pro (4.1 Metal - 90.5)
[2026-10-04 14:11:39] dbg: [driver:2] OpenGL shading language version: 4.10, texture units = 80
[2026-10-04 14:11:39] dbg: [driver:1] Successfully loaded video driver 'cocoa-opengl'
[2026-10-04 14:11:39] dbg: [driver:1] Successfully loaded sound driver 'null'
[2026-10-04 14:11:39] dbg: [driver:1] Successfully loaded music driver 'null'
[2026-10-04 14:11:39] dbg: [driver:1] OpenTT3D: background Cocoa window active=false, key=false, visible=false, policy=2
[2026-10-04 14:11:39] dbg: [driver:1] using thread for game-loop
[2026-10-04 14:11:39] dbg: [driver:1] Switching blitter from '32bpp-anim' to '40bpp-anim'... 
[2026-10-04 14:11:39] dbg: [driver:1] Successfully loaded blitter '40bpp-anim'
[2026-10-04 14:11:39] dbg: [driver:1] Successfully switched to 40bpp-anim.
[2026-10-04 14:11:39] dbg: [driver:2] OpenTT3D: pre-existing OpenGL error before mesh pass (1286)
[2026-10-04 14:11:39] dbg: [driver:1] OpenTT3D: depth-tested mesh renderer initialized
[2026-10-04 14:11:39] dbg: [driver:1] OpenTT3D: 72 perspective clipping views preserve ray-tested coverage, depth, colour and picking (21180 samples, 16104 visible)
[2026-10-04 14:11:39] dbg: [driver:1] OpenTT3D: benchmarking 3 presented frames after 30 warm-up frames
[2026-10-04 14:11:39] dbg: [driver:1] OpenTT3D: loaded 62 profiles from opentt3d-trees.json
[2026-10-04 14:11:51] dbg: [driver:1] OpenTT3D: loaded 1915 authored voxel models, 17785862 occupied cells, 12516896 exposed cell faces merged to 2723798 conforming rectangles / 21053432 triangles
[2026-10-04 14:11:51] dbg: [driver:1] OpenTT3D: retained lossless voxel sources use 37617680 bytes instead of 1794874548 dense cell bytes, with one shared palette
[2026-10-04 14:11:51] dbg: [driver:1] OpenTT3D: CPU voxel surfaces retain 1068767120 bytes under a scene-pinned soft budget, including 195155120 exact restoration bytes
[2026-10-04 14:11:52] dbg: [driver:2] OpenTT3D: source texture 4707 mip family request 3 decode 0.565 ms, preparation 0.624 ms
[2026-10-04 14:11:52] dbg: [driver:1] OpenTT3D: live projected tree 2003 stage 3 captured at 38,48
[2026-10-04 14:11:52] dbg: [driver:1] OpenTT3D: live projected tree 2003 stage 4 captured at 38,48
[2026-10-04 14:11:52] dbg: [driver:1] OpenTT3D: live projected tree 1982 stage 3 captured at 33,49
[2026-10-04 14:11:52] dbg: [driver:1] OpenTT3D: live projected tree 1982 stage 6 captured at 33,49
[2026-10-04 14:11:52] dbg: [driver:1] OpenTT3D: live projected tree 1968 stage 3 captured at 34,49
[2026-10-04 14:11:52] dbg: [driver:1] OpenTT3D: live projected tree 1968 stage 4 captured at 37,49
[2026-10-04 14:11:52] dbg: [driver:1] OpenTT3D: live projected tree 1968 stage 1 captured at 41,49
[2026-10-04 14:11:52] dbg: [driver:1] OpenTT3D: live projected tree 2003 stage 2 captured at 59,49
[2026-10-04 14:11:52] dbg: [driver:1] OpenTT3D: live projected tree 1961 stage 6 captured at 60,49
[2026-10-04 14:11:52] dbg: [driver:1] OpenTT3D: live projected tree 1968 stage 2 captured at 33,50
[2026-10-04 14:11:52] dbg: [driver:1] OpenTT3D: live projected tree 1968 stage 5 captured at 37,50
[2026-10-04 14:11:52] dbg: [driver:1] OpenTT3D: live projected tree 1947 stage 3 captured at 58,50
[2026-10-04 14:11:52] dbg: [driver:1] OpenTT3D: live projected tree 1982 stage 4 captured at 34,51
[2026-10-04 14:11:52] dbg: [driver:1] OpenTT3D: live projected tree 1989 stage 3 captured at 44,51
[2026-10-04 14:11:52] dbg: [driver:1] OpenTT3D: live projected tree 2003 stage 5 captured at 60,51
[2026-10-04 14:11:52] dbg: [driver:1] OpenTT3D: live projected tree 2003 stage 6 captured at 30,52
[2026-10-04 14:11:52] dbg: [driver:1] OpenTT3D: live projected tree 1982 stage 1 captured at 37,52
[2026-10-04 14:11:52] dbg: [driver:1] OpenTT3D: live projected tree 1996 stage 3 captured at 38,52
[2026-10-04 14:11:52] dbg: [driver:1] OpenTT3D: live projected tree 1968 stage 0 captured at 39,52
[2026-10-04 14:11:52] dbg: [driver:1] OpenTT3D: live projected tree 1982 stage 2 captured at 40,52
[2026-10-04 14:11:52] dbg: [driver:1] OpenTT3D: live projected tree 1954 stage 1 captured at 57,52
[2026-10-04 14:11:52] dbg: [driver:1] OpenTT3D: live projected tree 1954 stage 3 captured at 57,52
[2026-10-04 14:11:52] dbg: [driver:1] OpenTT3D: live projected tree 1947 stage 2 captured at 30,53
[2026-10-04 14:11:52] dbg: [driver:1] OpenTT3D: live projected tree 1996 stage 1 captured at 37,53
[2026-10-04 14:11:52] dbg: [driver:1] OpenTT3D: live projected tree 1996 stage 5 captured at 39,53
[2026-10-04 14:11:52] dbg: [driver:1] OpenTT3D: live projected tree 1968 stage 6 captured at 43,53
[2026-10-04 14:11:52] dbg: [driver:1] OpenTT3D: live projected tree 1961 stage 3 captured at 52,53
[2026-10-04 14:11:52] dbg: [driver:1] OpenTT3D: live projected tree 1975 stage 4 captured at 61,53
[2026-10-04 14:11:52] dbg: [driver:1] OpenTT3D: live projected tree 1975 stage 3 captured at 61,53
[2026-10-04 14:11:52] dbg: [driver:1] OpenTT3D: live projected tree 1996 stage 0 captured at 36,54
[2026-10-04 14:11:52] dbg: [driver:1] OpenTT3D: live projected tree 1947 stage 5 captured at 49,54
[2026-10-04 14:11:52] dbg: [driver:1] OpenTT3D: live projected tree 1975 stage 2 captured at 52,54
[2026-10-04 14:11:52] dbg: [driver:1] OpenTT3D: live projected tree 1975 stage 1 captured at 53,54
[2026-10-04 14:11:52] dbg: [driver:1] OpenTT3D: live projected tree 1954 stage 4 captured at 60,54
[2026-10-04 14:11:52] dbg: [driver:1] OpenTT3D: live projected tree 1954 stage 2 captured at 61,54
[2026-10-04 14:11:52] dbg: [driver:1] OpenTT3D: live projected tree 1989 stage 5 captured at 39,55
[2026-10-04 14:11:52] dbg: [driver:1] OpenTT3D: live projected tree 1996 stage 4 captured at 40,55
[2026-10-04 14:11:52] dbg: [driver:1] OpenTT3D: live projected tree 1947 stage 6 captured at 49,55
[2026-10-04 14:11:52] dbg: [driver:1] OpenTT3D: live projected tree 1954 stage 5 captured at 60,55
[2026-10-04 14:11:52] dbg: [driver:1] OpenTT3D: live projected tree 1996 stage 2 captured at 46,56
[2026-10-04 14:11:52] dbg: [driver:1] OpenTT3D: live projected tree 1947 stage 4 captured at 49,56
[2026-10-04 14:11:52] dbg: [driver:1] OpenTT3D: live projected tree 1947 stage 0 captured at 56,56
[2026-10-04 14:11:52] dbg: [driver:1] OpenTT3D: live projected tree 1975 stage 5 captured at 59,56
[2026-10-04 14:11:52] dbg: [driver:1] OpenTT3D: live projected tree 1982 stage 5 captured at 43,57
[2026-10-04 14:11:52] dbg: [driver:1] OpenTT3D: live projected tree 1975 stage 0 captured at 54,57
[2026-10-04 14:11:52] dbg: [driver:1] OpenTT3D: live projected tree 1947 stage 1 captured at 60,57
[2026-10-04 14:11:52] dbg: [driver:1] OpenTT3D: live projected tree 1961 stage 4 captured at 63,57
[2026-10-04 14:11:52] dbg: [driver:1] OpenTT3D: live projected tree 1961 stage 2 captured at 49,59
[2026-10-04 14:11:52] dbg: [driver:1] OpenTT3D: live projected tree 1989 stage 6 captured at 50,59
[2026-10-04 14:11:52] dbg: [driver:1] OpenTT3D: live projected tree 1996 stage 6 captured at 51,59
[2026-10-04 14:11:52] dbg: [driver:1] OpenTT3D: live projected tree 1961 stage 1 captured at 52,60
[2026-10-04 14:11:52] dbg: [driver:1] OpenTT3D: live projected tree 1975 stage 6 captured at 55,60
[2026-10-04 14:11:52] dbg: [driver:1] OpenTT3D: live projected tree 1954 stage 6 captured at 64,61
[2026-10-04 14:11:52] dbg: [driver:1] OpenTT3D: live projected tree 1989 stage 0 captured at 57,62
[2026-10-04 14:11:52] dbg: [driver:1] OpenTT3D: live projected tree 1961 stage 0 captured at 61,62
[2026-10-04 14:11:52] dbg: [driver:1] OpenTT3D: live projected tree 1954 stage 0 captured at 63,62
[2026-10-04 14:11:52] dbg: [driver:1] OpenTT3D: 70 ground-detail tiles rendered with raised crops, hay, rocks or turf
[2026-10-04 14:11:52] dbg: [driver:1] OpenTT3D: 19 unmodelled reference sprites in this view (release coverage is incomplete)
[2026-10-04 14:11:53] dbg: [driver:1] OpenTT3D: benchmark 59.38 fps, p95 work 3.02ms; /Users/stanislav/Projects/opentt3d/build-macos/playable-release43-independent-package-opengl/benchmark.json
[2026-10-04 14:11:53] dbg: [driver:1] OpenTT3D: captured OpenGL presentation with 2 GPU viewport regions
