[  0%] Built target script_window
[  1%] Built target renderer3d_asset_files
[  3%] Built target baseset_files
[  3%] Built target renderer3d_models
[  5%] Built target strgen
[  5%] Built target settingsgen
[  5%] Built target renderer3d_shaders
[ 13%] Built target script_game
[ 21%] Built target script_ai
[ 22%] Built target ai_compat_files
[ 25%] Built target gs_compat_files
[ 33%] Built target script_template
[ 40%] Built target language_files
[ 41%] Built target table_strings
[ 41%] Built target table_settings
[ 41%] Built target script_ai_includes
[ 41%] Built target script_game_includes
-- Version string: 20261004-main-m3b1bcea43f
-- Generating rev.cpp
-- Generating CPackProperties.cmake
-- Generating Doxyfile
-- Generating Doxyfile_AI
-- Generating Doxyfile_GS
[ 41%] Built target find_version
[ 41%] Building CXX object CMakeFiles/openttd_lib.dir/src/renderer3d/world_capture.cpp.o
[ 42%] Building CXX object CMakeFiles/openttd_lib.dir/src/renderer3d/voxel_models.cpp.o
/Users/stanislav/Projects/opentt3d/src/renderer3d/world_capture.cpp:756:30: warning: comparison of integers of different signs: 'int' and 'unsigned int' [-Wsign-compare]
  756 |                 if (std::popcount(emitted) < (check.ground ? 2 : check.colour_count)) return;
      |                     ~~~~~~~~~~~~~~~~~~~~~~ ^  ~~~~~~~~~~~~~~~~~~~~~~~~~~~~~~~~~~~~~
1 warning generated.
[100%] Built target openttd_lib
[100%] Linking CXX executable opentt3d
[100%] Built target openttd
[  0%] Built target script_window
[  0%] Built target renderer3d_models
[  0%] Built target renderer3d_shaders
[  2%] Built target strgen
[  2%] Built target settingsgen
[ 10%] Built target script_ai
[ 19%] Built target script_game
[ 29%] Built target language_files
[ 35%] Built target script_template
[ 35%] Built target script_ai_includes
[ 35%] Built target table_settings
[ 36%] Built target table_strings
[ 36%] Built target script_game_includes
-- Version string: 20261004-main-m3b1bcea43f
-- Generating rev.cpp
-- Generating CPackProperties.cmake
-- Generating Doxyfile
-- Generating Doxyfile_AI
-- Generating Doxyfile_GS
[ 36%] Built target find_version
[ 96%] Built target openttd_lib
[ 96%] Building CXX object CMakeFiles/openttd_test.dir/src/renderer3d/renderer3d_voxels.cpp.o
[ 96%] Linking CXX executable openttd_test
[100%] Built target openttd_test
