[2026-10-03 16:52:42] dbg: [net:3] Starting dedicated server, version 20261003-main-mff74b6eaa7
[2026-10-03 16:52:42] dbg: [net:3] Starting network
[2026-10-03 16:52:42] dbg: [net:3] Initializing UDP listeners
[2026-10-03 16:52:42] dbg: [net:3] Network online, multiplayer available
[2026-10-03 16:52:42] dbg: [net:3] Detected broadcast addresses:
[2026-10-03 16:52:42] dbg: [net:3]   0) 192.168.1.255
[2026-10-03 16:52:42] dbg: [net:3] Using certificate file: /etc/ssl/cert.pem
[2026-10-03 16:52:42] dbg: [net:3] Using certificate path: none
OpenTTD Game Console Revision 7 - 20261003-main-mff74b6eaa7
------------------------------------
use "help" for more information.

[2026-10-03 16:52:42] dbg: [net:1] No "client_name" has been set, using "Unnamed Client" instead. Please set this now using the "name <new name>" command
[2026-10-03 16:52:42] dbg: [net:1] No "server_name" has been set, using "Unnamed Server" instead. Please set this now using the "server_name <new name>" command
[2026-10-03 16:52:42] dbg: [net:3] Initializing UDP listeners
[2026-10-03 16:52:42] dbg: [net:3] Initializing UDP listeners
[2026-10-03 16:52:42] dbg: [net:3] Listening on 127.0.0.1:57635 (IPv4)
[2026-10-03 16:52:42] dbg: [net:3] Listening on 127.0.0.1:57635 (IPv4)
[2026-10-03 16:52:42] dbg: [net:3] Network revision name: 20261003-main-mff74b6eaa7
[2026-10-03 16:52:42] dbg: [net:3] [crypto] Creating a new random key
[2026-10-03 16:52:42] dbg: [net:3] Generating map, please wait...
[2026-10-03 16:52:42] dbg: [net:3] Map generation percentage complete: 5
[2026-10-03 16:52:42] dbg: [net:3] Map generation percentage complete: 11
[2026-10-03 16:52:42] dbg: [net:3] Map generation percentage complete: 15
[2026-10-03 16:52:42] dbg: [net:3] Map generation percentage complete: 20
[2026-10-03 16:52:42] dbg: [net:3] Map generation percentage complete: 60
[2026-10-03 16:52:42] dbg: [net:3] Map generation percentage complete: 65
[2026-10-03 16:52:42] dbg: [net:3] Map generation percentage complete: 70
[2026-10-03 16:52:42] dbg: [net:3] Map generation percentage complete: 75
[2026-10-03 16:52:42] dbg: [net:3] Map generation percentage complete: 80
[2026-10-03 16:52:42] dbg: [net:3] Map generation percentage complete: 85
[2026-10-03 16:52:42] dbg: [net:3] Map generation percentage complete: 90
[2026-10-03 16:52:42] dbg: [net:3] Map generation percentage complete: 99
[2026-10-03 16:52:42] dbg: [net:3] Map generated, starting game
Game is already unpaused.
[2026-10-03 16:52:43] dbg: [script:4] [0] [I] RIVER_SURVEY_TILE {"tile":2007,"x":87,"y":15,"slope":6,"min_height_levels":0}
[2026-10-03 16:52:43] dbg: [script:4] [0] [I] RIVER_SURVEY_TILE {"tile":2008,"x":88,"y":15,"slope":6,"min_height_levels":0}
[2026-10-03 16:52:43] dbg: [script:4] [0] [I] RIVER_SURVEY_TILE {"tile":2009,"x":89,"y":15,"slope":6,"min_height_levels":0}
[2026-10-03 16:52:43] dbg: [script:4] [0] [I] RIVER_SURVEY_TILE {"tile":2135,"x":87,"y":16,"slope":0,"min_height_levels":1}
[2026-10-03 16:52:43] dbg: [script:4] [0] [I] RIVER_SURVEY_TILE {"tile":2136,"x":88,"y":16,"slope":0,"min_height_levels":1}
[2026-10-03 16:52:43] dbg: [script:4] [0] [I] RIVER_SURVEY_TILE {"tile":2137,"x":89,"y":16,"slope":0,"min_height_levels":1}
[2026-10-03 16:52:43] dbg: [script:4] [0] [I] RIVER_SURVEY_TILE {"tile":2263,"x":87,"y":17,"slope":0,"min_height_levels":1}
[2026-10-03 16:52:43] dbg: [script:4] [0] [I] RIVER_SURVEY_TILE {"tile":2264,"x":88,"y":17,"slope":0,"min_height_levels":1}
[2026-10-03 16:52:43] dbg: [script:4] [0] [I] RIVER_SURVEY_TILE {"tile":2265,"x":89,"y":17,"slope":0,"min_height_levels":1}
[2026-10-03 16:52:43] dbg: [script:4] [0] [I] RIVER_SURVEY_TILE {"tile":2390,"x":86,"y":18,"slope":0,"min_height_levels":1}
[2026-10-03 16:52:43] dbg: [script:4] [0] [I] RIVER_SURVEY_TILE {"tile":2391,"x":87,"y":18,"slope":0,"min_height_levels":1}
[2026-10-03 16:52:43] dbg: [script:4] [0] [I] RIVER_SURVEY_TILE {"tile":2392,"x":88,"y":18,"slope":0,"min_height_levels":1}
[2026-10-03 16:52:43] dbg: [script:4] [0] [I] RIVER_SURVEY_TILE {"tile":2393,"x":89,"y":18,"slope":0,"min_height_levels":1}
[2026-10-03 16:52:43] dbg: [script:4] [0] [I] RIVER_SURVEY_TILE {"tile":2518,"x":86,"y":19,"slope":0,"min_height_levels":1}
[2026-10-03 16:52:43] dbg: [script:4] [0] [I] RIVER_SURVEY_TILE {"tile":2519,"x":87,"y":19,"slope":0,"min_height_levels":1}
[2026-10-03 16:52:43] dbg: [script:4] [0] [I] RIVER_SURVEY_TILE {"tile":2520,"x":88,"y":19,"slope":0,"min_height_levels":1}
[2026-10-03 16:52:43] dbg: [script:4] [0] [I] RIVER_SURVEY_TILE {"tile":2521,"x":89,"y":19,"slope":0,"min_height_levels":1}
[2026-10-03 16:52:43] dbg: [script:4] [0] [I] RIVER_SURVEY_TILE {"tile":2646,"x":86,"y":20,"slope":0,"min_height_levels":1}
[2026-10-03 16:52:43] dbg: [script:4] [0] [I] RIVER_SURVEY_TILE {"tile":2647,"x":87,"y":20,"slope":0,"min_height_levels":1}
[2026-10-03 16:52:43] dbg: [script:4] [0] [I] RIVER_SURVEY_TILE {"tile":2648,"x":88,"y":20,"slope":0,"min_height_levels":1}
[2026-10-03 16:52:43] dbg: [script:4] [0] [I] RIVER_SURVEY_TILE {"tile":2649,"x":89,"y":20,"slope":0,"min_height_levels":1}
[2026-10-03 16:52:43] dbg: [script:4] [0] [I] RIVER_SURVEY_TILE {"tile":2774,"x":86,"y":21,"slope":0,"min_height_levels":1}
[2026-10-03 16:52:43] dbg: [script:4] [0] [I] RIVER_SURVEY_TILE {"tile":2775,"x":87,"y":21,"slope":0,"min_height_levels":1}
[2026-10-03 16:52:43] dbg: [script:4] [0] [I] RIVER_SURVEY_TILE {"tile":2776,"x":88,"y":21,"slope":0,"min_height_levels":1}
[2026-10-03 16:52:43] dbg: [script:4] [0] [I] RIVER_SURVEY_TILE {"tile":2902,"x":86,"y":22,"slope":0,"min_height_levels":1}
[2026-10-03 16:52:43] dbg: [script:4] [0] [I] RIVER_SURVEY_TILE {"tile":2903,"x":87,"y":22,"slope":0,"min_height_levels":1}
[2026-10-03 16:52:43] dbg: [script:4] [0] [I] RIVER_SURVEY_TILE {"tile":2904,"x":88,"y":22,"slope":0,"min_height_levels":1}
[2026-10-03 16:52:43] dbg: [script:4] [0] [I] RIVER_SURVEY_TILE {"tile":3030,"x":86,"y":23,"slope":0,"min_height_levels":1}
[2026-10-03 16:52:43] dbg: [script:4] [0] [I] RIVER_SURVEY_TILE {"tile":3031,"x":87,"y":23,"slope":0,"min_height_levels":1}
[2026-10-03 16:52:43] dbg: [script:4] [0] [I] RIVER_SURVEY_TILE {"tile":3032,"x":88,"y":23,"slope":0,"min_height_levels":1}
[2026-10-03 16:52:43] dbg: [script:4] [0] [I] RIVER_SURVEY_TILE {"tile":3033,"x":89,"y":23,"slope":0,"min_height_levels":1}
[2026-10-03 16:52:43] dbg: [script:4] [0] [I] RIVER_SURVEY_TILE {"tile":3158,"x":86,"y":24,"slope":0,"min_height_levels":1}
[2026-10-03 16:52:43] dbg: [script:4] [0] [I] RIVER_SURVEY_TILE {"tile":3159,"x":87,"y":24,"slope":0,"min_height_levels":1}
[2026-10-03 16:52:43] dbg: [script:4] [0] [I] RIVER_SURVEY_TILE {"tile":3160,"x":88,"y":24,"slope":0,"min_height_levels":1}
[2026-10-03 16:52:43] dbg: [script:4] [0] [I] RIVER_SURVEY_TILE {"tile":3161,"x":89,"y":24,"slope":0,"min_height_levels":1}
[2026-10-03 16:52:43] dbg: [script:4] [0] [I] RIVER_SURVEY_TILE {"tile":3162,"x":90,"y":24,"slope":0,"min_height_levels":1}
[2026-10-03 16:52:43] dbg: [script:4] [0] [I] RIVER_SURVEY_TILE {"tile":3254,"x":54,"y":25,"slope":0,"min_height_levels":2}
[2026-10-03 16:52:43] dbg: [script:4] [0] [I] RIVER_SURVEY_TILE {"tile":3286,"x":86,"y":25,"slope":0,"min_height_levels":1}
[2026-10-03 16:52:43] dbg: [script:4] [0] [I] RIVER_SURVEY_TILE {"tile":3287,"x":87,"y":25,"slope":0,"min_height_levels":1}
[2026-10-03 16:52:43] dbg: [script:4] [0] [I] RIVER_SURVEY_TILE {"tile":3288,"x":88,"y":25,"slope":0,"min_height_levels":1}
[2026-10-03 16:52:43] dbg: [script:4] [0] [I] RIVER_SURVEY_TILE {"tile":3289,"x":89,"y":25,"slope":0,"min_height_levels":1}
[2026-10-03 16:52:43] dbg: [script:4] [0] [I] RIVER_SURVEY_TILE {"tile":3290,"x":90,"y":25,"slope":0,"min_height_levels":1}
[2026-10-03 16:52:43] dbg: [script:4] [0] [I] RIVER_SURVEY_TILE {"tile":3382,"x":54,"y":26,"slope":0,"min_height_levels":2}
[2026-10-03 16:52:43] dbg: [script:4] [0] [I] RIVER_SURVEY_TILE {"tile":3415,"x":87,"y":26,"slope":0,"min_height_levels":1}
[2026-10-03 16:52:43] dbg: [script:4] [0] [I] RIVER_SURVEY_TILE {"tile":3416,"x":88,"y":26,"slope":0,"min_height_levels":1}
[2026-10-03 16:52:43] dbg: [script:4] [0] [I] RIVER_SURVEY_TILE {"tile":3417,"x":89,"y":26,"slope":0,"min_height_levels":1}
[2026-10-03 16:52:43] dbg: [script:4] [0] [I] RIVER_SURVEY_TILE {"tile":3418,"x":90,"y":26,"slope":0,"min_height_levels":1}
[2026-10-03 16:52:43] dbg: [script:4] [0] [I] RIVER_SURVEY_TILE {"tile":3510,"x":54,"y":27,"slope":9,"min_height_levels":1}
[2026-10-03 16:52:43] dbg: [script:4] [0] [I] RIVER_SURVEY_TILE {"tile":3544,"x":88,"y":27,"slope":0,"min_height_levels":1}
[2026-10-03 16:52:43] dbg: [script:4] [0] [I] RIVER_SURVEY_TILE {"tile":3545,"x":89,"y":27,"slope":0,"min_height_levels":1}
[2026-10-03 16:52:43] dbg: [script:4] [0] [I] RIVER_SURVEY_TILE {"tile":3546,"x":90,"y":27,"slope":0,"min_height_levels":1}
[2026-10-03 16:52:43] dbg: [script:4] [0] [I] RIVER_SURVEY_TILE {"tile":3637,"x":53,"y":28,"slope":0,"min_height_levels":1}
[2026-10-03 16:52:43] dbg: [script:4] [0] [I] RIVER_SURVEY_TILE {"tile":3638,"x":54,"y":28,"slope":0,"min_height_levels":1}
[2026-10-03 16:52:43] dbg: [script:4] [0] [I] RIVER_SURVEY_TILE {"tile":3671,"x":87,"y":28,"slope":0,"min_height_levels":1}
[2026-10-03 16:52:43] dbg: [script:4] [0] [I] RIVER_SURVEY_TILE {"tile":3672,"x":88,"y":28,"slope":0,"min_height_levels":1}
[2026-10-03 16:52:43] dbg: [script:4] [0] [I] RIVER_SURVEY_TILE {"tile":3673,"x":89,"y":28,"slope":0,"min_height_levels":1}
[2026-10-03 16:52:43] dbg: [script:4] [0] [I] RIVER_SURVEY_TILE {"tile":3674,"x":90,"y":28,"slope":0,"min_height_levels":1}
[2026-10-03 16:52:43] dbg: [script:4] [0] [I] RIVER_SURVEY_TILE {"tile":3764,"x":52,"y":29,"slope":0,"min_height_levels":1}
[2026-10-03 16:52:43] dbg: [script:4] [0] [I] RIVER_SURVEY_TILE {"tile":3765,"x":53,"y":29,"slope":0,"min_height_levels":1}
[2026-10-03 16:52:43] dbg: [script:4] [0] [I] RIVER_SURVEY_TILE {"tile":3799,"x":87,"y":29,"slope":0,"min_height_levels":1}
[2026-10-03 16:52:43] dbg: [script:4] [0] [I] RIVER_SURVEY_TILE {"tile":3800,"x":88,"y":29,"slope":0,"min_height_levels":1}
[2026-10-03 16:52:43] dbg: [script:4] [0] [I] RIVER_SURVEY_TILE {"tile":3801,"x":89,"y":29,"slope":0,"min_height_levels":1}
[2026-10-03 16:52:43] dbg: [script:4] [0] [I] RIVER_SURVEY_TILE {"tile":3802,"x":90,"y":29,"slope":0,"min_height_levels":1}
[2026-10-03 16:52:43] dbg: [script:4] [0] [I] RIVER_SURVEY_TILE {"tile":3892,"x":52,"y":30,"slope":0,"min_height_levels":1}
[2026-10-03 16:52:43] dbg: [script:4] [0] [I] RIVER_SURVEY_TILE {"tile":3927,"x":87,"y":30,"slope":0,"min_height_levels":1}
[2026-10-03 16:52:43] dbg: [script:4] [0] [I] RIVER_SURVEY_TILE {"tile":3928,"x":88,"y":30,"slope":0,"min_height_levels":1}
[2026-10-03 16:52:43] dbg: [script:4] [0] [I] RIVER_SURVEY_TILE {"tile":3929,"x":89,"y":30,"slope":0,"min_height_levels":1}
[2026-10-03 16:52:43] dbg: [script:4] [0] [I] RIVER_SURVEY_TILE {"tile":3930,"x":90,"y":30,"slope":0,"min_height_levels":1}
[2026-10-03 16:52:43] dbg: [script:4] [0] [I] RIVER_SURVEY_TILE {"tile":4020,"x":52,"y":31,"slope":0,"min_height_levels":1}
[2026-10-03 16:52:43] dbg: [script:4] [0] [I] RIVER_SURVEY_TILE {"tile":4055,"x":87,"y":31,"slope":0,"min_height_levels":1}
[2026-10-03 16:52:43] dbg: [script:4] [0] [I] RIVER_SURVEY_TILE {"tile":4056,"x":88,"y":31,"slope":0,"min_height_levels":1}
[2026-10-03 16:52:43] dbg: [script:4] [0] [I] RIVER_SURVEY_TILE {"tile":4057,"x":89,"y":31,"slope":0,"min_height_levels":1}
[2026-10-03 16:52:43] dbg: [script:4] [0] [I] RIVER_SURVEY_TILE {"tile":4148,"x":52,"y":32,"slope":0,"min_height_levels":1}
[2026-10-03 16:52:43] dbg: [script:4] [0] [I] RIVER_SURVEY_TILE {"tile":4183,"x":87,"y":32,"slope":0,"min_height_levels":1}
[2026-10-03 16:52:43] dbg: [script:4] [0] [I] RIVER_SURVEY_TILE {"tile":4184,"x":88,"y":32,"slope":0,"min_height_levels":1}
[2026-10-03 16:52:43] dbg: [script:4] [0] [I] RIVER_SURVEY_TILE {"tile":4185,"x":89,"y":32,"slope":0,"min_height_levels":1}
[2026-10-03 16:52:43] dbg: [script:4] [0] [I] RIVER_SURVEY_TILE {"tile":4276,"x":52,"y":33,"slope":0,"min_height_levels":1}
[2026-10-03 16:52:43] dbg: [script:4] [0] [I] RIVER_SURVEY_TILE {"tile":4311,"x":87,"y":33,"slope":0,"min_height_levels":1}
[2026-10-03 16:52:43] dbg: [script:4] [0] [I] RIVER_SURVEY_TILE {"tile":4312,"x":88,"y":33,"slope":0,"min_height_levels":1}
[2026-10-03 16:52:43] dbg: [script:4] [0] [I] RIVER_SURVEY_TILE {"tile":4313,"x":89,"y":33,"slope":0,"min_height_levels":1}
[2026-10-03 16:52:43] dbg: [script:4] [0] [I] RIVER_SURVEY_TILE {"tile":4404,"x":52,"y":34,"slope":0,"min_height_levels":1}
[2026-10-03 16:52:43] dbg: [script:4] [0] [I] RIVER_SURVEY_TILE {"tile":4439,"x":87,"y":34,"slope":0,"min_height_levels":1}
[2026-10-03 16:52:43] dbg: [script:4] [0] [I] RIVER_SURVEY_TILE {"tile":4440,"x":88,"y":34,"slope":0,"min_height_levels":1}
[2026-10-03 16:52:43] dbg: [script:4] [0] [I] RIVER_SURVEY_TILE {"tile":4441,"x":89,"y":34,"slope":0,"min_height_levels":1}
[2026-10-03 16:52:43] dbg: [script:4] [0] [I] RIVER_SURVEY_TILE {"tile":4529,"x":49,"y":35,"slope":0,"min_height_levels":1}
[2026-10-03 16:52:43] dbg: [script:4] [0] [I] RIVER_SURVEY_TILE {"tile":4530,"x":50,"y":35,"slope":0,"min_height_levels":1}
[2026-10-03 16:52:43] dbg: [script:4] [0] [I] RIVER_SURVEY_TILE {"tile":4531,"x":51,"y":35,"slope":0,"min_height_levels":1}
[2026-10-03 16:52:43] dbg: [script:4] [0] [I] RIVER_SURVEY_TILE {"tile":4532,"x":52,"y":35,"slope":0,"min_height_levels":1}
[2026-10-03 16:52:43] dbg: [script:4] [0] [I] RIVER_SURVEY_TILE {"tile":4567,"x":87,"y":35,"slope":0,"min_height_levels":1}
[2026-10-03 16:52:43] dbg: [script:4] [0] [I] RIVER_SURVEY_TILE {"tile":4568,"x":88,"y":35,"slope":0,"min_height_levels":1}
[2026-10-03 16:52:43] dbg: [script:4] [0] [I] RIVER_SURVEY_TILE {"tile":4569,"x":89,"y":35,"slope":0,"min_height_levels":1}
[2026-10-03 16:52:43] dbg: [script:4] [0] [I] RIVER_SURVEY_TILE {"tile":4657,"x":49,"y":36,"slope":0,"min_height_levels":1}
[2026-10-03 16:52:43] dbg: [script:4] [0] [I] RIVER_SURVEY_TILE {"tile":4695,"x":87,"y":36,"slope":0,"min_height_levels":1}
[2026-10-03 16:52:43] dbg: [script:4] [0] [I] RIVER_SURVEY_TILE {"tile":4696,"x":88,"y":36,"slope":0,"min_height_levels":1}
[2026-10-03 16:52:43] dbg: [script:4] [0] [I] RIVER_SURVEY_TILE {"tile":4697,"x":89,"y":36,"slope":0,"min_height_levels":1}
[2026-10-03 16:52:43] dbg: [script:4] [0] [I] RIVER_SURVEY_TILE {"tile":4783,"x":47,"y":37,"slope":0,"min_height_levels":1}
[2026-10-03 16:52:43] dbg: [script:4] [0] [I] RIVER_SURVEY_TILE {"tile":4784,"x":48,"y":37,"slope":0,"min_height_levels":1}
[2026-10-03 16:52:43] dbg: [script:4] [0] [I] RIVER_SURVEY_TILE {"tile":4785,"x":49,"y":37,"slope":0,"min_height_levels":1}
[2026-10-03 16:52:43] dbg: [script:4] [0] [I] RIVER_SURVEY_TILE {"tile":4823,"x":87,"y":37,"slope":0,"min_height_levels":1}
[2026-10-03 16:52:43] dbg: [script:4] [0] [I] RIVER_SURVEY_TILE {"tile":4824,"x":88,"y":37,"slope":0,"min_height_levels":1}
[2026-10-03 16:52:43] dbg: [script:4] [0] [I] RIVER_SURVEY_TILE {"tile":4825,"x":89,"y":37,"slope":0,"min_height_levels":1}
[2026-10-03 16:52:43] dbg: [script:4] [0] [I] RIVER_SURVEY_TILE {"tile":4911,"x":47,"y":38,"slope":0,"min_height_levels":1}
[2026-10-03 16:52:43] dbg: [script:4] [0] [I] RIVER_SURVEY_TILE {"tile":4951,"x":87,"y":38,"slope":0,"min_height_levels":1}
[2026-10-03 16:52:43] dbg: [script:4] [0] [I] RIVER_SURVEY_TILE {"tile":4952,"x":88,"y":38,"slope":0,"min_height_levels":1}
[2026-10-03 16:52:43] dbg: [script:4] [0] [I] RIVER_SURVEY_TILE {"tile":4953,"x":89,"y":38,"slope":0,"min_height_levels":1}
[2026-10-03 16:52:43] dbg: [script:4] [0] [I] RIVER_SURVEY_TILE {"tile":5037,"x":45,"y":39,"slope":0,"min_height_levels":1}
[2026-10-03 16:52:43] dbg: [script:4] [0] [I] RIVER_SURVEY_TILE {"tile":5038,"x":46,"y":39,"slope":0,"min_height_levels":1}
[2026-10-03 16:52:43] dbg: [script:4] [0] [I] RIVER_SURVEY_TILE {"tile":5039,"x":47,"y":39,"slope":0,"min_height_levels":1}
[2026-10-03 16:52:43] dbg: [script:4] [0] [I] RIVER_SURVEY_TILE {"tile":5040,"x":48,"y":39,"slope":0,"min_height_levels":1}
[2026-10-03 16:52:43] dbg: [script:4] [0] [I] RIVER_SURVEY_TILE {"tile":5079,"x":87,"y":39,"slope":0,"min_height_levels":1}
[2026-10-03 16:52:43] dbg: [script:4] [0] [I] RIVER_SURVEY_TILE {"tile":5080,"x":88,"y":39,"slope":0,"min_height_levels":1}
[2026-10-03 16:52:43] dbg: [script:4] [0] [I] RIVER_SURVEY_TILE {"tile":5081,"x":89,"y":39,"slope":0,"min_height_levels":1}
[2026-10-03 16:52:43] dbg: [script:4] [0] [I] RIVER_SURVEY_TILE {"tile":5165,"x":45,"y":40,"slope":0,"min_height_levels":1}
[2026-10-03 16:52:43] dbg: [script:4] [0] [I] RIVER_SURVEY_TILE {"tile":5166,"x":46,"y":40,"slope":0,"min_height_levels":1}
[2026-10-03 16:52:43] dbg: [script:4] [0] [I] RIVER_SURVEY_TILE {"tile":5167,"x":47,"y":40,"slope":0,"min_height_levels":1}
[2026-10-03 16:52:43] dbg: [script:4] [0] [I] RIVER_SURVEY_TILE {"tile":5168,"x":48,"y":40,"slope":0,"min_height_levels":1}
[2026-10-03 16:52:43] dbg: [script:4] [0] [I] RIVER_SURVEY_TILE {"tile":5207,"x":87,"y":40,"slope":0,"min_height_levels":1}
[2026-10-03 16:52:43] dbg: [script:4] [0] [I] RIVER_SURVEY_TILE {"tile":5208,"x":88,"y":40,"slope":0,"min_height_levels":1}
[2026-10-03 16:52:43] dbg: [script:4] [0] [I] RIVER_SURVEY_TILE {"tile":5292,"x":44,"y":41,"slope":3,"min_height_levels":0}
[2026-10-03 16:52:43] dbg: [script:4] [0] [I] RIVER_SURVEY_TILE {"tile":5293,"x":45,"y":41,"slope":0,"min_height_levels":1}
[2026-10-03 16:52:43] dbg: [script:4] [0] [I] RIVER_SURVEY_TILE {"tile":5294,"x":46,"y":41,"slope":0,"min_height_levels":1}
[2026-10-03 16:52:43] dbg: [script:4] [0] [I] RIVER_SURVEY_TILE {"tile":5334,"x":86,"y":41,"slope":0,"min_height_levels":1}
[2026-10-03 16:52:43] dbg: [script:4] [0] [I] RIVER_SURVEY_TILE {"tile":5335,"x":87,"y":41,"slope":0,"min_height_levels":1}
[2026-10-03 16:52:43] dbg: [script:4] [0] [I] RIVER_SURVEY_TILE {"tile":5336,"x":88,"y":41,"slope":0,"min_height_levels":1}
[2026-10-03 16:52:44] dbg: [script:4] [0] [I] RIVER_SURVEY_TILE {"tile":5420,"x":44,"y":42,"slope":3,"min_height_levels":0}
[2026-10-03 16:52:44] dbg: [script:4] [0] [I] RIVER_SURVEY_TILE {"tile":5421,"x":45,"y":42,"slope":0,"min_height_levels":1}
[2026-10-03 16:52:44] dbg: [script:4] [0] [I] RIVER_SURVEY_TILE {"tile":5422,"x":46,"y":42,"slope":0,"min_height_levels":1}
[2026-10-03 16:52:44] dbg: [script:4] [0] [I] RIVER_SURVEY_TILE {"tile":5462,"x":86,"y":42,"slope":0,"min_height_levels":1}
[2026-10-03 16:52:44] dbg: [script:4] [0] [I] RIVER_SURVEY_TILE {"tile":5463,"x":87,"y":42,"slope":0,"min_height_levels":1}
[2026-10-03 16:52:44] dbg: [script:4] [0] [I] RIVER_SURVEY_TILE {"tile":5464,"x":88,"y":42,"slope":0,"min_height_levels":1}
[2026-10-03 16:52:44] dbg: [script:4] [0] [I] RIVER_SURVEY_TILE {"tile":5590,"x":86,"y":43,"slope":0,"min_height_levels":1}
[2026-10-03 16:52:44] dbg: [script:4] [0] [I] RIVER_SURVEY_TILE {"tile":5591,"x":87,"y":43,"slope":0,"min_height_levels":1}
[2026-10-03 16:52:44] dbg: [script:4] [0] [I] RIVER_SURVEY_TILE {"tile":5717,"x":85,"y":44,"slope":0,"min_height_levels":1}
[2026-10-03 16:52:44] dbg: [script:4] [0] [I] RIVER_SURVEY_TILE {"tile":5718,"x":86,"y":44,"slope":0,"min_height_levels":1}
[2026-10-03 16:52:44] dbg: [script:4] [0] [I] RIVER_SURVEY_TILE {"tile":5719,"x":87,"y":44,"slope":0,"min_height_levels":1}
[2026-10-03 16:52:44] dbg: [script:4] [0] [I] RIVER_SURVEY_TILE {"tile":5844,"x":84,"y":45,"slope":0,"min_height_levels":1}
[2026-10-03 16:52:44] dbg: [script:4] [0] [I] RIVER_SURVEY_TILE {"tile":5845,"x":85,"y":45,"slope":0,"min_height_levels":1}
[2026-10-03 16:52:44] dbg: [script:4] [0] [I] RIVER_SURVEY_TILE {"tile":5846,"x":86,"y":45,"slope":0,"min_height_levels":1}
[2026-10-03 16:52:44] dbg: [script:4] [0] [I] RIVER_SURVEY_TILE {"tile":5847,"x":87,"y":45,"slope":0,"min_height_levels":1}
[2026-10-03 16:52:44] dbg: [script:4] [0] [I] RIVER_SURVEY_TILE {"tile":5968,"x":80,"y":46,"slope":0,"min_height_levels":1}
[2026-10-03 16:52:44] dbg: [script:4] [0] [I] RIVER_SURVEY_TILE {"tile":5969,"x":81,"y":46,"slope":0,"min_height_levels":1}
[2026-10-03 16:52:44] dbg: [script:4] [0] [I] RIVER_SURVEY_TILE {"tile":5970,"x":82,"y":46,"slope":0,"min_height_levels":1}
[2026-10-03 16:52:44] dbg: [script:4] [0] [I] RIVER_SURVEY_TILE {"tile":5971,"x":83,"y":46,"slope":0,"min_height_levels":1}
[2026-10-03 16:52:44] dbg: [script:4] [0] [I] RIVER_SURVEY_TILE {"tile":5972,"x":84,"y":46,"slope":0,"min_height_levels":1}
[2026-10-03 16:52:44] dbg: [script:4] [0] [I] RIVER_SURVEY_TILE {"tile":5973,"x":85,"y":46,"slope":0,"min_height_levels":1}
[2026-10-03 16:52:44] dbg: [script:4] [0] [I] RIVER_SURVEY_TILE {"tile":5974,"x":86,"y":46,"slope":0,"min_height_levels":1}
[2026-10-03 16:52:44] dbg: [script:4] [0] [I] RIVER_SURVEY_TILE {"tile":6092,"x":76,"y":47,"slope":0,"min_height_levels":1}
[2026-10-03 16:52:44] dbg: [script:4] [0] [I] RIVER_SURVEY_TILE {"tile":6093,"x":77,"y":47,"slope":0,"min_height_levels":1}
[2026-10-03 16:52:44] dbg: [script:4] [0] [I] RIVER_SURVEY_TILE {"tile":6094,"x":78,"y":47,"slope":0,"min_height_levels":1}
[2026-10-03 16:52:44] dbg: [script:4] [0] [I] RIVER_SURVEY_TILE {"tile":6095,"x":79,"y":47,"slope":0,"min_height_levels":1}
[2026-10-03 16:52:44] dbg: [script:4] [0] [I] RIVER_SURVEY_TILE {"tile":6096,"x":80,"y":47,"slope":0,"min_height_levels":1}
[2026-10-03 16:52:44] dbg: [script:4] [0] [I] RIVER_SURVEY_TILE {"tile":6097,"x":81,"y":47,"slope":0,"min_height_levels":1}
[2026-10-03 16:52:44] dbg: [script:4] [0] [I] RIVER_SURVEY_TILE {"tile":6098,"x":82,"y":47,"slope":0,"min_height_levels":1}
[2026-10-03 16:52:44] dbg: [script:4] [0] [I] RIVER_SURVEY_TILE {"tile":6099,"x":83,"y":47,"slope":0,"min_height_levels":1}
[2026-10-03 16:52:44] dbg: [script:4] [0] [I] RIVER_SURVEY_TILE {"tile":6100,"x":84,"y":47,"slope":0,"min_height_levels":1}
[2026-10-03 16:52:44] dbg: [script:4] [0] [I] RIVER_SURVEY_TILE {"tile":6101,"x":85,"y":47,"slope":0,"min_height_levels":1}
[2026-10-03 16:52:44] dbg: [script:4] [0] [I] RIVER_SURVEY_TILE {"tile":6220,"x":76,"y":48,"slope":6,"min_height_levels":1}
[2026-10-03 16:52:44] dbg: [script:4] [0] [I] RIVER_SURVEY_TILE {"tile":6222,"x":78,"y":48,"slope":0,"min_height_levels":1}
[2026-10-03 16:52:44] dbg: [script:4] [0] [I] RIVER_SURVEY_TILE {"tile":6223,"x":79,"y":48,"slope":0,"min_height_levels":1}
[2026-10-03 16:52:44] dbg: [script:4] [0] [I] RIVER_SURVEY_TILE {"tile":6224,"x":80,"y":48,"slope":0,"min_height_levels":1}
[2026-10-03 16:52:44] dbg: [script:4] [0] [I] RIVER_SURVEY_TILE {"tile":6225,"x":81,"y":48,"slope":0,"min_height_levels":1}
[2026-10-03 16:52:44] dbg: [script:4] [0] [I] RIVER_SURVEY_TILE {"tile":6347,"x":75,"y":49,"slope":0,"min_height_levels":2}
[2026-10-03 16:52:44] dbg: [script:4] [0] [I] RIVER_SURVEY_TILE {"tile":6348,"x":76,"y":49,"slope":0,"min_height_levels":2}
[2026-10-03 16:52:44] dbg: [script:4] [0] [I] RIVER_SURVEY_TILE {"tile":6470,"x":70,"y":50,"slope":0,"min_height_levels":3}
[2026-10-03 16:52:44] dbg: [script:4] [0] [I] RIVER_SURVEY_TILE {"tile":6471,"x":71,"y":50,"slope":0,"min_height_levels":3}
[2026-10-03 16:52:44] dbg: [script:4] [0] [I] RIVER_SURVEY_TILE {"tile":6472,"x":72,"y":50,"slope":12,"min_height_levels":2}
[2026-10-03 16:52:44] dbg: [script:4] [0] [I] RIVER_SURVEY_TILE {"tile":6473,"x":73,"y":50,"slope":0,"min_height_levels":2}
[2026-10-03 16:52:44] dbg: [script:4] [0] [I] RIVER_SURVEY_TILE {"tile":6474,"x":74,"y":50,"slope":0,"min_height_levels":2}
[2026-10-03 16:52:44] dbg: [script:4] [0] [I] RIVER_SURVEY_TILE {"tile":6475,"x":75,"y":50,"slope":0,"min_height_levels":2}
[2026-10-03 16:52:44] dbg: [script:4] [0] [I] RIVER_SURVEY_TILE {"tile":6597,"x":69,"y":51,"slope":0,"min_height_levels":3}
[2026-10-03 16:52:44] dbg: [script:4] [0] [I] RIVER_SURVEY_TILE {"tile":6598,"x":70,"y":51,"slope":0,"min_height_levels":3}
[2026-10-03 16:52:44] dbg: [script:4] [0] [I] RIVER_SURVEY_TILE {"tile":6725,"x":69,"y":52,"slope":0,"min_height_levels":3}
[2026-10-03 16:52:44] dbg: [script:4] [0] [I] RIVER_SURVEY_TILE {"tile":6853,"x":69,"y":53,"slope":0,"min_height_levels":3}
[2026-10-03 16:52:44] dbg: [script:4] [0] [I] RIVER_SURVEY_TILE {"tile":6981,"x":69,"y":54,"slope":0,"min_height_levels":3}
[2026-10-03 16:52:44] dbg: [script:4] [0] [I] RIVER_SURVEY_TILE {"tile":7108,"x":68,"y":55,"slope":0,"min_height_levels":3}
[2026-10-03 16:52:44] dbg: [script:4] [0] [I] RIVER_SURVEY_TILE {"tile":7109,"x":69,"y":55,"slope":0,"min_height_levels":3}
[2026-10-03 16:52:44] dbg: [script:4] [0] [I] RIVER_SURVEY_TILE {"tile":7236,"x":68,"y":56,"slope":6,"min_height_levels":3}
[2026-10-03 16:52:44] dbg: [script:4] [0] [I] RIVER_SURVEY_TILE {"tile":7362,"x":66,"y":57,"slope":0,"min_height_levels":4}
[2026-10-03 16:52:44] dbg: [script:4] [0] [I] RIVER_SURVEY_TILE {"tile":7363,"x":67,"y":57,"slope":0,"min_height_levels":4}
[2026-10-03 16:52:44] dbg: [script:4] [0] [I] RIVER_SURVEY_TILE {"tile":7364,"x":68,"y":57,"slope":0,"min_height_levels":4}
[2026-10-03 16:52:44] dbg: [script:4] [0] [I] RIVER_SURVEY_TILE {"tile":9023,"x":63,"y":70,"slope":0,"min_height_levels":3}
[2026-10-03 16:52:44] dbg: [script:4] [0] [I] RIVER_SURVEY_TILE {"tile":9045,"x":85,"y":70,"slope":0,"min_height_levels":3}
[2026-10-03 16:52:44] dbg: [script:4] [0] [I] RIVER_SURVEY_TILE {"tile":9151,"x":63,"y":71,"slope":0,"min_height_levels":3}
[2026-10-03 16:52:44] dbg: [script:4] [0] [I] RIVER_SURVEY_TILE {"tile":9172,"x":84,"y":71,"slope":0,"min_height_levels":3}
[2026-10-03 16:52:44] dbg: [script:4] [0] [I] RIVER_SURVEY_TILE {"tile":9173,"x":85,"y":71,"slope":0,"min_height_levels":3}
[2026-10-03 16:52:44] dbg: [script:4] [0] [I] RIVER_SURVEY_TILE {"tile":9279,"x":63,"y":72,"slope":9,"min_height_levels":2}
[2026-10-03 16:52:44] dbg: [script:4] [0] [I] RIVER_SURVEY_TILE {"tile":9300,"x":84,"y":72,"slope":0,"min_height_levels":3}
[2026-10-03 16:52:44] dbg: [script:4] [0] [I] RIVER_SURVEY_TILE {"tile":9407,"x":63,"y":73,"slope":0,"min_height_levels":2}
[2026-10-03 16:52:44] dbg: [script:4] [0] [I] RIVER_SURVEY_TILE {"tile":9428,"x":84,"y":73,"slope":9,"min_height_levels":2}
[2026-10-03 16:52:44] dbg: [script:4] [0] [I] RIVER_SURVEY_TILE {"tile":9535,"x":63,"y":74,"slope":9,"min_height_levels":1}
[2026-10-03 16:52:44] dbg: [script:4] [0] [I] RIVER_SURVEY_TILE {"tile":9556,"x":84,"y":74,"slope":0,"min_height_levels":2}
[2026-10-03 16:52:44] dbg: [script:4] [0] [I] RIVER_SURVEY_TILE {"tile":9662,"x":62,"y":75,"slope":0,"min_height_levels":1}
[2026-10-03 16:52:44] dbg: [script:4] [0] [I] RIVER_SURVEY_TILE {"tile":9663,"x":63,"y":75,"slope":0,"min_height_levels":1}
[2026-10-03 16:52:44] dbg: [script:4] [0] [I] RIVER_SURVEY_TILE {"tile":9684,"x":84,"y":75,"slope":9,"min_height_levels":1}
[2026-10-03 16:52:44] dbg: [script:4] [0] [I] RIVER_SURVEY_TILE {"tile":9788,"x":60,"y":76,"slope":0,"min_height_levels":1}
[2026-10-03 16:52:44] dbg: [script:4] [0] [I] RIVER_SURVEY_TILE {"tile":9789,"x":61,"y":76,"slope":0,"min_height_levels":1}
[2026-10-03 16:52:44] dbg: [script:4] [0] [I] RIVER_SURVEY_TILE {"tile":9790,"x":62,"y":76,"slope":0,"min_height_levels":1}
[2026-10-03 16:52:44] dbg: [script:4] [0] [I] RIVER_SURVEY_TILE {"tile":9791,"x":63,"y":76,"slope":0,"min_height_levels":1}
[2026-10-03 16:52:44] dbg: [script:4] [0] [I] RIVER_SURVEY_TILE {"tile":9792,"x":64,"y":76,"slope":0,"min_height_levels":1}
[2026-10-03 16:52:44] dbg: [script:4] [0] [I] RIVER_SURVEY_TILE {"tile":9793,"x":65,"y":76,"slope":0,"min_height_levels":1}
[2026-10-03 16:52:44] dbg: [script:4] [0] [I] RIVER_SURVEY_TILE {"tile":9794,"x":66,"y":76,"slope":0,"min_height_levels":1}
[2026-10-03 16:52:44] dbg: [script:4] [0] [I] RIVER_SURVEY_TILE {"tile":9795,"x":67,"y":76,"slope":0,"min_height_levels":1}
[2026-10-03 16:52:44] dbg: [script:4] [0] [I] RIVER_SURVEY_TILE {"tile":9796,"x":68,"y":76,"slope":0,"min_height_levels":1}
[2026-10-03 16:52:44] dbg: [script:4] [0] [I] RIVER_SURVEY_TILE {"tile":9812,"x":84,"y":76,"slope":0,"min_height_levels":1}
[2026-10-03 16:52:44] dbg: [script:4] [0] [I] RIVER_SURVEY_TILE {"tile":9916,"x":60,"y":77,"slope":0,"min_height_levels":1}
[2026-10-03 16:52:44] dbg: [script:4] [0] [I] RIVER_SURVEY_TILE {"tile":9924,"x":68,"y":77,"slope":0,"min_height_levels":1}
[2026-10-03 16:52:44] dbg: [script:4] [0] [I] RIVER_SURVEY_TILE {"tile":9925,"x":69,"y":77,"slope":0,"min_height_levels":1}
[2026-10-03 16:52:44] dbg: [script:4] [0] [I] RIVER_SURVEY_TILE {"tile":9926,"x":70,"y":77,"slope":0,"min_height_levels":1}
[2026-10-03 16:52:44] dbg: [script:4] [0] [I] RIVER_SURVEY_TILE {"tile":9927,"x":71,"y":77,"slope":0,"min_height_levels":1}
[2026-10-03 16:52:44] dbg: [script:4] [0] [I] RIVER_SURVEY_TILE {"tile":9928,"x":72,"y":77,"slope":0,"min_height_levels":1}
[2026-10-03 16:52:44] dbg: [script:4] [0] [I] RIVER_SURVEY_TILE {"tile":9940,"x":84,"y":77,"slope":0,"min_height_levels":1}
[2026-10-03 16:52:44] dbg: [script:4] [0] [I] RIVER_SURVEY_TILE {"tile":10044,"x":60,"y":78,"slope":0,"min_height_levels":1}
[2026-10-03 16:52:44] dbg: [script:4] [0] [I] RIVER_SURVEY_TILE {"tile":10056,"x":72,"y":78,"slope":0,"min_height_levels":1}
[2026-10-03 16:52:44] dbg: [script:4] [0] [I] RIVER_SURVEY_TILE {"tile":10057,"x":73,"y":78,"slope":0,"min_height_levels":1}
[2026-10-03 16:52:44] dbg: [script:4] [0] [I] RIVER_SURVEY_TILE {"tile":10060,"x":76,"y":78,"slope":0,"min_height_levels":1}
[2026-10-03 16:52:44] dbg: [script:4] [0] [I] RIVER_SURVEY_TILE {"tile":10061,"x":77,"y":78,"slope":0,"min_height_levels":1}
[2026-10-03 16:52:44] dbg: [script:4] [0] [I] RIVER_SURVEY_TILE {"tile":10062,"x":78,"y":78,"slope":0,"min_height_levels":1}
[2026-10-03 16:52:44] dbg: [script:4] [0] [I] RIVER_SURVEY_TILE {"tile":10063,"x":79,"y":78,"slope":0,"min_height_levels":1}
[2026-10-03 16:52:44] dbg: [script:4] [0] [I] RIVER_SURVEY_TILE {"tile":10064,"x":80,"y":78,"slope":0,"min_height_levels":1}
[2026-10-03 16:52:44] dbg: [script:4] [0] [I] RIVER_SURVEY_TILE {"tile":10065,"x":81,"y":78,"slope":0,"min_height_levels":1}
[2026-10-03 16:52:44] dbg: [script:4] [0] [I] RIVER_SURVEY_TILE {"tile":10066,"x":82,"y":78,"slope":0,"min_height_levels":1}
[2026-10-03 16:52:44] dbg: [script:4] [0] [I] RIVER_SURVEY_TILE {"tile":10067,"x":83,"y":78,"slope":0,"min_height_levels":1}
[2026-10-03 16:52:44] dbg: [script:4] [0] [I] RIVER_SURVEY_TILE {"tile":10068,"x":84,"y":78,"slope":0,"min_height_levels":1}
[2026-10-03 16:52:44] dbg: [script:4] [0] [I] RIVER_SURVEY_TILE {"tile":10170,"x":58,"y":79,"slope":0,"min_height_levels":1}
[2026-10-03 16:52:44] dbg: [script:4] [0] [I] RIVER_SURVEY_TILE {"tile":10171,"x":59,"y":79,"slope":0,"min_height_levels":1}
[2026-10-03 16:52:44] dbg: [script:4] [0] [I] RIVER_SURVEY_TILE {"tile":10172,"x":60,"y":79,"slope":0,"min_height_levels":1}
[2026-10-03 16:52:44] dbg: [script:4] [0] [I] RIVER_SURVEY_TILE {"tile":10185,"x":73,"y":79,"slope":0,"min_height_levels":1}
[2026-10-03 16:52:44] dbg: [script:4] [0] [I] RIVER_SURVEY_TILE {"tile":10186,"x":74,"y":79,"slope":0,"min_height_levels":1}
[2026-10-03 16:52:44] dbg: [script:4] [0] [I] RIVER_SURVEY_TILE {"tile":10187,"x":75,"y":79,"slope":0,"min_height_levels":1}
[2026-10-03 16:52:44] dbg: [script:4] [0] [I] RIVER_SURVEY_TILE {"tile":10188,"x":76,"y":79,"slope":0,"min_height_levels":1}
[2026-10-03 16:52:44] dbg: [script:4] [0] [I] RIVER_SURVEY_TILE {"tile":10297,"x":57,"y":80,"slope":0,"min_height_levels":1}
[2026-10-03 16:52:44] dbg: [script:4] [0] [I] RIVER_SURVEY_TILE {"tile":10298,"x":58,"y":80,"slope":0,"min_height_levels":1}
[2026-10-03 16:52:44] dbg: [script:4] [0] [I] RIVER_SURVEY_TILE {"tile":10425,"x":57,"y":81,"slope":0,"min_height_levels":1}
[2026-10-03 16:52:44] dbg: [script:4] [0] [I] RIVER_SURVEY_TILE {"tile":10550,"x":54,"y":82,"slope":0,"min_height_levels":1}
[2026-10-03 16:52:44] dbg: [script:4] [0] [I] RIVER_SURVEY_TILE {"tile":10551,"x":55,"y":82,"slope":0,"min_height_levels":1}
[2026-10-03 16:52:44] dbg: [script:4] [0] [I] RIVER_SURVEY_TILE {"tile":10552,"x":56,"y":82,"slope":0,"min_height_levels":1}
[2026-10-03 16:52:44] dbg: [script:4] [0] [I] RIVER_SURVEY_TILE {"tile":10553,"x":57,"y":82,"slope":0,"min_height_levels":1}
[2026-10-03 16:52:44] dbg: [script:4] [0] [I] RIVER_SURVEY_TILE {"tile":10677,"x":53,"y":83,"slope":0,"min_height_levels":1}
[2026-10-03 16:52:44] dbg: [script:4] [0] [I] RIVER_SURVEY_TILE {"tile":10678,"x":54,"y":83,"slope":0,"min_height_levels":1}
[2026-10-03 16:52:44] dbg: [script:4] [0] [I] RIVER_SURVEY_TILE {"tile":10679,"x":55,"y":83,"slope":0,"min_height_levels":1}
[2026-10-03 16:52:44] dbg: [script:4] [0] [I] RIVER_SURVEY_TILE {"tile":10796,"x":44,"y":84,"slope":0,"min_height_levels":1}
[2026-10-03 16:52:44] dbg: [script:4] [0] [I] RIVER_SURVEY_TILE {"tile":10797,"x":45,"y":84,"slope":0,"min_height_levels":1}
[2026-10-03 16:52:44] dbg: [script:4] [0] [I] RIVER_SURVEY_TILE {"tile":10798,"x":46,"y":84,"slope":0,"min_height_levels":1}
[2026-10-03 16:52:44] dbg: [script:4] [0] [I] RIVER_SURVEY_TILE {"tile":10799,"x":47,"y":84,"slope":0,"min_height_levels":1}
[2026-10-03 16:52:44] dbg: [script:4] [0] [I] RIVER_SURVEY_TILE {"tile":10800,"x":48,"y":84,"slope":0,"min_height_levels":1}
[2026-10-03 16:52:44] dbg: [script:4] [0] [I] RIVER_SURVEY_TILE {"tile":10801,"x":49,"y":84,"slope":0,"min_height_levels":1}
[2026-10-03 16:52:44] dbg: [script:4] [0] [I] RIVER_SURVEY_TILE {"tile":10805,"x":53,"y":84,"slope":0,"min_height_levels":1}
[2026-10-03 16:52:44] dbg: [script:4] [0] [I] RIVER_SURVEY_TILE {"tile":10806,"x":54,"y":84,"slope":0,"min_height_levels":1}
[2026-10-03 16:52:44] dbg: [script:4] [0] [I] RIVER_SURVEY_TILE {"tile":10807,"x":55,"y":84,"slope":0,"min_height_levels":1}
[2026-10-03 16:52:44] dbg: [script:4] [0] [I] RIVER_SURVEY_TILE {"tile":10922,"x":42,"y":85,"slope":3,"min_height_levels":0}
[2026-10-03 16:52:44] dbg: [script:4] [0] [I] RIVER_SURVEY_TILE {"tile":10923,"x":43,"y":85,"slope":0,"min_height_levels":1}
[2026-10-03 16:52:44] dbg: [script:4] [0] [I] RIVER_SURVEY_TILE {"tile":10924,"x":44,"y":85,"slope":0,"min_height_levels":1}
[2026-10-03 16:52:44] dbg: [script:4] [0] [I] RIVER_SURVEY_TILE {"tile":10925,"x":45,"y":85,"slope":0,"min_height_levels":1}
[2026-10-03 16:52:44] dbg: [script:4] [0] [I] RIVER_SURVEY_TILE {"tile":10926,"x":46,"y":85,"slope":0,"min_height_levels":1}
[2026-10-03 16:52:44] dbg: [script:4] [0] [I] RIVER_SURVEY_TILE {"tile":10927,"x":47,"y":85,"slope":0,"min_height_levels":1}
[2026-10-03 16:52:44] dbg: [script:4] [0] [I] RIVER_SURVEY_TILE {"tile":10928,"x":48,"y":85,"slope":0,"min_height_levels":1}
[2026-10-03 16:52:44] dbg: [script:4] [0] [I] RIVER_SURVEY_TILE {"tile":10929,"x":49,"y":85,"slope":0,"min_height_levels":1}
[2026-10-03 16:52:44] dbg: [script:4] [0] [I] RIVER_SURVEY_TILE {"tile":10930,"x":50,"y":85,"slope":0,"min_height_levels":1}
[2026-10-03 16:52:44] dbg: [script:4] [0] [I] RIVER_SURVEY_TILE {"tile":10931,"x":51,"y":85,"slope":0,"min_height_levels":1}
[2026-10-03 16:52:44] dbg: [script:4] [0] [I] RIVER_SURVEY_TILE {"tile":10932,"x":52,"y":85,"slope":0,"min_height_levels":1}
[2026-10-03 16:52:44] dbg: [script:4] [0] [I] RIVER_SURVEY_TILE {"tile":10933,"x":53,"y":85,"slope":0,"min_height_levels":1}
[2026-10-03 16:52:44] dbg: [script:4] [0] [I] RIVER_SURVEY_TILE {"tile":10934,"x":54,"y":85,"slope":0,"min_height_levels":1}
[2026-10-03 16:52:44] dbg: [script:4] [0] [I] RIVER_SURVEY_TILE {"tile":11050,"x":42,"y":86,"slope":3,"min_height_levels":0}
[2026-10-03 16:52:44] dbg: [script:4] [0] [I] RIVER_SURVEY_TILE {"tile":11051,"x":43,"y":86,"slope":0,"min_height_levels":1}
[2026-10-03 16:52:44] dbg: [script:4] [0] [I] RIVER_SURVEY_TILE {"tile":11052,"x":44,"y":86,"slope":0,"min_height_levels":1}
[2026-10-03 16:52:44] dbg: [script:4] [0] [I] RIVER_SURVEY_TILE {"tile":11053,"x":45,"y":86,"slope":0,"min_height_levels":1}
[2026-10-03 16:52:44] dbg: [script:4] [0] [I] RIVER_SURVEY_TILE {"tile":11056,"x":48,"y":86,"slope":0,"min_height_levels":1}
[2026-10-03 16:52:44] dbg: [script:4] [0] [I] RIVER_SURVEY_TILE {"tile":11057,"x":49,"y":86,"slope":0,"min_height_levels":1}
[2026-10-03 16:52:44] dbg: [script:4] [0] [I] RIVER_SURVEY_TILE {"tile":11058,"x":50,"y":86,"slope":0,"min_height_levels":1}
[2026-10-03 16:52:44] dbg: [script:4] [0] [I] RIVER_SURVEY_TILE {"tile":11059,"x":51,"y":86,"slope":0,"min_height_levels":1}
[2026-10-03 16:52:44] dbg: [script:4] [0] [I] RIVER_SURVEY_TILE {"tile":11060,"x":52,"y":86,"slope":0,"min_height_levels":1}
[2026-10-03 16:52:44] dbg: [script:4] [0] [I] RIVER_SURVEY_TILE {"tile":11061,"x":53,"y":86,"slope":0,"min_height_levels":1}
[2026-10-03 16:52:44] dbg: [script:4] [0] [I] RIVER_SURVEY_TILE {"tile":11062,"x":54,"y":86,"slope":0,"min_height_levels":1}
[2026-10-03 16:52:45] dbg: [script:4] [0] [I] RIVER_SURVEY_TILE {"tile":12176,"x":16,"y":95,"slope":0,"min_height_levels":1}
[2026-10-03 16:52:45] dbg: [script:4] [0] [I] RIVER_SURVEY_TILE {"tile":12177,"x":17,"y":95,"slope":0,"min_height_levels":1}
[2026-10-03 16:52:45] dbg: [script:4] [0] [I] RIVER_SURVEY_TILE {"tile":12178,"x":18,"y":95,"slope":0,"min_height_levels":1}
[2026-10-03 16:52:45] dbg: [script:4] [0] [I] RIVER_SURVEY_TILE {"tile":12179,"x":19,"y":95,"slope":12,"min_height_levels":0}
[2026-10-03 16:52:45] dbg: [script:4] [0] [I] RIVER_SURVEY_TILE {"tile":12294,"x":6,"y":96,"slope":0,"min_height_levels":1}
[2026-10-03 16:52:45] dbg: [script:4] [0] [I] RIVER_SURVEY_TILE {"tile":12295,"x":7,"y":96,"slope":0,"min_height_levels":1}
[2026-10-03 16:52:45] dbg: [script:4] [0] [I] RIVER_SURVEY_TILE {"tile":12296,"x":8,"y":96,"slope":0,"min_height_levels":1}
[2026-10-03 16:52:45] dbg: [script:4] [0] [I] RIVER_SURVEY_TILE {"tile":12297,"x":9,"y":96,"slope":0,"min_height_levels":1}
[2026-10-03 16:52:45] dbg: [script:4] [0] [I] RIVER_SURVEY_TILE {"tile":12298,"x":10,"y":96,"slope":0,"min_height_levels":1}
[2026-10-03 16:52:45] dbg: [script:4] [0] [I] RIVER_SURVEY_TILE {"tile":12299,"x":11,"y":96,"slope":0,"min_height_levels":1}
[2026-10-03 16:52:45] dbg: [script:4] [0] [I] RIVER_SURVEY_TILE {"tile":12300,"x":12,"y":96,"slope":0,"min_height_levels":1}
[2026-10-03 16:52:45] dbg: [script:4] [0] [I] RIVER_SURVEY_TILE {"tile":12301,"x":13,"y":96,"slope":0,"min_height_levels":1}
[2026-10-03 16:52:45] dbg: [script:4] [0] [I] RIVER_SURVEY_TILE {"tile":12302,"x":14,"y":96,"slope":0,"min_height_levels":1}
[2026-10-03 16:52:45] dbg: [script:4] [0] [I] RIVER_SURVEY_TILE {"tile":12303,"x":15,"y":96,"slope":0,"min_height_levels":1}
[2026-10-03 16:52:45] dbg: [script:4] [0] [I] RIVER_SURVEY_TILE {"tile":12304,"x":16,"y":96,"slope":0,"min_height_levels":1}
[2026-10-03 16:52:45] dbg: [script:4] [0] [I] RIVER_SURVEY_TILE {"tile":12420,"x":4,"y":97,"slope":0,"min_height_levels":1}
[2026-10-03 16:52:45] dbg: [script:4] [0] [I] RIVER_SURVEY_TILE {"tile":12421,"x":5,"y":97,"slope":0,"min_height_levels":1}
[2026-10-03 16:52:45] dbg: [script:4] [0] [I] RIVER_SURVEY_TILE {"tile":12422,"x":6,"y":97,"slope":0,"min_height_levels":1}
[2026-10-03 16:52:45] dbg: [script:4] [0] [I] RIVER_SURVEY_TILE {"tile":12500,"x":84,"y":97,"slope":0,"min_height_levels":6}
[2026-10-03 16:52:45] dbg: [script:4] [0] [I] RIVER_SURVEY_TILE {"tile":12501,"x":85,"y":97,"slope":0,"min_height_levels":6}
[2026-10-03 16:52:45] dbg: [script:4] [0] [I] RIVER_SURVEY_TILE {"tile":12547,"x":3,"y":98,"slope":0,"min_height_levels":1}
[2026-10-03 16:52:45] dbg: [script:4] [0] [I] RIVER_SURVEY_TILE {"tile":12548,"x":4,"y":98,"slope":0,"min_height_levels":1}
[2026-10-03 16:52:45] dbg: [script:4] [0] [I] RIVER_SURVEY_TILE {"tile":12628,"x":84,"y":98,"slope":9,"min_height_levels":5}
[2026-10-03 16:52:45] dbg: [script:4] [0] [I] RIVER_SURVEY_TILE {"tile":12756,"x":84,"y":99,"slope":0,"min_height_levels":5}
[2026-10-03 16:52:45] dbg: [script:4] [0] [I] RIVER_SURVEY_TILE {"tile":12884,"x":84,"y":100,"slope":0,"min_height_levels":5}
[2026-10-03 16:52:45] dbg: [script:4] [0] [I] RIVER_SURVEY_TILE {"tile":13012,"x":84,"y":101,"slope":9,"min_height_levels":4}
[2026-10-03 16:52:45] dbg: [script:4] [0] [I] RIVER_SURVEY_TILE {"tile":13140,"x":84,"y":102,"slope":0,"min_height_levels":4}
[2026-10-03 16:52:45] dbg: [script:4] [0] [I] RIVER_SURVEY_TILE {"tile":13268,"x":84,"y":103,"slope":0,"min_height_levels":4}
[2026-10-03 16:52:45] dbg: [script:4] [0] [I] RIVER_SURVEY_TILE {"tile":13269,"x":85,"y":103,"slope":0,"min_height_levels":4}
[2026-10-03 16:52:45] dbg: [script:4] [0] [I] RIVER_SURVEY_TILE {"tile":13397,"x":85,"y":104,"slope":9,"min_height_levels":3}
[2026-10-03 16:52:45] dbg: [script:4] [0] [I] RIVER_SURVEY_TILE {"tile":13525,"x":85,"y":105,"slope":0,"min_height_levels":3}
[2026-10-03 16:52:45] dbg: [script:4] [0] [I] RIVER_SURVEY_TILE {"tile":13600,"x":32,"y":106,"slope":6,"min_height_levels":0}
[2026-10-03 16:52:45] dbg: [script:4] [0] [I] RIVER_SURVEY_TILE {"tile":13653,"x":85,"y":106,"slope":0,"min_height_levels":3}
[2026-10-03 16:52:45] dbg: [script:4] [0] [I] RIVER_SURVEY_TILE {"tile":13728,"x":32,"y":107,"slope":0,"min_height_levels":1}
[2026-10-03 16:52:45] dbg: [script:4] [0] [I] RIVER_SURVEY_TILE {"tile":13781,"x":85,"y":107,"slope":9,"min_height_levels":2}
[2026-10-03 16:52:45] dbg: [script:4] [0] [I] RIVER_SURVEY_TILE {"tile":13856,"x":32,"y":108,"slope":0,"min_height_levels":1}
[2026-10-03 16:52:45] dbg: [script:4] [0] [I] RIVER_SURVEY_TILE {"tile":13908,"x":84,"y":108,"slope":0,"min_height_levels":2}
[2026-10-03 16:52:45] dbg: [script:4] [0] [I] RIVER_SURVEY_TILE {"tile":13909,"x":85,"y":108,"slope":0,"min_height_levels":2}
[2026-10-03 16:52:45] dbg: [script:4] [0] [I] RIVER_SURVEY_TILE {"tile":13983,"x":31,"y":109,"slope":0,"min_height_levels":1}
[2026-10-03 16:52:45] dbg: [script:4] [0] [I] RIVER_SURVEY_TILE {"tile":13984,"x":32,"y":109,"slope":0,"min_height_levels":1}
[2026-10-03 16:52:45] dbg: [script:4] [0] [I] RIVER_SURVEY_TILE {"tile":14036,"x":84,"y":109,"slope":9,"min_height_levels":1}
[2026-10-03 16:52:45] dbg: [script:4] [0] [I] RIVER_SURVEY_TILE {"tile":14111,"x":31,"y":110,"slope":0,"min_height_levels":1}
[2026-10-03 16:52:45] dbg: [script:4] [0] [I] RIVER_SURVEY_TILE {"tile":14163,"x":83,"y":110,"slope":0,"min_height_levels":1}
[2026-10-03 16:52:45] dbg: [script:4] [0] [I] RIVER_SURVEY_TILE {"tile":14164,"x":84,"y":110,"slope":0,"min_height_levels":1}
[2026-10-03 16:52:45] dbg: [script:4] [0] [I] RIVER_SURVEY_TILE {"tile":14239,"x":31,"y":111,"slope":0,"min_height_levels":1}
[2026-10-03 16:52:45] dbg: [script:4] [0] [I] RIVER_SURVEY_TILE {"tile":14291,"x":83,"y":111,"slope":0,"min_height_levels":1}
[2026-10-03 16:52:45] dbg: [script:4] [0] [I] RIVER_SURVEY_TILE {"tile":14366,"x":30,"y":112,"slope":0,"min_height_levels":1}
[2026-10-03 16:52:45] dbg: [script:4] [0] [I] RIVER_SURVEY_TILE {"tile":14367,"x":31,"y":112,"slope":0,"min_height_levels":1}
[2026-10-03 16:52:45] dbg: [script:4] [0] [I] RIVER_SURVEY_TILE {"tile":14419,"x":83,"y":112,"slope":0,"min_height_levels":1}
[2026-10-03 16:52:45] dbg: [script:4] [0] [I] RIVER_SURVEY_TILE {"tile":14494,"x":30,"y":113,"slope":0,"min_height_levels":1}
[2026-10-03 16:52:45] dbg: [script:4] [0] [I] RIVER_SURVEY_TILE {"tile":14547,"x":83,"y":113,"slope":0,"min_height_levels":1}
[2026-10-03 16:52:45] dbg: [script:4] [0] [I] RIVER_SURVEY_TILE {"tile":14621,"x":29,"y":114,"slope":0,"min_height_levels":1}
[2026-10-03 16:52:45] dbg: [script:4] [0] [I] RIVER_SURVEY_TILE {"tile":14622,"x":30,"y":114,"slope":0,"min_height_levels":1}
[2026-10-03 16:52:45] dbg: [script:4] [0] [I] RIVER_SURVEY_TILE {"tile":14675,"x":83,"y":114,"slope":0,"min_height_levels":1}
[2026-10-03 16:52:45] dbg: [script:4] [0] [I] RIVER_SURVEY_TILE {"tile":14749,"x":29,"y":115,"slope":0,"min_height_levels":1}
[2026-10-03 16:52:45] dbg: [script:4] [0] [I] RIVER_SURVEY_TILE {"tile":14803,"x":83,"y":115,"slope":0,"min_height_levels":1}
[2026-10-03 16:52:45] dbg: [script:4] [0] [I] RIVER_SURVEY_TILE {"tile":14877,"x":29,"y":116,"slope":6,"min_height_levels":1}
[2026-10-03 16:52:45] dbg: [script:4] [0] [I] RIVER_SURVEY_TILE {"tile":14931,"x":83,"y":116,"slope":0,"min_height_levels":1}
[2026-10-03 16:52:45] dbg: [script:4] [0] [I] RIVER_SURVEY_TILE {"tile":14932,"x":84,"y":116,"slope":0,"min_height_levels":1}
[2026-10-03 16:52:45] dbg: [script:4] [0] [I] RIVER_SURVEY_TILE {"tile":15005,"x":29,"y":117,"slope":0,"min_height_levels":2}
[2026-10-03 16:52:45] dbg: [script:4] [0] [I] RIVER_SURVEY_TILE {"tile":15060,"x":84,"y":117,"slope":0,"min_height_levels":1}
[2026-10-03 16:52:45] dbg: [script:4] [0] [I] RIVER_SURVEY_TILE {"tile":15133,"x":29,"y":118,"slope":0,"min_height_levels":2}
[2026-10-03 16:52:45] dbg: [script:4] [0] [I] RIVER_SURVEY_TILE {"tile":15187,"x":83,"y":118,"slope":0,"min_height_levels":1}
[2026-10-03 16:52:45] dbg: [script:4] [0] [I] RIVER_SURVEY_TILE {"tile":15188,"x":84,"y":118,"slope":0,"min_height_levels":1}
[2026-10-03 16:52:45] dbg: [script:4] [0] [I] RIVER_SURVEY_TILE {"tile":15261,"x":29,"y":119,"slope":6,"min_height_levels":2}
[2026-10-03 16:52:45] dbg: [script:4] [0] [I] RIVER_SURVEY_TILE {"tile":15314,"x":82,"y":119,"slope":0,"min_height_levels":1}
[2026-10-03 16:52:45] dbg: [script:4] [0] [I] RIVER_SURVEY_TILE {"tile":15315,"x":83,"y":119,"slope":0,"min_height_levels":1}
[2026-10-03 16:52:45] dbg: [script:4] [0] [I] RIVER_SURVEY_TILE {"tile":15389,"x":29,"y":120,"slope":0,"min_height_levels":3}
[2026-10-03 16:52:45] dbg: [script:4] [0] [I] RIVER_SURVEY_TILE {"tile":15442,"x":82,"y":120,"slope":0,"min_height_levels":1}
[2026-10-03 16:52:45] dbg: [script:4] [0] [I] RIVER_SURVEY_TILE {"tile":15517,"x":29,"y":121,"slope":0,"min_height_levels":3}
[2026-10-03 16:52:45] dbg: [script:4] [0] [I] RIVER_SURVEY_TILE {"tile":15570,"x":82,"y":121,"slope":0,"min_height_levels":1}
[2026-10-03 16:52:45] dbg: [script:4] [0] [I] RIVER_SURVEY_TILE {"tile":15676,"x":60,"y":122,"slope":0,"min_height_levels":1}
[2026-10-03 16:52:45] dbg: [script:4] [0] [I] RIVER_SURVEY_TILE {"tile":15698,"x":82,"y":122,"slope":0,"min_height_levels":1}
[2026-10-03 16:52:45] dbg: [script:4] [0] [I] RIVER_SURVEY_TILE {"tile":15804,"x":60,"y":123,"slope":0,"min_height_levels":1}
[2026-10-03 16:52:45] dbg: [script:4] [0] [I] RIVER_SURVEY_TILE {"tile":15805,"x":61,"y":123,"slope":0,"min_height_levels":1}
[2026-10-03 16:52:45] dbg: [script:4] [0] [I] RIVER_SURVEY_TILE {"tile":15815,"x":71,"y":123,"slope":0,"min_height_levels":1}
[2026-10-03 16:52:45] dbg: [script:4] [0] [I] RIVER_SURVEY_TILE {"tile":15816,"x":72,"y":123,"slope":0,"min_height_levels":1}
[2026-10-03 16:52:45] dbg: [script:4] [0] [I] RIVER_SURVEY_TILE {"tile":15817,"x":73,"y":123,"slope":0,"min_height_levels":1}
[2026-10-03 16:52:45] dbg: [script:4] [0] [I] RIVER_SURVEY_TILE {"tile":15818,"x":74,"y":123,"slope":0,"min_height_levels":1}
[2026-10-03 16:52:45] dbg: [script:4] [0] [I] RIVER_SURVEY_TILE {"tile":15819,"x":75,"y":123,"slope":0,"min_height_levels":1}
[2026-10-03 16:52:45] dbg: [script:4] [0] [I] RIVER_SURVEY_TILE {"tile":15820,"x":76,"y":123,"slope":0,"min_height_levels":1}
[2026-10-03 16:52:45] dbg: [script:4] [0] [I] RIVER_SURVEY_TILE {"tile":15821,"x":77,"y":123,"slope":0,"min_height_levels":1}
[2026-10-03 16:52:45] dbg: [script:4] [0] [I] RIVER_SURVEY_TILE {"tile":15822,"x":78,"y":123,"slope":0,"min_height_levels":1}
[2026-10-03 16:52:45] dbg: [script:4] [0] [I] RIVER_SURVEY_TILE {"tile":15823,"x":79,"y":123,"slope":0,"min_height_levels":1}
[2026-10-03 16:52:45] dbg: [script:4] [0] [I] RIVER_SURVEY_TILE {"tile":15824,"x":80,"y":123,"slope":0,"min_height_levels":1}
[2026-10-03 16:52:45] dbg: [script:4] [0] [I] RIVER_SURVEY_TILE {"tile":15825,"x":81,"y":123,"slope":0,"min_height_levels":1}
[2026-10-03 16:52:45] dbg: [script:4] [0] [I] RIVER_SURVEY_TILE {"tile":15826,"x":82,"y":123,"slope":0,"min_height_levels":1}
[2026-10-03 16:52:45] dbg: [script:4] [0] [I] RIVER_SURVEY_TILE {"tile":15827,"x":83,"y":123,"slope":12,"min_height_levels":0}
[2026-10-03 16:52:45] dbg: [script:4] [0] [I] RIVER_SURVEY_TILE {"tile":15933,"x":61,"y":124,"slope":0,"min_height_levels":1}
[2026-10-03 16:52:45] dbg: [script:4] [0] [I] RIVER_SURVEY_TILE {"tile":15936,"x":64,"y":124,"slope":0,"min_height_levels":1}
[2026-10-03 16:52:45] dbg: [script:4] [0] [I] RIVER_SURVEY_TILE {"tile":15937,"x":65,"y":124,"slope":0,"min_height_levels":1}
[2026-10-03 16:52:45] dbg: [script:4] [0] [I] RIVER_SURVEY_TILE {"tile":15938,"x":66,"y":124,"slope":0,"min_height_levels":1}
[2026-10-03 16:52:45] dbg: [script:4] [0] [I] RIVER_SURVEY_TILE {"tile":15939,"x":67,"y":124,"slope":0,"min_height_levels":1}
[2026-10-03 16:52:45] dbg: [script:4] [0] [I] RIVER_SURVEY_TILE {"tile":15940,"x":68,"y":124,"slope":0,"min_height_levels":1}
[2026-10-03 16:52:45] dbg: [script:4] [0] [I] RIVER_SURVEY_TILE {"tile":15941,"x":69,"y":124,"slope":0,"min_height_levels":1}
[2026-10-03 16:52:45] dbg: [script:4] [0] [I] RIVER_SURVEY_TILE {"tile":15942,"x":70,"y":124,"slope":0,"min_height_levels":1}
[2026-10-03 16:52:45] dbg: [script:4] [0] [I] RIVER_SURVEY_TILE {"tile":15943,"x":71,"y":124,"slope":0,"min_height_levels":1}
[2026-10-03 16:52:45] dbg: [script:4] [0] [I] RIVER_SURVEY_TILE {"tile":15952,"x":80,"y":124,"slope":0,"min_height_levels":1}
[2026-10-03 16:52:45] dbg: [script:4] [0] [I] RIVER_SURVEY_TILE {"tile":15953,"x":81,"y":124,"slope":0,"min_height_levels":1}
[2026-10-03 16:52:45] dbg: [script:4] [0] [I] RIVER_SURVEY_TILE {"tile":15954,"x":82,"y":124,"slope":0,"min_height_levels":1}
[2026-10-03 16:52:45] dbg: [script:4] [0] [I] RIVER_SURVEY_TILE {"tile":15955,"x":83,"y":124,"slope":12,"min_height_levels":0}
[2026-10-03 16:52:45] dbg: [script:4] [0] [I] RIVER_SURVEY_TILE {"tile":16061,"x":61,"y":125,"slope":0,"min_height_levels":1}
[2026-10-03 16:52:45] dbg: [script:4] [0] [I] RIVER_SURVEY_TILE {"tile":16062,"x":62,"y":125,"slope":0,"min_height_levels":1}
[2026-10-03 16:52:45] dbg: [script:4] [0] [I] RIVER_SURVEY_TILE {"tile":16063,"x":63,"y":125,"slope":0,"min_height_levels":1}
[2026-10-03 16:52:45] dbg: [script:4] [0] [I] RIVER_SURVEY_TILE {"tile":16064,"x":64,"y":125,"slope":0,"min_height_levels":1}
[2026-10-03 16:52:45] dbg: [script:4] [0] [I] RIVER_SURVEY_TILE {"tile":16082,"x":82,"y":125,"slope":0,"min_height_levels":1}
[2026-10-03 16:52:45] dbg: [script:4] [0] [I] RIVER_SURVEY_TILE {"tile":16083,"x":83,"y":125,"slope":12,"min_height_levels":0}
[2026-10-03 16:52:45] dbg: [script:4] [0] [I] RIVER_SURVEY_READY {"map_width":128,"map_height":128,"river_tiles":380,"read_only_tile_queries":true}
‎*** Game paused (manual)
Saving map...
[2026-10-03 16:52:46] dbg: [script:3] [0] [W] Save function is not implemented
[2026-10-03 16:52:46] dbg: [script:3] [0] [W] Save function is not implemented
Map successfully saved to 'river-survey.sav'.
[2026-10-03 16:52:46] dbg: [net:3] Initializing UDP listeners
[2026-10-03 16:52:46] dbg: [net:3] Shutting down network
