[2026-10-03 08:56:10] dbg: [net:3] Starting dedicated server, version opentt3d-dev-20261003.41
[2026-10-03 08:56:10] dbg: [net:3] Starting network
[2026-10-03 08:56:10] dbg: [net:3] Initializing UDP listeners
[2026-10-03 08:56:10] dbg: [net:3] Network online, multiplayer available
[2026-10-03 08:56:10] dbg: [net:3] Detected broadcast addresses:
[2026-10-03 08:56:10] dbg: [net:3]   0) 192.168.1.255
[2026-10-03 08:56:10] dbg: [net:3] Using certificate file: /etc/ssl/cert.pem
[2026-10-03 08:56:10] dbg: [net:3] Using certificate path: none
OpenTTD Game Console Revision 7 - opentt3d-dev-20261003.41
------------------------------------
use "help" for more information.

[2026-10-03 08:56:10] dbg: [net:1] No "client_name" has been set, using "Unnamed Client" instead. Please set this now using the "name <new name>" command
[2026-10-03 08:56:10] dbg: [net:1] No "server_name" has been set, using "Unnamed Server" instead. Please set this now using the "server_name <new name>" command
[2026-10-03 08:56:10] dbg: [net:3] Initializing UDP listeners
[2026-10-03 08:56:10] dbg: [net:3] Initializing UDP listeners
[2026-10-03 08:56:10] dbg: [net:3] Listening on 127.0.0.1:51737 (IPv4)
[2026-10-03 08:56:10] dbg: [net:3] Listening on 127.0.0.1:51737 (IPv4)
[2026-10-03 08:56:10] dbg: [net:3] Network revision name: opentt3d-dev-20261003.41
[2026-10-03 08:56:10] dbg: [net:3] [crypto] Creating a new random key
Game is already unpaused.
[2026-10-03 08:56:10] dbg: [script:4] [0] [I] HQ_NATURAL_READY {"hq_x":78,"hq_y":16,"surface_height":4,"tunnel_x":75,"tunnel_y":16,"tunnel_end_x":83,"tunnel_end_y":16,"surface_unchanged":true}
‎*** Game paused (manual)
Saving map...
Map successfully saved to 'hq-natural-initial.sav'.
‎*** Game unpaused (manual)
‎*** Game paused (manual)
Saving map...
Map successfully saved to 'hq-natural-final.sav'.
[2026-10-03 08:56:11] dbg: [net:3] Initializing UDP listeners
[2026-10-03 08:56:11] dbg: [net:3] Shutting down network
