[2026-10-03 18:28:13] dbg: [driver:1] Successfully loaded blitter '32bpp-optimized'
[2026-10-03 18:28:13] dbg: [driver:1] OpenTT3D: Cocoa process 57000
[2026-10-03 18:28:13] dbg: [driver:1] OpenGL driver: Apple - Apple M3 Pro (4.1 Metal - 90.5)
[2026-10-03 18:28:13] dbg: [driver:2] OpenGL shading language version: 4.10, texture units = 80
[2026-10-03 18:28:13] dbg: [driver:1] Successfully loaded video driver 'cocoa-opengl'
[2026-10-03 18:28:13] dbg: [driver:1] Successfully loaded sound driver 'null'
[2026-10-03 18:28:13] dbg: [driver:1] Successfully loaded music driver 'null'
[2026-10-03 18:28:14] dbg: [driver:1] OpenTT3D: background Cocoa window active=false, key=false, visible=false, policy=2
[2026-10-03 18:28:14] dbg: [driver:1] using thread for game-loop
[2026-10-03 18:28:14] dbg: [driver:1] OpenTT3D: exported 24 original object layouts with 13 separate body layers and 11 ground-only HQ slots (five HQ sizes)
[2026-10-03 18:28:27] dbg: [driver:1] OpenTT3D: loaded 1915 authored voxel models, 17785862 occupied cells, 12516896 exposed cell faces merged to 2723798 conforming rectangles / 21053432 triangles
[2026-10-03 18:28:27] dbg: [driver:1] OpenTT3D: retained lossless voxel sources use 37617680 bytes instead of 1794874548 dense cell bytes, with one shared palette
[2026-10-03 18:28:27] dbg: [driver:1] OpenTT3D: CPU voxel surfaces retain 1068767120 bytes under a scene-pinned soft budget, including 195155120 exact restoration bytes
[2026-10-03 18:28:27] dbg: [driver:1] OpenTT3D: focused voxel object 4 size 0 at 45,8
[2026-10-03 18:28:27] dbg: [driver:2] OpenTT3D: pre-existing OpenGL error before mesh pass (1286)
[2026-10-03 18:28:27] dbg: [driver:1] OpenTT3D: depth-tested mesh renderer initialized
[2026-10-03 18:28:32] dbg: [driver:1] OpenTT3D: exported voxel turntables, street-level views and neighbouring-building context (prefix 'hq_')
[2026-10-03 18:28:32] dbg: [driver:1] OpenTT3D: 4 CPU voxel retirement/rebuild views preserve scene pins, stable GPU keys, exact colour, transparency and picking
[2026-10-03 18:28:32] dbg: [driver:1] OpenTT3D: 0 voxel effect views preserve original sprite/climate selection, altitude, opacity, fixed orientation and unclickable ownership
[2026-10-03 18:28:32] dbg: [driver:1] OpenTT3D: 0 unauthored effect sources preserve their original fallback in climate 2
[2026-10-03 18:28:32] dbg: [driver:1] OpenTT3D: 1 incomplete/custom/unavailable original object families retain every source ground/body layer in climate 2
[2026-10-03 18:28:32] dbg: [driver:1] OpenTT3D: 320 original HQ ground views preserve independent opaque source ownership, all16 company palettes and intentional body absences
[2026-10-03 18:28:34] dbg: [driver:1] OpenTT3D: 145 independent HQ owner LOD views preserve exact occupied/air boundaries, automatic factors1/2/4/8/16, source transforms, opacity and tile picking
[2026-10-03 18:28:34] dbg: [driver:1] OpenTT3D: 145 independent HQ owner LOD rebuild views preserve copied-scene pins, stable mesh identities and exact vertex words/RGBA/picking
[2026-10-03 18:28:34] dbg: [driver:1] OpenTT3D: 60 joined original HQ views preserve four source anchors, ground/body visibility and independent tile picking
[2026-10-03 18:28:35] dbg: [driver:1] OpenTT3D: 288 original object views preserve source layout/climate, anchors, all16 company palettes and transparent picking
[2026-10-03 18:28:35] dbg: [driver:1] OpenTT3D: 0 house variant/construction bindings select their explicit geometry and original palettes
[2026-10-03 18:28:35] dbg: [driver:1] OpenTT3D: 0 voxel house-ground bindings preserve source palettes, empty body stages and opaque floor ownership
[2026-10-03 18:28:45] dbg: [driver:1] OpenTT3D: 2784 authored voxel views match unmerged geometry, CPU instances, palette recolouring and transparent picking; exact palette relocation passed
[2026-10-03 18:28:45] dbg: [driver:1] OpenTT3D: 0 joined multi-tile house views preserve exact cell references and independent tile picking
[2026-10-03 18:28:45] dbg: [driver:1] OpenTT3D: 0 voxel airport ground/body views preserve independent opaque ground, exact CPU colour and visible/transparent/hidden picking
[2026-10-03 18:28:45] dbg: [driver:1] OpenTT3D: 0 airport layer bindings retain their supplied source because the active climate has no matching authored volume
[2026-10-03 18:28:45] dbg: [driver:1] OpenTT3D: voxel mesh selection 'hq_' passed exact geometry, palettes and picking
[2026-10-03 18:28:45] dbg: [driver:1] OpenTT3D: loaded 62 profiles from opentt3d-trees.json
[2026-10-03 18:28:45] dbg: [driver:1] OpenTT3D: live projected tree 1905 stage 3 captured at 95,3
[2026-10-03 18:28:45] dbg: [driver:1] OpenTT3D: live projected tree 1884 stage 4 captured at 95,3
[2026-10-03 18:28:45] dbg: [driver:1] OpenTT3D: live projected tree 1884 stage 3 captured at 96,3
[2026-10-03 18:28:45] dbg: [driver:1] OpenTT3D: live projected tree 1884 stage 6 captured at 96,4
[2026-10-03 18:28:45] dbg: [driver:1] OpenTT3D: live projected tree 1821 stage 1 captured at 95,5
[2026-10-03 18:28:45] dbg: [driver:1] OpenTT3D: live projected tree 1940 stage 3 captured at 96,5
[2026-10-03 18:28:45] dbg: [driver:1] OpenTT3D: live projected tree 1828 stage 3 captured at 96,5
[2026-10-03 18:28:45] dbg: [driver:1] OpenTT3D: live projected tree 1940 stage 5 captured at 97,6
[2026-10-03 18:28:45] dbg: [driver:1] OpenTT3D: live projected tree 1912 stage 3 captured at 94,7
[2026-10-03 18:28:45] dbg: [driver:1] OpenTT3D: live projected tree 1919 stage 0 captured at 94,7
[2026-10-03 18:28:45] dbg: [driver:1] OpenTT3D: live projected tree 1821 stage 3 captured at 95,7
[2026-10-03 18:28:45] dbg: [driver:1] OpenTT3D: live projected tree 1828 stage 5 captured at 96,7
[2026-10-03 18:28:45] dbg: [driver:1] OpenTT3D: live projected tree 1891 stage 2 captured at 97,7
[2026-10-03 18:28:45] dbg: [driver:1] OpenTT3D: live projected tree 1835 stage 3 captured at 97,7
[2026-10-03 18:28:45] dbg: [driver:1] OpenTT3D: live projected tree 1828 stage 6 captured at 98,7
[2026-10-03 18:28:45] dbg: [driver:1] OpenTT3D: live projected tree 1905 stage 6 captured at 96,9
[2026-10-03 18:28:45] dbg: [driver:1] OpenTT3D: live voxel house ground 84 construction stage 3 captured at 100,9
[2026-10-03 18:28:45] dbg: [driver:1] OpenTT3D: live voxel house ground 84 construction stage 3 variant 2 captured
[2026-10-03 18:28:45] dbg: [driver:1] OpenTT3D: live voxel house 84 construction stage 3 captured at 100,9
[2026-10-03 18:28:45] dbg: [driver:1] OpenTT3D: live voxel house 84 construction stage 3 variant 2 captured
[2026-10-03 18:28:45] dbg: [driver:1] OpenTT3D: live voxel house ground 81 construction stage 3 captured at 92,10
[2026-10-03 18:28:45] dbg: [driver:1] OpenTT3D: live voxel house ground 81 construction stage 3 variant 3 captured
[2026-10-03 18:28:45] dbg: [driver:1] OpenTT3D: live voxel house 81 construction stage 3 captured at 92,10
[2026-10-03 18:28:45] dbg: [driver:1] OpenTT3D: live voxel house 81 construction stage 3 variant 3 captured
[2026-10-03 18:28:45] dbg: [driver:1] OpenTT3D: live voxel house ground 81 construction stage 3 captured at 93,10
[2026-10-03 18:28:45] dbg: [driver:1] OpenTT3D: live voxel house ground 81 construction stage 3 variant 2 captured
[2026-10-03 18:28:45] dbg: [driver:1] OpenTT3D: live voxel house 81 construction stage 3 captured at 93,10
[2026-10-03 18:28:45] dbg: [driver:1] OpenTT3D: live voxel house 81 construction stage 3 variant 2 captured
[2026-10-03 18:28:45] dbg: [driver:1] OpenTT3D: live voxel house ground 81 construction stage 3 captured at 94,10
[2026-10-03 18:28:45] dbg: [driver:1] OpenTT3D: live voxel house ground 81 construction stage 3 variant 1 captured
[2026-10-03 18:28:45] dbg: [driver:1] OpenTT3D: live voxel house 81 construction stage 3 captured at 94,10
[2026-10-03 18:28:45] dbg: [driver:1] OpenTT3D: live voxel house 81 construction stage 3 variant 1 captured
[2026-10-03 18:28:45] dbg: [driver:1] OpenTT3D: live voxel house ground 89 construction stage 3 captured at 95,10
[2026-10-03 18:28:45] dbg: [driver:1] OpenTT3D: live voxel house ground 89 construction stage 3 variant 0 captured
[2026-10-03 18:28:45] dbg: [driver:1] OpenTT3D: live voxel house 89 construction stage 3 captured at 95,10
[2026-10-03 18:28:45] dbg: [driver:1] OpenTT3D: live voxel house 89 construction stage 3 variant 0 captured
[2026-10-03 18:28:45] dbg: [driver:1] OpenTT3D: live voxel house ground 79 construction stage 3 captured at 96,10
[2026-10-03 18:28:45] dbg: [driver:1] OpenTT3D: live voxel house ground 79 construction stage 3 variant 0 captured
[2026-10-03 18:28:45] dbg: [driver:1] OpenTT3D: live voxel house 79 construction stage 3 captured at 96,10
[2026-10-03 18:28:45] dbg: [driver:1] OpenTT3D: live voxel house 79 construction stage 3 variant 0 captured
[2026-10-03 18:28:45] dbg: [driver:1] OpenTT3D: live voxel house ground 80 construction stage 3 captured at 98,10
[2026-10-03 18:28:45] dbg: [driver:1] OpenTT3D: live voxel house ground 80 construction stage 3 variant 2 captured
[2026-10-03 18:28:45] dbg: [driver:1] OpenTT3D: live voxel house 80 construction stage 3 captured at 98,10
[2026-10-03 18:28:45] dbg: [driver:1] OpenTT3D: live voxel house 80 construction stage 3 variant 2 captured
[2026-10-03 18:28:45] dbg: [driver:1] OpenTT3D: 33 ground-detail tiles rendered with raised crops, hay, rocks or turf
[2026-10-03 18:28:45] dbg: [driver:1] OpenTT3D: 8 unmodelled reference sprites in this view (release coverage is incomplete)
[2026-10-03 18:28:45] dbg: [driver:1] OpenTT3D: live voxel house ground 89 construction stage 3 captured at 96,11
[2026-10-03 18:28:45] dbg: [driver:1] OpenTT3D: live voxel house ground 89 construction stage 3 variant 1 captured
[2026-10-03 18:28:45] dbg: [driver:1] OpenTT3D: live voxel house 89 construction stage 3 captured at 96,11
[2026-10-03 18:28:45] dbg: [driver:1] OpenTT3D: live voxel house 89 construction stage 3 variant 1 captured
[2026-10-03 18:28:45] dbg: [driver:1] OpenTT3D: live voxel house ground 84 construction stage 3 captured at 97,11
[2026-10-03 18:28:45] dbg: [driver:1] OpenTT3D: live voxel house ground 84 construction stage 3 variant 0 captured
[2026-10-03 18:28:45] dbg: [driver:1] OpenTT3D: live voxel house 84 construction stage 3 captured at 97,11
[2026-10-03 18:28:45] dbg: [driver:1] OpenTT3D: live voxel house 84 construction stage 3 variant 0 captured
[2026-10-03 18:28:45] dbg: [driver:1] OpenTT3D: live voxel house ground 80 construction stage 3 captured at 98,11
[2026-10-03 18:28:45] dbg: [driver:1] OpenTT3D: live voxel house ground 80 construction stage 3 variant 3 captured
[2026-10-03 18:28:45] dbg: [driver:1] OpenTT3D: live voxel house 80 construction stage 3 captured at 98,11
[2026-10-03 18:28:45] dbg: [driver:1] OpenTT3D: live voxel house 80 construction stage 3 variant 3 captured
[2026-10-03 18:28:45] dbg: [driver:1] OpenTT3D: live voxel house ground 82 construction stage 3 captured at 100,11
[2026-10-03 18:28:45] dbg: [driver:1] OpenTT3D: live voxel house ground 82 construction stage 3 variant 0 captured
[2026-10-03 18:28:45] dbg: [driver:1] OpenTT3D: live voxel house 82 construction stage 3 captured at 100,11
[2026-10-03 18:28:45] dbg: [driver:1] OpenTT3D: live voxel house 82 construction stage 3 variant 0 captured
[2026-10-03 18:28:45] dbg: [driver:1] OpenTT3D: live voxel house ground 82 construction stage 3 captured at 97,13
[2026-10-03 18:28:45] dbg: [driver:1] OpenTT3D: live voxel house ground 82 construction stage 3 variant 1 captured
[2026-10-03 18:28:45] dbg: [driver:1] OpenTT3D: live voxel house 82 construction stage 3 captured at 97,13
[2026-10-03 18:28:45] dbg: [driver:1] OpenTT3D: live voxel house 82 construction stage 3 variant 1 captured
[2026-10-03 18:28:45] dbg: [driver:1] OpenTT3D: live voxel house ground 83 construction stage 3 captured at 98,13
[2026-10-03 18:28:45] dbg: [driver:1] OpenTT3D: live voxel house ground 83 construction stage 3 variant 0 captured
[2026-10-03 18:28:45] dbg: [driver:1] OpenTT3D: live voxel house 83 construction stage 3 captured at 98,13
[2026-10-03 18:28:45] dbg: [driver:1] OpenTT3D: live voxel house 83 construction stage 3 variant 0 captured
[2026-10-03 18:28:45] dbg: [driver:1] OpenTT3D: live voxel house ground 79 construction stage 3 captured at 100,13
[2026-10-03 18:28:45] dbg: [driver:1] OpenTT3D: live voxel house ground 79 construction stage 3 variant 1 captured
[2026-10-03 18:28:45] dbg: [driver:1] OpenTT3D: live voxel house 79 construction stage 3 captured at 100,13
[2026-10-03 18:28:45] dbg: [driver:1] OpenTT3D: live voxel house 79 construction stage 3 variant 1 captured
[2026-10-03 18:28:45] dbg: [driver:1] OpenTT3D: live voxel house ground 79 construction stage 3 captured at 101,13
[2026-10-03 18:28:45] dbg: [driver:1] OpenTT3D: live voxel house ground 79 construction stage 3 variant 2 captured
[2026-10-03 18:28:45] dbg: [driver:1] OpenTT3D: live voxel house 79 construction stage 3 captured at 101,13
[2026-10-03 18:28:45] dbg: [driver:1] OpenTT3D: live voxel house 79 construction stage 3 variant 2 captured
[2026-10-03 18:28:45] dbg: [driver:1] OpenTT3D: live voxel house ground 79 construction stage 3 captured at 97,15
[2026-10-03 18:28:45] dbg: [driver:1] OpenTT3D: live voxel house ground 79 construction stage 3 variant 3 captured
[2026-10-03 18:28:45] dbg: [driver:1] OpenTT3D: live voxel house 79 construction stage 3 captured at 97,15
[2026-10-03 18:28:45] dbg: [driver:1] OpenTT3D: live voxel house 79 construction stage 3 variant 3 captured
[2026-10-03 18:28:45] dbg: [driver:1] OpenTT3D: live voxel house ground 82 construction stage 3 captured at 98,15
[2026-10-03 18:28:45] dbg: [driver:1] OpenTT3D: live voxel house ground 82 construction stage 3 variant 2 captured
[2026-10-03 18:28:45] dbg: [driver:1] OpenTT3D: live voxel house 82 construction stage 3 captured at 98,15
[2026-10-03 18:28:45] dbg: [driver:1] OpenTT3D: live voxel house 82 construction stage 3 variant 2 captured
[2026-10-03 18:28:45] dbg: [driver:1] OpenTT3D: live projected tree 1898 stage 3 captured at 108,8
[2026-10-03 18:28:45] dbg: [driver:1] OpenTT3D: live projected tree 1926 stage 3 captured at 108,8
[2026-10-03 18:28:45] dbg: [driver:1] OpenTT3D: live projected tree 1842 stage 2 captured at 108,8
[2026-10-03 18:28:45] dbg: [driver:1] OpenTT3D: live projected tree 1877 stage 3 captured at 109,8
[2026-10-03 18:28:45] dbg: [driver:1] OpenTT3D: live projected tree 1870 stage 3 captured at 109,8
[2026-10-03 18:28:45] dbg: [driver:1] OpenTT3D: live projected tree 1828 stage 1 captured at 108,9
[2026-10-03 18:28:45] dbg: [driver:1] OpenTT3D: live projected tree 1821 stage 2 captured at 106,10
[2026-10-03 18:28:45] dbg: [driver:1] OpenTT3D: live projected tree 1821 stage 6 captured at 107,10
[2026-10-03 18:28:45] dbg: [driver:1] OpenTT3D: live projected tree 1891 stage 6 captured at 106,13
[2026-10-03 18:28:45] dbg: [driver:1] OpenTT3D: live projected tree 1926 stage 5 captured at 101,3
[2026-10-03 18:28:45] dbg: [driver:1] OpenTT3D: live projected tree 1863 stage 3 captured at 102,6
[2026-10-03 18:28:45] dbg: [driver:1] OpenTT3D: live projected tree 1898 stage 2 captured at 102,6
[2026-10-03 18:28:45] dbg: [driver:1] OpenTT3D: live projected tree 1842 stage 3 captured at 102,6
[2026-10-03 18:28:45] dbg: [driver:1] OpenTT3D: live projected tree 1877 stage 1 captured at 104,7
[2026-10-03 18:28:45] dbg: [driver:1] OpenTT3D: 64 roof/wall pixels select their owning tile across four rotations, with independent vehicle picking
[2026-10-03 18:28:45] dbg: [driver:1] OpenTT3D: live voxel object 3 size 0 part 0 body climate 2 source 4790 captured at 43,8 with original body ownership
[2026-10-03 18:28:45] dbg: [driver:1] OpenTT3D: live projected tree 1933 stage 2 captured at 44,8
[2026-10-03 18:28:45] dbg: [driver:1] OpenTT3D: live voxel object 4 size 0 part 0 ground climate 2 source 2603 captured at 45,8 with original ground ownership
[2026-10-03 18:28:45] dbg: [driver:1] OpenTT3D: live voxel object 4 size 0 part 1 ground climate 2 source 2605 captured at 46,8 with original ground ownership
[2026-10-03 18:28:45] dbg: [driver:1] OpenTT3D: live voxel object 3 size 0 part 0 body climate 2 source 4790 captured at 47,8 with original body ownership
[2026-10-03 18:28:45] dbg: [driver:1] OpenTT3D: live voxel object 4 size 0 part 2 ground climate 2 source 2604 captured at 45,9 with original ground ownership
[2026-10-03 18:28:45] dbg: [driver:1] OpenTT3D: live voxel object 4 size 0 part 3 ground climate 2 source 2606 captured at 46,9 with original ground ownership
[2026-10-03 18:28:45] dbg: [driver:1] OpenTT3D: live projected tree 1933 stage 3 captured at 42,10
[2026-10-03 18:28:45] dbg: [driver:1] OpenTT3D: live projected tree 1842 stage 4 captured at 42,10
[2026-10-03 18:28:45] dbg: [driver:1] OpenTT3D: whole-world atlas relocation preserves 1228800 exact RGBA/picking pixels across repack, clear and forced row relocation
[2026-10-03 18:28:45] dbg: [driver:1] OpenTT3D: captured OpenGL presentation with 1 GPU viewport regions
