[2026-10-03 19:53:36] dbg: [driver:1] Successfully loaded blitter '32bpp-optimized'
[2026-10-03 19:53:36] dbg: [driver:1] OpenTT3D: Cocoa process 71987
[2026-10-03 19:53:36] dbg: [driver:1] OpenGL driver: Apple - Apple M3 Pro (4.1 Metal - 90.5)
[2026-10-03 19:53:36] dbg: [driver:2] OpenGL shading language version: 4.10, texture units = 80
[2026-10-03 19:53:36] dbg: [driver:1] Successfully loaded video driver 'cocoa-opengl'
[2026-10-03 19:53:36] dbg: [driver:1] Successfully loaded sound driver 'null'
[2026-10-03 19:53:36] dbg: [driver:1] Successfully loaded music driver 'null'
[2026-10-03 19:53:37] dbg: [driver:1] OpenTT3D: background Cocoa window active=false, key=false, visible=false, policy=2
[2026-10-03 19:53:37] dbg: [driver:1] using thread for game-loop
[2026-10-03 19:53:37] dbg: [driver:1] OpenTT3D: loaded 62 profiles from opentt3d-trees.json
[2026-10-03 19:53:37] dbg: [driver:1] OpenTT3D: retained live water source tile 38,12 role ground sprite 9972 at original height 0
[2026-10-03 19:53:51] dbg: [driver:1] OpenTT3D: loaded 1879 authored voxel models, 18030699 occupied cells, 12403230 exposed cell faces merged to 2716566 conforming rectangles / 20904444 triangles
[2026-10-03 19:53:51] dbg: [driver:1] OpenTT3D: retained lossless voxel sources use 37959552 bytes instead of 1735511220 dense cell bytes, with one shared palette
[2026-10-03 19:53:51] dbg: [driver:1] OpenTT3D: CPU voxel surfaces retain 1066947232 bytes under a scene-pinned soft budget, including 193335232 exact restoration bytes
[2026-10-03 19:53:52] dbg: [driver:1] OpenTT3D: retained live water source tile 38,12 role body sprite 10002 at original height 0
[2026-10-03 19:53:52] dbg: [driver:1] OpenTT3D: retained live water source tile 38,12 role body sprite 10006 at original height 0
[2026-10-03 19:53:52] dbg: [driver:1] OpenTT3D: live voxel lock wall 10 part 1 direction 2 face 0 climate 3 base 9992 family 9992 source 10002 captured at 38,12 origin 608,192,0 opacity 1 with independent original water ground
[2026-10-03 19:53:52] dbg: [driver:1] OpenTT3D: live voxel lock wall 14 part 1 direction 2 face 1 climate 3 base 9992 family 9992 source 10006 captured at 38,12 origin 608,207,0 opacity 1 with independent original water ground
[2026-10-03 19:53:52] dbg: [driver:1] OpenTT3D: retained live water source tile 39,12 role ground sprite 9975 at original height 0
[2026-10-03 19:53:52] dbg: [driver:1] OpenTT3D: retained live water source tile 39,12 role body sprite 9994 at original height 0
[2026-10-03 19:53:52] dbg: [driver:1] OpenTT3D: retained live water source tile 39,12 role body sprite 9998 at original height 0
[2026-10-03 19:53:52] dbg: [driver:1] OpenTT3D: live voxel lock wall 2 part 0 direction 2 face 0 climate 3 base 9992 family 9992 source 9994 captured at 39,12 origin 624,192,0 opacity 1 with independent original water ground
[2026-10-03 19:53:52] dbg: [driver:1] OpenTT3D: live voxel lock wall 6 part 0 direction 2 face 1 climate 3 base 9992 family 9992 source 9998 captured at 39,12 origin 624,207,0 opacity 1 with independent original water ground
[2026-10-03 19:53:52] dbg: [driver:1] OpenTT3D: retained live water source tile 40,12 role ground sprite 9972 at original height 8
[2026-10-03 19:53:52] dbg: [driver:1] OpenTT3D: retained live water source tile 40,12 role body sprite 10010 at original height 8
[2026-10-03 19:53:52] dbg: [driver:1] OpenTT3D: retained live water source tile 40,12 role body sprite 10014 at original height 8
[2026-10-03 19:53:52] dbg: [driver:1] OpenTT3D: live voxel lock wall 18 part 2 direction 2 face 0 climate 3 base 9992 family 9992 source 10010 captured at 40,12 origin 640,192,16 opacity 1 with independent original water ground
[2026-10-03 19:53:52] dbg: [driver:1] OpenTT3D: live voxel lock wall 22 part 2 direction 2 face 1 climate 3 base 9992 family 9992 source 10014 captured at 40,12 origin 640,207,16 opacity 1 with independent original water ground
[2026-10-03 19:53:52] dbg: [driver:1] OpenTT3D: retained live water source tile 51,16 role ground sprite 9977 at original height 8
[2026-10-03 19:53:52] dbg: [driver:1] OpenTT3D: retained live water source tile 51,16 role body sprite 10026 at original height 8
[2026-10-03 19:53:52] dbg: [driver:1] OpenTT3D: retained live water source tile 51,16 role body sprite 10030 at original height 8
[2026-10-03 19:53:52] dbg: [driver:1] OpenTT3D: live voxel lock wall 34 part 1 direction 2 face 0 climate 3 base 10016 family 9992 source 10026 captured at 51,16 origin 816,256,16 opacity 1 with independent original water ground
[2026-10-03 19:53:52] dbg: [driver:1] OpenTT3D: live voxel lock wall 38 part 1 direction 2 face 1 climate 3 base 10016 family 9992 source 10030 captured at 51,16 origin 816,271,16 opacity 1 with independent original water ground
[2026-10-03 19:53:52] dbg: [driver:1] OpenTT3D: retained live water source tile 52,16 role ground sprite 9980 at original height 8
[2026-10-03 19:53:52] dbg: [driver:1] OpenTT3D: retained live water source tile 52,16 role body sprite 10018 at original height 8
[2026-10-03 19:53:52] dbg: [driver:1] OpenTT3D: retained live water source tile 52,16 role body sprite 10022 at original height 8
[2026-10-03 19:53:52] dbg: [driver:1] OpenTT3D: live voxel lock wall 26 part 0 direction 2 face 0 climate 3 base 10016 family 9992 source 10018 captured at 52,16 origin 832,256,16 opacity 1 with independent original water ground
[2026-10-03 19:53:52] dbg: [driver:1] OpenTT3D: live voxel lock wall 30 part 0 direction 2 face 1 climate 3 base 10016 family 9992 source 10022 captured at 52,16 origin 832,271,16 opacity 1 with independent original water ground
[2026-10-03 19:53:52] dbg: [driver:1] OpenTT3D: retained live water source tile 53,16 role ground sprite 9977 at original height 16
[2026-10-03 19:53:52] dbg: [driver:1] OpenTT3D: retained live water source tile 53,16 role body sprite 10034 at original height 16
[2026-10-03 19:53:52] dbg: [driver:1] OpenTT3D: retained live water source tile 53,16 role body sprite 10038 at original height 16
[2026-10-03 19:53:52] dbg: [driver:1] OpenTT3D: live voxel lock wall 42 part 2 direction 2 face 0 climate 3 base 10016 family 9992 source 10034 captured at 53,16 origin 848,256,32 opacity 1 with independent original water ground
[2026-10-03 19:53:52] dbg: [driver:1] OpenTT3D: live voxel lock wall 46 part 2 direction 2 face 1 climate 3 base 10016 family 9992 source 10038 captured at 53,16 origin 848,271,32 opacity 1 with independent original water ground
[2026-10-03 19:53:52] dbg: [driver:1] OpenTT3D: retained river selector tile 37,30 feature 5 base 11289 offset 0->0 sprite 11289 absent false
[2026-10-03 19:53:52] dbg: [driver:1] OpenTT3D: retained river selector tile 37,30 feature 6 base 10604 offset 0->0 sprite 10604 absent false
[2026-10-03 19:53:52] dbg: [driver:1] OpenTT3D: retained river selector tile 37,30 feature 6 base 10604 offset 3->3 sprite 10607 absent false
[2026-10-03 19:53:52] dbg: [driver:1] OpenTT3D: retained river selector tile 37,30 feature 6 base 10604 offset 7->7 sprite 10611 absent false
[2026-10-03 19:53:52] dbg: [driver:1] OpenTT3D: retained river selector tile 38,30 feature 5 base 11289 offset 0->0 sprite 11289 absent false
[2026-10-03 19:53:52] dbg: [driver:1] OpenTT3D: retained river selector tile 38,30 feature 6 base 10604 offset 3->3 sprite 10607 absent false
[2026-10-03 19:53:52] dbg: [driver:1] OpenTT3D: retained river selector tile 39,30 feature 5 base 11289 offset 0->0 sprite 11289 absent false
[2026-10-03 19:53:52] dbg: [driver:1] OpenTT3D: retained river selector tile 39,30 feature 6 base 10604 offset 3->3 sprite 10607 absent false
[2026-10-03 19:53:52] dbg: [driver:1] OpenTT3D: retained river selector tile 39,30 feature 6 base 10604 offset 9->9 sprite 10613 absent false
[2026-10-03 19:53:52] dbg: [driver:1] OpenTT3D: retained river selector tile 40,30 feature 5 base 11289 offset 0->0 sprite 11289 absent false
[2026-10-03 19:53:52] dbg: [driver:1] OpenTT3D: retained river selector tile 40,30 feature 6 base 10604 offset 1->1 sprite 10605 absent false
[2026-10-03 19:53:52] dbg: [driver:1] OpenTT3D: retained river selector tile 40,30 feature 6 base 10604 offset 3->3 sprite 10607 absent false
[2026-10-03 19:53:52] dbg: [driver:1] OpenTT3D: retained river selector tile 41,30 feature 5 base 11289 offset 0->0 sprite 11289 absent false
[2026-10-03 19:53:52] dbg: [driver:1] OpenTT3D: retained river selector tile 41,30 feature 6 base 10604 offset 1->1 sprite 10605 absent false
[2026-10-03 19:53:52] dbg: [driver:1] OpenTT3D: retained river selector tile 41,30 feature 6 base 10604 offset 3->3 sprite 10607 absent false
[2026-10-03 19:53:52] dbg: [driver:1] OpenTT3D: retained river selector tile 42,30 feature 5 base 11289 offset 0->0 sprite 11289 absent false
[2026-10-03 19:53:52] dbg: [driver:1] OpenTT3D: retained river selector tile 42,30 feature 6 base 10604 offset 2->2 sprite 10606 absent false
[2026-10-03 19:53:52] dbg: [driver:1] OpenTT3D: retained river selector tile 42,30 feature 6 base 10604 offset 3->3 sprite 10607 absent false
[2026-10-03 19:53:52] dbg: [driver:1] OpenTT3D: retained river selector tile 42,30 feature 6 base 10604 offset 8->8 sprite 10612 absent false
[2026-10-03 19:53:52] dbg: [driver:1] OpenTT3D: retained river selector tile 42,30 feature 6 base 10604 offset 6->6 sprite 10610 absent false
[2026-10-03 19:53:52] dbg: [driver:1] OpenTT3D: retained river selector tile 34,31 feature 5 base 11284 offset 3->3 sprite 11287 absent false
[2026-10-03 19:53:52] dbg: [driver:1] OpenTT3D: retained live water source tile 34,31 role ground sprite 11287 at original height 0
[2026-10-03 19:53:52] dbg: [driver:1] OpenTT3D: retained river selector tile 34,31 feature 6 base 10544 offset 39->39 sprite 10583 absent false
[2026-10-03 19:53:52] dbg: [driver:1] OpenTT3D: retained live water source tile 34,31 role ground sprite 10583 at original height 0
[2026-10-03 19:53:52] dbg: [driver:1] OpenTT3D: retained river selector tile 35,31 feature 5 base 11289 offset 0->0 sprite 11289 absent false
[2026-10-03 19:53:52] dbg: [driver:1] OpenTT3D: retained river selector tile 35,31 feature 6 base 10604 offset 3->3 sprite 10607 absent false
[2026-10-03 19:53:52] dbg: [driver:1] OpenTT3D: retained river selector tile 36,31 feature 5 base 11289 offset 0->0 sprite 11289 absent false
[2026-10-03 19:53:52] dbg: [driver:1] OpenTT3D: retained river selector tile 36,31 feature 6 base 10604 offset 3->3 sprite 10607 absent false
[2026-10-03 19:53:52] dbg: [driver:1] OpenTT3D: retained river selector tile 37,31 feature 5 base 11289 offset 0->0 sprite 11289 absent false
[2026-10-03 19:53:52] dbg: [driver:1] OpenTT3D: retained river selector tile 37,31 feature 6 base 10604 offset 11->11 sprite 10615 absent false
[2026-10-03 19:53:52] dbg: [driver:1] OpenTT3D: retained river selector tile 38,31 feature 5 base 11289 offset 0->0 sprite 11289 absent false
[2026-10-03 19:53:52] dbg: [driver:1] OpenTT3D: retained river selector tile 38,31 feature 6 base 10604 offset 9->9 sprite 10613 absent false
[2026-10-03 19:53:52] dbg: [driver:1] OpenTT3D: retained river selector tile 39,31 feature 5 base 11289 offset 0->0 sprite 11289 absent false
[2026-10-03 19:53:52] dbg: [driver:1] OpenTT3D: retained river selector tile 39,31 feature 6 base 10604 offset 1->1 sprite 10605 absent false
[2026-10-03 19:53:52] dbg: [driver:1] OpenTT3D: retained river selector tile 39,31 feature 6 base 10604 offset 2->2 sprite 10606 absent false
[2026-10-03 19:53:52] dbg: [driver:1] OpenTT3D: retained river selector tile 39,31 feature 6 base 10604 offset 5->5 sprite 10609 absent false
[2026-10-03 19:53:52] dbg: [driver:1] OpenTT3D: retained river selector tile 42,31 feature 5 base 11289 offset 0->0 sprite 11289 absent false
[2026-10-03 19:53:52] dbg: [driver:1] OpenTT3D: retained river selector tile 42,31 feature 6 base 10604 offset 0->0 sprite 10604 absent false
[2026-10-03 19:53:52] dbg: [driver:1] OpenTT3D: retained river selector tile 42,31 feature 6 base 10604 offset 1->1 sprite 10605 absent false
[2026-10-03 19:53:52] dbg: [driver:1] OpenTT3D: retained river selector tile 42,31 feature 6 base 10604 offset 4->4 sprite 10608 absent false
[2026-10-03 19:53:52] dbg: [driver:1] OpenTT3D: retained river selector tile 42,31 feature 6 base 10604 offset 10->10 sprite 10614 absent false
[2026-10-03 19:53:52] dbg: [driver:1] OpenTT3D: retained river selector tile 43,31 feature 5 base 11289 offset 0->0 sprite 11289 absent false
[2026-10-03 19:53:52] dbg: [driver:1] OpenTT3D: retained river selector tile 43,31 feature 6 base 10604 offset 1->1 sprite 10605 absent false
[2026-10-03 19:53:52] dbg: [driver:1] OpenTT3D: retained river selector tile 43,31 feature 6 base 10604 offset 3->3 sprite 10607 absent false
[2026-10-03 19:53:52] dbg: [driver:1] OpenTT3D: retained river selector tile 44,31 feature 5 base 11289 offset 0->0 sprite 11289 absent false
[2026-10-03 19:53:52] dbg: [driver:1] OpenTT3D: retained river selector tile 44,31 feature 6 base 10604 offset 2->2 sprite 10606 absent false
[2026-10-03 19:53:52] dbg: [driver:1] OpenTT3D: retained river selector tile 44,31 feature 6 base 10604 offset 3->3 sprite 10607 absent false
[2026-10-03 19:53:52] dbg: [driver:1] OpenTT3D: retained river selector tile 44,31 feature 6 base 10604 offset 8->8 sprite 10612 absent false
[2026-10-03 19:53:52] dbg: [driver:1] OpenTT3D: retained river selector tile 44,31 feature 6 base 10604 offset 6->6 sprite 10610 absent false
[2026-10-03 19:53:52] dbg: [driver:1] OpenTT3D: retained river selector tile 34,32 feature 5 base 11284 offset 3->3 sprite 11287 absent false
[2026-10-03 19:53:52] dbg: [driver:1] OpenTT3D: retained live water source tile 34,32 role ground sprite 11287 at original height 0
[2026-10-03 19:53:52] dbg: [driver:1] OpenTT3D: retained river selector tile 34,32 feature 6 base 10544 offset 37->37 sprite 10581 absent false
[2026-10-03 19:53:52] dbg: [driver:1] OpenTT3D: retained live water source tile 34,32 role ground sprite 10581 at original height 0
[2026-10-03 19:53:52] dbg: [driver:1] OpenTT3D: retained river selector tile 35,32 feature 5 base 11289 offset 0->0 sprite 11289 absent false
[2026-10-03 19:53:52] dbg: [driver:1] OpenTT3D: retained river selector tile 35,32 feature 6 base 10604 offset 1->1 sprite 10605 absent false
[2026-10-03 19:53:52] dbg: [driver:1] OpenTT3D: retained river selector tile 36,32 feature 5 base 11289 offset 0->0 sprite 11289 absent false
[2026-10-03 19:53:52] dbg: [driver:1] OpenTT3D: retained river selector tile 36,32 feature 6 base 10604 offset 1->1 sprite 10605 absent false
[2026-10-03 19:53:52] dbg: [driver:1] OpenTT3D: retained river selector tile 37,32 feature 5 base 11289 offset 0->0 sprite 11289 absent false
[2026-10-03 19:53:52] dbg: [driver:1] OpenTT3D: retained river selector tile 37,32 feature 6 base 10604 offset 1->1 sprite 10605 absent false
[2026-10-03 19:53:52] dbg: [driver:1] OpenTT3D: retained river selector tile 38,32 feature 5 base 11289 offset 0->0 sprite 11289 absent false
[2026-10-03 19:53:52] dbg: [driver:1] OpenTT3D: retained river selector tile 38,32 feature 6 base 10604 offset 1->1 sprite 10605 absent false
[2026-10-03 19:53:52] dbg: [driver:1] OpenTT3D: retained river selector tile 38,32 feature 6 base 10604 offset 2->2 sprite 10606 absent false
[2026-10-03 19:53:52] dbg: [driver:1] OpenTT3D: retained river selector tile 38,32 feature 6 base 10604 offset 5->5 sprite 10609 absent false
[2026-10-03 19:53:52] dbg: [driver:1] OpenTT3D: retained river selector tile 44,32 feature 5 base 11289 offset 0->0 sprite 11289 absent false
[2026-10-03 19:53:52] dbg: [driver:1] OpenTT3D: retained river selector tile 44,32 feature 6 base 10604 offset 0->0 sprite 10604 absent false
[2026-10-03 19:53:52] dbg: [driver:1] OpenTT3D: retained river selector tile 44,32 feature 6 base 10604 offset 1->1 sprite 10605 absent false
[2026-10-03 19:53:52] dbg: [driver:1] OpenTT3D: retained river selector tile 44,32 feature 6 base 10604 offset 4->4 sprite 10608 absent false
[2026-10-03 19:53:52] dbg: [driver:1] OpenTT3D: retained river selector tile 44,32 feature 6 base 10604 offset 10->10 sprite 10614 absent false
[2026-10-03 19:53:52] dbg: [driver:1] OpenTT3D: retained river selector tile 45,32 feature 5 base 11289 offset 0->0 sprite 11289 absent false
[2026-10-03 19:53:52] dbg: [driver:1] OpenTT3D: retained river selector tile 45,32 feature 6 base 10604 offset 1->1 sprite 10605 absent false
[2026-10-03 19:53:52] dbg: [driver:1] OpenTT3D: retained river selector tile 45,32 feature 6 base 10604 offset 3->3 sprite 10607 absent false
[2026-10-03 19:53:52] dbg: [driver:1] OpenTT3D: retained river selector tile 46,32 feature 5 base 11289 offset 0->0 sprite 11289 absent false
[2026-10-03 19:53:52] dbg: [driver:1] OpenTT3D: retained river selector tile 46,32 feature 6 base 10604 offset 2->2 sprite 10606 absent false
[2026-10-03 19:53:52] dbg: [driver:1] OpenTT3D: retained river selector tile 46,32 feature 6 base 10604 offset 3->3 sprite 10607 absent false
[2026-10-03 19:53:52] dbg: [driver:1] OpenTT3D: retained river selector tile 46,32 feature 6 base 10604 offset 8->8 sprite 10612 absent false
[2026-10-03 19:53:52] dbg: [driver:1] OpenTT3D: retained river selector tile 46,32 feature 6 base 10604 offset 6->6 sprite 10610 absent false
[2026-10-03 19:53:52] dbg: [driver:1] OpenTT3D: retained river selector tile 46,33 feature 5 base 11289 offset 0->0 sprite 11289 absent false
[2026-10-03 19:53:52] dbg: [driver:1] OpenTT3D: retained river selector tile 46,33 feature 6 base 10604 offset 0->0 sprite 10604 absent false
[2026-10-03 19:53:52] dbg: [driver:1] OpenTT3D: retained river selector tile 46,33 feature 6 base 10604 offset 1->1 sprite 10605 absent false
[2026-10-03 19:53:52] dbg: [driver:1] OpenTT3D: retained river selector tile 46,33 feature 6 base 10604 offset 4->4 sprite 10608 absent false
[2026-10-03 19:53:52] dbg: [driver:1] OpenTT3D: retained river selector tile 46,33 feature 6 base 10604 offset 10->10 sprite 10614 absent false
[2026-10-03 19:53:52] dbg: [driver:1] OpenTT3D: retained river selector tile 47,33 feature 5 base 11289 offset 0->0 sprite 11289 absent false
[2026-10-03 19:53:52] dbg: [driver:1] OpenTT3D: retained river selector tile 47,33 feature 6 base 10604 offset 2->2 sprite 10606 absent false
[2026-10-03 19:53:52] dbg: [driver:1] OpenTT3D: retained river selector tile 47,33 feature 6 base 10604 offset 3->3 sprite 10607 absent false
[2026-10-03 19:53:52] dbg: [driver:1] OpenTT3D: retained river selector tile 47,33 feature 6 base 10604 offset 8->8 sprite 10612 absent false
[2026-10-03 19:53:52] dbg: [driver:1] OpenTT3D: retained river selector tile 47,33 feature 6 base 10604 offset 6->6 sprite 10610 absent false
[2026-10-03 19:53:52] dbg: [driver:1] OpenTT3D: live projected tree 1996 stage 1 captured at 43,34
[2026-10-03 19:53:52] dbg: [driver:1] OpenTT3D: retained river selector tile 47,34 feature 5 base 11289 offset 0->0 sprite 11289 absent false
[2026-10-03 19:53:52] dbg: [driver:1] OpenTT3D: retained river selector tile 47,34 feature 6 base 10604 offset 0->0 sprite 10604 absent false
[2026-10-03 19:53:52] dbg: [driver:1] OpenTT3D: retained river selector tile 47,34 feature 6 base 10604 offset 1->1 sprite 10605 absent false
[2026-10-03 19:53:52] dbg: [driver:1] OpenTT3D: retained river selector tile 47,34 feature 6 base 10604 offset 4->4 sprite 10608 absent false
[2026-10-03 19:53:52] dbg: [driver:1] OpenTT3D: retained river selector tile 47,34 feature 6 base 10604 offset 10->10 sprite 10614 absent false
[2026-10-03 19:53:52] dbg: [driver:1] OpenTT3D: retained river selector tile 48,34 feature 5 base 11289 offset 0->0 sprite 11289 absent false
[2026-10-03 19:53:52] dbg: [driver:1] OpenTT3D: retained river selector tile 48,34 feature 6 base 10604 offset 2->2 sprite 10606 absent false
[2026-10-03 19:53:52] dbg: [driver:1] OpenTT3D: retained river selector tile 48,34 feature 6 base 10604 offset 3->3 sprite 10607 absent false
[2026-10-03 19:53:52] dbg: [driver:1] OpenTT3D: retained river selector tile 48,34 feature 6 base 10604 offset 8->8 sprite 10612 absent false
[2026-10-03 19:53:52] dbg: [driver:1] OpenTT3D: retained river selector tile 48,34 feature 6 base 10604 offset 6->6 sprite 10610 absent false
[2026-10-03 19:53:52] dbg: [driver:1] OpenTT3D: retained river selector tile 48,35 feature 5 base 11289 offset 0->0 sprite 11289 absent false
[2026-10-03 19:53:52] dbg: [driver:1] OpenTT3D: retained river selector tile 48,35 feature 6 base 10604 offset 0->0 sprite 10604 absent false
[2026-10-03 19:53:52] dbg: [driver:1] OpenTT3D: retained river selector tile 48,35 feature 6 base 10604 offset 1->1 sprite 10605 absent false
[2026-10-03 19:53:52] dbg: [driver:1] OpenTT3D: retained river selector tile 48,35 feature 6 base 10604 offset 4->4 sprite 10608 absent false
[2026-10-03 19:53:52] dbg: [driver:1] OpenTT3D: retained river selector tile 48,35 feature 6 base 10604 offset 10->10 sprite 10614 absent false
[2026-10-03 19:53:52] dbg: [driver:1] OpenTT3D: retained river selector tile 49,35 feature 5 base 11289 offset 0->0 sprite 11289 absent false
[2026-10-03 19:53:52] dbg: [driver:1] OpenTT3D: retained river selector tile 49,35 feature 6 base 10604 offset 1->1 sprite 10605 absent false
[2026-10-03 19:53:52] dbg: [driver:1] OpenTT3D: retained river selector tile 49,35 feature 6 base 10604 offset 3->3 sprite 10607 absent false
[2026-10-03 19:53:52] dbg: [driver:1] OpenTT3D: retained river selector tile 50,35 feature 5 base 11289 offset 0->0 sprite 11289 absent false
[2026-10-03 19:53:52] dbg: [driver:1] OpenTT3D: retained river selector tile 50,35 feature 6 base 10604 offset 1->1 sprite 10605 absent false
[2026-10-03 19:53:52] dbg: [driver:1] OpenTT3D: retained river selector tile 50,35 feature 6 base 10604 offset 3->3 sprite 10607 absent false
[2026-10-03 19:53:52] dbg: [driver:1] OpenTT3D: retained river selector tile 51,35 feature 5 base 11289 offset 0->0 sprite 11289 absent false
[2026-10-03 19:53:52] dbg: [driver:1] OpenTT3D: retained river selector tile 51,35 feature 6 base 10604 offset 1->1 sprite 10605 absent false
[2026-10-03 19:53:52] dbg: [driver:1] OpenTT3D: retained river selector tile 51,35 feature 6 base 10604 offset 3->3 sprite 10607 absent false
[2026-10-03 19:53:52] dbg: [driver:1] OpenTT3D: retained river selector tile 52,35 feature 5 base 11289 offset 0->0 sprite 11289 absent false
[2026-10-03 19:53:52] dbg: [driver:1] OpenTT3D: retained river selector tile 52,35 feature 6 base 10604 offset 1->1 sprite 10605 absent false
[2026-10-03 19:53:52] dbg: [driver:1] OpenTT3D: retained river selector tile 52,35 feature 6 base 10604 offset 3->3 sprite 10607 absent false
[2026-10-03 19:53:52] dbg: [driver:1] OpenTT3D: retained river selector tile 53,35 feature 5 base 11289 offset 0->0 sprite 11289 absent false
[2026-10-03 19:53:52] dbg: [driver:1] OpenTT3D: retained river selector tile 53,35 feature 6 base 10604 offset 1->1 sprite 10605 absent false
[2026-10-03 19:53:52] dbg: [driver:1] OpenTT3D: retained river selector tile 53,35 feature 6 base 10604 offset 3->3 sprite 10607 absent false
[2026-10-03 19:53:52] dbg: [driver:1] OpenTT3D: retained river selector tile 54,35 feature 5 base 11289 offset 0->0 sprite 11289 absent false
[2026-10-03 19:53:52] dbg: [driver:1] OpenTT3D: retained river selector tile 54,35 feature 6 base 10604 offset 1->1 sprite 10605 absent false
[2026-10-03 19:53:52] dbg: [driver:1] OpenTT3D: retained river selector tile 54,35 feature 6 base 10604 offset 2->2 sprite 10606 absent false
[2026-10-03 19:53:52] dbg: [driver:1] OpenTT3D: retained river selector tile 54,35 feature 6 base 10604 offset 3->3 sprite 10607 absent false
[2026-10-03 19:53:52] dbg: [driver:1] OpenTT3D: retained river selector tile 54,35 feature 6 base 10604 offset 5->5 sprite 10609 absent false
[2026-10-03 19:53:52] dbg: [driver:1] OpenTT3D: retained river selector tile 54,35 feature 6 base 10604 offset 6->6 sprite 10610 absent false
[2026-10-03 19:53:52] dbg: [driver:1] OpenTT3D: live projected tree 1954 stage 3 captured at 40,36
[2026-10-03 19:53:52] dbg: [driver:1] OpenTT3D: live projected tree 1954 stage 4 captured at 40,36
[2026-10-03 19:53:52] dbg: [driver:1] OpenTT3D: live voxel house ground 99 construction stage 3 captured at 46,38
[2026-10-03 19:53:52] dbg: [driver:1] OpenTT3D: live voxel house ground 99 construction stage 3 variant 2 captured
[2026-10-03 19:53:52] dbg: [driver:1] OpenTT3D: live voxel house 99 construction stage 3 captured at 46,38
[2026-10-03 19:53:52] dbg: [driver:1] OpenTT3D: live voxel house 99 construction stage 3 variant 2 captured
[2026-10-03 19:53:52] dbg: [driver:1] OpenTT3D: live voxel house 97 construction stage 3 captured at 48,38
[2026-10-03 19:53:52] dbg: [driver:1] OpenTT3D: live voxel house 97 construction stage 3 variant 1 captured
[2026-10-03 19:53:52] dbg: [driver:1] OpenTT3D: live voxel house ground 100 construction stage 3 captured at 46,39
[2026-10-03 19:53:52] dbg: [driver:1] OpenTT3D: live voxel house ground 100 construction stage 3 variant 1 captured
[2026-10-03 19:53:52] dbg: [driver:1] OpenTT3D: live voxel house 100 construction stage 3 captured at 46,39
[2026-10-03 19:53:52] dbg: [driver:1] OpenTT3D: live voxel house 100 construction stage 3 variant 1 captured
[2026-10-03 19:53:52] dbg: [driver:2] OpenTT3D: source texture 4698 mip family request 2 decode 1.382 ms, preparation 0.188 ms
[2026-10-03 19:53:52] dbg: [driver:2] OpenTT3D: source texture 4629 mip family request 2 decode 0.626 ms, preparation 0.386 ms
[2026-10-03 19:53:52] dbg: [driver:1] OpenTT3D: 2 ground-detail tiles rendered with raised crops, hay, rocks or turf
[2026-10-03 19:53:52] dbg: [driver:1] OpenTT3D: 25 unmodelled reference sprites in this view (release coverage is incomplete)
[2026-10-03 19:53:52] dbg: [driver:2] OpenTT3D: pre-existing OpenGL error before mesh pass (1286)
[2026-10-03 19:53:52] dbg: [driver:1] OpenTT3D: depth-tested mesh renderer initialized
[2026-10-03 19:53:52] dbg: [driver:1] OpenTT3D: live voxel house ground 97 construction stage 3 captured at 44,41
[2026-10-03 19:53:52] dbg: [driver:1] OpenTT3D: live voxel house ground 97 construction stage 3 variant 0 captured
[2026-10-03 19:53:52] dbg: [driver:1] OpenTT3D: live voxel house 97 construction stage 3 captured at 44,41
[2026-10-03 19:53:52] dbg: [driver:1] OpenTT3D: live voxel house 97 construction stage 3 variant 0 captured
[2026-10-03 19:53:52] dbg: [driver:1] OpenTT3D: live voxel house ground 107 construction stage 3 captured at 46,41
[2026-10-03 19:53:52] dbg: [driver:1] OpenTT3D: live voxel house ground 107 construction stage 3 variant 2 captured
[2026-10-03 19:53:52] dbg: [driver:1] OpenTT3D: live voxel house 107 construction stage 3 captured at 46,41
[2026-10-03 19:53:52] dbg: [driver:1] OpenTT3D: live voxel house 107 construction stage 3 variant 2 captured
[2026-10-03 19:53:52] dbg: [driver:1] OpenTT3D: live voxel house ground 92 construction stage 3 captured at 46,42
[2026-10-03 19:53:52] dbg: [driver:1] OpenTT3D: live voxel house ground 92 construction stage 3 variant 1 captured
[2026-10-03 19:53:52] dbg: [driver:1] OpenTT3D: live voxel house 92 construction stage 3 captured at 46,42
[2026-10-03 19:53:52] dbg: [driver:1] OpenTT3D: live voxel house 92 construction stage 3 variant 1 captured
[2026-10-03 19:53:52] dbg: [driver:1] OpenTT3D: live voxel house ground 99 construction stage 3 captured at 42,43
[2026-10-03 19:53:52] dbg: [driver:1] OpenTT3D: live voxel house ground 99 construction stage 3 variant 1 captured
[2026-10-03 19:53:52] dbg: [driver:1] OpenTT3D: live voxel house 99 construction stage 3 captured at 42,43
[2026-10-03 19:53:52] dbg: [driver:1] OpenTT3D: live voxel house 99 construction stage 3 variant 1 captured
[2026-10-03 19:53:52] dbg: [driver:1] OpenTT3D: live voxel house ground 96 construction stage 3 captured at 43,43
[2026-10-03 19:53:52] dbg: [driver:1] OpenTT3D: live voxel house ground 96 construction stage 3 variant 0 captured
[2026-10-03 19:53:52] dbg: [driver:1] OpenTT3D: live voxel house 96 construction stage 3 captured at 43,43
[2026-10-03 19:53:52] dbg: [driver:1] OpenTT3D: live voxel house 96 construction stage 3 variant 0 captured
[2026-10-03 19:53:52] dbg: [driver:1] OpenTT3D: live voxel house ground 103 construction stage 3 captured at 44,43
[2026-10-03 19:53:52] dbg: [driver:1] OpenTT3D: live voxel house ground 103 construction stage 3 variant 2 captured
[2026-10-03 19:53:52] dbg: [driver:1] OpenTT3D: live voxel house 103 construction stage 3 captured at 44,43
[2026-10-03 19:53:52] dbg: [driver:1] OpenTT3D: live voxel house 103 construction stage 3 variant 2 captured
[2026-10-03 19:53:52] dbg: [driver:1] OpenTT3D: live voxel house ground 101 construction stage 3 captured at 45,43
[2026-10-03 19:53:52] dbg: [driver:1] OpenTT3D: live voxel house ground 101 construction stage 3 variant 3 captured
[2026-10-03 19:53:52] dbg: [driver:1] OpenTT3D: live voxel house 101 construction stage 3 captured at 45,43
[2026-10-03 19:53:52] dbg: [driver:1] OpenTT3D: live voxel house 101 construction stage 3 variant 3 captured
[2026-10-03 19:53:52] dbg: [driver:1] OpenTT3D: live voxel house ground 101 construction stage 3 captured at 46,43
[2026-10-03 19:53:52] dbg: [driver:1] OpenTT3D: live voxel house ground 101 construction stage 3 variant 0 captured
[2026-10-03 19:53:52] dbg: [driver:1] OpenTT3D: live voxel house 101 construction stage 3 captured at 46,43
[2026-10-03 19:53:52] dbg: [driver:1] OpenTT3D: live voxel house 101 construction stage 3 variant 0 captured
[2026-10-03 19:53:52] dbg: [driver:1] OpenTT3D: live voxel house ground 93 construction stage 3 captured at 43,44
[2026-10-03 19:53:52] dbg: [driver:1] OpenTT3D: live voxel house ground 93 construction stage 3 variant 2 captured
[2026-10-03 19:53:52] dbg: [driver:1] OpenTT3D: live voxel house 93 construction stage 3 captured at 43,44
[2026-10-03 19:53:52] dbg: [driver:1] OpenTT3D: live voxel house 93 construction stage 3 variant 2 captured
[2026-10-03 19:53:52] dbg: [driver:1] OpenTT3D: live voxel house ground 107 construction stage 3 captured at 45,45
[2026-10-03 19:53:52] dbg: [driver:1] OpenTT3D: live voxel house ground 107 construction stage 3 variant 0 captured
[2026-10-03 19:53:52] dbg: [driver:1] OpenTT3D: live voxel house 107 construction stage 3 captured at 45,45
[2026-10-03 19:53:52] dbg: [driver:1] OpenTT3D: live voxel house 107 construction stage 3 variant 0 captured
[2026-10-03 19:53:52] dbg: [driver:1] OpenTT3D: live voxel house ground 104 construction stage 3 captured at 46,45
[2026-10-03 19:53:52] dbg: [driver:1] OpenTT3D: live voxel house ground 104 construction stage 3 variant 1 captured
[2026-10-03 19:53:52] dbg: [driver:1] OpenTT3D: live voxel house 104 construction stage 3 captured at 46,45
[2026-10-03 19:53:52] dbg: [driver:1] OpenTT3D: live voxel house 104 construction stage 3 variant 1 captured
[2026-10-03 19:53:52] dbg: [driver:1] OpenTT3D: live voxel house ground 109 construction stage 3 captured at 47,45
[2026-10-03 19:53:52] dbg: [driver:1] OpenTT3D: live voxel house ground 109 construction stage 3 variant 2 captured
[2026-10-03 19:53:52] dbg: [driver:1] OpenTT3D: live voxel house 109 construction stage 3 captured at 47,45
[2026-10-03 19:53:52] dbg: [driver:1] OpenTT3D: live voxel house 109 construction stage 3 variant 2 captured
[2026-10-03 19:53:52] dbg: [driver:1] OpenTT3D: 1 slope foundations rendered with complete retaining walls
[2026-10-03 19:53:52] dbg: [driver:1] OpenTT3D: live projected tree 1954 stage 5 captured at 52,37
[2026-10-03 19:53:52] dbg: [driver:1] OpenTT3D: live voxel house ground 97 construction stage 3 captured at 48,38
[2026-10-03 19:53:52] dbg: [driver:1] OpenTT3D: live voxel house ground 97 construction stage 3 variant 1 captured
[2026-10-03 19:53:52] dbg: [driver:1] OpenTT3D: live projected tree 1961 stage 3 captured at 50,38
[2026-10-03 19:53:52] dbg: [driver:1] OpenTT3D: live voxel house ground 105 construction stage 3 captured at 48,40
[2026-10-03 19:53:52] dbg: [driver:1] OpenTT3D: live voxel house ground 105 construction stage 3 variant 2 captured
[2026-10-03 19:53:52] dbg: [driver:1] OpenTT3D: live voxel house 105 construction stage 3 captured at 48,40
[2026-10-03 19:53:52] dbg: [driver:1] OpenTT3D: live voxel house 105 construction stage 3 variant 2 captured
[2026-10-03 19:53:52] dbg: [driver:1] OpenTT3D: live voxel house ground 99 construction stage 3 captured at 48,42
[2026-10-03 19:53:52] dbg: [driver:1] OpenTT3D: live voxel house ground 99 construction stage 3 variant 0 captured
[2026-10-03 19:53:52] dbg: [driver:1] OpenTT3D: live voxel house 99 construction stage 3 captured at 48,42
[2026-10-03 19:53:52] dbg: [driver:1] OpenTT3D: live voxel house 99 construction stage 3 variant 0 captured
[2026-10-03 19:53:52] dbg: [driver:1] OpenTT3D: live voxel house ground 104 construction stage 3 captured at 49,43
[2026-10-03 19:53:52] dbg: [driver:1] OpenTT3D: live voxel house ground 104 construction stage 3 variant 0 captured
[2026-10-03 19:53:52] dbg: [driver:1] OpenTT3D: live voxel house 104 construction stage 3 captured at 49,43
[2026-10-03 19:53:52] dbg: [driver:1] OpenTT3D: live voxel house 104 construction stage 3 variant 0 captured
[2026-10-03 19:53:52] dbg: [driver:1] OpenTT3D: live projected tree 1996 stage 3 captured at 50,43
[2026-10-03 19:53:52] dbg: [driver:1] OpenTT3D: retained river selector tile 61,60 feature 5 base 11289 offset 0->0 sprite 11289 absent false
[2026-10-03 19:53:52] dbg: [driver:1] OpenTT3D: retained river selector tile 61,60 feature 6 base 10604 offset 0->0 sprite 10604 absent false
[2026-10-03 19:53:52] dbg: [driver:1] OpenTT3D: retained river selector tile 61,60 feature 6 base 10604 offset 1->1 sprite 10605 absent false
[2026-10-03 19:53:52] dbg: [driver:1] OpenTT3D: retained river selector tile 61,60 feature 6 base 10604 offset 3->3 sprite 10607 absent false
[2026-10-03 19:53:52] dbg: [driver:1] OpenTT3D: retained river selector tile 61,60 feature 6 base 10604 offset 4->4 sprite 10608 absent false
[2026-10-03 19:53:52] dbg: [driver:1] OpenTT3D: retained river selector tile 61,60 feature 6 base 10604 offset 7->7 sprite 10611 absent false
[2026-10-03 19:53:52] dbg: [driver:1] OpenTT3D: retained river selector tile 62,60 feature 5 base 11289 offset 0->0 sprite 11289 absent false
[2026-10-03 19:53:52] dbg: [driver:1] OpenTT3D: retained river selector tile 62,60 feature 6 base 10604 offset 1->1 sprite 10605 absent false
[2026-10-03 19:53:52] dbg: [driver:1] OpenTT3D: retained river selector tile 62,60 feature 6 base 10604 offset 3->3 sprite 10607 absent false
[2026-10-03 19:53:52] dbg: [driver:1] OpenTT3D: retained river selector tile 63,60 feature 5 base 11289 offset 0->0 sprite 11289 absent false
[2026-10-03 19:53:52] dbg: [driver:1] OpenTT3D: retained river selector tile 63,60 feature 6 base 10604 offset 2->2 sprite 10606 absent false
[2026-10-03 19:53:52] dbg: [driver:1] OpenTT3D: retained river selector tile 63,60 feature 6 base 10604 offset 3->3 sprite 10607 absent false
[2026-10-03 19:53:52] dbg: [driver:1] OpenTT3D: retained river selector tile 63,60 feature 6 base 10604 offset 8->8 sprite 10612 absent false
[2026-10-03 19:53:52] dbg: [driver:1] OpenTT3D: retained river selector tile 63,60 feature 6 base 10604 offset 6->6 sprite 10610 absent false
[2026-10-03 19:53:52] dbg: [driver:1] OpenTT3D: retained river selector tile 63,61 feature 5 base 11289 offset 0->0 sprite 11289 absent false
[2026-10-03 19:53:52] dbg: [driver:1] OpenTT3D: retained river selector tile 63,61 feature 6 base 10604 offset 0->0 sprite 10604 absent false
[2026-10-03 19:53:52] dbg: [driver:1] OpenTT3D: retained river selector tile 63,61 feature 6 base 10604 offset 2->2 sprite 10606 absent false
[2026-10-03 19:53:52] dbg: [driver:1] OpenTT3D: retained river selector tile 63,62 feature 5 base 11289 offset 0->0 sprite 11289 absent false
[2026-10-03 19:53:52] dbg: [driver:1] OpenTT3D: retained river selector tile 63,62 feature 6 base 10604 offset 0->0 sprite 10604 absent false
[2026-10-03 19:53:52] dbg: [driver:1] OpenTT3D: retained river selector tile 63,62 feature 6 base 10604 offset 2->2 sprite 10606 absent false
[2026-10-03 19:53:52] dbg: [driver:1] OpenTT3D: retained river selector tile 63,63 feature 5 base 11289 offset 0->0 sprite 11289 absent false
[2026-10-03 19:53:52] dbg: [driver:1] OpenTT3D: retained river selector tile 63,63 feature 6 base 10604 offset 0->0 sprite 10604 absent false
[2026-10-03 19:53:52] dbg: [driver:1] OpenTT3D: retained river selector tile 63,63 feature 6 base 10604 offset 2->2 sprite 10606 absent false
[2026-10-03 19:53:52] dbg: [driver:1] OpenTT3D: retained river selector tile 63,64 feature 5 base 11289 offset 0->0 sprite 11289 absent false
[2026-10-03 19:53:52] dbg: [driver:1] OpenTT3D: retained river selector tile 63,64 feature 6 base 10604 offset 0->0 sprite 10604 absent false
[2026-10-03 19:53:52] dbg: [driver:1] OpenTT3D: retained river selector tile 63,64 feature 6 base 10604 offset 2->2 sprite 10606 absent false
[2026-10-03 19:53:52] dbg: [driver:1] OpenTT3D: retained river selector tile 63,65 feature 5 base 11289 offset 0->0 sprite 11289 absent false
[2026-10-03 19:53:52] dbg: [driver:1] OpenTT3D: retained river selector tile 63,65 feature 6 base 10604 offset 0->0 sprite 10604 absent false
[2026-10-03 19:53:52] dbg: [driver:1] OpenTT3D: retained river selector tile 63,65 feature 6 base 10604 offset 2->2 sprite 10606 absent false
[2026-10-03 19:53:52] dbg: [driver:1] OpenTT3D: retained river selector tile 63,66 feature 5 base 11289 offset 0->0 sprite 11289 absent false
[2026-10-03 19:53:52] dbg: [driver:1] OpenTT3D: retained river selector tile 63,66 feature 6 base 10604 offset 0->0 sprite 10604 absent false
[2026-10-03 19:53:52] dbg: [driver:1] OpenTT3D: retained river selector tile 63,66 feature 6 base 10604 offset 1->1 sprite 10605 absent false
[2026-10-03 19:53:52] dbg: [driver:1] OpenTT3D: retained river selector tile 63,66 feature 6 base 10604 offset 4->4 sprite 10608 absent false
[2026-10-03 19:53:52] dbg: [driver:1] OpenTT3D: retained river selector tile 63,66 feature 6 base 10604 offset 10->10 sprite 10614 absent false
[2026-10-03 19:53:52] dbg: [driver:1] OpenTT3D: retained river selector tile 64,66 feature 5 base 11289 offset 0->0 sprite 11289 absent false
[2026-10-03 19:53:52] dbg: [driver:1] OpenTT3D: retained river selector tile 64,66 feature 6 base 10604 offset 3->3 sprite 10607 absent false
[2026-10-03 19:53:52] dbg: [driver:1] OpenTT3D: retained river selector tile 64,66 feature 6 base 10604 offset 8->8 sprite 10612 absent false
[2026-10-03 19:53:52] dbg: [driver:1] OpenTT3D: retained river selector tile 64,66 feature 6 base 10604 offset 9->9 sprite 10613 absent false
[2026-10-03 19:53:52] dbg: [driver:1] OpenTT3D: retained river selector tile 65,66 feature 5 base 11289 offset 0->0 sprite 11289 absent false
[2026-10-03 19:53:52] dbg: [driver:1] OpenTT3D: retained river selector tile 65,66 feature 6 base 10604 offset 1->1 sprite 10605 absent false
[2026-10-03 19:53:52] dbg: [driver:1] OpenTT3D: retained river selector tile 65,66 feature 6 base 10604 offset 3->3 sprite 10607 absent false
[2026-10-03 19:53:52] dbg: [driver:1] OpenTT3D: retained river selector tile 66,66 feature 5 base 11289 offset 0->0 sprite 11289 absent false
[2026-10-03 19:53:52] dbg: [driver:1] OpenTT3D: retained river selector tile 66,66 feature 6 base 10604 offset 2->2 sprite 10606 absent false
[2026-10-03 19:53:52] dbg: [driver:1] OpenTT3D: retained river selector tile 66,66 feature 6 base 10604 offset 3->3 sprite 10607 absent false
[2026-10-03 19:53:52] dbg: [driver:1] OpenTT3D: retained river selector tile 66,66 feature 6 base 10604 offset 8->8 sprite 10612 absent false
[2026-10-03 19:53:52] dbg: [driver:1] OpenTT3D: retained river selector tile 66,66 feature 6 base 10604 offset 6->6 sprite 10610 absent false
[2026-10-03 19:53:52] dbg: [driver:1] OpenTT3D: retained river selector tile 73,66 feature 5 base 11289 offset 0->0 sprite 11289 absent false
[2026-10-03 19:53:52] dbg: [driver:1] OpenTT3D: retained river selector tile 73,66 feature 6 base 10604 offset 0->0 sprite 10604 absent false
[2026-10-03 19:53:52] dbg: [driver:1] OpenTT3D: retained river selector tile 73,66 feature 6 base 10604 offset 3->3 sprite 10607 absent false
[2026-10-03 19:53:52] dbg: [driver:1] OpenTT3D: retained river selector tile 73,66 feature 6 base 10604 offset 9->9 sprite 10613 absent false
[2026-10-03 19:53:52] dbg: [driver:1] OpenTT3D: retained river selector tile 73,66 feature 6 base 10604 offset 7->7 sprite 10611 absent false
[2026-10-03 19:53:52] dbg: [driver:1] OpenTT3D: retained river selector tile 74,66 feature 5 base 11289 offset 0->0 sprite 11289 absent false
[2026-10-03 19:53:52] dbg: [driver:1] OpenTT3D: retained river selector tile 74,66 feature 6 base 10604 offset 1->1 sprite 10605 absent false
[2026-10-03 19:53:52] dbg: [driver:1] OpenTT3D: retained river selector tile 74,66 feature 6 base 10604 offset 3->3 sprite 10607 absent false
[2026-10-03 19:53:52] dbg: [driver:1] OpenTT3D: retained river selector tile 75,66 feature 5 base 11289 offset 0->0 sprite 11289 absent false
[2026-10-03 19:53:52] dbg: [driver:1] OpenTT3D: retained river selector tile 75,66 feature 6 base 10604 offset 1->1 sprite 10605 absent false
[2026-10-03 19:53:52] dbg: [driver:1] OpenTT3D: retained river selector tile 75,66 feature 6 base 10604 offset 3->3 sprite 10607 absent false
[2026-10-03 19:53:52] dbg: [driver:1] OpenTT3D: retained river selector tile 76,66 feature 5 base 11289 offset 0->0 sprite 11289 absent false
[2026-10-03 19:53:52] dbg: [driver:1] OpenTT3D: retained river selector tile 76,66 feature 6 base 10604 offset 1->1 sprite 10605 absent false
[2026-10-03 19:53:52] dbg: [driver:1] OpenTT3D: retained river selector tile 76,66 feature 6 base 10604 offset 3->3 sprite 10607 absent false
[2026-10-03 19:53:52] dbg: [driver:1] OpenTT3D: retained river selector tile 77,66 feature 5 base 11289 offset 0->0 sprite 11289 absent false
[2026-10-03 19:53:52] dbg: [driver:1] OpenTT3D: retained river selector tile 77,66 feature 6 base 10604 offset 1->1 sprite 10605 absent false
[2026-10-03 19:53:52] dbg: [driver:1] OpenTT3D: retained river selector tile 77,66 feature 6 base 10604 offset 3->3 sprite 10607 absent false
[2026-10-03 19:53:52] dbg: [driver:1] OpenTT3D: retained river selector tile 78,66 feature 5 base 11289 offset 0->0 sprite 11289 absent false
[2026-10-03 19:53:52] dbg: [driver:1] OpenTT3D: retained river selector tile 78,66 feature 6 base 10604 offset 1->1 sprite 10605 absent false
[2026-10-03 19:53:52] dbg: [driver:1] OpenTT3D: retained river selector tile 78,66 feature 6 base 10604 offset 3->3 sprite 10607 absent false
[2026-10-03 19:53:52] dbg: [driver:1] OpenTT3D: retained river selector tile 79,66 feature 5 base 11289 offset 0->0 sprite 11289 absent false
[2026-10-03 19:53:52] dbg: [driver:1] OpenTT3D: retained river selector tile 79,66 feature 6 base 10604 offset 1->1 sprite 10605 absent false
[2026-10-03 19:53:52] dbg: [driver:1] OpenTT3D: retained river selector tile 79,66 feature 6 base 10604 offset 3->3 sprite 10607 absent false
[2026-10-03 19:53:52] dbg: [driver:1] OpenTT3D: retained river selector tile 80,66 feature 5 base 11289 offset 0->0 sprite 11289 absent false
[2026-10-03 19:53:52] dbg: [driver:1] OpenTT3D: retained river selector tile 80,66 feature 6 base 10604 offset 1->1 sprite 10605 absent false
[2026-10-03 19:53:52] dbg: [driver:1] OpenTT3D: retained river selector tile 80,66 feature 6 base 10604 offset 3->3 sprite 10607 absent false
[2026-10-03 19:53:52] dbg: [driver:1] OpenTT3D: retained river selector tile 64,67 feature 5 base 11289 offset 0->0 sprite 11289 absent false
[2026-10-03 19:53:52] dbg: [driver:1] OpenTT3D: retained river selector tile 64,67 feature 6 base 10604 offset 0->0 sprite 10604 absent false
[2026-10-03 19:53:52] dbg: [driver:1] OpenTT3D: retained river selector tile 64,67 feature 6 base 10604 offset 2->2 sprite 10606 absent false
[2026-10-03 19:53:52] dbg: [driver:1] OpenTT3D: retained river selector tile 66,67 feature 5 base 11289 offset 0->0 sprite 11289 absent false
[2026-10-03 19:53:52] dbg: [driver:1] OpenTT3D: retained river selector tile 66,67 feature 6 base 10604 offset 0->0 sprite 10604 absent false
[2026-10-03 19:53:52] dbg: [driver:1] OpenTT3D: retained river selector tile 66,67 feature 6 base 10604 offset 1->1 sprite 10605 absent false
[2026-10-03 19:53:52] dbg: [driver:1] OpenTT3D: retained river selector tile 66,67 feature 6 base 10604 offset 4->4 sprite 10608 absent false
[2026-10-03 19:53:52] dbg: [driver:1] OpenTT3D: retained river selector tile 66,67 feature 6 base 10604 offset 10->10 sprite 10614 absent false
[2026-10-03 19:53:52] dbg: [driver:1] OpenTT3D: retained river selector tile 67,67 feature 5 base 11289 offset 0->0 sprite 11289 absent false
[2026-10-03 19:53:52] dbg: [driver:1] OpenTT3D: retained river selector tile 67,67 feature 6 base 10604 offset 1->1 sprite 10605 absent false
[2026-10-03 19:53:52] dbg: [driver:1] OpenTT3D: retained river selector tile 67,67 feature 6 base 10604 offset 3->3 sprite 10607 absent false
[2026-10-03 19:53:52] dbg: [driver:1] OpenTT3D: retained river selector tile 68,67 feature 5 base 11289 offset 0->0 sprite 11289 absent false
[2026-10-03 19:53:52] dbg: [driver:1] OpenTT3D: retained river selector tile 68,67 feature 6 base 10604 offset 2->2 sprite 10606 absent false
[2026-10-03 19:53:52] dbg: [driver:1] OpenTT3D: retained river selector tile 68,67 feature 6 base 10604 offset 3->3 sprite 10607 absent false
[2026-10-03 19:53:52] dbg: [driver:1] OpenTT3D: retained river selector tile 68,67 feature 6 base 10604 offset 8->8 sprite 10612 absent false
[2026-10-03 19:53:52] dbg: [driver:1] OpenTT3D: retained river selector tile 68,67 feature 6 base 10604 offset 6->6 sprite 10610 absent false
[2026-10-03 19:53:52] dbg: [driver:1] OpenTT3D: retained river selector tile 72,67 feature 5 base 11289 offset 0->0 sprite 11289 absent false
[2026-10-03 19:53:52] dbg: [driver:1] OpenTT3D: retained river selector tile 72,67 feature 6 base 10604 offset 0->0 sprite 10604 absent false
[2026-10-03 19:53:52] dbg: [driver:1] OpenTT3D: retained river selector tile 72,67 feature 6 base 10604 offset 3->3 sprite 10607 absent false
[2026-10-03 19:53:52] dbg: [driver:1] OpenTT3D: retained river selector tile 72,67 feature 6 base 10604 offset 9->9 sprite 10613 absent false
[2026-10-03 19:53:52] dbg: [driver:1] OpenTT3D: retained river selector tile 72,67 feature 6 base 10604 offset 7->7 sprite 10611 absent false
[2026-10-03 19:53:52] dbg: [driver:1] OpenTT3D: retained river selector tile 73,67 feature 5 base 11289 offset 0->0 sprite 11289 absent false
[2026-10-03 19:53:52] dbg: [driver:1] OpenTT3D: retained river selector tile 73,67 feature 6 base 10604 offset 1->1 sprite 10605 absent false
[2026-10-03 19:53:52] dbg: [driver:1] OpenTT3D: retained river selector tile 73,67 feature 6 base 10604 offset 2->2 sprite 10606 absent false
[2026-10-03 19:53:52] dbg: [driver:1] OpenTT3D: retained river selector tile 73,67 feature 6 base 10604 offset 5->5 sprite 10609 absent false
[2026-10-03 19:53:52] dbg: [driver:1] OpenTT3D: retained river selector tile 73,67 feature 6 base 10604 offset 11->11 sprite 10615 absent false
[2026-10-03 19:53:52] dbg: [driver:1] OpenTT3D: retained live water source tile 49,5 role ground sprite 9972 at original height 8
[2026-10-03 19:53:52] dbg: [driver:1] OpenTT3D: retained live water source tile 49,5 role body sprite 10008 at original height 8
[2026-10-03 19:53:52] dbg: [driver:1] OpenTT3D: retained live water source tile 49,5 role body sprite 10012 at original height 8
[2026-10-03 19:53:52] dbg: [driver:1] OpenTT3D: live voxel lock wall 16 part 2 direction 1 face 0 climate 3 base 9992 family 9992 source 10008 captured at 49,5 origin 784,80,16 opacity 1 with independent original water ground
[2026-10-03 19:53:52] dbg: [driver:1] OpenTT3D: live voxel lock wall 20 part 2 direction 1 face 1 climate 3 base 9992 family 9992 source 10012 captured at 49,5 origin 799,80,16 opacity 1 with independent original water ground
[2026-10-03 19:53:52] dbg: [driver:1] OpenTT3D: retained live water source tile 64,7 role ground sprite 9977 at original height 8
[2026-10-03 19:53:52] dbg: [driver:1] OpenTT3D: retained live water source tile 64,7 role body sprite 10024 at original height 8
[2026-10-03 19:53:52] dbg: [driver:1] OpenTT3D: retained live water source tile 64,7 role body sprite 10028 at original height 8
[2026-10-03 19:53:52] dbg: [driver:1] OpenTT3D: live voxel lock wall 32 part 1 direction 1 face 0 climate 3 base 10016 family 9992 source 10024 captured at 64,7 origin 1024,112,16 opacity 1 with independent original water ground
[2026-10-03 19:53:52] dbg: [driver:1] OpenTT3D: live voxel lock wall 36 part 1 direction 1 face 1 climate 3 base 10016 family 9992 source 10028 captured at 64,7 origin 1039,112,16 opacity 1 with independent original water ground
[2026-10-03 19:53:52] dbg: [driver:1] OpenTT3D: retained live water source tile 64,8 role ground sprite 9978 at original height 8
[2026-10-03 19:53:52] dbg: [driver:1] OpenTT3D: retained live water source tile 64,8 role body sprite 10016 at original height 8
[2026-10-03 19:53:52] dbg: [driver:1] OpenTT3D: retained live water source tile 64,8 role body sprite 10020 at original height 8
[2026-10-03 19:53:52] dbg: [driver:1] OpenTT3D: live voxel lock wall 24 part 0 direction 1 face 0 climate 3 base 10016 family 9992 source 10016 captured at 64,8 origin 1024,128,16 opacity 1 with independent original water ground
[2026-10-03 19:53:52] dbg: [driver:1] OpenTT3D: live voxel lock wall 28 part 0 direction 1 face 1 climate 3 base 10016 family 9992 source 10020 captured at 64,8 origin 1039,128,16 opacity 1 with independent original water ground
[2026-10-03 19:53:52] dbg: [driver:1] OpenTT3D: retained live water source tile 64,9 role ground sprite 9977 at original height 16
[2026-10-03 19:53:52] dbg: [driver:1] OpenTT3D: retained live water source tile 64,9 role body sprite 10032 at original height 16
[2026-10-03 19:53:52] dbg: [driver:1] OpenTT3D: retained live water source tile 64,9 role body sprite 10036 at original height 16
[2026-10-03 19:53:52] dbg: [driver:1] OpenTT3D: live voxel lock wall 40 part 2 direction 1 face 0 climate 3 base 10016 family 9992 source 10032 captured at 64,9 origin 1024,144,32 opacity 1 with independent original water ground
[2026-10-03 19:53:52] dbg: [driver:1] OpenTT3D: live voxel lock wall 44 part 2 direction 1 face 1 climate 3 base 10016 family 9992 source 10036 captured at 64,9 origin 1039,144,32 opacity 1 with independent original water ground
[2026-10-03 19:53:52] dbg: [driver:1] OpenTT3D: live projected tree 2003 stage 3 captured at 49,32
[2026-10-03 19:53:52] dbg: [driver:1] OpenTT3D: live projected tree 2003 stage 6 captured at 49,32
[2026-10-03 19:53:52] dbg: [driver:1] OpenTT3D: 64 roof/wall pixels select their owning tile across four rotations, with independent vehicle picking
[2026-10-03 19:53:52] dbg: [driver:1] OpenTT3D: retained live water source tile 49,3 role ground sprite 9972 at original height 0
[2026-10-03 19:53:52] dbg: [driver:1] OpenTT3D: retained live water source tile 49,3 role body sprite 10000 at original height 0
[2026-10-03 19:53:52] dbg: [driver:1] OpenTT3D: retained live water source tile 49,3 role body sprite 10004 at original height 0
[2026-10-03 19:53:52] dbg: [driver:1] OpenTT3D: live voxel lock wall 8 part 1 direction 1 face 0 climate 3 base 9992 family 9992 source 10000 captured at 49,3 origin 784,48,0 opacity 1 with independent original water ground
[2026-10-03 19:53:52] dbg: [driver:1] OpenTT3D: live voxel lock wall 12 part 1 direction 1 face 1 climate 3 base 9992 family 9992 source 10004 captured at 49,3 origin 799,48,0 opacity 1 with independent original water ground
[2026-10-03 19:53:52] dbg: [driver:1] OpenTT3D: retained live water source tile 49,4 role ground sprite 9973 at original height 0
[2026-10-03 19:53:52] dbg: [driver:1] OpenTT3D: retained live water source tile 49,4 role body sprite 9992 at original height 0
[2026-10-03 19:53:52] dbg: [driver:1] OpenTT3D: retained live water source tile 49,4 role body sprite 9996 at original height 0
[2026-10-03 19:53:52] dbg: [driver:1] OpenTT3D: live voxel lock wall 0 part 0 direction 1 face 0 climate 3 base 9992 family 9992 source 9992 captured at 49,4 origin 784,64,0 opacity 1 with independent original water ground
[2026-10-03 19:53:52] dbg: [driver:1] OpenTT3D: live voxel lock wall 4 part 0 direction 1 face 1 climate 3 base 9992 family 9992 source 9996 captured at 49,4 origin 799,64,0 opacity 1 with independent original water ground
[2026-10-03 19:53:52] dbg: [driver:1] OpenTT3D: whole-world atlas relocation preserves 1228800 exact RGBA/picking pixels across repack, clear and forced row relocation
[2026-10-03 19:53:52] dbg: [driver:1] OpenTT3D: captured OpenGL presentation with 1 GPU viewport regions
