opentt3d/reviews/20261004/river-bank-breadth/upstream/tools.py:191: trailing whitespace.
+  crop1 = input1.convert("RGBA").crop((ix1 * scale, iy1 * scale, (ix1 + w) * scale, (iy1 + h) * scale))  
opentt3d/reviews/20261004/river-bank-breadth/upstream/tools.py:215: trailing whitespace.
+  crop1 = input1.convert("RGBA").crop((ix1 * scale, iy1 * scale, (ix1 + w) * scale, (iy1 + h) * scale))  
opentt3d/reviews/20261004/river-bank-breadth/upstream/tools.py:219: trailing whitespace.
+  # alpha over with updated 
opentt3d/reviews/20261004/river-bank-breadth/upstream/tools.py:222: trailing whitespace.
+  return output 
opentt3d/reviews/20261004/river-bank-breadth/upstream/tools.py:230: trailing whitespace.
+  
opentt3d/reviews/20261004/river-bank-breadth/upstream/tools.py:311: trailing whitespace.
+  :param image_texture: Image to overlay, 
opentt3d/reviews/20261004/river-bank-breadth/upstream/tools.py:314: trailing whitespace.
+  :return: 
opentt3d/reviews/20261004/river-bank-breadth/upstream/tools.py:350: trailing whitespace.
+  :param image_texture: Image to overlay, 
opentt3d/reviews/20261004/river-bank-breadth/upstream/tools.py:352: trailing whitespace.
+  :return: 
opentt3d/reviews/20261004/river-bank-breadth/upstream/zoom-sensitive.pnml:184: trailing whitespace.
+	
opentt3d/reviews/20261004/river-bank-breadth/upstream/zoom-sensitive.pnml:207: trailing whitespace.
+	
opentt3d/reviews/20261004/river-bank-breadth/upstream/zoom-sensitive.pnml:239: trailing whitespace.
+	
opentt3d/reviews/20261004/river-bank-breadth/upstream/zoom-sensitive.pnml:248: trailing whitespace.
+	
opentt3d/reviews/20261004/river-bank-breadth/upstream/zoom-sensitive.pnml:365: trailing whitespace.
+	
opentt3d/reviews/20261004/river-bank-breadth/upstream/zoom-sensitive.pnml:635: trailing whitespace.
+	
opentt3d/reviews/20261004/river-bank-breadth/upstream/zoom-sensitive.pnml:649: trailing whitespace.
+	
opentt3d/reviews/20261004/river-bank-breadth/upstream/zoom-sensitive.pnml:654: trailing whitespace.
+	
opentt3d/reviews/20261004/river-bank-breadth/upstream/zoom-sensitive.pnml:659: trailing whitespace.
+	
opentt3d/reviews/20261004/river-bank-breadth/upstream/zoom-sensitive.pnml:1049: trailing whitespace.
+	[  25*z+x*z, 121*z+y*z, 16*z,  8*z-1,  -7*z,   0*z ]	
