[2026-10-03 21:14:56] dbg: [driver:1] Successfully loaded blitter '40bpp-anim'
[2026-10-03 21:14:56] dbg: [driver:1] OpenTT3D: Cocoa process 85797
[2026-10-03 21:14:56] dbg: [driver:1] OpenGL driver: Apple - Apple M3 Pro (4.1 Metal - 90.5)
[2026-10-03 21:14:56] dbg: [driver:2] OpenGL shading language version: 4.10, texture units = 80
[2026-10-03 21:14:56] dbg: [driver:1] Successfully loaded video driver 'cocoa-opengl'
[2026-10-03 21:14:56] dbg: [driver:1] Successfully loaded sound driver 'null'
[2026-10-03 21:14:56] dbg: [driver:1] Successfully loaded music driver 'null'
[2026-10-03 21:14:56] dbg: [driver:1] OpenTT3D: background Cocoa window active=false, key=false, visible=false, policy=2
[2026-10-03 21:14:56] dbg: [driver:1] using thread for game-loop
[2026-10-03 21:14:56] dbg: [driver:1] OpenTT3D: loaded 62 profiles from opentt3d-trees.json
[2026-10-03 21:15:10] dbg: [driver:1] OpenTT3D: loaded 1839 authored voxel models, 17466556 occupied cells, 12099288 exposed cell faces merged to 2659424 conforming rectangles / 20323366 triangles
[2026-10-03 21:15:10] dbg: [driver:1] OpenTT3D: retained lossless voxel sources use 36463144 bytes instead of 1731632308 dense cell bytes, with one shared palette
[2026-10-03 21:15:10] dbg: [driver:1] OpenTT3D: CPU voxel surfaces retain 1066714840 bytes under a scene-pinned soft budget, including 185902840 exact restoration bytes
[2026-10-03 21:15:11] dbg: [driver:1] OpenTT3D: live voxel house ground 97 construction stage 3 captured at 47,54
[2026-10-03 21:15:11] dbg: [driver:1] OpenTT3D: live voxel house ground 97 construction stage 3 variant 1 captured
[2026-10-03 21:15:11] dbg: [driver:1] OpenTT3D: live voxel house 97 construction stage 3 captured at 47,54
[2026-10-03 21:15:11] dbg: [driver:1] OpenTT3D: live voxel house 97 construction stage 3 variant 1 captured
[2026-10-03 21:15:11] dbg: [driver:1] OpenTT3D: live voxel house ground 91 construction stage 3 captured at 47,55
[2026-10-03 21:15:11] dbg: [driver:1] OpenTT3D: live voxel house ground 91 construction stage 3 variant 2 captured
[2026-10-03 21:15:11] dbg: [driver:1] OpenTT3D: live voxel house 91 construction stage 3 captured at 47,55
[2026-10-03 21:15:11] dbg: [driver:1] OpenTT3D: live voxel house 91 construction stage 3 variant 2 captured
[2026-10-03 21:15:11] dbg: [driver:1] OpenTT3D: live voxel house 92 construction stage 3 captured at 49,55
[2026-10-03 21:15:11] dbg: [driver:1] OpenTT3D: live voxel house 92 construction stage 3 variant 1 captured
[2026-10-03 21:15:11] dbg: [driver:1] OpenTT3D: 6 unmodelled reference sprites in this view (release coverage is incomplete)
[2026-10-03 21:15:11] dbg: [driver:2] OpenTT3D: pre-existing OpenGL error before mesh pass (1286)
[2026-10-03 21:15:11] dbg: [driver:1] OpenTT3D: depth-tested mesh renderer initialized
[2026-10-03 21:15:11] dbg: [driver:1] OpenTT3D: live voxel house ground 95 construction stage 3 captured at 47,56
[2026-10-03 21:15:11] dbg: [driver:1] OpenTT3D: live voxel house ground 95 construction stage 3 variant 2 captured
[2026-10-03 21:15:11] dbg: [driver:1] OpenTT3D: live voxel house 95 construction stage 3 captured at 47,56
[2026-10-03 21:15:11] dbg: [driver:1] OpenTT3D: live voxel house 95 construction stage 3 variant 2 captured
[2026-10-03 21:15:11] dbg: [driver:1] OpenTT3D: live voxel house ground 94 construction stage 3 captured at 45,57
[2026-10-03 21:15:11] dbg: [driver:1] OpenTT3D: live voxel house ground 94 construction stage 3 variant 1 captured
[2026-10-03 21:15:11] dbg: [driver:1] OpenTT3D: live voxel house 94 construction stage 3 captured at 45,57
[2026-10-03 21:15:11] dbg: [driver:1] OpenTT3D: live voxel house 94 construction stage 3 variant 1 captured
[2026-10-03 21:15:11] dbg: [driver:1] OpenTT3D: live voxel house ground 102 construction stage 2 captured at 47,57
[2026-10-03 21:15:11] dbg: [driver:1] OpenTT3D: live voxel house ground 102 construction stage 2 variant 3 captured
[2026-10-03 21:15:11] dbg: [driver:1] OpenTT3D: live voxel house 102 construction stage 2 captured at 47,57
[2026-10-03 21:15:11] dbg: [driver:1] OpenTT3D: live voxel house 102 construction stage 2 variant 3 captured
[2026-10-03 21:15:11] dbg: [driver:1] OpenTT3D: live voxel house ground 99 construction stage 3 captured at 45,58
[2026-10-03 21:15:11] dbg: [driver:1] OpenTT3D: live voxel house ground 99 construction stage 3 variant 2 captured
[2026-10-03 21:15:11] dbg: [driver:1] OpenTT3D: live voxel house 99 construction stage 3 captured at 45,58
[2026-10-03 21:15:11] dbg: [driver:1] OpenTT3D: live voxel house 99 construction stage 3 variant 2 captured
[2026-10-03 21:15:11] dbg: [driver:1] OpenTT3D: live voxel house ground 101 construction stage 3 captured at 47,58
[2026-10-03 21:15:11] dbg: [driver:1] OpenTT3D: live voxel house ground 101 construction stage 3 variant 0 captured
[2026-10-03 21:15:11] dbg: [driver:1] OpenTT3D: live voxel house 101 construction stage 3 captured at 47,58
[2026-10-03 21:15:11] dbg: [driver:1] OpenTT3D: live voxel house 101 construction stage 3 variant 0 captured
[2026-10-03 21:15:11] dbg: [driver:1] OpenTT3D: live voxel house ground 100 construction stage 3 captured at 45,59
[2026-10-03 21:15:11] dbg: [driver:1] OpenTT3D: live voxel house ground 100 construction stage 3 variant 3 captured
[2026-10-03 21:15:11] dbg: [driver:1] OpenTT3D: live voxel house 100 construction stage 3 captured at 45,59
[2026-10-03 21:15:11] dbg: [driver:1] OpenTT3D: live voxel house 100 construction stage 3 variant 3 captured
[2026-10-03 21:15:11] dbg: [driver:1] OpenTT3D: live voxel house ground 94 construction stage 2 captured at 45,60
[2026-10-03 21:15:11] dbg: [driver:1] OpenTT3D: live voxel house ground 94 construction stage 2 variant 3 captured
[2026-10-03 21:15:11] dbg: [driver:1] OpenTT3D: live voxel house 94 construction stage 2 captured at 45,60
[2026-10-03 21:15:11] dbg: [driver:1] OpenTT3D: live voxel house 94 construction stage 2 variant 3 captured
[2026-10-03 21:15:11] dbg: [driver:1] OpenTT3D: live voxel house ground 107 construction stage 3 captured at 47,60
[2026-10-03 21:15:11] dbg: [driver:1] OpenTT3D: live voxel house ground 107 construction stage 3 variant 1 captured
[2026-10-03 21:15:11] dbg: [driver:1] OpenTT3D: live voxel house 107 construction stage 3 captured at 47,60
[2026-10-03 21:15:11] dbg: [driver:1] OpenTT3D: live voxel house 107 construction stage 3 variant 1 captured
[2026-10-03 21:15:11] dbg: [driver:1] OpenTT3D: live voxel house ground 98 construction stage 3 captured at 48,60
[2026-10-03 21:15:11] dbg: [driver:1] OpenTT3D: live voxel house ground 98 construction stage 3 variant 1 captured
[2026-10-03 21:15:11] dbg: [driver:1] OpenTT3D: live voxel house 98 construction stage 3 captured at 48,60
[2026-10-03 21:15:11] dbg: [driver:1] OpenTT3D: live voxel house 98 construction stage 3 variant 1 captured
[2026-10-03 21:15:11] dbg: [driver:1] OpenTT3D: live voxel house ground 105 construction stage 3 captured at 47,61
[2026-10-03 21:15:11] dbg: [driver:1] OpenTT3D: live voxel house ground 105 construction stage 3 variant 2 captured
[2026-10-03 21:15:11] dbg: [driver:1] OpenTT3D: live voxel house 105 construction stage 3 captured at 47,61
[2026-10-03 21:15:11] dbg: [driver:1] OpenTT3D: live voxel house 105 construction stage 3 variant 2 captured
[2026-10-03 21:15:11] dbg: [driver:1] OpenTT3D: 5 slope foundations rendered with complete retaining walls
[2026-10-03 21:15:11] dbg: [driver:1] OpenTT3D: live voxel house ground 92 construction stage 3 captured at 49,55
[2026-10-03 21:15:11] dbg: [driver:1] OpenTT3D: live voxel house ground 92 construction stage 3 variant 1 captured
[2026-10-03 21:15:11] dbg: [driver:1] OpenTT3D: live voxel house ground 102 construction stage 3 captured at 50,56
[2026-10-03 21:15:11] dbg: [driver:1] OpenTT3D: live voxel house ground 102 construction stage 3 variant 0 captured
[2026-10-03 21:15:11] dbg: [driver:1] OpenTT3D: live voxel house 102 construction stage 3 captured at 50,56
[2026-10-03 21:15:11] dbg: [driver:1] OpenTT3D: live voxel house 102 construction stage 3 variant 0 captured
[2026-10-03 21:15:11] dbg: [driver:1] OpenTT3D: live voxel house ground 106 construction stage 2 captured at 49,57
[2026-10-03 21:15:11] dbg: [driver:1] OpenTT3D: live voxel house ground 106 construction stage 2 variant 2 captured
[2026-10-03 21:15:11] dbg: [driver:1] OpenTT3D: live voxel house 106 construction stage 2 captured at 49,57
[2026-10-03 21:15:11] dbg: [driver:1] OpenTT3D: live voxel house 106 construction stage 2 variant 2 captured
[2026-10-03 21:15:11] dbg: [driver:1] OpenTT3D: live voxel house ground 96 construction stage 3 captured at 50,59
[2026-10-03 21:15:11] dbg: [driver:1] OpenTT3D: live voxel house ground 96 construction stage 3 variant 3 captured
[2026-10-03 21:15:11] dbg: [driver:1] OpenTT3D: live voxel house 96 construction stage 3 captured at 50,59
[2026-10-03 21:15:11] dbg: [driver:1] OpenTT3D: live voxel house 96 construction stage 3 variant 3 captured
[2026-10-03 21:15:11] dbg: [driver:1] OpenTT3D: live voxel house ground 94 construction stage 3 captured at 51,59
[2026-10-03 21:15:11] dbg: [driver:1] OpenTT3D: live voxel house ground 94 construction stage 3 variant 2 captured
[2026-10-03 21:15:11] dbg: [driver:1] OpenTT3D: live voxel house 94 construction stage 3 captured at 51,59
[2026-10-03 21:15:11] dbg: [driver:1] OpenTT3D: live voxel house 94 construction stage 3 variant 2 captured
[2026-10-03 21:15:11] dbg: [driver:1] OpenTT3D: 3 ground-detail tiles rendered with raised crops, hay, rocks or turf
[2026-10-03 21:15:11] dbg: [driver:1] OpenTT3D: 64 roof/wall pixels select their owning tile across four rotations, with independent vehicle picking
[2026-10-03 21:15:11] dbg: [driver:1] OpenTT3D: live projected tree 1968 stage 3 captured at 24,17
[2026-10-03 21:15:11] dbg: [driver:1] OpenTT3D: live projected tree 1989 stage 1 captured at 36,17
[2026-10-03 21:15:11] dbg: [driver:1] OpenTT3D: live projected tree 1989 stage 3 captured at 36,17
[2026-10-03 21:15:11] dbg: [driver:1] OpenTT3D: live projected tree 1968 stage 2 captured at 20,18
[2026-10-03 21:15:11] dbg: [driver:1] OpenTT3D: live projected tree 1975 stage 5 captured at 27,18
[2026-10-03 21:15:11] dbg: [driver:1] OpenTT3D: live projected tree 1975 stage 3 captured at 27,18
[2026-10-03 21:15:11] dbg: [driver:1] OpenTT3D: live projected tree 1947 stage 6 captured at 44,18
[2026-10-03 21:15:11] dbg: [driver:1] OpenTT3D: live projected tree 1982 stage 3 captured at 48,18
[2026-10-03 21:15:11] dbg: [driver:1] OpenTT3D: live projected tree 1982 stage 2 captured at 48,18
[2026-10-03 21:15:11] dbg: [driver:1] OpenTT3D: live projected tree 1996 stage 3 captured at 19,19
[2026-10-03 21:15:11] dbg: [driver:1] OpenTT3D: live projected tree 1947 stage 3 captured at 38,19
[2026-10-03 21:15:11] dbg: [driver:1] OpenTT3D: live projected tree 1968 stage 0 captured at 39,19
[2026-10-03 21:15:11] dbg: [driver:1] OpenTT3D: live projected tree 1975 stage 0 captured at 48,20
[2026-10-03 21:15:11] dbg: [driver:1] OpenTT3D: live projected tree 1982 stage 1 captured at 56,20
[2026-10-03 21:15:11] dbg: [driver:1] OpenTT3D: live projected tree 1968 stage 1 captured at 53,21
[2026-10-03 21:15:11] dbg: [driver:1] OpenTT3D: live projected tree 1954 stage 3 captured at 33,22
[2026-10-03 21:15:11] dbg: [driver:1] OpenTT3D: live projected tree 1954 stage 5 captured at 33,22
[2026-10-03 21:15:11] dbg: [driver:1] OpenTT3D: live projected tree 1975 stage 6 captured at 29,23
[2026-10-03 21:15:11] dbg: [driver:1] OpenTT3D: live projected tree 2003 stage 3 captured at 33,23
[2026-10-03 21:15:11] dbg: [driver:1] OpenTT3D: live projected tree 1989 stage 6 captured at 39,24
[2026-10-03 21:15:11] dbg: [driver:1] OpenTT3D: live projected tree 1961 stage 2 captured at 40,24
[2026-10-03 21:15:11] dbg: [driver:1] OpenTT3D: live projected tree 1961 stage 3 captured at 40,24
[2026-10-03 21:15:11] dbg: [driver:1] OpenTT3D: live projected tree 1989 stage 0 captured at 40,25
[2026-10-03 21:15:11] dbg: [driver:1] OpenTT3D: live projected tree 1996 stage 1 captured at 49,25
[2026-10-03 21:15:11] dbg: [driver:1] OpenTT3D: live projected tree 2003 stage 6 captured at 40,26
[2026-10-03 21:15:11] dbg: [driver:1] OpenTT3D: live projected tree 1996 stage 5 captured at 42,26
[2026-10-03 21:15:11] dbg: [driver:1] OpenTT3D: live projected tree 1961 stage 1 captured at 45,26
[2026-10-03 21:15:11] dbg: [driver:1] OpenTT3D: live projected tree 1954 stage 4 captured at 50,26
[2026-10-03 21:15:11] dbg: [driver:1] OpenTT3D: live projected tree 1947 stage 2 captured at 50,27
[2026-10-03 21:15:11] dbg: [driver:1] OpenTT3D: live projected tree 1961 stage 4 captured at 57,27
[2026-10-03 21:15:11] dbg: [driver:1] OpenTT3D: live projected tree 1961 stage 5 captured at 50,28
[2026-10-03 21:15:11] dbg: [driver:1] OpenTT3D: live projected tree 1982 stage 5 captured at 53,34
[2026-10-03 21:15:11] dbg: [driver:1] OpenTT3D: live projected tree 1989 stage 4 captured at 56,34
[2026-10-03 21:15:11] dbg: [driver:1] OpenTT3D: live projected tree 2003 stage 4 captured at 58,34
[2026-10-03 21:15:11] dbg: [driver:1] OpenTT3D: whole-world atlas relocation preserves 1228800 exact RGBA/picking pixels across repack, clear and forced row relocation
[2026-10-03 21:15:11] dbg: [driver:1] OpenTT3D: captured OpenGL presentation with 1 GPU viewport regions
