[2026-10-03 15:36:39] dbg: [driver:1] Successfully loaded blitter '32bpp-optimized'
[2026-10-03 15:36:39] dbg: [driver:1] OpenTT3D: Cocoa process 29210
[2026-10-03 15:36:39] dbg: [driver:1] OpenGL driver: Apple - Apple M3 Pro (4.1 Metal - 90.5)
[2026-10-03 15:36:39] dbg: [driver:2] OpenGL shading language version: 4.10, texture units = 80
[2026-10-03 15:36:39] dbg: [driver:1] Successfully loaded video driver 'cocoa-opengl'
[2026-10-03 15:36:39] dbg: [driver:1] Successfully loaded sound driver 'null'
[2026-10-03 15:36:39] dbg: [driver:1] Successfully loaded music driver 'null'
[2026-10-03 15:36:39] dbg: [driver:1] OpenTT3D: background Cocoa window active=false, key=false, visible=false, policy=2
[2026-10-03 15:36:39] dbg: [driver:1] using thread for game-loop
[2026-10-03 15:36:39] dbg: [driver:1] OpenTT3D: loaded 62 profiles from opentt3d-trees.json
[2026-10-03 15:36:39] dbg: [driver:1] OpenTT3D: live projected tree 1758 stage 6 captured at 12,63
[2026-10-03 15:36:39] dbg: [driver:1] OpenTT3D: live projected tree 1751 stage 2 captured at 12,65
[2026-10-03 15:36:39] dbg: [driver:1] OpenTT3D: live projected tree 1716 stage 3 captured at 11,66
[2026-10-03 15:36:39] dbg: [driver:1] OpenTT3D: live projected tree 1723 stage 6 captured at 11,66
[2026-10-03 15:36:39] dbg: [driver:1] OpenTT3D: live projected tree 1716 stage 1 captured at 12,66
[2026-10-03 15:36:39] dbg: [driver:1] OpenTT3D: live projected tree 1744 stage 6 captured at 11,67
[2026-10-03 15:36:39] dbg: [driver:1] OpenTT3D: live projected tree 1737 stage 3 captured at 13,67
[2026-10-03 15:36:39] dbg: [driver:1] OpenTT3D: live projected tree 1758 stage 2 captured at 13,67
[2026-10-03 15:36:39] dbg: [driver:1] OpenTT3D: live projected tree 1723 stage 3 captured at 13,67
[2026-10-03 15:36:39] dbg: [driver:1] OpenTT3D: live projected tree 1730 stage 3 captured at 13,67
[2026-10-03 15:36:53] dbg: [driver:1] OpenTT3D: loaded 1831 authored voxel models, 17420235 occupied cells, 12070638 exposed cell faces merged to 2656043 conforming rectangles / 20271120 triangles
[2026-10-03 15:36:53] dbg: [driver:1] OpenTT3D: retained lossless voxel sources use 36385568 bytes instead of 1727438004 dense cell bytes, with one shared palette
[2026-10-03 15:36:53] dbg: [driver:1] OpenTT3D: CPU voxel surfaces retain 1066079056 bytes under a scene-pinned soft budget, including 185267056 exact restoration bytes
[2026-10-03 15:36:53] dbg: [driver:1] OpenTT3D: live projected tree 1709 stage 5 captured at 14,68
[2026-10-03 15:36:53] dbg: [driver:1] OpenTT3D: live projected tree 1709 stage 3 captured at 14,68
[2026-10-03 15:36:53] dbg: [driver:1] OpenTT3D: live voxel house ground 62 construction stage 3 captured at 18,68
[2026-10-03 15:36:53] dbg: [driver:1] OpenTT3D: live voxel house ground 62 construction stage 3 variant 1 captured
[2026-10-03 15:36:53] dbg: [driver:1] OpenTT3D: live voxel house 62 construction stage 3 captured at 18,68
[2026-10-03 15:36:53] dbg: [driver:1] OpenTT3D: live voxel house 62 construction stage 3 variant 1 captured
[2026-10-03 15:36:53] dbg: [driver:1] OpenTT3D: live projected tree 1716 stage 4 captured at 10,70
[2026-10-03 15:36:53] dbg: [driver:1] OpenTT3D: 10 ground-detail tiles rendered with raised crops, hay, rocks or turf
[2026-10-03 15:36:53] dbg: [driver:1] OpenTT3D: 6 unmodelled reference sprites in this view (release coverage is incomplete)
[2026-10-03 15:36:53] dbg: [driver:2] OpenTT3D: pre-existing OpenGL error before mesh pass (1286)
[2026-10-03 15:36:53] dbg: [driver:1] OpenTT3D: depth-tested mesh renderer initialized
[2026-10-03 15:36:53] dbg: [driver:1] OpenTT3D: live projected tree 1709 stage 4 captured at 17,70
[2026-10-03 15:36:53] dbg: [driver:1] OpenTT3D: live voxel house ground 60 construction stage 3 captured at 18,70
[2026-10-03 15:36:53] dbg: [driver:1] OpenTT3D: live voxel house ground 60 construction stage 3 variant 3 captured
[2026-10-03 15:36:53] dbg: [driver:1] OpenTT3D: live voxel house 60 construction stage 3 captured at 18,70
[2026-10-03 15:36:53] dbg: [driver:1] OpenTT3D: live voxel house 60 construction stage 3 variant 3 captured
[2026-10-03 15:36:53] dbg: [driver:1] OpenTT3D: live voxel house ground 46 construction stage 3 captured at 17,72
[2026-10-03 15:36:53] dbg: [driver:1] OpenTT3D: live voxel house ground 46 construction stage 3 variant 3 captured
[2026-10-03 15:36:53] dbg: [driver:1] OpenTT3D: live voxel house 46 construction stage 3 captured at 17,72
[2026-10-03 15:36:53] dbg: [driver:1] OpenTT3D: live voxel house 46 construction stage 3 variant 3 captured
[2026-10-03 15:36:53] dbg: [driver:1] OpenTT3D: live voxel house ground 48 construction stage 3 captured at 18,72
[2026-10-03 15:36:53] dbg: [driver:1] OpenTT3D: live voxel house ground 48 construction stage 3 variant 0 captured
[2026-10-03 15:36:53] dbg: [driver:1] OpenTT3D: live voxel house 48 construction stage 3 captured at 18,72
[2026-10-03 15:36:53] dbg: [driver:1] OpenTT3D: live voxel house 48 construction stage 3 variant 0 captured
[2026-10-03 15:36:53] dbg: [driver:1] OpenTT3D: live projected tree 1744 stage 3 captured at 12,73
[2026-10-03 15:36:53] dbg: [driver:1] OpenTT3D: live projected tree 1758 stage 4 captured at 12,73
[2026-10-03 15:36:53] dbg: [driver:1] OpenTT3D: live voxel house ground 56 construction stage 3 captured at 15,73
[2026-10-03 15:36:53] dbg: [driver:1] OpenTT3D: live voxel house ground 56 construction stage 3 variant 3 captured
[2026-10-03 15:36:53] dbg: [driver:1] OpenTT3D: live voxel house 56 construction stage 3 captured at 15,73
[2026-10-03 15:36:53] dbg: [driver:1] OpenTT3D: live voxel house 56 construction stage 3 variant 3 captured
[2026-10-03 15:36:53] dbg: [driver:1] OpenTT3D: live voxel house ground 62 construction stage 3 captured at 17,73
[2026-10-03 15:36:53] dbg: [driver:1] OpenTT3D: live voxel house ground 62 construction stage 3 variant 2 captured
[2026-10-03 15:36:53] dbg: [driver:1] OpenTT3D: live voxel house 62 construction stage 3 captured at 17,73
[2026-10-03 15:36:53] dbg: [driver:1] OpenTT3D: live voxel house 62 construction stage 3 variant 2 captured
[2026-10-03 15:36:53] dbg: [driver:1] OpenTT3D: live projected tree 1758 stage 3 captured at 16,75
[2026-10-03 15:36:53] dbg: [driver:1] OpenTT3D: live projected tree 1758 stage 5 captured at 16,75
[2026-10-03 15:36:53] dbg: [driver:1] OpenTT3D: live voxel house ground 62 construction stage 3 captured at 17,75
[2026-10-03 15:36:53] dbg: [driver:1] OpenTT3D: live voxel house ground 62 construction stage 3 variant 0 captured
[2026-10-03 15:36:53] dbg: [driver:1] OpenTT3D: live voxel house 62 construction stage 3 captured at 17,75
[2026-10-03 15:36:53] dbg: [driver:1] OpenTT3D: live voxel house 62 construction stage 3 variant 0 captured
[2026-10-03 15:36:53] dbg: [driver:1] OpenTT3D: live voxel house ground 46 construction stage 3 captured at 19,75
[2026-10-03 15:36:53] dbg: [driver:1] OpenTT3D: live voxel house ground 46 construction stage 3 variant 2 captured
[2026-10-03 15:36:53] dbg: [driver:1] OpenTT3D: live voxel house 46 construction stage 3 captured at 19,75
[2026-10-03 15:36:53] dbg: [driver:1] OpenTT3D: live voxel house 46 construction stage 3 variant 2 captured
[2026-10-03 15:36:53] dbg: [driver:1] OpenTT3D: live projected tree 1737 stage 2 captured at 22,67
[2026-10-03 15:36:53] dbg: [driver:1] OpenTT3D: live projected tree 1723 stage 4 captured at 25,68
[2026-10-03 15:36:53] dbg: [driver:1] OpenTT3D: live projected tree 1730 stage 6 captured at 23,69
[2026-10-03 15:36:53] dbg: [driver:1] OpenTT3D: live projected tree 1737 stage 6 captured at 25,69
[2026-10-03 15:36:53] dbg: [driver:1] OpenTT3D: live voxel house ground 48 construction stage 3 captured at 20,70
[2026-10-03 15:36:53] dbg: [driver:1] OpenTT3D: live voxel house ground 48 construction stage 3 variant 2 captured
[2026-10-03 15:36:53] dbg: [driver:1] OpenTT3D: live voxel house 48 construction stage 3 captured at 20,70
[2026-10-03 15:36:53] dbg: [driver:1] OpenTT3D: live voxel house 48 construction stage 3 variant 2 captured
[2026-10-03 15:36:53] dbg: [driver:1] OpenTT3D: live projected tree 1737 stage 5 captured at 24,70
[2026-10-03 15:36:53] dbg: [driver:1] OpenTT3D: live voxel house ground 56 construction stage 3 captured at 20,71
[2026-10-03 15:36:53] dbg: [driver:1] OpenTT3D: live voxel house ground 56 construction stage 3 variant 1 captured
[2026-10-03 15:36:53] dbg: [driver:1] OpenTT3D: live voxel house 56 construction stage 3 captured at 20,71
[2026-10-03 15:36:53] dbg: [driver:1] OpenTT3D: live voxel house 56 construction stage 3 variant 1 captured
[2026-10-03 15:36:53] dbg: [driver:1] OpenTT3D: live voxel house ground 48 construction stage 3 captured at 21,73
[2026-10-03 15:36:53] dbg: [driver:1] OpenTT3D: live voxel house ground 48 construction stage 3 variant 3 captured
[2026-10-03 15:36:53] dbg: [driver:1] OpenTT3D: live voxel house 48 construction stage 3 captured at 21,73
[2026-10-03 15:36:53] dbg: [driver:1] OpenTT3D: live voxel house 48 construction stage 3 variant 3 captured
[2026-10-03 15:36:53] dbg: [driver:1] OpenTT3D: live projected tree 1758 stage 1 captured at 23,74
[2026-10-03 15:36:53] dbg: [driver:1] OpenTT3D: live projected tree 1730 stage 4 captured at 20,61
[2026-10-03 15:36:53] dbg: [driver:1] OpenTT3D: live projected tree 1723 stage 1 captured at 20,63
[2026-10-03 15:36:53] dbg: [driver:1] OpenTT3D: 64 roof/wall pixels select their owning tile across four rotations, with independent vehicle picking
[2026-10-03 15:36:53] dbg: [driver:1] OpenTT3D: live projected tree 1709 stage 6 captured at 88,1
[2026-10-03 15:36:53] dbg: [driver:1] OpenTT3D: live projected tree 1730 stage 0 captured at 95,3
[2026-10-03 15:36:53] dbg: [driver:1] OpenTT3D: live projected tree 1730 stage 2 captured at 97,3
[2026-10-03 15:36:53] dbg: [driver:1] OpenTT3D: live projected tree 1730 stage 5 captured at 93,4
[2026-10-03 15:36:53] dbg: [driver:1] OpenTT3D: whole-world atlas relocation preserves 1228800 exact RGBA/picking pixels across repack, clear and forced row relocation
[2026-10-03 15:36:53] dbg: [driver:1] OpenTT3D: captured OpenGL presentation with 1 GPU viewport regions
