[2026-10-03 19:45:19] dbg: [driver:1] Successfully loaded blitter '32bpp-optimized'
[2026-10-03 19:45:19] dbg: [driver:1] OpenTT3D: Cocoa process 70864
[2026-10-03 19:45:19] dbg: [driver:1] OpenGL driver: Apple - Apple M3 Pro (4.1 Metal - 90.5)
[2026-10-03 19:45:19] dbg: [driver:2] OpenGL shading language version: 4.10, texture units = 80
[2026-10-03 19:45:19] dbg: [driver:1] Successfully loaded video driver 'cocoa-opengl'
[2026-10-03 19:45:19] dbg: [driver:1] Successfully loaded sound driver 'null'
[2026-10-03 19:45:19] dbg: [driver:1] Successfully loaded music driver 'null'
[2026-10-03 19:45:20] dbg: [driver:1] OpenTT3D: background Cocoa window active=false, key=false, visible=false, policy=2
[2026-10-03 19:45:20] dbg: [driver:1] using thread for game-loop
[2026-10-03 19:45:20] dbg: [driver:1] OpenTT3D: loaded 62 profiles from opentt3d-trees.json
[2026-10-03 19:45:20] dbg: [driver:1] OpenTT3D: retained live water source tile 8,39 role ground sprite 9952 at original height 8
[2026-10-03 19:45:32] dbg: [driver:1] OpenTT3D: loaded 1879 authored voxel models, 18030699 occupied cells, 12403230 exposed cell faces merged to 2716566 conforming rectangles / 20904444 triangles
[2026-10-03 19:45:32] dbg: [driver:1] OpenTT3D: retained lossless voxel sources use 37959552 bytes instead of 1735511220 dense cell bytes, with one shared palette
[2026-10-03 19:45:32] dbg: [driver:1] OpenTT3D: CPU voxel surfaces retain 1066947232 bytes under a scene-pinned soft budget, including 193335232 exact restoration bytes
[2026-10-03 19:45:33] dbg: [driver:1] OpenTT3D: retained live water source tile 8,39 role body sprite 10011 at original height 8
[2026-10-03 19:45:33] dbg: [driver:1] OpenTT3D: retained live water source tile 8,39 role body sprite 10015 at original height 8
[2026-10-03 19:45:33] dbg: [driver:1] OpenTT3D: live voxel lock wall 19 part 2 direction 3 face 0 climate 1 base 9992 family 9992 source 10011 captured at 8,39 origin 128,624,16 opacity 1 with independent original water ground
[2026-10-03 19:45:33] dbg: [driver:1] OpenTT3D: live voxel lock wall 23 part 2 direction 3 face 1 climate 1 base 9992 family 9992 source 10015 captured at 8,39 origin 143,624,16 opacity 1 with independent original water ground
[2026-10-03 19:45:33] dbg: [driver:1] OpenTT3D: retained live water source tile 8,40 role ground sprite 9956 at original height 0
[2026-10-03 19:45:33] dbg: [driver:1] OpenTT3D: retained live water source tile 8,40 role body sprite 9995 at original height 0
[2026-10-03 19:45:33] dbg: [driver:1] OpenTT3D: retained live water source tile 8,40 role body sprite 9999 at original height 0
[2026-10-03 19:45:33] dbg: [driver:1] OpenTT3D: live voxel lock wall 3 part 0 direction 3 face 0 climate 1 base 9992 family 9992 source 9995 captured at 8,40 origin 128,640,0 opacity 1 with independent original water ground
[2026-10-03 19:45:33] dbg: [driver:1] OpenTT3D: live voxel lock wall 7 part 0 direction 3 face 1 climate 1 base 9992 family 9992 source 9999 captured at 8,40 origin 143,640,0 opacity 1 with independent original water ground
[2026-10-03 19:45:33] dbg: [driver:1] OpenTT3D: retained live water source tile 8,41 role ground sprite 9952 at original height 0
[2026-10-03 19:45:33] dbg: [driver:1] OpenTT3D: retained live water source tile 8,41 role body sprite 10003 at original height 0
[2026-10-03 19:45:33] dbg: [driver:1] OpenTT3D: retained live water source tile 8,41 role body sprite 10007 at original height 0
[2026-10-03 19:45:33] dbg: [driver:1] OpenTT3D: live voxel lock wall 11 part 1 direction 3 face 0 climate 1 base 9992 family 9992 source 10003 captured at 8,41 origin 128,656,0 opacity 1 with independent original water ground
[2026-10-03 19:45:33] dbg: [driver:1] OpenTT3D: live voxel lock wall 15 part 1 direction 3 face 1 climate 1 base 9992 family 9992 source 10007 captured at 8,41 origin 143,656,0 opacity 1 with independent original water ground
[2026-10-03 19:45:33] dbg: [driver:1] OpenTT3D: live projected tree 1758 stage 6 captured at 12,63
[2026-10-03 19:45:33] dbg: [driver:1] OpenTT3D: live projected tree 1751 stage 2 captured at 12,65
[2026-10-03 19:45:33] dbg: [driver:1] OpenTT3D: live projected tree 1716 stage 3 captured at 11,66
[2026-10-03 19:45:33] dbg: [driver:1] OpenTT3D: live projected tree 1723 stage 6 captured at 11,66
[2026-10-03 19:45:33] dbg: [driver:1] OpenTT3D: live projected tree 1716 stage 1 captured at 12,66
[2026-10-03 19:45:33] dbg: [driver:1] OpenTT3D: live projected tree 1744 stage 6 captured at 11,67
[2026-10-03 19:45:33] dbg: [driver:1] OpenTT3D: live projected tree 1737 stage 3 captured at 13,67
[2026-10-03 19:45:33] dbg: [driver:1] OpenTT3D: live projected tree 1758 stage 2 captured at 13,67
[2026-10-03 19:45:33] dbg: [driver:1] OpenTT3D: live projected tree 1723 stage 3 captured at 13,67
[2026-10-03 19:45:33] dbg: [driver:1] OpenTT3D: live projected tree 1730 stage 3 captured at 13,67
[2026-10-03 19:45:33] dbg: [driver:1] OpenTT3D: live projected tree 1709 stage 5 captured at 14,68
[2026-10-03 19:45:33] dbg: [driver:1] OpenTT3D: live projected tree 1709 stage 3 captured at 14,68
[2026-10-03 19:45:33] dbg: [driver:1] OpenTT3D: live voxel house ground 62 construction stage 3 captured at 18,68
[2026-10-03 19:45:33] dbg: [driver:1] OpenTT3D: live voxel house ground 62 construction stage 3 variant 1 captured
[2026-10-03 19:45:33] dbg: [driver:1] OpenTT3D: live voxel house 62 construction stage 3 captured at 18,68
[2026-10-03 19:45:33] dbg: [driver:1] OpenTT3D: live voxel house 62 construction stage 3 variant 1 captured
[2026-10-03 19:45:33] dbg: [driver:1] OpenTT3D: live projected tree 1716 stage 4 captured at 10,70
[2026-10-03 19:45:33] dbg: [driver:1] OpenTT3D: 10 ground-detail tiles rendered with raised crops, hay, rocks or turf
[2026-10-03 19:45:33] dbg: [driver:2] OpenTT3D: pre-existing OpenGL error before mesh pass (1286)
[2026-10-03 19:45:33] dbg: [driver:1] OpenTT3D: depth-tested mesh renderer initialized
[2026-10-03 19:45:33] dbg: [driver:1] OpenTT3D: live projected tree 1709 stage 4 captured at 17,70
[2026-10-03 19:45:33] dbg: [driver:1] OpenTT3D: live voxel house ground 60 construction stage 3 captured at 18,70
[2026-10-03 19:45:33] dbg: [driver:1] OpenTT3D: live voxel house ground 60 construction stage 3 variant 3 captured
[2026-10-03 19:45:33] dbg: [driver:1] OpenTT3D: live voxel house 60 construction stage 3 captured at 18,70
[2026-10-03 19:45:33] dbg: [driver:1] OpenTT3D: live voxel house 60 construction stage 3 variant 3 captured
[2026-10-03 19:45:33] dbg: [driver:1] OpenTT3D: live voxel house ground 46 construction stage 3 captured at 17,72
[2026-10-03 19:45:33] dbg: [driver:1] OpenTT3D: live voxel house ground 46 construction stage 3 variant 3 captured
[2026-10-03 19:45:33] dbg: [driver:1] OpenTT3D: live voxel house 46 construction stage 3 captured at 17,72
[2026-10-03 19:45:33] dbg: [driver:1] OpenTT3D: live voxel house 46 construction stage 3 variant 3 captured
[2026-10-03 19:45:33] dbg: [driver:1] OpenTT3D: live voxel house ground 48 construction stage 3 captured at 18,72
[2026-10-03 19:45:33] dbg: [driver:1] OpenTT3D: live voxel house ground 48 construction stage 3 variant 0 captured
[2026-10-03 19:45:33] dbg: [driver:1] OpenTT3D: live voxel house 48 construction stage 3 captured at 18,72
[2026-10-03 19:45:33] dbg: [driver:1] OpenTT3D: live voxel house 48 construction stage 3 variant 0 captured
[2026-10-03 19:45:33] dbg: [driver:1] OpenTT3D: live projected tree 1744 stage 3 captured at 12,73
[2026-10-03 19:45:33] dbg: [driver:1] OpenTT3D: live projected tree 1758 stage 4 captured at 12,73
[2026-10-03 19:45:33] dbg: [driver:1] OpenTT3D: live voxel house ground 56 construction stage 3 captured at 15,73
[2026-10-03 19:45:33] dbg: [driver:1] OpenTT3D: live voxel house ground 56 construction stage 3 variant 3 captured
[2026-10-03 19:45:33] dbg: [driver:1] OpenTT3D: live voxel house 56 construction stage 3 captured at 15,73
[2026-10-03 19:45:33] dbg: [driver:1] OpenTT3D: live voxel house 56 construction stage 3 variant 3 captured
[2026-10-03 19:45:33] dbg: [driver:1] OpenTT3D: live voxel house ground 62 construction stage 3 captured at 17,73
[2026-10-03 19:45:33] dbg: [driver:1] OpenTT3D: live voxel house ground 62 construction stage 3 variant 2 captured
[2026-10-03 19:45:33] dbg: [driver:1] OpenTT3D: live voxel house 62 construction stage 3 captured at 17,73
[2026-10-03 19:45:33] dbg: [driver:1] OpenTT3D: live voxel house 62 construction stage 3 variant 2 captured
[2026-10-03 19:45:33] dbg: [driver:1] OpenTT3D: live projected tree 1758 stage 3 captured at 16,75
[2026-10-03 19:45:33] dbg: [driver:1] OpenTT3D: live projected tree 1758 stage 5 captured at 16,75
[2026-10-03 19:45:33] dbg: [driver:1] OpenTT3D: live voxel house ground 62 construction stage 3 captured at 17,75
[2026-10-03 19:45:33] dbg: [driver:1] OpenTT3D: live voxel house ground 62 construction stage 3 variant 0 captured
[2026-10-03 19:45:33] dbg: [driver:1] OpenTT3D: live voxel house 62 construction stage 3 captured at 17,75
[2026-10-03 19:45:33] dbg: [driver:1] OpenTT3D: live voxel house 62 construction stage 3 variant 0 captured
[2026-10-03 19:45:33] dbg: [driver:1] OpenTT3D: live voxel house ground 46 construction stage 3 captured at 19,75
[2026-10-03 19:45:33] dbg: [driver:1] OpenTT3D: live voxel house ground 46 construction stage 3 variant 2 captured
[2026-10-03 19:45:33] dbg: [driver:1] OpenTT3D: live voxel house 46 construction stage 3 captured at 19,75
[2026-10-03 19:45:33] dbg: [driver:1] OpenTT3D: live voxel house 46 construction stage 3 variant 2 captured
[2026-10-03 19:45:33] dbg: [driver:1] OpenTT3D: live projected tree 1737 stage 2 captured at 22,67
[2026-10-03 19:45:33] dbg: [driver:1] OpenTT3D: live projected tree 1723 stage 4 captured at 25,68
[2026-10-03 19:45:33] dbg: [driver:1] OpenTT3D: live projected tree 1730 stage 6 captured at 23,69
[2026-10-03 19:45:33] dbg: [driver:1] OpenTT3D: live projected tree 1737 stage 6 captured at 25,69
[2026-10-03 19:45:33] dbg: [driver:1] OpenTT3D: live voxel house ground 48 construction stage 3 captured at 20,70
[2026-10-03 19:45:33] dbg: [driver:1] OpenTT3D: live voxel house ground 48 construction stage 3 variant 2 captured
[2026-10-03 19:45:33] dbg: [driver:1] OpenTT3D: live voxel house 48 construction stage 3 captured at 20,70
[2026-10-03 19:45:33] dbg: [driver:1] OpenTT3D: live voxel house 48 construction stage 3 variant 2 captured
[2026-10-03 19:45:33] dbg: [driver:1] OpenTT3D: live projected tree 1737 stage 5 captured at 24,70
[2026-10-03 19:45:33] dbg: [driver:1] OpenTT3D: live voxel house ground 56 construction stage 3 captured at 20,71
[2026-10-03 19:45:33] dbg: [driver:1] OpenTT3D: live voxel house ground 56 construction stage 3 variant 1 captured
[2026-10-03 19:45:33] dbg: [driver:1] OpenTT3D: live voxel house 56 construction stage 3 captured at 20,71
[2026-10-03 19:45:33] dbg: [driver:1] OpenTT3D: live voxel house 56 construction stage 3 variant 1 captured
[2026-10-03 19:45:33] dbg: [driver:1] OpenTT3D: live voxel house ground 48 construction stage 3 captured at 21,73
[2026-10-03 19:45:33] dbg: [driver:1] OpenTT3D: live voxel house ground 48 construction stage 3 variant 3 captured
[2026-10-03 19:45:33] dbg: [driver:1] OpenTT3D: live voxel house 48 construction stage 3 captured at 21,73
[2026-10-03 19:45:33] dbg: [driver:1] OpenTT3D: live voxel house 48 construction stage 3 variant 3 captured
[2026-10-03 19:45:33] dbg: [driver:1] OpenTT3D: live projected tree 1758 stage 1 captured at 23,74
[2026-10-03 19:45:33] dbg: [driver:1] OpenTT3D: retained river selector tile 32,33 feature 5 base 11264 offset 1->1 sprite 11265 absent false
[2026-10-03 19:45:33] dbg: [driver:1] OpenTT3D: retained live water source tile 32,33 role ground sprite 11265 at original height 0
[2026-10-03 19:45:33] dbg: [driver:1] OpenTT3D: retained river selector tile 32,33 feature 6 base 10364 offset 12->12 sprite 10376 absent false
[2026-10-03 19:45:33] dbg: [driver:1] OpenTT3D: retained live water source tile 32,33 role ground sprite 10376 at original height 0
[2026-10-03 19:45:33] dbg: [driver:1] OpenTT3D: retained river selector tile 32,33 feature 6 base 10364 offset 14->14 sprite 10378 absent false
[2026-10-03 19:45:33] dbg: [driver:1] OpenTT3D: retained live water source tile 32,33 role ground sprite 10378 at original height 0
[2026-10-03 19:45:33] dbg: [driver:1] OpenTT3D: retained river selector tile 32,34 feature 5 base 11269 offset 0->0 sprite 11269 absent false
[2026-10-03 19:45:33] dbg: [driver:1] OpenTT3D: retained river selector tile 32,34 feature 6 base 10244 offset 0->0 sprite 10244 absent false
[2026-10-03 19:45:33] dbg: [driver:1] OpenTT3D: retained river selector tile 32,34 feature 6 base 10244 offset 1->1 sprite 10245 absent false
[2026-10-03 19:45:33] dbg: [driver:1] OpenTT3D: retained river selector tile 32,34 feature 6 base 10244 offset 4->4 sprite 10248 absent false
[2026-10-03 19:45:33] dbg: [driver:1] OpenTT3D: retained river selector tile 32,34 feature 6 base 10244 offset 10->10 sprite 10254 absent false
[2026-10-03 19:45:33] dbg: [driver:1] OpenTT3D: retained river selector tile 33,34 feature 5 base 11269 offset 0->0 sprite 11269 absent false
[2026-10-03 19:45:33] dbg: [driver:1] OpenTT3D: retained river selector tile 33,34 feature 6 base 10244 offset 1->1 sprite 10245 absent false
[2026-10-03 19:45:33] dbg: [driver:1] OpenTT3D: retained river selector tile 33,34 feature 6 base 10244 offset 3->3 sprite 10247 absent false
[2026-10-03 19:45:33] dbg: [driver:1] OpenTT3D: retained river selector tile 34,34 feature 5 base 11269 offset 0->0 sprite 11269 absent false
[2026-10-03 19:45:33] dbg: [driver:1] OpenTT3D: retained river selector tile 34,34 feature 6 base 10244 offset 1->1 sprite 10245 absent false
[2026-10-03 19:45:33] dbg: [driver:1] OpenTT3D: retained river selector tile 34,34 feature 6 base 10244 offset 3->3 sprite 10247 absent false
[2026-10-03 19:45:33] dbg: [driver:1] OpenTT3D: retained river selector tile 35,34 feature 5 base 11269 offset 0->0 sprite 11269 absent false
[2026-10-03 19:45:33] dbg: [driver:1] OpenTT3D: retained river selector tile 35,34 feature 6 base 10244 offset 2->2 sprite 10246 absent false
[2026-10-03 19:45:33] dbg: [driver:1] OpenTT3D: retained river selector tile 35,34 feature 6 base 10244 offset 3->3 sprite 10247 absent false
[2026-10-03 19:45:33] dbg: [driver:1] OpenTT3D: retained river selector tile 35,34 feature 6 base 10244 offset 8->8 sprite 10252 absent false
[2026-10-03 19:45:33] dbg: [driver:1] OpenTT3D: retained river selector tile 35,34 feature 6 base 10244 offset 6->6 sprite 10250 absent false
[2026-10-03 19:45:33] dbg: [driver:1] OpenTT3D: retained river selector tile 35,35 feature 5 base 11269 offset 0->0 sprite 11269 absent false
[2026-10-03 19:45:33] dbg: [driver:1] OpenTT3D: retained river selector tile 35,35 feature 6 base 10244 offset 0->0 sprite 10244 absent false
[2026-10-03 19:45:33] dbg: [driver:1] OpenTT3D: retained river selector tile 35,35 feature 6 base 10244 offset 1->1 sprite 10245 absent false
[2026-10-03 19:45:33] dbg: [driver:1] OpenTT3D: retained river selector tile 35,35 feature 6 base 10244 offset 4->4 sprite 10248 absent false
[2026-10-03 19:45:33] dbg: [driver:1] OpenTT3D: retained river selector tile 35,35 feature 6 base 10244 offset 10->10 sprite 10254 absent false
[2026-10-03 19:45:33] dbg: [driver:1] OpenTT3D: retained river selector tile 36,35 feature 5 base 11269 offset 0->0 sprite 11269 absent false
[2026-10-03 19:45:33] dbg: [driver:1] OpenTT3D: retained river selector tile 36,35 feature 6 base 10244 offset 1->1 sprite 10245 absent false
[2026-10-03 19:45:33] dbg: [driver:1] OpenTT3D: retained river selector tile 36,35 feature 6 base 10244 offset 3->3 sprite 10247 absent false
[2026-10-03 19:45:33] dbg: [driver:1] OpenTT3D: retained river selector tile 37,35 feature 5 base 11269 offset 0->0 sprite 11269 absent false
[2026-10-03 19:45:33] dbg: [driver:1] OpenTT3D: retained river selector tile 37,35 feature 6 base 10244 offset 2->2 sprite 10246 absent false
[2026-10-03 19:45:33] dbg: [driver:1] OpenTT3D: retained river selector tile 37,35 feature 6 base 10244 offset 3->3 sprite 10247 absent false
[2026-10-03 19:45:33] dbg: [driver:1] OpenTT3D: retained river selector tile 37,35 feature 6 base 10244 offset 8->8 sprite 10252 absent false
[2026-10-03 19:45:33] dbg: [driver:1] OpenTT3D: retained river selector tile 37,35 feature 6 base 10244 offset 6->6 sprite 10250 absent false
[2026-10-03 19:45:33] dbg: [driver:1] OpenTT3D: retained river selector tile 37,36 feature 5 base 11269 offset 0->0 sprite 11269 absent false
[2026-10-03 19:45:33] dbg: [driver:1] OpenTT3D: retained river selector tile 37,36 feature 6 base 10244 offset 0->0 sprite 10244 absent false
[2026-10-03 19:45:33] dbg: [driver:1] OpenTT3D: retained river selector tile 37,36 feature 6 base 10244 offset 1->1 sprite 10245 absent false
[2026-10-03 19:45:33] dbg: [driver:1] OpenTT3D: retained river selector tile 37,36 feature 6 base 10244 offset 4->4 sprite 10248 absent false
[2026-10-03 19:45:33] dbg: [driver:1] OpenTT3D: retained river selector tile 37,36 feature 6 base 10244 offset 10->10 sprite 10254 absent false
[2026-10-03 19:45:33] dbg: [driver:1] OpenTT3D: retained river selector tile 38,36 feature 5 base 11269 offset 0->0 sprite 11269 absent false
[2026-10-03 19:45:33] dbg: [driver:1] OpenTT3D: retained river selector tile 38,36 feature 6 base 10244 offset 2->2 sprite 10246 absent false
[2026-10-03 19:45:33] dbg: [driver:1] OpenTT3D: retained river selector tile 38,36 feature 6 base 10244 offset 3->3 sprite 10247 absent false
[2026-10-03 19:45:33] dbg: [driver:1] OpenTT3D: retained river selector tile 38,36 feature 6 base 10244 offset 8->8 sprite 10252 absent false
[2026-10-03 19:45:33] dbg: [driver:1] OpenTT3D: retained river selector tile 38,36 feature 6 base 10244 offset 6->6 sprite 10250 absent false
[2026-10-03 19:45:33] dbg: [driver:1] OpenTT3D: retained river selector tile 38,37 feature 5 base 11269 offset 0->0 sprite 11269 absent false
[2026-10-03 19:45:33] dbg: [driver:1] OpenTT3D: retained river selector tile 38,37 feature 6 base 10244 offset 0->0 sprite 10244 absent false
[2026-10-03 19:45:33] dbg: [driver:1] OpenTT3D: retained river selector tile 38,37 feature 6 base 10244 offset 1->1 sprite 10245 absent false
[2026-10-03 19:45:33] dbg: [driver:1] OpenTT3D: retained river selector tile 38,37 feature 6 base 10244 offset 4->4 sprite 10248 absent false
[2026-10-03 19:45:33] dbg: [driver:1] OpenTT3D: retained river selector tile 38,37 feature 6 base 10244 offset 10->10 sprite 10254 absent false
[2026-10-03 19:45:33] dbg: [driver:1] OpenTT3D: retained river selector tile 39,37 feature 5 base 11269 offset 0->0 sprite 11269 absent false
[2026-10-03 19:45:33] dbg: [driver:1] OpenTT3D: retained river selector tile 39,37 feature 6 base 10244 offset 1->1 sprite 10245 absent false
[2026-10-03 19:45:33] dbg: [driver:1] OpenTT3D: retained river selector tile 39,37 feature 6 base 10244 offset 3->3 sprite 10247 absent false
[2026-10-03 19:45:33] dbg: [driver:1] OpenTT3D: retained river selector tile 40,37 feature 5 base 11269 offset 0->0 sprite 11269 absent false
[2026-10-03 19:45:33] dbg: [driver:1] OpenTT3D: retained river selector tile 40,37 feature 6 base 10244 offset 2->2 sprite 10246 absent false
[2026-10-03 19:45:33] dbg: [driver:1] OpenTT3D: retained river selector tile 40,37 feature 6 base 10244 offset 3->3 sprite 10247 absent false
[2026-10-03 19:45:33] dbg: [driver:1] OpenTT3D: retained river selector tile 40,37 feature 6 base 10244 offset 8->8 sprite 10252 absent false
[2026-10-03 19:45:33] dbg: [driver:1] OpenTT3D: retained river selector tile 40,37 feature 6 base 10244 offset 6->6 sprite 10250 absent false
[2026-10-03 19:45:33] dbg: [driver:1] OpenTT3D: retained river selector tile 40,38 feature 5 base 11269 offset 0->0 sprite 11269 absent false
[2026-10-03 19:45:33] dbg: [driver:1] OpenTT3D: retained river selector tile 40,38 feature 6 base 10244 offset 0->0 sprite 10244 absent false
[2026-10-03 19:45:33] dbg: [driver:1] OpenTT3D: retained river selector tile 40,38 feature 6 base 10244 offset 1->1 sprite 10245 absent false
[2026-10-03 19:45:33] dbg: [driver:1] OpenTT3D: retained river selector tile 40,38 feature 6 base 10244 offset 4->4 sprite 10248 absent false
[2026-10-03 19:45:33] dbg: [driver:1] OpenTT3D: retained river selector tile 40,38 feature 6 base 10244 offset 10->10 sprite 10254 absent false
[2026-10-03 19:45:33] dbg: [driver:1] OpenTT3D: retained river selector tile 41,38 feature 5 base 11269 offset 0->0 sprite 11269 absent false
[2026-10-03 19:45:33] dbg: [driver:1] OpenTT3D: retained river selector tile 41,38 feature 6 base 10244 offset 2->2 sprite 10246 absent false
[2026-10-03 19:45:33] dbg: [driver:1] OpenTT3D: retained river selector tile 41,38 feature 6 base 10244 offset 3->3 sprite 10247 absent false
[2026-10-03 19:45:33] dbg: [driver:1] OpenTT3D: retained river selector tile 41,38 feature 6 base 10244 offset 8->8 sprite 10252 absent false
[2026-10-03 19:45:33] dbg: [driver:1] OpenTT3D: retained river selector tile 41,38 feature 6 base 10244 offset 6->6 sprite 10250 absent false
[2026-10-03 19:45:33] dbg: [driver:1] OpenTT3D: retained river selector tile 41,39 feature 5 base 11269 offset 0->0 sprite 11269 absent false
[2026-10-03 19:45:33] dbg: [driver:1] OpenTT3D: retained river selector tile 41,39 feature 6 base 10244 offset 0->0 sprite 10244 absent false
[2026-10-03 19:45:33] dbg: [driver:1] OpenTT3D: retained river selector tile 41,39 feature 6 base 10244 offset 2->2 sprite 10246 absent false
[2026-10-03 19:45:33] dbg: [driver:1] OpenTT3D: retained river selector tile 41,40 feature 5 base 11269 offset 0->0 sprite 11269 absent false
[2026-10-03 19:45:33] dbg: [driver:1] OpenTT3D: retained river selector tile 41,40 feature 6 base 10244 offset 0->0 sprite 10244 absent false
[2026-10-03 19:45:33] dbg: [driver:1] OpenTT3D: retained river selector tile 41,40 feature 6 base 10244 offset 2->2 sprite 10246 absent false
[2026-10-03 19:45:33] dbg: [driver:1] OpenTT3D: retained river selector tile 41,41 feature 5 base 11269 offset 0->0 sprite 11269 absent false
[2026-10-03 19:45:33] dbg: [driver:1] OpenTT3D: retained river selector tile 41,41 feature 6 base 10244 offset 0->0 sprite 10244 absent false
[2026-10-03 19:45:33] dbg: [driver:1] OpenTT3D: retained river selector tile 41,41 feature 6 base 10244 offset 1->1 sprite 10245 absent false
[2026-10-03 19:45:33] dbg: [driver:1] OpenTT3D: retained river selector tile 41,41 feature 6 base 10244 offset 2->2 sprite 10246 absent false
[2026-10-03 19:45:33] dbg: [driver:1] OpenTT3D: retained river selector tile 41,41 feature 6 base 10244 offset 4->4 sprite 10248 absent false
[2026-10-03 19:45:33] dbg: [driver:1] OpenTT3D: retained river selector tile 41,41 feature 6 base 10244 offset 5->5 sprite 10249 absent false
[2026-10-03 19:45:33] dbg: [driver:1] OpenTT3D: live projected tree 1730 stage 4 captured at 20,61
[2026-10-03 19:45:33] dbg: [driver:1] OpenTT3D: live projected tree 1723 stage 1 captured at 20,63
[2026-10-03 19:45:33] dbg: [driver:1] OpenTT3D: 64 roof/wall pixels select their owning tile across four rotations, with independent vehicle picking
[2026-10-03 19:45:33] dbg: [driver:1] OpenTT3D: live projected tree 1709 stage 6 captured at 88,1
[2026-10-03 19:45:33] dbg: [driver:1] OpenTT3D: live projected tree 1730 stage 0 captured at 95,3
[2026-10-03 19:45:33] dbg: [driver:1] OpenTT3D: live projected tree 1730 stage 2 captured at 97,3
[2026-10-03 19:45:33] dbg: [driver:1] OpenTT3D: live projected tree 1730 stage 5 captured at 93,4
[2026-10-03 19:45:33] dbg: [driver:1] OpenTT3D: retained live water source tile 100,4 role ground sprite 9952 at original height 8
[2026-10-03 19:45:33] dbg: [driver:1] OpenTT3D: retained live water source tile 100,4 role body sprite 10009 at original height 8
[2026-10-03 19:45:33] dbg: [driver:1] OpenTT3D: retained live water source tile 100,4 role body sprite 10013 at original height 8
[2026-10-03 19:45:33] dbg: [driver:1] OpenTT3D: live voxel lock wall 17 part 2 direction 0 face 0 climate 1 base 9992 family 9992 source 10009 captured at 100,4 origin 1600,64,16 opacity 1 with independent original water ground
[2026-10-03 19:45:33] dbg: [driver:1] OpenTT3D: live voxel lock wall 21 part 2 direction 0 face 1 climate 1 base 9992 family 9992 source 10013 captured at 100,4 origin 1600,79,16 opacity 1 with independent original water ground
[2026-10-03 19:45:33] dbg: [driver:1] OpenTT3D: retained live water source tile 101,4 role ground sprite 9954 at original height 0
[2026-10-03 19:45:33] dbg: [driver:1] OpenTT3D: retained live water source tile 101,4 role body sprite 9993 at original height 0
[2026-10-03 19:45:33] dbg: [driver:1] OpenTT3D: retained live water source tile 101,4 role body sprite 9997 at original height 0
[2026-10-03 19:45:33] dbg: [driver:1] OpenTT3D: live voxel lock wall 1 part 0 direction 0 face 0 climate 1 base 9992 family 9992 source 9993 captured at 101,4 origin 1616,64,0 opacity 1 with independent original water ground
[2026-10-03 19:45:33] dbg: [driver:1] OpenTT3D: live voxel lock wall 5 part 0 direction 0 face 1 climate 1 base 9992 family 9992 source 9997 captured at 101,4 origin 1616,79,0 opacity 1 with independent original water ground
[2026-10-03 19:45:33] dbg: [driver:1] OpenTT3D: retained live water source tile 102,4 role ground sprite 9952 at original height 0
[2026-10-03 19:45:33] dbg: [driver:1] OpenTT3D: retained live water source tile 102,4 role body sprite 10001 at original height 0
[2026-10-03 19:45:33] dbg: [driver:1] OpenTT3D: retained live water source tile 102,4 role body sprite 10005 at original height 0
[2026-10-03 19:45:33] dbg: [driver:1] OpenTT3D: live voxel lock wall 9 part 1 direction 0 face 0 climate 1 base 9992 family 9992 source 10001 captured at 102,4 origin 1632,64,0 opacity 1 with independent original water ground
[2026-10-03 19:45:33] dbg: [driver:1] OpenTT3D: live voxel lock wall 13 part 1 direction 0 face 1 climate 1 base 9992 family 9992 source 10005 captured at 102,4 origin 1632,79,0 opacity 1 with independent original water ground
[2026-10-03 19:45:33] dbg: [driver:1] OpenTT3D: retained live water source tile 64,5 role ground sprite 9957 at original height 8
[2026-10-03 19:45:33] dbg: [driver:1] OpenTT3D: retained live water source tile 64,5 role body sprite 10024 at original height 8
[2026-10-03 19:45:33] dbg: [driver:1] OpenTT3D: retained live water source tile 64,5 role body sprite 10028 at original height 8
[2026-10-03 19:45:33] dbg: [driver:1] OpenTT3D: live voxel lock wall 32 part 1 direction 1 face 0 climate 1 base 10016 family 9992 source 10024 captured at 64,5 origin 1024,80,16 opacity 1 with independent original water ground
[2026-10-03 19:45:33] dbg: [driver:1] OpenTT3D: live voxel lock wall 36 part 1 direction 1 face 1 climate 1 base 10016 family 9992 source 10028 captured at 64,5 origin 1039,80,16 opacity 1 with independent original water ground
[2026-10-03 19:45:33] dbg: [driver:1] OpenTT3D: retained river selector tile 65,5 feature 5 base 11269 offset 0->0 sprite 11269 absent false
[2026-10-03 19:45:33] dbg: [driver:1] OpenTT3D: retained river selector tile 65,5 feature 6 base 10244 offset 0->0 sprite 10244 absent false
[2026-10-03 19:45:33] dbg: [driver:1] OpenTT3D: retained river selector tile 65,5 feature 6 base 10244 offset 1->1 sprite 10245 absent false
[2026-10-03 19:45:33] dbg: [driver:1] OpenTT3D: retained river selector tile 65,5 feature 6 base 10244 offset 3->3 sprite 10247 absent false
[2026-10-03 19:45:33] dbg: [driver:1] OpenTT3D: retained river selector tile 65,5 feature 6 base 10244 offset 4->4 sprite 10248 absent false
[2026-10-03 19:45:33] dbg: [driver:1] OpenTT3D: retained river selector tile 65,5 feature 6 base 10244 offset 7->7 sprite 10251 absent false
[2026-10-03 19:45:33] dbg: [driver:1] OpenTT3D: retained river selector tile 66,5 feature 5 base 11269 offset 0->0 sprite 11269 absent false
[2026-10-03 19:45:33] dbg: [driver:1] OpenTT3D: retained river selector tile 66,5 feature 6 base 10244 offset 1->1 sprite 10245 absent false
[2026-10-03 19:45:33] dbg: [driver:1] OpenTT3D: retained river selector tile 66,5 feature 6 base 10244 offset 3->3 sprite 10247 absent false
[2026-10-03 19:45:33] dbg: [driver:1] OpenTT3D: retained river selector tile 67,5 feature 5 base 11269 offset 0->0 sprite 11269 absent false
[2026-10-03 19:45:33] dbg: [driver:1] OpenTT3D: retained river selector tile 67,5 feature 6 base 10244 offset 2->2 sprite 10246 absent false
[2026-10-03 19:45:33] dbg: [driver:1] OpenTT3D: retained river selector tile 67,5 feature 6 base 10244 offset 3->3 sprite 10247 absent false
[2026-10-03 19:45:33] dbg: [driver:1] OpenTT3D: retained river selector tile 67,5 feature 6 base 10244 offset 8->8 sprite 10252 absent false
[2026-10-03 19:45:33] dbg: [driver:1] OpenTT3D: retained river selector tile 67,5 feature 6 base 10244 offset 6->6 sprite 10250 absent false
[2026-10-03 19:45:33] dbg: [driver:1] OpenTT3D: retained live water source tile 64,6 role ground sprite 9958 at original height 8
[2026-10-03 19:45:33] dbg: [driver:1] OpenTT3D: retained live water source tile 64,6 role body sprite 10016 at original height 8
[2026-10-03 19:45:33] dbg: [driver:1] OpenTT3D: retained live water source tile 64,6 role body sprite 10020 at original height 8
[2026-10-03 19:45:33] dbg: [driver:1] OpenTT3D: live voxel lock wall 24 part 0 direction 1 face 0 climate 1 base 10016 family 9992 source 10016 captured at 64,6 origin 1024,96,16 opacity 1 with independent original water ground
[2026-10-03 19:45:33] dbg: [driver:1] OpenTT3D: live voxel lock wall 28 part 0 direction 1 face 1 climate 1 base 10016 family 9992 source 10020 captured at 64,6 origin 1039,96,16 opacity 1 with independent original water ground
[2026-10-03 19:45:33] dbg: [driver:1] OpenTT3D: retained river selector tile 67,6 feature 5 base 11269 offset 0->0 sprite 11269 absent false
[2026-10-03 19:45:33] dbg: [driver:1] OpenTT3D: retained river selector tile 67,6 feature 6 base 10244 offset 0->0 sprite 10244 absent false
[2026-10-03 19:45:33] dbg: [driver:1] OpenTT3D: retained river selector tile 67,6 feature 6 base 10244 offset 1->1 sprite 10245 absent false
[2026-10-03 19:45:33] dbg: [driver:1] OpenTT3D: retained river selector tile 67,6 feature 6 base 10244 offset 2->2 sprite 10246 absent false
[2026-10-03 19:45:33] dbg: [driver:1] OpenTT3D: retained river selector tile 67,6 feature 6 base 10244 offset 4->4 sprite 10248 absent false
[2026-10-03 19:45:33] dbg: [driver:1] OpenTT3D: retained river selector tile 67,6 feature 6 base 10244 offset 5->5 sprite 10249 absent false
[2026-10-03 19:45:33] dbg: [driver:1] OpenTT3D: retained live water source tile 64,7 role ground sprite 9957 at original height 16
[2026-10-03 19:45:33] dbg: [driver:1] OpenTT3D: retained live water source tile 64,7 role body sprite 10032 at original height 16
[2026-10-03 19:45:33] dbg: [driver:1] OpenTT3D: retained live water source tile 64,7 role body sprite 10036 at original height 16
[2026-10-03 19:45:33] dbg: [driver:1] OpenTT3D: live voxel lock wall 40 part 2 direction 1 face 0 climate 1 base 10016 family 9992 source 10032 captured at 64,7 origin 1024,112,32 opacity 1 with independent original water ground
[2026-10-03 19:45:33] dbg: [driver:1] OpenTT3D: live voxel lock wall 44 part 2 direction 1 face 1 climate 1 base 10016 family 9992 source 10036 captured at 64,7 origin 1039,112,32 opacity 1 with independent original water ground
[2026-10-03 19:45:33] dbg: [driver:1] OpenTT3D: retained river selector tile 104,7 feature 5 base 11264 offset 1->1 sprite 11265 absent false
[2026-10-03 19:45:33] dbg: [driver:1] OpenTT3D: retained live water source tile 104,7 role ground sprite 11265 at original height 0
[2026-10-03 19:45:33] dbg: [driver:1] OpenTT3D: retained river selector tile 104,7 feature 6 base 10364 offset 12->12 sprite 10376 absent false
[2026-10-03 19:45:33] dbg: [driver:1] OpenTT3D: retained live water source tile 104,7 role ground sprite 10376 at original height 0
[2026-10-03 19:45:33] dbg: [driver:1] OpenTT3D: retained river selector tile 105,7 feature 5 base 11264 offset 1->1 sprite 11265 absent false
[2026-10-03 19:45:33] dbg: [driver:1] OpenTT3D: retained live water source tile 105,7 role ground sprite 11265 at original height 0
[2026-10-03 19:45:33] dbg: [driver:1] OpenTT3D: retained river selector tile 105,7 feature 6 base 10364 offset 14->14 sprite 10378 absent false
[2026-10-03 19:45:33] dbg: [driver:1] OpenTT3D: retained live water source tile 105,7 role ground sprite 10378 at original height 0
[2026-10-03 19:45:33] dbg: [driver:1] OpenTT3D: retained river selector tile 103,8 feature 5 base 11269 offset 0->0 sprite 11269 absent false
[2026-10-03 19:45:33] dbg: [driver:1] OpenTT3D: retained river selector tile 103,8 feature 6 base 10244 offset 0->0 sprite 10244 absent false
[2026-10-03 19:45:33] dbg: [driver:1] OpenTT3D: retained river selector tile 103,8 feature 6 base 10244 offset 3->3 sprite 10247 absent false
[2026-10-03 19:45:33] dbg: [driver:1] OpenTT3D: retained river selector tile 103,8 feature 6 base 10244 offset 7->7 sprite 10251 absent false
[2026-10-03 19:45:33] dbg: [driver:1] OpenTT3D: retained river selector tile 104,8 feature 5 base 11269 offset 0->0 sprite 11269 absent false
[2026-10-03 19:45:33] dbg: [driver:1] OpenTT3D: retained river selector tile 104,8 feature 6 base 10244 offset 11->11 sprite 10255 absent false
[2026-10-03 19:45:33] dbg: [driver:1] OpenTT3D: retained river selector tile 105,8 feature 5 base 11269 offset 0->0 sprite 11269 absent false
[2026-10-03 19:45:33] dbg: [driver:1] OpenTT3D: retained river selector tile 105,8 feature 6 base 10244 offset 2->2 sprite 10246 absent false
[2026-10-03 19:45:33] dbg: [driver:1] OpenTT3D: retained river selector tile 100,9 feature 5 base 11269 offset 0->0 sprite 11269 absent false
[2026-10-03 19:45:33] dbg: [driver:1] OpenTT3D: retained river selector tile 100,9 feature 6 base 10244 offset 0->0 sprite 10244 absent false
[2026-10-03 19:45:33] dbg: [driver:1] OpenTT3D: retained river selector tile 100,9 feature 6 base 10244 offset 3->3 sprite 10247 absent false
[2026-10-03 19:45:33] dbg: [driver:1] OpenTT3D: retained river selector tile 100,9 feature 6 base 10244 offset 9->9 sprite 10253 absent false
[2026-10-03 19:45:33] dbg: [driver:1] OpenTT3D: retained river selector tile 100,9 feature 6 base 10244 offset 7->7 sprite 10251 absent false
[2026-10-03 19:45:33] dbg: [driver:1] OpenTT3D: retained river selector tile 101,9 feature 5 base 11269 offset 0->0 sprite 11269 absent false
[2026-10-03 19:45:33] dbg: [driver:1] OpenTT3D: retained river selector tile 101,9 feature 6 base 10244 offset 1->1 sprite 10245 absent false
[2026-10-03 19:45:33] dbg: [driver:1] OpenTT3D: retained river selector tile 101,9 feature 6 base 10244 offset 3->3 sprite 10247 absent false
[2026-10-03 19:45:33] dbg: [driver:1] OpenTT3D: retained river selector tile 102,9 feature 5 base 11269 offset 0->0 sprite 11269 absent false
[2026-10-03 19:45:33] dbg: [driver:1] OpenTT3D: retained river selector tile 102,9 feature 6 base 10244 offset 3->3 sprite 10247 absent false
[2026-10-03 19:45:33] dbg: [driver:1] OpenTT3D: retained river selector tile 102,9 feature 6 base 10244 offset 8->8 sprite 10252 absent false
[2026-10-03 19:45:33] dbg: [driver:1] OpenTT3D: retained river selector tile 103,9 feature 5 base 11269 offset 0->0 sprite 11269 absent false
[2026-10-03 19:45:33] dbg: [driver:1] OpenTT3D: retained river selector tile 103,9 feature 6 base 10244 offset 9->9 sprite 10253 absent false
[2026-10-03 19:45:33] dbg: [driver:1] OpenTT3D: retained river selector tile 103,9 feature 6 base 10244 offset 11->11 sprite 10255 absent false
[2026-10-03 19:45:33] dbg: [driver:1] OpenTT3D: retained river selector tile 104,9 feature 5 base 11269 offset 0->0 sprite 11269 absent false
[2026-10-03 19:45:33] dbg: [driver:1] OpenTT3D: retained river selector tile 104,9 feature 6 base 10244 offset 1->1 sprite 10245 absent false
[2026-10-03 19:45:33] dbg: [driver:1] OpenTT3D: retained river selector tile 105,9 feature 5 base 11269 offset 0->0 sprite 11269 absent false
[2026-10-03 19:45:33] dbg: [driver:1] OpenTT3D: retained river selector tile 105,9 feature 6 base 10244 offset 1->1 sprite 10245 absent false
[2026-10-03 19:45:33] dbg: [driver:1] OpenTT3D: retained river selector tile 105,9 feature 6 base 10244 offset 2->2 sprite 10246 absent false
[2026-10-03 19:45:33] dbg: [driver:1] OpenTT3D: retained river selector tile 105,9 feature 6 base 10244 offset 5->5 sprite 10249 absent false
[2026-10-03 19:45:33] dbg: [driver:1] OpenTT3D: retained river selector tile 100,10 feature 5 base 11269 offset 0->0 sprite 11269 absent false
[2026-10-03 19:45:33] dbg: [driver:1] OpenTT3D: retained river selector tile 100,10 feature 6 base 10244 offset 0->0 sprite 10244 absent false
[2026-10-03 19:45:33] dbg: [driver:1] OpenTT3D: retained river selector tile 100,10 feature 6 base 10244 offset 2->2 sprite 10246 absent false
[2026-10-03 19:45:33] dbg: [driver:1] OpenTT3D: retained river selector tile 102,10 feature 5 base 11269 offset 0->0 sprite 11269 absent false
[2026-10-03 19:45:33] dbg: [driver:1] OpenTT3D: retained river selector tile 102,10 feature 6 base 10244 offset 0->0 sprite 10244 absent false
[2026-10-03 19:45:33] dbg: [driver:1] OpenTT3D: retained river selector tile 102,10 feature 6 base 10244 offset 1->1 sprite 10245 absent false
[2026-10-03 19:45:33] dbg: [driver:1] OpenTT3D: retained river selector tile 102,10 feature 6 base 10244 offset 4->4 sprite 10248 absent false
[2026-10-03 19:45:33] dbg: [driver:1] OpenTT3D: retained river selector tile 103,10 feature 5 base 11269 offset 0->0 sprite 11269 absent false
[2026-10-03 19:45:33] dbg: [driver:1] OpenTT3D: retained river selector tile 103,10 feature 6 base 10244 offset 1->1 sprite 10245 absent false
[2026-10-03 19:45:33] dbg: [driver:1] OpenTT3D: retained river selector tile 103,10 feature 6 base 10244 offset 2->2 sprite 10246 absent false
[2026-10-03 19:45:33] dbg: [driver:1] OpenTT3D: retained river selector tile 103,10 feature 6 base 10244 offset 5->5 sprite 10249 absent false
[2026-10-03 19:45:33] dbg: [driver:1] OpenTT3D: retained river selector tile 97,11 feature 5 base 11269 offset 0->0 sprite 11269 absent false
[2026-10-03 19:45:33] dbg: [driver:1] OpenTT3D: retained river selector tile 97,11 feature 6 base 10244 offset 0->0 sprite 10244 absent false
[2026-10-03 19:45:33] dbg: [driver:1] OpenTT3D: retained river selector tile 97,11 feature 6 base 10244 offset 3->3 sprite 10247 absent false
[2026-10-03 19:45:33] dbg: [driver:1] OpenTT3D: retained river selector tile 97,11 feature 6 base 10244 offset 9->9 sprite 10253 absent false
[2026-10-03 19:45:33] dbg: [driver:1] OpenTT3D: retained river selector tile 97,11 feature 6 base 10244 offset 7->7 sprite 10251 absent false
[2026-10-03 19:45:33] dbg: [driver:1] OpenTT3D: retained river selector tile 98,11 feature 5 base 11269 offset 0->0 sprite 11269 absent false
[2026-10-03 19:45:33] dbg: [driver:1] OpenTT3D: retained river selector tile 98,11 feature 6 base 10244 offset 1->1 sprite 10245 absent false
[2026-10-03 19:45:33] dbg: [driver:1] OpenTT3D: retained river selector tile 98,11 feature 6 base 10244 offset 3->3 sprite 10247 absent false
[2026-10-03 19:45:33] dbg: [driver:1] OpenTT3D: retained river selector tile 99,11 feature 5 base 11269 offset 0->0 sprite 11269 absent false
[2026-10-03 19:45:33] dbg: [driver:1] OpenTT3D: retained river selector tile 99,11 feature 6 base 10244 offset 1->1 sprite 10245 absent false
[2026-10-03 19:45:33] dbg: [driver:1] OpenTT3D: retained river selector tile 99,11 feature 6 base 10244 offset 3->3 sprite 10247 absent false
[2026-10-03 19:45:33] dbg: [driver:1] OpenTT3D: retained river selector tile 100,11 feature 5 base 11269 offset 0->0 sprite 11269 absent false
[2026-10-03 19:45:33] dbg: [driver:1] OpenTT3D: retained river selector tile 100,11 feature 6 base 10244 offset 1->1 sprite 10245 absent false
[2026-10-03 19:45:33] dbg: [driver:1] OpenTT3D: retained river selector tile 100,11 feature 6 base 10244 offset 2->2 sprite 10246 absent false
[2026-10-03 19:45:33] dbg: [driver:1] OpenTT3D: retained river selector tile 100,11 feature 6 base 10244 offset 5->5 sprite 10249 absent false
[2026-10-03 19:45:33] dbg: [driver:1] OpenTT3D: retained river selector tile 100,11 feature 6 base 10244 offset 11->11 sprite 10255 absent false
[2026-10-03 19:45:33] dbg: [driver:1] OpenTT3D: retained river selector tile 97,12 feature 5 base 11269 offset 0->0 sprite 11269 absent false
[2026-10-03 19:45:33] dbg: [driver:1] OpenTT3D: retained river selector tile 97,12 feature 6 base 10244 offset 0->0 sprite 10244 absent false
[2026-10-03 19:45:33] dbg: [driver:1] OpenTT3D: retained river selector tile 97,12 feature 6 base 10244 offset 2->2 sprite 10246 absent false
[2026-10-03 19:45:33] dbg: [driver:1] OpenTT3D: retained river selector tile 96,13 feature 5 base 11269 offset 0->0 sprite 11269 absent false
[2026-10-03 19:45:33] dbg: [driver:1] OpenTT3D: retained river selector tile 96,13 feature 6 base 10244 offset 0->0 sprite 10244 absent false
[2026-10-03 19:45:33] dbg: [driver:1] OpenTT3D: retained river selector tile 96,13 feature 6 base 10244 offset 3->3 sprite 10247 absent false
[2026-10-03 19:45:33] dbg: [driver:1] OpenTT3D: retained river selector tile 96,13 feature 6 base 10244 offset 9->9 sprite 10253 absent false
[2026-10-03 19:45:33] dbg: [driver:1] OpenTT3D: retained river selector tile 96,13 feature 6 base 10244 offset 7->7 sprite 10251 absent false
[2026-10-03 19:45:33] dbg: [driver:1] OpenTT3D: retained river selector tile 97,13 feature 5 base 11269 offset 0->0 sprite 11269 absent false
[2026-10-03 19:45:33] dbg: [driver:1] OpenTT3D: retained river selector tile 97,13 feature 6 base 10244 offset 1->1 sprite 10245 absent false
[2026-10-03 19:45:33] dbg: [driver:1] OpenTT3D: retained river selector tile 97,13 feature 6 base 10244 offset 2->2 sprite 10246 absent false
[2026-10-03 19:45:33] dbg: [driver:1] OpenTT3D: retained river selector tile 97,13 feature 6 base 10244 offset 5->5 sprite 10249 absent false
[2026-10-03 19:45:33] dbg: [driver:1] OpenTT3D: retained river selector tile 97,13 feature 6 base 10244 offset 11->11 sprite 10255 absent false
[2026-10-03 19:45:33] dbg: [driver:1] OpenTT3D: retained live water source tile 87,14 role ground sprite 9957 at original height 16
[2026-10-03 19:45:33] dbg: [driver:1] OpenTT3D: retained live water source tile 87,14 role body sprite 10033 at original height 16
[2026-10-03 19:45:33] dbg: [driver:1] OpenTT3D: retained live water source tile 87,14 role body sprite 10037 at original height 16
[2026-10-03 19:45:33] dbg: [driver:1] OpenTT3D: live voxel lock wall 41 part 2 direction 0 face 0 climate 1 base 10016 family 9992 source 10033 captured at 87,14 origin 1392,224,32 opacity 1 with independent original water ground
[2026-10-03 19:45:33] dbg: [driver:1] OpenTT3D: live voxel lock wall 45 part 2 direction 0 face 1 climate 1 base 10016 family 9992 source 10037 captured at 87,14 origin 1392,239,32 opacity 1 with independent original water ground
[2026-10-03 19:45:33] dbg: [driver:1] OpenTT3D: retained live water source tile 88,14 role ground sprite 9959 at original height 8
[2026-10-03 19:45:33] dbg: [driver:1] OpenTT3D: retained live water source tile 88,14 role body sprite 10017 at original height 8
[2026-10-03 19:45:33] dbg: [driver:1] OpenTT3D: retained live water source tile 88,14 role body sprite 10021 at original height 8
[2026-10-03 19:45:33] dbg: [driver:1] OpenTT3D: live voxel lock wall 25 part 0 direction 0 face 0 climate 1 base 10016 family 9992 source 10017 captured at 88,14 origin 1408,224,16 opacity 1 with independent original water ground
[2026-10-03 19:45:33] dbg: [driver:1] OpenTT3D: live voxel lock wall 29 part 0 direction 0 face 1 climate 1 base 10016 family 9992 source 10021 captured at 88,14 origin 1408,239,16 opacity 1 with independent original water ground
[2026-10-03 19:45:33] dbg: [driver:1] OpenTT3D: retained live water source tile 89,14 role ground sprite 9957 at original height 8
[2026-10-03 19:45:33] dbg: [driver:1] OpenTT3D: retained live water source tile 89,14 role body sprite 10025 at original height 8
[2026-10-03 19:45:33] dbg: [driver:1] OpenTT3D: retained live water source tile 89,14 role body sprite 10029 at original height 8
[2026-10-03 19:45:33] dbg: [driver:1] OpenTT3D: live voxel lock wall 33 part 1 direction 0 face 0 climate 1 base 10016 family 9992 source 10025 captured at 89,14 origin 1424,224,16 opacity 1 with independent original water ground
[2026-10-03 19:45:33] dbg: [driver:1] OpenTT3D: live voxel lock wall 37 part 1 direction 0 face 1 climate 1 base 10016 family 9992 source 10029 captured at 89,14 origin 1424,239,16 opacity 1 with independent original water ground
[2026-10-03 19:45:33] dbg: [driver:1] OpenTT3D: retained river selector tile 96,14 feature 5 base 11269 offset 0->0 sprite 11269 absent false
[2026-10-03 19:45:33] dbg: [driver:1] OpenTT3D: retained river selector tile 96,14 feature 6 base 10244 offset 0->0 sprite 10244 absent false
[2026-10-03 19:45:33] dbg: [driver:1] OpenTT3D: retained river selector tile 96,14 feature 6 base 10244 offset 2->2 sprite 10246 absent false
[2026-10-03 19:45:33] dbg: [driver:1] OpenTT3D: retained river selector tile 94,15 feature 5 base 11269 offset 0->0 sprite 11269 absent false
[2026-10-03 19:45:33] dbg: [driver:1] OpenTT3D: retained river selector tile 94,15 feature 6 base 10244 offset 0->0 sprite 10244 absent false
[2026-10-03 19:45:33] dbg: [driver:1] OpenTT3D: retained river selector tile 94,15 feature 6 base 10244 offset 3->3 sprite 10247 absent false
[2026-10-03 19:45:33] dbg: [driver:1] OpenTT3D: retained river selector tile 94,15 feature 6 base 10244 offset 9->9 sprite 10253 absent false
[2026-10-03 19:45:33] dbg: [driver:1] OpenTT3D: retained river selector tile 94,15 feature 6 base 10244 offset 7->7 sprite 10251 absent false
[2026-10-03 19:45:33] dbg: [driver:1] OpenTT3D: retained river selector tile 95,15 feature 5 base 11269 offset 0->0 sprite 11269 absent false
[2026-10-03 19:45:33] dbg: [driver:1] OpenTT3D: retained river selector tile 95,15 feature 6 base 10244 offset 1->1 sprite 10245 absent false
[2026-10-03 19:45:33] dbg: [driver:1] OpenTT3D: retained river selector tile 95,15 feature 6 base 10244 offset 3->3 sprite 10247 absent false
[2026-10-03 19:45:33] dbg: [driver:1] OpenTT3D: retained river selector tile 96,15 feature 5 base 11269 offset 0->0 sprite 11269 absent false
[2026-10-03 19:45:33] dbg: [driver:1] OpenTT3D: retained river selector tile 96,15 feature 6 base 10244 offset 1->1 sprite 10245 absent false
[2026-10-03 19:45:33] dbg: [driver:1] OpenTT3D: retained river selector tile 96,15 feature 6 base 10244 offset 2->2 sprite 10246 absent false
[2026-10-03 19:45:33] dbg: [driver:1] OpenTT3D: retained river selector tile 96,15 feature 6 base 10244 offset 5->5 sprite 10249 absent false
[2026-10-03 19:45:33] dbg: [driver:1] OpenTT3D: retained river selector tile 96,15 feature 6 base 10244 offset 11->11 sprite 10255 absent false
[2026-10-03 19:45:33] dbg: [driver:1] OpenTT3D: retained river selector tile 94,16 feature 5 base 11269 offset 0->0 sprite 11269 absent false
[2026-10-03 19:45:33] dbg: [driver:1] OpenTT3D: retained river selector tile 94,16 feature 6 base 10244 offset 0->0 sprite 10244 absent false
[2026-10-03 19:45:33] dbg: [driver:1] OpenTT3D: retained river selector tile 94,16 feature 6 base 10244 offset 2->2 sprite 10246 absent false
[2026-10-03 19:45:33] dbg: [driver:1] OpenTT3D: retained live water source tile 106,16 role ground sprite 9957 at original height 8
[2026-10-03 19:45:33] dbg: [driver:1] OpenTT3D: retained live water source tile 106,16 role body sprite 10026 at original height 8
[2026-10-03 19:45:33] dbg: [driver:1] OpenTT3D: retained live water source tile 106,16 role body sprite 10030 at original height 8
[2026-10-03 19:45:33] dbg: [driver:1] OpenTT3D: live voxel lock wall 34 part 1 direction 2 face 0 climate 1 base 10016 family 9992 source 10026 captured at 106,16 origin 1696,256,16 opacity 1 with independent original water ground
[2026-10-03 19:45:33] dbg: [driver:1] OpenTT3D: live voxel lock wall 38 part 1 direction 2 face 1 climate 1 base 10016 family 9992 source 10030 captured at 106,16 origin 1696,271,16 opacity 1 with independent original water ground
[2026-10-03 19:45:33] dbg: [driver:1] OpenTT3D: retained live water source tile 107,16 role ground sprite 9960 at original height 8
[2026-10-03 19:45:33] dbg: [driver:1] OpenTT3D: retained live water source tile 107,16 role body sprite 10018 at original height 8
[2026-10-03 19:45:33] dbg: [driver:1] OpenTT3D: retained live water source tile 107,16 role body sprite 10022 at original height 8
[2026-10-03 19:45:33] dbg: [driver:1] OpenTT3D: live voxel lock wall 26 part 0 direction 2 face 0 climate 1 base 10016 family 9992 source 10018 captured at 107,16 origin 1712,256,16 opacity 1 with independent original water ground
[2026-10-03 19:45:33] dbg: [driver:1] OpenTT3D: live voxel lock wall 30 part 0 direction 2 face 1 climate 1 base 10016 family 9992 source 10022 captured at 107,16 origin 1712,271,16 opacity 1 with independent original water ground
[2026-10-03 19:45:33] dbg: [driver:1] OpenTT3D: retained live water source tile 108,16 role ground sprite 9957 at original height 16
[2026-10-03 19:45:33] dbg: [driver:1] OpenTT3D: retained live water source tile 108,16 role body sprite 10034 at original height 16
[2026-10-03 19:45:33] dbg: [driver:1] OpenTT3D: retained live water source tile 108,16 role body sprite 10038 at original height 16
[2026-10-03 19:45:33] dbg: [driver:1] OpenTT3D: live voxel lock wall 42 part 2 direction 2 face 0 climate 1 base 10016 family 9992 source 10034 captured at 108,16 origin 1728,256,32 opacity 1 with independent original water ground
[2026-10-03 19:45:33] dbg: [driver:1] OpenTT3D: live voxel lock wall 46 part 2 direction 2 face 1 climate 1 base 10016 family 9992 source 10038 captured at 108,16 origin 1728,271,32 opacity 1 with independent original water ground
[2026-10-03 19:45:33] dbg: [driver:1] OpenTT3D: retained river selector tile 94,17 feature 5 base 11269 offset 0->0 sprite 11269 absent false
[2026-10-03 19:45:33] dbg: [driver:1] OpenTT3D: retained river selector tile 94,17 feature 6 base 10244 offset 0->0 sprite 10244 absent false
[2026-10-03 19:45:33] dbg: [driver:1] OpenTT3D: retained river selector tile 94,17 feature 6 base 10244 offset 2->2 sprite 10246 absent false
[2026-10-03 19:45:33] dbg: [driver:1] OpenTT3D: whole-world atlas relocation preserves 1228800 exact RGBA/picking pixels across repack, clear and forced row relocation
[2026-10-03 19:45:33] dbg: [driver:1] OpenTT3D: captured OpenGL presentation with 1 GPU viewport regions
