[2026-10-03 19:46:03] dbg: [driver:1] Successfully loaded blitter '32bpp-optimized'
[2026-10-03 19:46:03] dbg: [driver:1] OpenTT3D: Cocoa process 71150
[2026-10-03 19:46:03] dbg: [driver:1] OpenGL driver: Apple - Apple M3 Pro (4.1 Metal - 90.5)
[2026-10-03 19:46:03] dbg: [driver:2] OpenGL shading language version: 4.10, texture units = 80
[2026-10-03 19:46:03] dbg: [driver:1] Successfully loaded video driver 'cocoa-opengl'
[2026-10-03 19:46:03] dbg: [driver:1] Successfully loaded sound driver 'null'
[2026-10-03 19:46:03] dbg: [driver:1] Successfully loaded music driver 'null'
[2026-10-03 19:46:03] dbg: [driver:1] OpenTT3D: background Cocoa window active=false, key=false, visible=false, policy=2
[2026-10-03 19:46:03] dbg: [driver:1] using thread for game-loop
[2026-10-03 19:46:03] dbg: [driver:1] OpenTT3D: loaded 62 profiles from opentt3d-trees.json
[2026-10-03 19:46:03] dbg: [driver:1] OpenTT3D: retained live water source tile 8,39 role ground sprite 9952 at original height 8
[2026-10-03 19:46:15] dbg: [driver:1] OpenTT3D: loaded 1879 authored voxel models, 18030699 occupied cells, 12403230 exposed cell faces merged to 2716566 conforming rectangles / 20904444 triangles
[2026-10-03 19:46:15] dbg: [driver:1] OpenTT3D: retained lossless voxel sources use 37959552 bytes instead of 1735511220 dense cell bytes, with one shared palette
[2026-10-03 19:46:15] dbg: [driver:1] OpenTT3D: CPU voxel surfaces retain 1066947232 bytes under a scene-pinned soft budget, including 193335232 exact restoration bytes
[2026-10-03 19:46:15] dbg: [driver:1] OpenTT3D: retained live water source tile 8,39 role body sprite 10011 at original height 8
[2026-10-03 19:46:15] dbg: [driver:1] OpenTT3D: retained live water source tile 8,39 role body sprite 10015 at original height 8
[2026-10-03 19:46:15] dbg: [driver:1] OpenTT3D: live voxel lock wall 19 part 2 direction 3 face 0 climate 1 base 9992 family 9992 source 10011 captured at 8,39 origin 128,624,16 opacity 1 with independent original water ground
[2026-10-03 19:46:15] dbg: [driver:1] OpenTT3D: live voxel lock wall 23 part 2 direction 3 face 1 climate 1 base 9992 family 9992 source 10015 captured at 8,39 origin 143,624,16 opacity 1 with independent original water ground
[2026-10-03 19:46:15] dbg: [driver:1] OpenTT3D: retained live water source tile 8,40 role ground sprite 9956 at original height 0
[2026-10-03 19:46:15] dbg: [driver:1] OpenTT3D: retained live water source tile 8,40 role body sprite 9995 at original height 0
[2026-10-03 19:46:15] dbg: [driver:1] OpenTT3D: retained live water source tile 8,40 role body sprite 9999 at original height 0
[2026-10-03 19:46:15] dbg: [driver:1] OpenTT3D: live voxel lock wall 3 part 0 direction 3 face 0 climate 1 base 9992 family 9992 source 9995 captured at 8,40 origin 128,640,0 opacity 1 with independent original water ground
[2026-10-03 19:46:15] dbg: [driver:1] OpenTT3D: live voxel lock wall 7 part 0 direction 3 face 1 climate 1 base 9992 family 9992 source 9999 captured at 8,40 origin 143,640,0 opacity 1 with independent original water ground
[2026-10-03 19:46:15] dbg: [driver:1] OpenTT3D: retained live water source tile 8,41 role ground sprite 9952 at original height 0
[2026-10-03 19:46:15] dbg: [driver:1] OpenTT3D: retained live water source tile 8,41 role body sprite 10003 at original height 0
[2026-10-03 19:46:15] dbg: [driver:1] OpenTT3D: retained live water source tile 8,41 role body sprite 10007 at original height 0
[2026-10-03 19:46:15] dbg: [driver:1] OpenTT3D: live voxel lock wall 11 part 1 direction 3 face 0 climate 1 base 9992 family 9992 source 10003 captured at 8,41 origin 128,656,0 opacity 1 with independent original water ground
[2026-10-03 19:46:15] dbg: [driver:1] OpenTT3D: live voxel lock wall 15 part 1 direction 3 face 1 climate 1 base 9992 family 9992 source 10007 captured at 8,41 origin 143,656,0 opacity 1 with independent original water ground
[2026-10-03 19:46:15] dbg: [driver:1] OpenTT3D: live projected tree 1758 stage 6 captured at 12,63
[2026-10-03 19:46:15] dbg: [driver:1] OpenTT3D: live projected tree 1751 stage 2 captured at 12,65
[2026-10-03 19:46:15] dbg: [driver:1] OpenTT3D: live projected tree 1716 stage 3 captured at 11,66
[2026-10-03 19:46:15] dbg: [driver:1] OpenTT3D: live projected tree 1723 stage 6 captured at 11,66
[2026-10-03 19:46:15] dbg: [driver:1] OpenTT3D: live projected tree 1716 stage 1 captured at 12,66
[2026-10-03 19:46:15] dbg: [driver:1] OpenTT3D: live projected tree 1744 stage 6 captured at 11,67
[2026-10-03 19:46:15] dbg: [driver:1] OpenTT3D: live projected tree 1737 stage 3 captured at 13,67
[2026-10-03 19:46:15] dbg: [driver:1] OpenTT3D: live projected tree 1758 stage 2 captured at 13,67
[2026-10-03 19:46:15] dbg: [driver:1] OpenTT3D: live projected tree 1723 stage 3 captured at 13,67
[2026-10-03 19:46:15] dbg: [driver:1] OpenTT3D: live projected tree 1730 stage 3 captured at 13,67
[2026-10-03 19:46:15] dbg: [driver:1] OpenTT3D: live projected tree 1709 stage 5 captured at 14,68
[2026-10-03 19:46:15] dbg: [driver:1] OpenTT3D: live projected tree 1709 stage 3 captured at 14,68
[2026-10-03 19:46:15] dbg: [driver:1] OpenTT3D: live voxel house ground 62 construction stage 3 captured at 18,68
[2026-10-03 19:46:15] dbg: [driver:1] OpenTT3D: live voxel house ground 62 construction stage 3 variant 1 captured
[2026-10-03 19:46:15] dbg: [driver:1] OpenTT3D: live voxel house 62 construction stage 3 captured at 18,68
[2026-10-03 19:46:15] dbg: [driver:1] OpenTT3D: live voxel house 62 construction stage 3 variant 1 captured
[2026-10-03 19:46:15] dbg: [driver:1] OpenTT3D: live projected tree 1716 stage 4 captured at 10,70
[2026-10-03 19:46:15] dbg: [driver:1] OpenTT3D: 10 ground-detail tiles rendered with raised crops, hay, rocks or turf
[2026-10-03 19:46:15] dbg: [driver:2] OpenTT3D: pre-existing OpenGL error before mesh pass (1286)
[2026-10-03 19:46:15] dbg: [driver:1] OpenTT3D: depth-tested mesh renderer initialized
[2026-10-03 19:46:15] dbg: [driver:1] OpenTT3D: live projected tree 1709 stage 4 captured at 17,70
[2026-10-03 19:46:15] dbg: [driver:1] OpenTT3D: live voxel house ground 60 construction stage 3 captured at 18,70
[2026-10-03 19:46:15] dbg: [driver:1] OpenTT3D: live voxel house ground 60 construction stage 3 variant 3 captured
[2026-10-03 19:46:15] dbg: [driver:1] OpenTT3D: live voxel house 60 construction stage 3 captured at 18,70
[2026-10-03 19:46:15] dbg: [driver:1] OpenTT3D: live voxel house 60 construction stage 3 variant 3 captured
[2026-10-03 19:46:15] dbg: [driver:1] OpenTT3D: live voxel house ground 46 construction stage 3 captured at 17,72
[2026-10-03 19:46:15] dbg: [driver:1] OpenTT3D: live voxel house ground 46 construction stage 3 variant 3 captured
[2026-10-03 19:46:15] dbg: [driver:1] OpenTT3D: live voxel house 46 construction stage 3 captured at 17,72
[2026-10-03 19:46:15] dbg: [driver:1] OpenTT3D: live voxel house 46 construction stage 3 variant 3 captured
[2026-10-03 19:46:15] dbg: [driver:1] OpenTT3D: live voxel house ground 48 construction stage 3 captured at 18,72
[2026-10-03 19:46:15] dbg: [driver:1] OpenTT3D: live voxel house ground 48 construction stage 3 variant 0 captured
[2026-10-03 19:46:15] dbg: [driver:1] OpenTT3D: live voxel house 48 construction stage 3 captured at 18,72
[2026-10-03 19:46:15] dbg: [driver:1] OpenTT3D: live voxel house 48 construction stage 3 variant 0 captured
[2026-10-03 19:46:15] dbg: [driver:1] OpenTT3D: live projected tree 1744 stage 3 captured at 12,73
[2026-10-03 19:46:15] dbg: [driver:1] OpenTT3D: live projected tree 1758 stage 4 captured at 12,73
[2026-10-03 19:46:15] dbg: [driver:1] OpenTT3D: live voxel house ground 56 construction stage 3 captured at 15,73
[2026-10-03 19:46:15] dbg: [driver:1] OpenTT3D: live voxel house ground 56 construction stage 3 variant 3 captured
[2026-10-03 19:46:15] dbg: [driver:1] OpenTT3D: live voxel house 56 construction stage 3 captured at 15,73
[2026-10-03 19:46:15] dbg: [driver:1] OpenTT3D: live voxel house 56 construction stage 3 variant 3 captured
[2026-10-03 19:46:15] dbg: [driver:1] OpenTT3D: live voxel house ground 62 construction stage 3 captured at 17,73
[2026-10-03 19:46:15] dbg: [driver:1] OpenTT3D: live voxel house ground 62 construction stage 3 variant 2 captured
[2026-10-03 19:46:15] dbg: [driver:1] OpenTT3D: live voxel house 62 construction stage 3 captured at 17,73
[2026-10-03 19:46:15] dbg: [driver:1] OpenTT3D: live voxel house 62 construction stage 3 variant 2 captured
[2026-10-03 19:46:15] dbg: [driver:1] OpenTT3D: live projected tree 1758 stage 3 captured at 16,75
[2026-10-03 19:46:15] dbg: [driver:1] OpenTT3D: live projected tree 1758 stage 5 captured at 16,75
[2026-10-03 19:46:15] dbg: [driver:1] OpenTT3D: live voxel house ground 62 construction stage 3 captured at 17,75
[2026-10-03 19:46:15] dbg: [driver:1] OpenTT3D: live voxel house ground 62 construction stage 3 variant 0 captured
[2026-10-03 19:46:15] dbg: [driver:1] OpenTT3D: live voxel house 62 construction stage 3 captured at 17,75
[2026-10-03 19:46:15] dbg: [driver:1] OpenTT3D: live voxel house 62 construction stage 3 variant 0 captured
[2026-10-03 19:46:15] dbg: [driver:1] OpenTT3D: live voxel house ground 46 construction stage 3 captured at 19,75
[2026-10-03 19:46:15] dbg: [driver:1] OpenTT3D: live voxel house ground 46 construction stage 3 variant 2 captured
[2026-10-03 19:46:15] dbg: [driver:1] OpenTT3D: live voxel house 46 construction stage 3 captured at 19,75
[2026-10-03 19:46:15] dbg: [driver:1] OpenTT3D: live voxel house 46 construction stage 3 variant 2 captured
[2026-10-03 19:46:15] dbg: [driver:1] OpenTT3D: live projected tree 1737 stage 2 captured at 22,67
[2026-10-03 19:46:15] dbg: [driver:1] OpenTT3D: live projected tree 1723 stage 4 captured at 25,68
[2026-10-03 19:46:15] dbg: [driver:1] OpenTT3D: live projected tree 1730 stage 6 captured at 23,69
[2026-10-03 19:46:15] dbg: [driver:1] OpenTT3D: live projected tree 1737 stage 6 captured at 25,69
[2026-10-03 19:46:15] dbg: [driver:1] OpenTT3D: live voxel house ground 48 construction stage 3 captured at 20,70
[2026-10-03 19:46:15] dbg: [driver:1] OpenTT3D: live voxel house ground 48 construction stage 3 variant 2 captured
[2026-10-03 19:46:15] dbg: [driver:1] OpenTT3D: live voxel house 48 construction stage 3 captured at 20,70
[2026-10-03 19:46:15] dbg: [driver:1] OpenTT3D: live voxel house 48 construction stage 3 variant 2 captured
[2026-10-03 19:46:15] dbg: [driver:1] OpenTT3D: live projected tree 1737 stage 5 captured at 24,70
[2026-10-03 19:46:15] dbg: [driver:1] OpenTT3D: live voxel house ground 56 construction stage 3 captured at 20,71
[2026-10-03 19:46:15] dbg: [driver:1] OpenTT3D: live voxel house ground 56 construction stage 3 variant 1 captured
[2026-10-03 19:46:15] dbg: [driver:1] OpenTT3D: live voxel house 56 construction stage 3 captured at 20,71
[2026-10-03 19:46:15] dbg: [driver:1] OpenTT3D: live voxel house 56 construction stage 3 variant 1 captured
[2026-10-03 19:46:15] dbg: [driver:1] OpenTT3D: live voxel house ground 48 construction stage 3 captured at 21,73
[2026-10-03 19:46:15] dbg: [driver:1] OpenTT3D: live voxel house ground 48 construction stage 3 variant 3 captured
[2026-10-03 19:46:15] dbg: [driver:1] OpenTT3D: live voxel house 48 construction stage 3 captured at 21,73
[2026-10-03 19:46:15] dbg: [driver:1] OpenTT3D: live voxel house 48 construction stage 3 variant 3 captured
[2026-10-03 19:46:15] dbg: [driver:1] OpenTT3D: live projected tree 1758 stage 1 captured at 23,74
[2026-10-03 19:46:15] dbg: [driver:1] OpenTT3D: retained river selector tile 32,33 feature 5 base 11264 offset 1->1 sprite 11265 absent false
[2026-10-03 19:46:15] dbg: [driver:1] OpenTT3D: retained live water source tile 32,33 role ground sprite 11265 at original height 0
[2026-10-03 19:46:15] dbg: [driver:1] OpenTT3D: retained river selector tile 32,33 feature 6 base 10364 offset 12->12 sprite 10376 absent false
[2026-10-03 19:46:15] dbg: [driver:1] OpenTT3D: retained live water source tile 32,33 role ground sprite 10376 at original height 0
[2026-10-03 19:46:15] dbg: [driver:1] OpenTT3D: retained river selector tile 32,33 feature 6 base 10364 offset 14->14 sprite 10378 absent false
[2026-10-03 19:46:15] dbg: [driver:1] OpenTT3D: retained live water source tile 32,33 role ground sprite 10378 at original height 0
[2026-10-03 19:46:15] dbg: [driver:1] OpenTT3D: retained river selector tile 32,34 feature 5 base 11269 offset 0->0 sprite 11269 absent false
[2026-10-03 19:46:15] dbg: [driver:1] OpenTT3D: retained river selector tile 32,34 feature 6 base 10244 offset 0->0 sprite 10244 absent false
[2026-10-03 19:46:15] dbg: [driver:1] OpenTT3D: retained river selector tile 32,34 feature 6 base 10244 offset 1->1 sprite 10245 absent false
[2026-10-03 19:46:15] dbg: [driver:1] OpenTT3D: retained river selector tile 32,34 feature 6 base 10244 offset 4->4 sprite 10248 absent false
[2026-10-03 19:46:15] dbg: [driver:1] OpenTT3D: retained river selector tile 32,34 feature 6 base 10244 offset 10->10 sprite 10254 absent false
[2026-10-03 19:46:15] dbg: [driver:1] OpenTT3D: retained river selector tile 33,34 feature 5 base 11269 offset 0->0 sprite 11269 absent false
[2026-10-03 19:46:15] dbg: [driver:1] OpenTT3D: retained river selector tile 33,34 feature 6 base 10244 offset 1->1 sprite 10245 absent false
[2026-10-03 19:46:15] dbg: [driver:1] OpenTT3D: retained river selector tile 33,34 feature 6 base 10244 offset 3->3 sprite 10247 absent false
[2026-10-03 19:46:15] dbg: [driver:1] OpenTT3D: retained river selector tile 34,34 feature 5 base 11269 offset 0->0 sprite 11269 absent false
[2026-10-03 19:46:15] dbg: [driver:1] OpenTT3D: retained river selector tile 34,34 feature 6 base 10244 offset 1->1 sprite 10245 absent false
[2026-10-03 19:46:15] dbg: [driver:1] OpenTT3D: retained river selector tile 34,34 feature 6 base 10244 offset 3->3 sprite 10247 absent false
[2026-10-03 19:46:15] dbg: [driver:1] OpenTT3D: retained river selector tile 35,34 feature 5 base 11269 offset 0->0 sprite 11269 absent false
[2026-10-03 19:46:15] dbg: [driver:1] OpenTT3D: retained river selector tile 35,34 feature 6 base 10244 offset 2->2 sprite 10246 absent false
[2026-10-03 19:46:15] dbg: [driver:1] OpenTT3D: retained river selector tile 35,34 feature 6 base 10244 offset 3->3 sprite 10247 absent false
[2026-10-03 19:46:15] dbg: [driver:1] OpenTT3D: retained river selector tile 35,34 feature 6 base 10244 offset 8->8 sprite 10252 absent false
[2026-10-03 19:46:15] dbg: [driver:1] OpenTT3D: retained river selector tile 35,34 feature 6 base 10244 offset 6->6 sprite 10250 absent false
[2026-10-03 19:46:15] dbg: [driver:1] OpenTT3D: retained river selector tile 35,35 feature 5 base 11269 offset 0->0 sprite 11269 absent false
[2026-10-03 19:46:15] dbg: [driver:1] OpenTT3D: retained river selector tile 35,35 feature 6 base 10244 offset 0->0 sprite 10244 absent false
[2026-10-03 19:46:15] dbg: [driver:1] OpenTT3D: retained river selector tile 35,35 feature 6 base 10244 offset 1->1 sprite 10245 absent false
[2026-10-03 19:46:15] dbg: [driver:1] OpenTT3D: retained river selector tile 35,35 feature 6 base 10244 offset 4->4 sprite 10248 absent false
[2026-10-03 19:46:15] dbg: [driver:1] OpenTT3D: retained river selector tile 35,35 feature 6 base 10244 offset 10->10 sprite 10254 absent false
[2026-10-03 19:46:15] dbg: [driver:1] OpenTT3D: retained river selector tile 36,35 feature 5 base 11269 offset 0->0 sprite 11269 absent false
[2026-10-03 19:46:15] dbg: [driver:1] OpenTT3D: retained river selector tile 36,35 feature 6 base 10244 offset 1->1 sprite 10245 absent false
[2026-10-03 19:46:15] dbg: [driver:1] OpenTT3D: retained river selector tile 36,35 feature 6 base 10244 offset 3->3 sprite 10247 absent false
[2026-10-03 19:46:15] dbg: [driver:1] OpenTT3D: retained river selector tile 37,35 feature 5 base 11269 offset 0->0 sprite 11269 absent false
[2026-10-03 19:46:15] dbg: [driver:1] OpenTT3D: retained river selector tile 37,35 feature 6 base 10244 offset 2->2 sprite 10246 absent false
[2026-10-03 19:46:15] dbg: [driver:1] OpenTT3D: retained river selector tile 37,35 feature 6 base 10244 offset 3->3 sprite 10247 absent false
[2026-10-03 19:46:15] dbg: [driver:1] OpenTT3D: retained river selector tile 37,35 feature 6 base 10244 offset 8->8 sprite 10252 absent false
[2026-10-03 19:46:15] dbg: [driver:1] OpenTT3D: retained river selector tile 37,35 feature 6 base 10244 offset 6->6 sprite 10250 absent false
[2026-10-03 19:46:15] dbg: [driver:1] OpenTT3D: retained river selector tile 37,36 feature 5 base 11269 offset 0->0 sprite 11269 absent false
[2026-10-03 19:46:15] dbg: [driver:1] OpenTT3D: retained river selector tile 37,36 feature 6 base 10244 offset 0->0 sprite 10244 absent false
[2026-10-03 19:46:15] dbg: [driver:1] OpenTT3D: retained river selector tile 37,36 feature 6 base 10244 offset 1->1 sprite 10245 absent false
[2026-10-03 19:46:15] dbg: [driver:1] OpenTT3D: retained river selector tile 37,36 feature 6 base 10244 offset 4->4 sprite 10248 absent false
[2026-10-03 19:46:15] dbg: [driver:1] OpenTT3D: retained river selector tile 37,36 feature 6 base 10244 offset 10->10 sprite 10254 absent false
[2026-10-03 19:46:15] dbg: [driver:1] OpenTT3D: retained river selector tile 38,36 feature 5 base 11269 offset 0->0 sprite 11269 absent false
[2026-10-03 19:46:15] dbg: [driver:1] OpenTT3D: retained river selector tile 38,36 feature 6 base 10244 offset 2->2 sprite 10246 absent false
[2026-10-03 19:46:15] dbg: [driver:1] OpenTT3D: retained river selector tile 38,36 feature 6 base 10244 offset 3->3 sprite 10247 absent false
[2026-10-03 19:46:15] dbg: [driver:1] OpenTT3D: retained river selector tile 38,36 feature 6 base 10244 offset 8->8 sprite 10252 absent false
[2026-10-03 19:46:15] dbg: [driver:1] OpenTT3D: retained river selector tile 38,36 feature 6 base 10244 offset 6->6 sprite 10250 absent false
[2026-10-03 19:46:15] dbg: [driver:1] OpenTT3D: retained river selector tile 38,37 feature 5 base 11269 offset 0->0 sprite 11269 absent false
[2026-10-03 19:46:15] dbg: [driver:1] OpenTT3D: retained river selector tile 38,37 feature 6 base 10244 offset 0->0 sprite 10244 absent false
[2026-10-03 19:46:15] dbg: [driver:1] OpenTT3D: retained river selector tile 38,37 feature 6 base 10244 offset 1->1 sprite 10245 absent false
[2026-10-03 19:46:15] dbg: [driver:1] OpenTT3D: retained river selector tile 38,37 feature 6 base 10244 offset 4->4 sprite 10248 absent false
[2026-10-03 19:46:15] dbg: [driver:1] OpenTT3D: retained river selector tile 38,37 feature 6 base 10244 offset 10->10 sprite 10254 absent false
[2026-10-03 19:46:15] dbg: [driver:1] OpenTT3D: retained river selector tile 39,37 feature 5 base 11269 offset 0->0 sprite 11269 absent false
[2026-10-03 19:46:15] dbg: [driver:1] OpenTT3D: retained river selector tile 39,37 feature 6 base 10244 offset 1->1 sprite 10245 absent false
[2026-10-03 19:46:15] dbg: [driver:1] OpenTT3D: retained river selector tile 39,37 feature 6 base 10244 offset 3->3 sprite 10247 absent false
[2026-10-03 19:46:15] dbg: [driver:1] OpenTT3D: retained river selector tile 40,37 feature 5 base 11269 offset 0->0 sprite 11269 absent false
[2026-10-03 19:46:15] dbg: [driver:1] OpenTT3D: retained river selector tile 40,37 feature 6 base 10244 offset 2->2 sprite 10246 absent false
[2026-10-03 19:46:15] dbg: [driver:1] OpenTT3D: retained river selector tile 40,37 feature 6 base 10244 offset 3->3 sprite 10247 absent false
[2026-10-03 19:46:15] dbg: [driver:1] OpenTT3D: retained river selector tile 40,37 feature 6 base 10244 offset 8->8 sprite 10252 absent false
[2026-10-03 19:46:15] dbg: [driver:1] OpenTT3D: retained river selector tile 40,37 feature 6 base 10244 offset 6->6 sprite 10250 absent false
[2026-10-03 19:46:15] dbg: [driver:1] OpenTT3D: retained river selector tile 40,38 feature 5 base 11269 offset 0->0 sprite 11269 absent false
[2026-10-03 19:46:15] dbg: [driver:1] OpenTT3D: retained river selector tile 40,38 feature 6 base 10244 offset 0->0 sprite 10244 absent false
[2026-10-03 19:46:15] dbg: [driver:1] OpenTT3D: retained river selector tile 40,38 feature 6 base 10244 offset 1->1 sprite 10245 absent false
[2026-10-03 19:46:15] dbg: [driver:1] OpenTT3D: retained river selector tile 40,38 feature 6 base 10244 offset 4->4 sprite 10248 absent false
[2026-10-03 19:46:15] dbg: [driver:1] OpenTT3D: retained river selector tile 40,38 feature 6 base 10244 offset 10->10 sprite 10254 absent false
[2026-10-03 19:46:15] dbg: [driver:1] OpenTT3D: retained river selector tile 41,38 feature 5 base 11269 offset 0->0 sprite 11269 absent false
[2026-10-03 19:46:15] dbg: [driver:1] OpenTT3D: retained river selector tile 41,38 feature 6 base 10244 offset 2->2 sprite 10246 absent false
[2026-10-03 19:46:15] dbg: [driver:1] OpenTT3D: retained river selector tile 41,38 feature 6 base 10244 offset 3->3 sprite 10247 absent false
[2026-10-03 19:46:15] dbg: [driver:1] OpenTT3D: retained river selector tile 41,38 feature 6 base 10244 offset 8->8 sprite 10252 absent false
[2026-10-03 19:46:15] dbg: [driver:1] OpenTT3D: retained river selector tile 41,38 feature 6 base 10244 offset 6->6 sprite 10250 absent false
[2026-10-03 19:46:15] dbg: [driver:1] OpenTT3D: retained river selector tile 41,39 feature 5 base 11269 offset 0->0 sprite 11269 absent false
[2026-10-03 19:46:15] dbg: [driver:1] OpenTT3D: retained river selector tile 41,39 feature 6 base 10244 offset 0->0 sprite 10244 absent false
[2026-10-03 19:46:15] dbg: [driver:1] OpenTT3D: retained river selector tile 41,39 feature 6 base 10244 offset 2->2 sprite 10246 absent false
[2026-10-03 19:46:15] dbg: [driver:1] OpenTT3D: retained river selector tile 41,40 feature 5 base 11269 offset 0->0 sprite 11269 absent false
[2026-10-03 19:46:15] dbg: [driver:1] OpenTT3D: retained river selector tile 41,40 feature 6 base 10244 offset 0->0 sprite 10244 absent false
[2026-10-03 19:46:15] dbg: [driver:1] OpenTT3D: retained river selector tile 41,40 feature 6 base 10244 offset 2->2 sprite 10246 absent false
[2026-10-03 19:46:15] dbg: [driver:1] OpenTT3D: retained river selector tile 41,41 feature 5 base 11269 offset 0->0 sprite 11269 absent false
[2026-10-03 19:46:15] dbg: [driver:1] OpenTT3D: retained river selector tile 41,41 feature 6 base 10244 offset 0->0 sprite 10244 absent false
[2026-10-03 19:46:15] dbg: [driver:1] OpenTT3D: retained river selector tile 41,41 feature 6 base 10244 offset 1->1 sprite 10245 absent false
[2026-10-03 19:46:15] dbg: [driver:1] OpenTT3D: retained river selector tile 41,41 feature 6 base 10244 offset 2->2 sprite 10246 absent false
[2026-10-03 19:46:15] dbg: [driver:1] OpenTT3D: retained river selector tile 41,41 feature 6 base 10244 offset 4->4 sprite 10248 absent false
[2026-10-03 19:46:15] dbg: [driver:1] OpenTT3D: retained river selector tile 41,41 feature 6 base 10244 offset 5->5 sprite 10249 absent false
[2026-10-03 19:46:15] dbg: [driver:1] OpenTT3D: live projected tree 1730 stage 4 captured at 20,61
[2026-10-03 19:46:15] dbg: [driver:1] OpenTT3D: live projected tree 1723 stage 1 captured at 20,63
[2026-10-03 19:46:15] dbg: [driver:1] OpenTT3D: 64 roof/wall pixels select their owning tile across four rotations, with independent vehicle picking
[2026-10-03 19:46:15] dbg: [driver:1] OpenTT3D: live projected tree 1716 stage 6 captured at 7,29
[2026-10-03 19:46:15] dbg: [driver:1] OpenTT3D: live projected tree 1751 stage 3 captured at 9,39
[2026-10-03 19:46:15] dbg: [driver:1] OpenTT3D: live projected tree 1751 stage 0 captured at 9,39
[2026-10-03 19:46:15] dbg: [driver:1] OpenTT3D: live projected tree 1751 stage 4 captured at 12,43
[2026-10-03 19:46:15] dbg: [driver:1] OpenTT3D: whole-world atlas relocation preserves 1228800 exact RGBA/picking pixels across repack, clear and forced row relocation
[2026-10-03 19:46:15] dbg: [driver:1] OpenTT3D: captured OpenGL presentation with 1 GPU viewport regions
