[2026-10-03 16:53:43] dbg: [net:3] Starting dedicated server, version 20261003-main-mff74b6eaa7
[2026-10-03 16:53:43] dbg: [net:3] Starting network
[2026-10-03 16:53:43] dbg: [net:3] Initializing UDP listeners
[2026-10-03 16:53:43] dbg: [net:3] Network online, multiplayer available
[2026-10-03 16:53:43] dbg: [net:3] Detected broadcast addresses:
[2026-10-03 16:53:43] dbg: [net:3]   0) 192.168.1.255
[2026-10-03 16:53:43] dbg: [net:3] Using certificate file: /etc/ssl/cert.pem
[2026-10-03 16:53:43] dbg: [net:3] Using certificate path: none
OpenTTD Game Console Revision 7 - 20261003-main-mff74b6eaa7
------------------------------------
use "help" for more information.

[2026-10-03 16:53:43] dbg: [net:1] No "client_name" has been set, using "Unnamed Client" instead. Please set this now using the "name <new name>" command
[2026-10-03 16:53:43] dbg: [net:1] No "server_name" has been set, using "Unnamed Server" instead. Please set this now using the "server_name <new name>" command
[2026-10-03 16:53:43] dbg: [net:3] Initializing UDP listeners
[2026-10-03 16:53:43] dbg: [net:3] Initializing UDP listeners
[2026-10-03 16:53:43] dbg: [net:3] Listening on 127.0.0.1:57668 (IPv4)
[2026-10-03 16:53:43] dbg: [net:3] Listening on 127.0.0.1:57668 (IPv4)
[2026-10-03 16:53:43] dbg: [net:3] Network revision name: 20261003-main-mff74b6eaa7
[2026-10-03 16:53:43] dbg: [net:3] [crypto] Creating a new random key
[2026-10-03 16:53:43] dbg: [net:3] Generating map, please wait...
[2026-10-03 16:53:43] dbg: [net:3] Map generation percentage complete: 5
[2026-10-03 16:53:43] dbg: [net:3] Map generation percentage complete: 10
[2026-10-03 16:53:43] dbg: [net:3] Map generation percentage complete: 15
[2026-10-03 16:53:43] dbg: [net:3] Map generation percentage complete: 20
[2026-10-03 16:53:43] dbg: [net:3] Map generation percentage complete: 60
[2026-10-03 16:53:43] dbg: [net:3] Map generation percentage complete: 65
[2026-10-03 16:53:43] dbg: [net:3] Map generation percentage complete: 70
[2026-10-03 16:53:43] dbg: [net:3] Map generation percentage complete: 75
[2026-10-03 16:53:43] dbg: [net:3] Map generation percentage complete: 80
[2026-10-03 16:53:43] dbg: [net:3] Map generation percentage complete: 85
[2026-10-03 16:53:43] dbg: [net:3] Map generation percentage complete: 90
[2026-10-03 16:53:43] dbg: [net:3] Map generation percentage complete: 99
[2026-10-03 16:53:43] dbg: [net:3] Map generated, starting game
Game is already unpaused.
[2026-10-03 16:53:45] dbg: [script:4] [0] [I] RIVER_SURVEY_TILE {"tile":8877,"x":45,"y":69,"slope":6,"min_height_levels":0}
[2026-10-03 16:53:45] dbg: [script:4] [0] [I] RIVER_SURVEY_TILE {"tile":8878,"x":46,"y":69,"slope":6,"min_height_levels":0}
[2026-10-03 16:53:45] dbg: [script:4] [0] [I] RIVER_SURVEY_TILE {"tile":8879,"x":47,"y":69,"slope":6,"min_height_levels":0}
[2026-10-03 16:53:45] dbg: [script:4] [0] [I] RIVER_SURVEY_TILE {"tile":9005,"x":45,"y":70,"slope":0,"min_height_levels":1}
[2026-10-03 16:53:45] dbg: [script:4] [0] [I] RIVER_SURVEY_TILE {"tile":9006,"x":46,"y":70,"slope":0,"min_height_levels":1}
[2026-10-03 16:53:45] dbg: [script:4] [0] [I] RIVER_SURVEY_TILE {"tile":9007,"x":47,"y":70,"slope":0,"min_height_levels":1}
[2026-10-03 16:53:45] dbg: [script:4] [0] [I] RIVER_SURVEY_TILE {"tile":9133,"x":45,"y":71,"slope":0,"min_height_levels":1}
[2026-10-03 16:53:45] dbg: [script:4] [0] [I] RIVER_SURVEY_TILE {"tile":9134,"x":46,"y":71,"slope":0,"min_height_levels":1}
[2026-10-03 16:53:45] dbg: [script:4] [0] [I] RIVER_SURVEY_TILE {"tile":9135,"x":47,"y":71,"slope":0,"min_height_levels":1}
[2026-10-03 16:53:45] dbg: [script:4] [0] [I] RIVER_SURVEY_TILE {"tile":9136,"x":48,"y":71,"slope":0,"min_height_levels":1}
[2026-10-03 16:53:45] dbg: [script:4] [0] [I] RIVER_SURVEY_TILE {"tile":9261,"x":45,"y":72,"slope":0,"min_height_levels":1}
[2026-10-03 16:53:45] dbg: [script:4] [0] [I] RIVER_SURVEY_TILE {"tile":9262,"x":46,"y":72,"slope":0,"min_height_levels":1}
[2026-10-03 16:53:45] dbg: [script:4] [0] [I] RIVER_SURVEY_TILE {"tile":9263,"x":47,"y":72,"slope":0,"min_height_levels":1}
[2026-10-03 16:53:45] dbg: [script:4] [0] [I] RIVER_SURVEY_TILE {"tile":9264,"x":48,"y":72,"slope":0,"min_height_levels":1}
[2026-10-03 16:53:45] dbg: [script:4] [0] [I] RIVER_SURVEY_TILE {"tile":9389,"x":45,"y":73,"slope":0,"min_height_levels":1}
[2026-10-03 16:53:45] dbg: [script:4] [0] [I] RIVER_SURVEY_TILE {"tile":9390,"x":46,"y":73,"slope":0,"min_height_levels":1}
[2026-10-03 16:53:45] dbg: [script:4] [0] [I] RIVER_SURVEY_TILE {"tile":9391,"x":47,"y":73,"slope":0,"min_height_levels":1}
[2026-10-03 16:53:45] dbg: [script:4] [0] [I] RIVER_SURVEY_TILE {"tile":9392,"x":48,"y":73,"slope":0,"min_height_levels":1}
[2026-10-03 16:53:45] dbg: [script:4] [0] [I] RIVER_SURVEY_TILE {"tile":9517,"x":45,"y":74,"slope":0,"min_height_levels":1}
[2026-10-03 16:53:45] dbg: [script:4] [0] [I] RIVER_SURVEY_TILE {"tile":9518,"x":46,"y":74,"slope":0,"min_height_levels":1}
[2026-10-03 16:53:45] dbg: [script:4] [0] [I] RIVER_SURVEY_TILE {"tile":9519,"x":47,"y":74,"slope":0,"min_height_levels":1}
[2026-10-03 16:53:45] dbg: [script:4] [0] [I] RIVER_SURVEY_TILE {"tile":9520,"x":48,"y":74,"slope":0,"min_height_levels":1}
[2026-10-03 16:53:45] dbg: [script:4] [0] [I] RIVER_SURVEY_TILE {"tile":9613,"x":13,"y":75,"slope":6,"min_height_levels":0}
[2026-10-03 16:53:45] dbg: [script:4] [0] [I] RIVER_SURVEY_TILE {"tile":9614,"x":14,"y":75,"slope":6,"min_height_levels":0}
[2026-10-03 16:53:45] dbg: [script:4] [0] [I] RIVER_SURVEY_TILE {"tile":9645,"x":45,"y":75,"slope":0,"min_height_levels":1}
[2026-10-03 16:53:45] dbg: [script:4] [0] [I] RIVER_SURVEY_TILE {"tile":9646,"x":46,"y":75,"slope":0,"min_height_levels":1}
[2026-10-03 16:53:45] dbg: [script:4] [0] [I] RIVER_SURVEY_TILE {"tile":9647,"x":47,"y":75,"slope":0,"min_height_levels":1}
[2026-10-03 16:53:45] dbg: [script:4] [0] [I] RIVER_SURVEY_TILE {"tile":9648,"x":48,"y":75,"slope":0,"min_height_levels":1}
[2026-10-03 16:53:45] dbg: [script:4] [0] [I] RIVER_SURVEY_TILE {"tile":9741,"x":13,"y":76,"slope":0,"min_height_levels":1}
[2026-10-03 16:53:45] dbg: [script:4] [0] [I] RIVER_SURVEY_TILE {"tile":9742,"x":14,"y":76,"slope":0,"min_height_levels":1}
[2026-10-03 16:53:45] dbg: [script:4] [0] [I] RIVER_SURVEY_TILE {"tile":9773,"x":45,"y":76,"slope":6,"min_height_levels":1}
[2026-10-03 16:53:45] dbg: [script:4] [0] [I] RIVER_SURVEY_TILE {"tile":9774,"x":46,"y":76,"slope":6,"min_height_levels":1}
[2026-10-03 16:53:45] dbg: [script:4] [0] [I] RIVER_SURVEY_TILE {"tile":9775,"x":47,"y":76,"slope":6,"min_height_levels":1}
[2026-10-03 16:53:45] dbg: [script:4] [0] [I] RIVER_SURVEY_TILE {"tile":9869,"x":13,"y":77,"slope":0,"min_height_levels":1}
[2026-10-03 16:53:45] dbg: [script:4] [0] [I] RIVER_SURVEY_TILE {"tile":9870,"x":14,"y":77,"slope":0,"min_height_levels":1}
[2026-10-03 16:53:45] dbg: [script:4] [0] [I] RIVER_SURVEY_TILE {"tile":9901,"x":45,"y":77,"slope":0,"min_height_levels":2}
[2026-10-03 16:53:45] dbg: [script:4] [0] [I] RIVER_SURVEY_TILE {"tile":9902,"x":46,"y":77,"slope":0,"min_height_levels":2}
[2026-10-03 16:53:45] dbg: [script:4] [0] [I] RIVER_SURVEY_TILE {"tile":9903,"x":47,"y":77,"slope":0,"min_height_levels":2}
[2026-10-03 16:53:45] dbg: [script:4] [0] [I] RIVER_SURVEY_TILE {"tile":9997,"x":13,"y":78,"slope":0,"min_height_levels":1}
[2026-10-03 16:53:45] dbg: [script:4] [0] [I] RIVER_SURVEY_TILE {"tile":9998,"x":14,"y":78,"slope":0,"min_height_levels":1}
[2026-10-03 16:53:45] dbg: [script:4] [0] [I] RIVER_SURVEY_TILE {"tile":10029,"x":45,"y":78,"slope":0,"min_height_levels":2}
[2026-10-03 16:53:45] dbg: [script:4] [0] [I] RIVER_SURVEY_TILE {"tile":10030,"x":46,"y":78,"slope":0,"min_height_levels":2}
[2026-10-03 16:53:45] dbg: [script:4] [0] [I] RIVER_SURVEY_TILE {"tile":10031,"x":47,"y":78,"slope":0,"min_height_levels":2}
[2026-10-03 16:53:45] dbg: [script:4] [0] [I] RIVER_SURVEY_TILE {"tile":10125,"x":13,"y":79,"slope":0,"min_height_levels":1}
[2026-10-03 16:53:45] dbg: [script:4] [0] [I] RIVER_SURVEY_TILE {"tile":10126,"x":14,"y":79,"slope":0,"min_height_levels":1}
[2026-10-03 16:53:45] dbg: [script:4] [0] [I] RIVER_SURVEY_TILE {"tile":10157,"x":45,"y":79,"slope":0,"min_height_levels":2}
[2026-10-03 16:53:45] dbg: [script:4] [0] [I] RIVER_SURVEY_TILE {"tile":10158,"x":46,"y":79,"slope":0,"min_height_levels":2}
[2026-10-03 16:53:45] dbg: [script:4] [0] [I] RIVER_SURVEY_TILE {"tile":10159,"x":47,"y":79,"slope":0,"min_height_levels":2}
[2026-10-03 16:53:45] dbg: [script:4] [0] [I] RIVER_SURVEY_TILE {"tile":10253,"x":13,"y":80,"slope":0,"min_height_levels":1}
[2026-10-03 16:53:45] dbg: [script:4] [0] [I] RIVER_SURVEY_TILE {"tile":10254,"x":14,"y":80,"slope":0,"min_height_levels":1}
[2026-10-03 16:53:45] dbg: [script:4] [0] [I] RIVER_SURVEY_TILE {"tile":10285,"x":45,"y":80,"slope":0,"min_height_levels":2}
[2026-10-03 16:53:45] dbg: [script:4] [0] [I] RIVER_SURVEY_TILE {"tile":10286,"x":46,"y":80,"slope":0,"min_height_levels":2}
[2026-10-03 16:53:45] dbg: [script:4] [0] [I] RIVER_SURVEY_TILE {"tile":10287,"x":47,"y":80,"slope":0,"min_height_levels":2}
[2026-10-03 16:53:45] dbg: [script:4] [0] [I] RIVER_SURVEY_TILE {"tile":10381,"x":13,"y":81,"slope":0,"min_height_levels":1}
[2026-10-03 16:53:45] dbg: [script:4] [0] [I] RIVER_SURVEY_TILE {"tile":10382,"x":14,"y":81,"slope":0,"min_height_levels":1}
[2026-10-03 16:53:45] dbg: [script:4] [0] [I] RIVER_SURVEY_TILE {"tile":10413,"x":45,"y":81,"slope":0,"min_height_levels":2}
[2026-10-03 16:53:45] dbg: [script:4] [0] [I] RIVER_SURVEY_TILE {"tile":10414,"x":46,"y":81,"slope":0,"min_height_levels":2}
[2026-10-03 16:53:45] dbg: [script:4] [0] [I] RIVER_SURVEY_TILE {"tile":10415,"x":47,"y":81,"slope":0,"min_height_levels":2}
[2026-10-03 16:53:45] dbg: [script:4] [0] [I] RIVER_SURVEY_TILE {"tile":10509,"x":13,"y":82,"slope":0,"min_height_levels":1}
[2026-10-03 16:53:45] dbg: [script:4] [0] [I] RIVER_SURVEY_TILE {"tile":10510,"x":14,"y":82,"slope":0,"min_height_levels":1}
[2026-10-03 16:53:45] dbg: [script:4] [0] [I] RIVER_SURVEY_TILE {"tile":10511,"x":15,"y":82,"slope":0,"min_height_levels":1}
[2026-10-03 16:53:45] dbg: [script:4] [0] [I] RIVER_SURVEY_TILE {"tile":10541,"x":45,"y":82,"slope":0,"min_height_levels":2}
[2026-10-03 16:53:45] dbg: [script:4] [0] [I] RIVER_SURVEY_TILE {"tile":10542,"x":46,"y":82,"slope":0,"min_height_levels":2}
[2026-10-03 16:53:45] dbg: [script:4] [0] [I] RIVER_SURVEY_TILE {"tile":10543,"x":47,"y":82,"slope":0,"min_height_levels":2}
[2026-10-03 16:53:45] dbg: [script:4] [0] [I] RIVER_SURVEY_TILE {"tile":10637,"x":13,"y":83,"slope":0,"min_height_levels":1}
[2026-10-03 16:53:45] dbg: [script:4] [0] [I] RIVER_SURVEY_TILE {"tile":10638,"x":14,"y":83,"slope":0,"min_height_levels":1}
[2026-10-03 16:53:45] dbg: [script:4] [0] [I] RIVER_SURVEY_TILE {"tile":10639,"x":15,"y":83,"slope":0,"min_height_levels":1}
[2026-10-03 16:53:45] dbg: [script:4] [0] [I] RIVER_SURVEY_TILE {"tile":10669,"x":45,"y":83,"slope":0,"min_height_levels":2}
[2026-10-03 16:53:45] dbg: [script:4] [0] [I] RIVER_SURVEY_TILE {"tile":10670,"x":46,"y":83,"slope":0,"min_height_levels":2}
[2026-10-03 16:53:45] dbg: [script:4] [0] [I] RIVER_SURVEY_TILE {"tile":10671,"x":47,"y":83,"slope":0,"min_height_levels":2}
[2026-10-03 16:53:45] dbg: [script:4] [0] [I] RIVER_SURVEY_TILE {"tile":10765,"x":13,"y":84,"slope":0,"min_height_levels":1}
[2026-10-03 16:53:45] dbg: [script:4] [0] [I] RIVER_SURVEY_TILE {"tile":10766,"x":14,"y":84,"slope":0,"min_height_levels":1}
[2026-10-03 16:53:45] dbg: [script:4] [0] [I] RIVER_SURVEY_TILE {"tile":10767,"x":15,"y":84,"slope":0,"min_height_levels":1}
[2026-10-03 16:53:45] dbg: [script:4] [0] [I] RIVER_SURVEY_TILE {"tile":10798,"x":46,"y":84,"slope":0,"min_height_levels":2}
[2026-10-03 16:53:45] dbg: [script:4] [0] [I] RIVER_SURVEY_TILE {"tile":10799,"x":47,"y":84,"slope":0,"min_height_levels":2}
[2026-10-03 16:53:45] dbg: [script:4] [0] [I] RIVER_SURVEY_TILE {"tile":10893,"x":13,"y":85,"slope":0,"min_height_levels":1}
[2026-10-03 16:53:45] dbg: [script:4] [0] [I] RIVER_SURVEY_TILE {"tile":10894,"x":14,"y":85,"slope":0,"min_height_levels":1}
[2026-10-03 16:53:45] dbg: [script:4] [0] [I] RIVER_SURVEY_TILE {"tile":10895,"x":15,"y":85,"slope":0,"min_height_levels":1}
[2026-10-03 16:53:45] dbg: [script:4] [0] [I] RIVER_SURVEY_TILE {"tile":10926,"x":46,"y":85,"slope":0,"min_height_levels":2}
[2026-10-03 16:53:45] dbg: [script:4] [0] [I] RIVER_SURVEY_TILE {"tile":10927,"x":47,"y":85,"slope":0,"min_height_levels":2}
[2026-10-03 16:53:45] dbg: [script:4] [0] [I] RIVER_SURVEY_TILE {"tile":11021,"x":13,"y":86,"slope":0,"min_height_levels":1}
[2026-10-03 16:53:45] dbg: [script:4] [0] [I] RIVER_SURVEY_TILE {"tile":11022,"x":14,"y":86,"slope":0,"min_height_levels":1}
[2026-10-03 16:53:45] dbg: [script:4] [0] [I] RIVER_SURVEY_TILE {"tile":11054,"x":46,"y":86,"slope":0,"min_height_levels":2}
[2026-10-03 16:53:45] dbg: [script:4] [0] [I] RIVER_SURVEY_TILE {"tile":11055,"x":47,"y":86,"slope":0,"min_height_levels":2}
[2026-10-03 16:53:45] dbg: [script:4] [0] [I] RIVER_SURVEY_TILE {"tile":11149,"x":13,"y":87,"slope":0,"min_height_levels":1}
[2026-10-03 16:53:45] dbg: [script:4] [0] [I] RIVER_SURVEY_TILE {"tile":11150,"x":14,"y":87,"slope":0,"min_height_levels":1}
[2026-10-03 16:53:45] dbg: [script:4] [0] [I] RIVER_SURVEY_TILE {"tile":11182,"x":46,"y":87,"slope":0,"min_height_levels":2}
[2026-10-03 16:53:45] dbg: [script:4] [0] [I] RIVER_SURVEY_TILE {"tile":11183,"x":47,"y":87,"slope":0,"min_height_levels":2}
[2026-10-03 16:53:45] dbg: [script:4] [0] [I] RIVER_SURVEY_TILE {"tile":11184,"x":48,"y":87,"slope":0,"min_height_levels":2}
[2026-10-03 16:53:45] dbg: [script:4] [0] [I] RIVER_SURVEY_TILE {"tile":11185,"x":49,"y":87,"slope":0,"min_height_levels":2}
[2026-10-03 16:53:45] dbg: [script:4] [0] [I] RIVER_SURVEY_TILE {"tile":11277,"x":13,"y":88,"slope":0,"min_height_levels":1}
[2026-10-03 16:53:45] dbg: [script:4] [0] [I] RIVER_SURVEY_TILE {"tile":11278,"x":14,"y":88,"slope":0,"min_height_levels":1}
[2026-10-03 16:53:45] dbg: [script:4] [0] [I] RIVER_SURVEY_TILE {"tile":11310,"x":46,"y":88,"slope":0,"min_height_levels":2}
[2026-10-03 16:53:45] dbg: [script:4] [0] [I] RIVER_SURVEY_TILE {"tile":11311,"x":47,"y":88,"slope":0,"min_height_levels":2}
[2026-10-03 16:53:45] dbg: [script:4] [0] [I] RIVER_SURVEY_TILE {"tile":11312,"x":48,"y":88,"slope":0,"min_height_levels":2}
[2026-10-03 16:53:45] dbg: [script:4] [0] [I] RIVER_SURVEY_TILE {"tile":11313,"x":49,"y":88,"slope":0,"min_height_levels":2}
[2026-10-03 16:53:45] dbg: [script:4] [0] [I] RIVER_SURVEY_TILE {"tile":11405,"x":13,"y":89,"slope":6,"min_height_levels":1}
[2026-10-03 16:53:45] dbg: [script:4] [0] [I] RIVER_SURVEY_TILE {"tile":11406,"x":14,"y":89,"slope":6,"min_height_levels":1}
[2026-10-03 16:53:45] dbg: [script:4] [0] [I] RIVER_SURVEY_TILE {"tile":11440,"x":48,"y":89,"slope":0,"min_height_levels":2}
[2026-10-03 16:53:45] dbg: [script:4] [0] [I] RIVER_SURVEY_TILE {"tile":11441,"x":49,"y":89,"slope":0,"min_height_levels":2}
[2026-10-03 16:53:45] dbg: [script:4] [0] [I] RIVER_SURVEY_TILE {"tile":11533,"x":13,"y":90,"slope":0,"min_height_levels":2}
[2026-10-03 16:53:45] dbg: [script:4] [0] [I] RIVER_SURVEY_TILE {"tile":11534,"x":14,"y":90,"slope":0,"min_height_levels":2}
[2026-10-03 16:53:45] dbg: [script:4] [0] [I] RIVER_SURVEY_TILE {"tile":11568,"x":48,"y":90,"slope":0,"min_height_levels":2}
[2026-10-03 16:53:45] dbg: [script:4] [0] [I] RIVER_SURVEY_TILE {"tile":11569,"x":49,"y":90,"slope":0,"min_height_levels":2}
[2026-10-03 16:53:46] dbg: [script:4] [0] [I] RIVER_SURVEY_TILE {"tile":11661,"x":13,"y":91,"slope":0,"min_height_levels":2}
[2026-10-03 16:53:46] dbg: [script:4] [0] [I] RIVER_SURVEY_TILE {"tile":11662,"x":14,"y":91,"slope":0,"min_height_levels":2}
[2026-10-03 16:53:46] dbg: [script:4] [0] [I] RIVER_SURVEY_TILE {"tile":11695,"x":47,"y":91,"slope":0,"min_height_levels":2}
[2026-10-03 16:53:46] dbg: [script:4] [0] [I] RIVER_SURVEY_TILE {"tile":11696,"x":48,"y":91,"slope":0,"min_height_levels":2}
[2026-10-03 16:53:46] dbg: [script:4] [0] [I] RIVER_SURVEY_TILE {"tile":11697,"x":49,"y":91,"slope":0,"min_height_levels":2}
[2026-10-03 16:53:46] dbg: [script:4] [0] [I] RIVER_SURVEY_TILE {"tile":11789,"x":13,"y":92,"slope":0,"min_height_levels":2}
[2026-10-03 16:53:46] dbg: [script:4] [0] [I] RIVER_SURVEY_TILE {"tile":11790,"x":14,"y":92,"slope":0,"min_height_levels":2}
[2026-10-03 16:53:46] dbg: [script:4] [0] [I] RIVER_SURVEY_TILE {"tile":11823,"x":47,"y":92,"slope":0,"min_height_levels":2}
[2026-10-03 16:53:46] dbg: [script:4] [0] [I] RIVER_SURVEY_TILE {"tile":11824,"x":48,"y":92,"slope":0,"min_height_levels":2}
[2026-10-03 16:53:46] dbg: [script:4] [0] [I] RIVER_SURVEY_TILE {"tile":11825,"x":49,"y":92,"slope":0,"min_height_levels":2}
[2026-10-03 16:53:46] dbg: [script:4] [0] [I] RIVER_SURVEY_TILE {"tile":11917,"x":13,"y":93,"slope":0,"min_height_levels":2}
[2026-10-03 16:53:46] dbg: [script:4] [0] [I] RIVER_SURVEY_TILE {"tile":11918,"x":14,"y":93,"slope":0,"min_height_levels":2}
[2026-10-03 16:53:46] dbg: [script:4] [0] [I] RIVER_SURVEY_TILE {"tile":11951,"x":47,"y":93,"slope":0,"min_height_levels":2}
[2026-10-03 16:53:46] dbg: [script:4] [0] [I] RIVER_SURVEY_TILE {"tile":11952,"x":48,"y":93,"slope":0,"min_height_levels":2}
[2026-10-03 16:53:46] dbg: [script:4] [0] [I] RIVER_SURVEY_TILE {"tile":12045,"x":13,"y":94,"slope":0,"min_height_levels":2}
[2026-10-03 16:53:46] dbg: [script:4] [0] [I] RIVER_SURVEY_TILE {"tile":12079,"x":47,"y":94,"slope":0,"min_height_levels":2}
[2026-10-03 16:53:46] dbg: [script:4] [0] [I] RIVER_SURVEY_TILE {"tile":12080,"x":48,"y":94,"slope":0,"min_height_levels":2}
[2026-10-03 16:53:46] dbg: [script:4] [0] [I] RIVER_SURVEY_TILE {"tile":12173,"x":13,"y":95,"slope":0,"min_height_levels":2}
[2026-10-03 16:53:46] dbg: [script:4] [0] [I] RIVER_SURVEY_TILE {"tile":12207,"x":47,"y":95,"slope":6,"min_height_levels":2}
[2026-10-03 16:53:46] dbg: [script:4] [0] [I] RIVER_SURVEY_TILE {"tile":12208,"x":48,"y":95,"slope":6,"min_height_levels":2}
[2026-10-03 16:53:46] dbg: [script:4] [0] [I] RIVER_SURVEY_TILE {"tile":12294,"x":6,"y":96,"slope":0,"min_height_levels":2}
[2026-10-03 16:53:46] dbg: [script:4] [0] [I] RIVER_SURVEY_TILE {"tile":12295,"x":7,"y":96,"slope":0,"min_height_levels":2}
[2026-10-03 16:53:46] dbg: [script:4] [0] [I] RIVER_SURVEY_TILE {"tile":12296,"x":8,"y":96,"slope":0,"min_height_levels":2}
[2026-10-03 16:53:46] dbg: [script:4] [0] [I] RIVER_SURVEY_TILE {"tile":12297,"x":9,"y":96,"slope":0,"min_height_levels":2}
[2026-10-03 16:53:46] dbg: [script:4] [0] [I] RIVER_SURVEY_TILE {"tile":12298,"x":10,"y":96,"slope":0,"min_height_levels":2}
[2026-10-03 16:53:46] dbg: [script:4] [0] [I] RIVER_SURVEY_TILE {"tile":12299,"x":11,"y":96,"slope":0,"min_height_levels":2}
[2026-10-03 16:53:46] dbg: [script:4] [0] [I] RIVER_SURVEY_TILE {"tile":12300,"x":12,"y":96,"slope":0,"min_height_levels":2}
[2026-10-03 16:53:46] dbg: [script:4] [0] [I] RIVER_SURVEY_TILE {"tile":12301,"x":13,"y":96,"slope":0,"min_height_levels":2}
[2026-10-03 16:53:46] dbg: [script:4] [0] [I] RIVER_SURVEY_TILE {"tile":12335,"x":47,"y":96,"slope":0,"min_height_levels":3}
[2026-10-03 16:53:46] dbg: [script:4] [0] [I] RIVER_SURVEY_TILE {"tile":12336,"x":48,"y":96,"slope":0,"min_height_levels":3}
[2026-10-03 16:53:46] dbg: [script:4] [0] [I] RIVER_SURVEY_TILE {"tile":12420,"x":4,"y":97,"slope":0,"min_height_levels":2}
[2026-10-03 16:53:46] dbg: [script:4] [0] [I] RIVER_SURVEY_TILE {"tile":12421,"x":5,"y":97,"slope":0,"min_height_levels":2}
[2026-10-03 16:53:46] dbg: [script:4] [0] [I] RIVER_SURVEY_TILE {"tile":12422,"x":6,"y":97,"slope":0,"min_height_levels":2}
[2026-10-03 16:53:46] dbg: [script:4] [0] [I] RIVER_SURVEY_TILE {"tile":12428,"x":12,"y":97,"slope":0,"min_height_levels":2}
[2026-10-03 16:53:46] dbg: [script:4] [0] [I] RIVER_SURVEY_TILE {"tile":12429,"x":13,"y":97,"slope":0,"min_height_levels":2}
[2026-10-03 16:53:46] dbg: [script:4] [0] [I] RIVER_SURVEY_TILE {"tile":12463,"x":47,"y":97,"slope":0,"min_height_levels":3}
[2026-10-03 16:53:46] dbg: [script:4] [0] [I] RIVER_SURVEY_TILE {"tile":12464,"x":48,"y":97,"slope":0,"min_height_levels":3}
[2026-10-03 16:53:46] dbg: [script:4] [0] [I] RIVER_SURVEY_TILE {"tile":12548,"x":4,"y":98,"slope":0,"min_height_levels":2}
[2026-10-03 16:53:46] dbg: [script:4] [0] [I] RIVER_SURVEY_TILE {"tile":12557,"x":13,"y":98,"slope":0,"min_height_levels":2}
[2026-10-03 16:53:46] dbg: [script:4] [0] [I] RIVER_SURVEY_TILE {"tile":12591,"x":47,"y":98,"slope":0,"min_height_levels":3}
[2026-10-03 16:53:46] dbg: [script:4] [0] [I] RIVER_SURVEY_TILE {"tile":12592,"x":48,"y":98,"slope":0,"min_height_levels":3}
[2026-10-03 16:53:46] dbg: [script:4] [0] [I] RIVER_SURVEY_TILE {"tile":12676,"x":4,"y":99,"slope":6,"min_height_levels":2}
[2026-10-03 16:53:46] dbg: [script:4] [0] [I] RIVER_SURVEY_TILE {"tile":12685,"x":13,"y":99,"slope":6,"min_height_levels":2}
[2026-10-03 16:53:46] dbg: [script:4] [0] [I] RIVER_SURVEY_TILE {"tile":12719,"x":47,"y":99,"slope":0,"min_height_levels":3}
[2026-10-03 16:53:46] dbg: [script:4] [0] [I] RIVER_SURVEY_TILE {"tile":12720,"x":48,"y":99,"slope":0,"min_height_levels":3}
[2026-10-03 16:53:46] dbg: [script:4] [0] [I] RIVER_SURVEY_TILE {"tile":12804,"x":4,"y":100,"slope":0,"min_height_levels":3}
[2026-10-03 16:53:46] dbg: [script:4] [0] [I] RIVER_SURVEY_TILE {"tile":12813,"x":13,"y":100,"slope":0,"min_height_levels":3}
[2026-10-03 16:53:46] dbg: [script:4] [0] [I] RIVER_SURVEY_TILE {"tile":12847,"x":47,"y":100,"slope":0,"min_height_levels":3}
[2026-10-03 16:53:46] dbg: [script:4] [0] [I] RIVER_SURVEY_TILE {"tile":12848,"x":48,"y":100,"slope":0,"min_height_levels":3}
[2026-10-03 16:53:46] dbg: [script:4] [0] [I] RIVER_SURVEY_TILE {"tile":12932,"x":4,"y":101,"slope":0,"min_height_levels":3}
[2026-10-03 16:53:46] dbg: [script:4] [0] [I] RIVER_SURVEY_TILE {"tile":12941,"x":13,"y":101,"slope":0,"min_height_levels":3}
[2026-10-03 16:53:46] dbg: [script:4] [0] [I] RIVER_SURVEY_TILE {"tile":12975,"x":47,"y":101,"slope":0,"min_height_levels":3}
[2026-10-03 16:53:46] dbg: [script:4] [0] [I] RIVER_SURVEY_TILE {"tile":12976,"x":48,"y":101,"slope":0,"min_height_levels":3}
[2026-10-03 16:53:46] dbg: [script:4] [0] [I] RIVER_SURVEY_TILE {"tile":13060,"x":4,"y":102,"slope":0,"min_height_levels":3}
[2026-10-03 16:53:46] dbg: [script:4] [0] [I] RIVER_SURVEY_TILE {"tile":13061,"x":5,"y":102,"slope":0,"min_height_levels":3}
[2026-10-03 16:53:46] dbg: [script:4] [0] [I] RIVER_SURVEY_TILE {"tile":13069,"x":13,"y":102,"slope":0,"min_height_levels":3}
[2026-10-03 16:53:46] dbg: [script:4] [0] [I] RIVER_SURVEY_TILE {"tile":13070,"x":14,"y":102,"slope":0,"min_height_levels":3}
[2026-10-03 16:53:46] dbg: [script:4] [0] [I] RIVER_SURVEY_TILE {"tile":13071,"x":15,"y":102,"slope":0,"min_height_levels":3}
[2026-10-03 16:53:46] dbg: [script:4] [0] [I] RIVER_SURVEY_TILE {"tile":13072,"x":16,"y":102,"slope":0,"min_height_levels":3}
[2026-10-03 16:53:46] dbg: [script:4] [0] [I] RIVER_SURVEY_TILE {"tile":13073,"x":17,"y":102,"slope":0,"min_height_levels":3}
[2026-10-03 16:53:46] dbg: [script:4] [0] [I] RIVER_SURVEY_TILE {"tile":13074,"x":18,"y":102,"slope":0,"min_height_levels":3}
[2026-10-03 16:53:46] dbg: [script:4] [0] [I] RIVER_SURVEY_TILE {"tile":13075,"x":19,"y":102,"slope":0,"min_height_levels":3}
[2026-10-03 16:53:46] dbg: [script:4] [0] [I] RIVER_SURVEY_TILE {"tile":13103,"x":47,"y":102,"slope":0,"min_height_levels":3}
[2026-10-03 16:53:46] dbg: [script:4] [0] [I] RIVER_SURVEY_TILE {"tile":13104,"x":48,"y":102,"slope":0,"min_height_levels":3}
[2026-10-03 16:53:46] dbg: [script:4] [0] [I] RIVER_SURVEY_TILE {"tile":13189,"x":5,"y":103,"slope":6,"min_height_levels":3}
[2026-10-03 16:53:46] dbg: [script:4] [0] [I] RIVER_SURVEY_TILE {"tile":13197,"x":13,"y":103,"slope":0,"min_height_levels":3}
[2026-10-03 16:53:46] dbg: [script:4] [0] [I] RIVER_SURVEY_TILE {"tile":13203,"x":19,"y":103,"slope":6,"min_height_levels":3}
[2026-10-03 16:53:46] dbg: [script:4] [0] [I] RIVER_SURVEY_TILE {"tile":13231,"x":47,"y":103,"slope":0,"min_height_levels":3}
[2026-10-03 16:53:46] dbg: [script:4] [0] [I] RIVER_SURVEY_TILE {"tile":13232,"x":48,"y":103,"slope":0,"min_height_levels":3}
[2026-10-03 16:53:46] dbg: [script:4] [0] [I] RIVER_SURVEY_TILE {"tile":13317,"x":5,"y":104,"slope":0,"min_height_levels":4}
[2026-10-03 16:53:46] dbg: [script:4] [0] [I] RIVER_SURVEY_TILE {"tile":13325,"x":13,"y":104,"slope":6,"min_height_levels":3}
[2026-10-03 16:53:46] dbg: [script:4] [0] [I] RIVER_SURVEY_TILE {"tile":13331,"x":19,"y":104,"slope":0,"min_height_levels":4}
[2026-10-03 16:53:46] dbg: [script:4] [0] [I] RIVER_SURVEY_TILE {"tile":13359,"x":47,"y":104,"slope":0,"min_height_levels":3}
[2026-10-03 16:53:46] dbg: [script:4] [0] [I] RIVER_SURVEY_TILE {"tile":13360,"x":48,"y":104,"slope":0,"min_height_levels":3}
[2026-10-03 16:53:46] dbg: [script:4] [0] [I] RIVER_SURVEY_TILE {"tile":13445,"x":5,"y":105,"slope":6,"min_height_levels":4}
[2026-10-03 16:53:46] dbg: [script:4] [0] [I] RIVER_SURVEY_TILE {"tile":13453,"x":13,"y":105,"slope":0,"min_height_levels":4}
[2026-10-03 16:53:46] dbg: [script:4] [0] [I] RIVER_SURVEY_TILE {"tile":13459,"x":19,"y":105,"slope":0,"min_height_levels":4}
[2026-10-03 16:53:46] dbg: [script:4] [0] [I] RIVER_SURVEY_TILE {"tile":13487,"x":47,"y":105,"slope":0,"min_height_levels":3}
[2026-10-03 16:53:46] dbg: [script:4] [0] [I] RIVER_SURVEY_TILE {"tile":13488,"x":48,"y":105,"slope":0,"min_height_levels":3}
[2026-10-03 16:53:46] dbg: [script:4] [0] [I] RIVER_SURVEY_TILE {"tile":13573,"x":5,"y":106,"slope":0,"min_height_levels":5}
[2026-10-03 16:53:46] dbg: [script:4] [0] [I] RIVER_SURVEY_TILE {"tile":13581,"x":13,"y":106,"slope":6,"min_height_levels":4}
[2026-10-03 16:53:46] dbg: [script:4] [0] [I] RIVER_SURVEY_TILE {"tile":13587,"x":19,"y":106,"slope":6,"min_height_levels":4}
[2026-10-03 16:53:46] dbg: [script:4] [0] [I] RIVER_SURVEY_TILE {"tile":13615,"x":47,"y":106,"slope":0,"min_height_levels":3}
[2026-10-03 16:53:46] dbg: [script:4] [0] [I] RIVER_SURVEY_TILE {"tile":13701,"x":5,"y":107,"slope":6,"min_height_levels":5}
[2026-10-03 16:53:46] dbg: [script:4] [0] [I] RIVER_SURVEY_TILE {"tile":13709,"x":13,"y":107,"slope":6,"min_height_levels":5}
[2026-10-03 16:53:46] dbg: [script:4] [0] [I] RIVER_SURVEY_TILE {"tile":13715,"x":19,"y":107,"slope":0,"min_height_levels":5}
[2026-10-03 16:53:46] dbg: [script:4] [0] [I] RIVER_SURVEY_TILE {"tile":13716,"x":20,"y":107,"slope":0,"min_height_levels":5}
[2026-10-03 16:53:46] dbg: [script:4] [0] [I] RIVER_SURVEY_TILE {"tile":13717,"x":21,"y":107,"slope":0,"min_height_levels":5}
[2026-10-03 16:53:46] dbg: [script:4] [0] [I] RIVER_SURVEY_TILE {"tile":13718,"x":22,"y":107,"slope":0,"min_height_levels":5}
[2026-10-03 16:53:46] dbg: [script:4] [0] [I] RIVER_SURVEY_TILE {"tile":13719,"x":23,"y":107,"slope":0,"min_height_levels":5}
[2026-10-03 16:53:46] dbg: [script:4] [0] [I] RIVER_SURVEY_TILE {"tile":13743,"x":47,"y":107,"slope":0,"min_height_levels":3}
[2026-10-03 16:53:46] dbg: [script:4] [0] [I] RIVER_SURVEY_TILE {"tile":13829,"x":5,"y":108,"slope":0,"min_height_levels":6}
[2026-10-03 16:53:46] dbg: [script:4] [0] [I] RIVER_SURVEY_TILE {"tile":13830,"x":6,"y":108,"slope":0,"min_height_levels":6}
[2026-10-03 16:53:46] dbg: [script:4] [0] [I] RIVER_SURVEY_TILE {"tile":13837,"x":13,"y":108,"slope":0,"min_height_levels":6}
[2026-10-03 16:53:46] dbg: [script:4] [0] [I] RIVER_SURVEY_TILE {"tile":13847,"x":23,"y":108,"slope":0,"min_height_levels":5}
[2026-10-03 16:53:46] dbg: [script:4] [0] [I] RIVER_SURVEY_TILE {"tile":13871,"x":47,"y":108,"slope":0,"min_height_levels":3}
[2026-10-03 16:53:46] dbg: [script:4] [0] [I] RIVER_SURVEY_TILE {"tile":13965,"x":13,"y":109,"slope":6,"min_height_levels":6}
[2026-10-03 16:53:46] dbg: [script:4] [0] [I] RIVER_SURVEY_TILE {"tile":13975,"x":23,"y":109,"slope":6,"min_height_levels":5}
[2026-10-03 16:53:46] dbg: [script:4] [0] [I] RIVER_SURVEY_TILE {"tile":13997,"x":45,"y":109,"slope":0,"min_height_levels":4}
[2026-10-03 16:53:46] dbg: [script:4] [0] [I] RIVER_SURVEY_TILE {"tile":13998,"x":46,"y":109,"slope":12,"min_height_levels":3}
[2026-10-03 16:53:46] dbg: [script:4] [0] [I] RIVER_SURVEY_TILE {"tile":13999,"x":47,"y":109,"slope":0,"min_height_levels":3}
[2026-10-03 16:53:46] dbg: [script:4] [0] [I] RIVER_SURVEY_TILE {"tile":14090,"x":10,"y":110,"slope":0,"min_height_levels":7}
[2026-10-03 16:53:46] dbg: [script:4] [0] [I] RIVER_SURVEY_TILE {"tile":14091,"x":11,"y":110,"slope":0,"min_height_levels":7}
[2026-10-03 16:53:46] dbg: [script:4] [0] [I] RIVER_SURVEY_TILE {"tile":14092,"x":12,"y":110,"slope":0,"min_height_levels":7}
[2026-10-03 16:53:46] dbg: [script:4] [0] [I] RIVER_SURVEY_TILE {"tile":14093,"x":13,"y":110,"slope":0,"min_height_levels":7}
[2026-10-03 16:53:46] dbg: [script:4] [0] [I] RIVER_SURVEY_TILE {"tile":14103,"x":23,"y":110,"slope":0,"min_height_levels":6}
[2026-10-03 16:53:46] dbg: [script:4] [0] [I] RIVER_SURVEY_TILE {"tile":14115,"x":35,"y":110,"slope":0,"min_height_levels":6}
[2026-10-03 16:53:46] dbg: [script:4] [0] [I] RIVER_SURVEY_TILE {"tile":14116,"x":36,"y":110,"slope":12,"min_height_levels":5}
[2026-10-03 16:53:46] dbg: [script:4] [0] [I] RIVER_SURVEY_TILE {"tile":14117,"x":37,"y":110,"slope":0,"min_height_levels":5}
[2026-10-03 16:53:46] dbg: [script:4] [0] [I] RIVER_SURVEY_TILE {"tile":14118,"x":38,"y":110,"slope":0,"min_height_levels":5}
[2026-10-03 16:53:46] dbg: [script:4] [0] [I] RIVER_SURVEY_TILE {"tile":14121,"x":41,"y":110,"slope":0,"min_height_levels":4}
[2026-10-03 16:53:46] dbg: [script:4] [0] [I] RIVER_SURVEY_TILE {"tile":14122,"x":42,"y":110,"slope":0,"min_height_levels":4}
[2026-10-03 16:53:46] dbg: [script:4] [0] [I] RIVER_SURVEY_TILE {"tile":14123,"x":43,"y":110,"slope":0,"min_height_levels":4}
[2026-10-03 16:53:46] dbg: [script:4] [0] [I] RIVER_SURVEY_TILE {"tile":14124,"x":44,"y":110,"slope":0,"min_height_levels":4}
[2026-10-03 16:53:46] dbg: [script:4] [0] [I] RIVER_SURVEY_TILE {"tile":14125,"x":45,"y":110,"slope":0,"min_height_levels":4}
[2026-10-03 16:53:46] dbg: [script:4] [0] [I] RIVER_SURVEY_TILE {"tile":14231,"x":23,"y":111,"slope":0,"min_height_levels":6}
[2026-10-03 16:53:46] dbg: [script:4] [0] [I] RIVER_SURVEY_TILE {"tile":14243,"x":35,"y":111,"slope":0,"min_height_levels":6}
[2026-10-03 16:53:46] dbg: [script:4] [0] [I] RIVER_SURVEY_TILE {"tile":14246,"x":38,"y":111,"slope":0,"min_height_levels":5}
[2026-10-03 16:53:46] dbg: [script:4] [0] [I] RIVER_SURVEY_TILE {"tile":14247,"x":39,"y":111,"slope":0,"min_height_levels":5}
[2026-10-03 16:53:46] dbg: [script:4] [0] [I] RIVER_SURVEY_TILE {"tile":14249,"x":41,"y":111,"slope":6,"min_height_levels":4}
[2026-10-03 16:53:46] dbg: [script:4] [0] [I] RIVER_SURVEY_TILE {"tile":14359,"x":23,"y":112,"slope":0,"min_height_levels":6}
[2026-10-03 16:53:46] dbg: [script:4] [0] [I] RIVER_SURVEY_TILE {"tile":14371,"x":35,"y":112,"slope":0,"min_height_levels":6}
[2026-10-03 16:53:46] dbg: [script:4] [0] [I] RIVER_SURVEY_TILE {"tile":14375,"x":39,"y":112,"slope":0,"min_height_levels":5}
[2026-10-03 16:53:46] dbg: [script:4] [0] [I] RIVER_SURVEY_TILE {"tile":14376,"x":40,"y":112,"slope":0,"min_height_levels":5}
[2026-10-03 16:53:46] dbg: [script:4] [0] [I] RIVER_SURVEY_TILE {"tile":14377,"x":41,"y":112,"slope":0,"min_height_levels":5}
[2026-10-03 16:53:46] dbg: [script:4] [0] [I] RIVER_SURVEY_TILE {"tile":14499,"x":35,"y":113,"slope":0,"min_height_levels":6}
[2026-10-03 16:53:46] dbg: [script:4] [0] [I] RIVER_SURVEY_READY {"map_width":128,"map_height":128,"river_tiles":230,"read_only_tile_queries":true}
‎*** Game paused (manual)
Saving map...
[2026-10-03 16:53:46] dbg: [script:3] [0] [W] Save function is not implemented
[2026-10-03 16:53:46] dbg: [script:3] [0] [W] Save function is not implemented
Map successfully saved to 'river-survey.sav'.
[2026-10-03 16:53:47] dbg: [net:3] Initializing UDP listeners
[2026-10-03 16:53:47] dbg: [net:3] Shutting down network
