[2026-10-03 12:45:41] dbg: [driver:1] Successfully loaded blitter '32bpp-optimized'
[2026-10-03 12:45:41] dbg: [driver:1] OpenTT3D: Cocoa process 2743
[2026-10-03 12:45:41] dbg: [driver:1] OpenGL driver: Apple - Apple M3 Pro (4.1 Metal - 90.5)
[2026-10-03 12:45:41] dbg: [driver:2] OpenGL shading language version: 4.10, texture units = 80
[2026-10-03 12:45:41] dbg: [driver:1] Successfully loaded video driver 'cocoa-opengl'
[2026-10-03 12:45:41] dbg: [driver:1] Successfully loaded sound driver 'null'
[2026-10-03 12:45:41] dbg: [driver:1] Successfully loaded music driver 'null'
[2026-10-03 12:45:41] dbg: [driver:1] OpenTT3D: background Cocoa window active=false, key=false, visible=false, policy=2
[2026-10-03 12:45:41] dbg: [driver:1] using thread for game-loop
[2026-10-03 12:45:41] dbg: [driver:1] OpenTT3D: loaded 62 profiles from opentt3d-trees.json
[2026-10-03 12:45:41] dbg: [driver:1] OpenTT3D: retained live water source tile 8,39 role ground sprite 9952 at original height 8
[2026-10-03 12:45:54] dbg: [driver:1] OpenTT3D: loaded 1831 authored voxel models, 17420235 occupied cells, 12070638 exposed cell faces merged to 2656043 conforming rectangles / 20271120 triangles
[2026-10-03 12:45:54] dbg: [driver:1] OpenTT3D: retained lossless voxel sources use 36385568 bytes instead of 1727438004 dense cell bytes, with one shared palette
[2026-10-03 12:45:54] dbg: [driver:1] OpenTT3D: CPU voxel surfaces retain 1066079056 bytes under a scene-pinned soft budget, including 185267056 exact restoration bytes
[2026-10-03 12:45:54] dbg: [driver:1] OpenTT3D: retained live water source tile 8,39 role body sprite 10011 at original height 8
[2026-10-03 12:45:54] dbg: [driver:1] OpenTT3D: retained live water source tile 8,39 role body sprite 10015 at original height 8
[2026-10-03 12:45:54] dbg: [driver:1] OpenTT3D: retained live water source tile 8,40 role ground sprite 9956 at original height 0
[2026-10-03 12:45:54] dbg: [driver:1] OpenTT3D: retained live water source tile 8,40 role body sprite 9995 at original height 0
[2026-10-03 12:45:54] dbg: [driver:1] OpenTT3D: retained live water source tile 8,40 role body sprite 9999 at original height 0
[2026-10-03 12:45:54] dbg: [driver:1] OpenTT3D: retained live water source tile 8,41 role ground sprite 9952 at original height 0
[2026-10-03 12:45:54] dbg: [driver:1] OpenTT3D: retained live water source tile 8,41 role body sprite 10003 at original height 0
[2026-10-03 12:45:54] dbg: [driver:1] OpenTT3D: retained live water source tile 8,41 role body sprite 10007 at original height 0
[2026-10-03 12:45:54] dbg: [driver:1] OpenTT3D: live projected tree 1758 stage 6 captured at 12,63
[2026-10-03 12:45:54] dbg: [driver:1] OpenTT3D: live projected tree 1751 stage 2 captured at 12,65
[2026-10-03 12:45:54] dbg: [driver:1] OpenTT3D: live projected tree 1716 stage 3 captured at 11,66
[2026-10-03 12:45:54] dbg: [driver:1] OpenTT3D: live projected tree 1723 stage 6 captured at 11,66
[2026-10-03 12:45:54] dbg: [driver:1] OpenTT3D: live projected tree 1716 stage 1 captured at 12,66
[2026-10-03 12:45:54] dbg: [driver:1] OpenTT3D: live projected tree 1744 stage 6 captured at 11,67
[2026-10-03 12:45:54] dbg: [driver:1] OpenTT3D: live projected tree 1737 stage 3 captured at 13,67
[2026-10-03 12:45:54] dbg: [driver:1] OpenTT3D: live projected tree 1758 stage 2 captured at 13,67
[2026-10-03 12:45:54] dbg: [driver:1] OpenTT3D: live projected tree 1723 stage 3 captured at 13,67
[2026-10-03 12:45:54] dbg: [driver:1] OpenTT3D: live projected tree 1730 stage 3 captured at 13,67
[2026-10-03 12:45:54] dbg: [driver:1] OpenTT3D: live projected tree 1709 stage 5 captured at 14,68
[2026-10-03 12:45:54] dbg: [driver:1] OpenTT3D: live projected tree 1709 stage 3 captured at 14,68
[2026-10-03 12:45:54] dbg: [driver:1] OpenTT3D: live voxel house ground 62 construction stage 3 captured at 18,68
[2026-10-03 12:45:54] dbg: [driver:1] OpenTT3D: live voxel house ground 62 construction stage 3 variant 1 captured
[2026-10-03 12:45:54] dbg: [driver:1] OpenTT3D: live voxel house 62 construction stage 3 captured at 18,68
[2026-10-03 12:45:54] dbg: [driver:1] OpenTT3D: live voxel house 62 construction stage 3 variant 1 captured
[2026-10-03 12:45:54] dbg: [driver:1] OpenTT3D: live projected tree 1716 stage 4 captured at 10,70
[2026-10-03 12:45:54] dbg: [driver:1] OpenTT3D: 10 ground-detail tiles rendered with raised crops, hay, rocks or turf
[2026-10-03 12:45:54] dbg: [driver:1] OpenTT3D: 6 unmodelled reference sprites in this view (release coverage is incomplete)
[2026-10-03 12:45:54] dbg: [driver:2] OpenTT3D: pre-existing OpenGL error before mesh pass (1286)
[2026-10-03 12:45:54] dbg: [driver:1] OpenTT3D: depth-tested mesh renderer initialized
[2026-10-03 12:45:54] dbg: [driver:1] OpenTT3D: live projected tree 1709 stage 4 captured at 17,70
[2026-10-03 12:45:54] dbg: [driver:1] OpenTT3D: live voxel house ground 60 construction stage 3 captured at 18,70
[2026-10-03 12:45:54] dbg: [driver:1] OpenTT3D: live voxel house ground 60 construction stage 3 variant 3 captured
[2026-10-03 12:45:54] dbg: [driver:1] OpenTT3D: live voxel house 60 construction stage 3 captured at 18,70
[2026-10-03 12:45:54] dbg: [driver:1] OpenTT3D: live voxel house 60 construction stage 3 variant 3 captured
[2026-10-03 12:45:54] dbg: [driver:1] OpenTT3D: live voxel house ground 46 construction stage 3 captured at 17,72
[2026-10-03 12:45:54] dbg: [driver:1] OpenTT3D: live voxel house ground 46 construction stage 3 variant 3 captured
[2026-10-03 12:45:54] dbg: [driver:1] OpenTT3D: live voxel house 46 construction stage 3 captured at 17,72
[2026-10-03 12:45:54] dbg: [driver:1] OpenTT3D: live voxel house 46 construction stage 3 variant 3 captured
[2026-10-03 12:45:54] dbg: [driver:1] OpenTT3D: live voxel house ground 48 construction stage 3 captured at 18,72
[2026-10-03 12:45:54] dbg: [driver:1] OpenTT3D: live voxel house ground 48 construction stage 3 variant 0 captured
[2026-10-03 12:45:54] dbg: [driver:1] OpenTT3D: live voxel house 48 construction stage 3 captured at 18,72
[2026-10-03 12:45:54] dbg: [driver:1] OpenTT3D: live voxel house 48 construction stage 3 variant 0 captured
[2026-10-03 12:45:54] dbg: [driver:1] OpenTT3D: live projected tree 1744 stage 3 captured at 12,73
[2026-10-03 12:45:54] dbg: [driver:1] OpenTT3D: live projected tree 1758 stage 4 captured at 12,73
[2026-10-03 12:45:54] dbg: [driver:1] OpenTT3D: live voxel house ground 56 construction stage 3 captured at 15,73
[2026-10-03 12:45:54] dbg: [driver:1] OpenTT3D: live voxel house ground 56 construction stage 3 variant 3 captured
[2026-10-03 12:45:54] dbg: [driver:1] OpenTT3D: live voxel house 56 construction stage 3 captured at 15,73
[2026-10-03 12:45:54] dbg: [driver:1] OpenTT3D: live voxel house 56 construction stage 3 variant 3 captured
[2026-10-03 12:45:54] dbg: [driver:1] OpenTT3D: live voxel house ground 62 construction stage 3 captured at 17,73
[2026-10-03 12:45:54] dbg: [driver:1] OpenTT3D: live voxel house ground 62 construction stage 3 variant 2 captured
[2026-10-03 12:45:54] dbg: [driver:1] OpenTT3D: live voxel house 62 construction stage 3 captured at 17,73
[2026-10-03 12:45:54] dbg: [driver:1] OpenTT3D: live voxel house 62 construction stage 3 variant 2 captured
[2026-10-03 12:45:54] dbg: [driver:1] OpenTT3D: live projected tree 1758 stage 3 captured at 16,75
[2026-10-03 12:45:54] dbg: [driver:1] OpenTT3D: live projected tree 1758 stage 5 captured at 16,75
[2026-10-03 12:45:54] dbg: [driver:1] OpenTT3D: live voxel house ground 62 construction stage 3 captured at 17,75
[2026-10-03 12:45:54] dbg: [driver:1] OpenTT3D: live voxel house ground 62 construction stage 3 variant 0 captured
[2026-10-03 12:45:54] dbg: [driver:1] OpenTT3D: live voxel house 62 construction stage 3 captured at 17,75
[2026-10-03 12:45:54] dbg: [driver:1] OpenTT3D: live voxel house 62 construction stage 3 variant 0 captured
[2026-10-03 12:45:54] dbg: [driver:1] OpenTT3D: live voxel house ground 46 construction stage 3 captured at 19,75
[2026-10-03 12:45:54] dbg: [driver:1] OpenTT3D: live voxel house ground 46 construction stage 3 variant 2 captured
[2026-10-03 12:45:54] dbg: [driver:1] OpenTT3D: live voxel house 46 construction stage 3 captured at 19,75
[2026-10-03 12:45:54] dbg: [driver:1] OpenTT3D: live voxel house 46 construction stage 3 variant 2 captured
[2026-10-03 12:45:54] dbg: [driver:1] OpenTT3D: live projected tree 1737 stage 2 captured at 22,67
[2026-10-03 12:45:54] dbg: [driver:1] OpenTT3D: live projected tree 1723 stage 4 captured at 25,68
[2026-10-03 12:45:54] dbg: [driver:1] OpenTT3D: live projected tree 1730 stage 6 captured at 23,69
[2026-10-03 12:45:54] dbg: [driver:1] OpenTT3D: live projected tree 1737 stage 6 captured at 25,69
[2026-10-03 12:45:54] dbg: [driver:1] OpenTT3D: live voxel house ground 48 construction stage 3 captured at 20,70
[2026-10-03 12:45:54] dbg: [driver:1] OpenTT3D: live voxel house ground 48 construction stage 3 variant 2 captured
[2026-10-03 12:45:54] dbg: [driver:1] OpenTT3D: live voxel house 48 construction stage 3 captured at 20,70
[2026-10-03 12:45:54] dbg: [driver:1] OpenTT3D: live voxel house 48 construction stage 3 variant 2 captured
[2026-10-03 12:45:54] dbg: [driver:1] OpenTT3D: live projected tree 1737 stage 5 captured at 24,70
[2026-10-03 12:45:54] dbg: [driver:1] OpenTT3D: live voxel house ground 56 construction stage 3 captured at 20,71
[2026-10-03 12:45:54] dbg: [driver:1] OpenTT3D: live voxel house ground 56 construction stage 3 variant 1 captured
[2026-10-03 12:45:54] dbg: [driver:1] OpenTT3D: live voxel house 56 construction stage 3 captured at 20,71
[2026-10-03 12:45:54] dbg: [driver:1] OpenTT3D: live voxel house 56 construction stage 3 variant 1 captured
[2026-10-03 12:45:54] dbg: [driver:1] OpenTT3D: live voxel house ground 48 construction stage 3 captured at 21,73
[2026-10-03 12:45:54] dbg: [driver:1] OpenTT3D: live voxel house ground 48 construction stage 3 variant 3 captured
[2026-10-03 12:45:54] dbg: [driver:1] OpenTT3D: live voxel house 48 construction stage 3 captured at 21,73
[2026-10-03 12:45:54] dbg: [driver:1] OpenTT3D: live voxel house 48 construction stage 3 variant 3 captured
[2026-10-03 12:45:54] dbg: [driver:1] OpenTT3D: live projected tree 1758 stage 1 captured at 23,74
[2026-10-03 12:45:54] dbg: [driver:1] OpenTT3D: retained live water source tile 32,33 role ground sprite 11265 at original height 0
[2026-10-03 12:45:54] dbg: [driver:1] OpenTT3D: retained live water source tile 32,33 role ground sprite 10376 at original height 0
[2026-10-03 12:45:54] dbg: [driver:1] OpenTT3D: retained live water source tile 32,33 role ground sprite 10378 at original height 0
[2026-10-03 12:45:54] dbg: [driver:1] OpenTT3D: live projected tree 1730 stage 4 captured at 20,61
[2026-10-03 12:45:54] dbg: [driver:1] OpenTT3D: live projected tree 1723 stage 1 captured at 20,63
[2026-10-03 12:45:54] dbg: [driver:1] OpenTT3D: 64 roof/wall pixels select their owning tile across four rotations, with independent vehicle picking
[2026-10-03 12:45:54] dbg: [driver:1] OpenTT3D: live projected tree 1709 stage 6 captured at 88,1
[2026-10-03 12:45:54] dbg: [driver:1] OpenTT3D: live projected tree 1730 stage 0 captured at 95,3
[2026-10-03 12:45:54] dbg: [driver:1] OpenTT3D: live projected tree 1730 stage 2 captured at 97,3
[2026-10-03 12:45:54] dbg: [driver:1] OpenTT3D: live projected tree 1730 stage 5 captured at 93,4
[2026-10-03 12:45:54] dbg: [driver:1] OpenTT3D: retained live water source tile 100,4 role ground sprite 9952 at original height 8
[2026-10-03 12:45:54] dbg: [driver:1] OpenTT3D: retained live water source tile 100,4 role body sprite 10009 at original height 8
[2026-10-03 12:45:54] dbg: [driver:1] OpenTT3D: retained live water source tile 100,4 role body sprite 10013 at original height 8
[2026-10-03 12:45:54] dbg: [driver:1] OpenTT3D: retained live water source tile 101,4 role ground sprite 9954 at original height 0
[2026-10-03 12:45:54] dbg: [driver:1] OpenTT3D: retained live water source tile 101,4 role body sprite 9993 at original height 0
[2026-10-03 12:45:54] dbg: [driver:1] OpenTT3D: retained live water source tile 101,4 role body sprite 9997 at original height 0
[2026-10-03 12:45:54] dbg: [driver:1] OpenTT3D: retained live water source tile 102,4 role ground sprite 9952 at original height 0
[2026-10-03 12:45:54] dbg: [driver:1] OpenTT3D: retained live water source tile 102,4 role body sprite 10001 at original height 0
[2026-10-03 12:45:54] dbg: [driver:1] OpenTT3D: retained live water source tile 102,4 role body sprite 10005 at original height 0
[2026-10-03 12:45:54] dbg: [driver:1] OpenTT3D: retained live water source tile 64,5 role ground sprite 9957 at original height 8
[2026-10-03 12:45:54] dbg: [driver:1] OpenTT3D: retained live water source tile 64,5 role body sprite 10024 at original height 8
[2026-10-03 12:45:54] dbg: [driver:1] OpenTT3D: retained live water source tile 64,5 role body sprite 10028 at original height 8
[2026-10-03 12:45:54] dbg: [driver:1] OpenTT3D: retained live water source tile 64,6 role ground sprite 9958 at original height 8
[2026-10-03 12:45:54] dbg: [driver:1] OpenTT3D: retained live water source tile 64,6 role body sprite 10016 at original height 8
[2026-10-03 12:45:54] dbg: [driver:1] OpenTT3D: retained live water source tile 64,6 role body sprite 10020 at original height 8
[2026-10-03 12:45:54] dbg: [driver:1] OpenTT3D: retained live water source tile 64,7 role ground sprite 9957 at original height 16
[2026-10-03 12:45:54] dbg: [driver:1] OpenTT3D: retained live water source tile 64,7 role body sprite 10032 at original height 16
[2026-10-03 12:45:54] dbg: [driver:1] OpenTT3D: retained live water source tile 64,7 role body sprite 10036 at original height 16
[2026-10-03 12:45:54] dbg: [driver:1] OpenTT3D: retained live water source tile 104,7 role ground sprite 11265 at original height 0
[2026-10-03 12:45:54] dbg: [driver:1] OpenTT3D: retained live water source tile 104,7 role ground sprite 10376 at original height 0
[2026-10-03 12:45:54] dbg: [driver:1] OpenTT3D: retained live water source tile 105,7 role ground sprite 11265 at original height 0
[2026-10-03 12:45:54] dbg: [driver:1] OpenTT3D: retained live water source tile 105,7 role ground sprite 10378 at original height 0
[2026-10-03 12:45:54] dbg: [driver:1] OpenTT3D: retained live water source tile 87,14 role ground sprite 9957 at original height 16
[2026-10-03 12:45:54] dbg: [driver:1] OpenTT3D: retained live water source tile 87,14 role body sprite 10033 at original height 16
[2026-10-03 12:45:54] dbg: [driver:1] OpenTT3D: retained live water source tile 87,14 role body sprite 10037 at original height 16
[2026-10-03 12:45:54] dbg: [driver:1] OpenTT3D: retained live water source tile 88,14 role ground sprite 9959 at original height 8
[2026-10-03 12:45:54] dbg: [driver:1] OpenTT3D: retained live water source tile 88,14 role body sprite 10017 at original height 8
[2026-10-03 12:45:54] dbg: [driver:1] OpenTT3D: retained live water source tile 88,14 role body sprite 10021 at original height 8
[2026-10-03 12:45:54] dbg: [driver:1] OpenTT3D: retained live water source tile 89,14 role ground sprite 9957 at original height 8
[2026-10-03 12:45:54] dbg: [driver:1] OpenTT3D: retained live water source tile 89,14 role body sprite 10025 at original height 8
[2026-10-03 12:45:54] dbg: [driver:1] OpenTT3D: retained live water source tile 89,14 role body sprite 10029 at original height 8
[2026-10-03 12:45:54] dbg: [driver:1] OpenTT3D: retained live water source tile 106,16 role ground sprite 9957 at original height 8
[2026-10-03 12:45:54] dbg: [driver:1] OpenTT3D: retained live water source tile 106,16 role body sprite 10026 at original height 8
[2026-10-03 12:45:54] dbg: [driver:1] OpenTT3D: retained live water source tile 106,16 role body sprite 10030 at original height 8
[2026-10-03 12:45:54] dbg: [driver:1] OpenTT3D: retained live water source tile 107,16 role ground sprite 9960 at original height 8
[2026-10-03 12:45:54] dbg: [driver:1] OpenTT3D: retained live water source tile 107,16 role body sprite 10018 at original height 8
[2026-10-03 12:45:54] dbg: [driver:1] OpenTT3D: retained live water source tile 107,16 role body sprite 10022 at original height 8
[2026-10-03 12:45:54] dbg: [driver:1] OpenTT3D: retained live water source tile 108,16 role ground sprite 9957 at original height 16
[2026-10-03 12:45:54] dbg: [driver:1] OpenTT3D: retained live water source tile 108,16 role body sprite 10034 at original height 16
[2026-10-03 12:45:54] dbg: [driver:1] OpenTT3D: retained live water source tile 108,16 role body sprite 10038 at original height 16
[2026-10-03 12:45:54] dbg: [driver:1] OpenTT3D: whole-world atlas relocation preserves 1228800 exact RGBA/picking pixels across repack, clear and forced row relocation
[2026-10-03 12:45:54] dbg: [driver:1] OpenTT3D: captured OpenGL presentation with 1 GPU viewport regions
