[2026-10-03 16:58:18] dbg: [driver:1] Successfully loaded blitter '32bpp-optimized'
[2026-10-03 16:58:18] dbg: [driver:1] OpenTT3D: Cocoa process 42945
[mvk-info] MoltenVK version 1.4.2, supporting Vulkan version 1.4.357.
	The following 154 Vulkan extensions are supported:
	VK_KHR_16bit_storage v1
	VK_KHR_8bit_storage v1
	VK_KHR_bind_memory2 v1
	VK_KHR_buffer_device_address v1
	VK_KHR_calibrated_timestamps v1
	VK_KHR_copy_commands2 v1
	VK_KHR_create_renderpass2 v1
	VK_KHR_dedicated_allocation v3
	VK_KHR_deferred_host_operations v4
	VK_KHR_depth_stencil_resolve v1
	VK_KHR_descriptor_update_template v1
	VK_KHR_device_group v4
	VK_KHR_device_group_creation v1
	VK_KHR_driver_properties v1
	VK_KHR_dynamic_rendering v1
	VK_KHR_dynamic_rendering_local_read v1
	VK_KHR_external_fence v1
	VK_KHR_external_fence_capabilities v1
	VK_KHR_external_memory v1
	VK_KHR_external_memory_capabilities v1
	VK_KHR_external_semaphore v1
	VK_KHR_external_semaphore_capabilities v1
	VK_KHR_format_feature_flags2 v2
	VK_KHR_fragment_shader_barycentric v1
	VK_KHR_get_memory_requirements2 v1
	VK_KHR_get_physical_device_properties2 v2
	VK_KHR_get_surface_capabilities2 v1
	VK_KHR_global_priority v1
	VK_KHR_image_format_list v1
	VK_KHR_imageless_framebuffer v1
	VK_KHR_incremental_present v2
	VK_KHR_index_type_uint8 v1
	VK_KHR_line_rasterization v1
	VK_KHR_load_store_op_none v1
	VK_KHR_maintenance1 v2
	VK_KHR_maintenance2 v1
	VK_KHR_maintenance3 v1
	VK_KHR_maintenance4 v2
	VK_KHR_maintenance5 v1
	VK_KHR_maintenance6 v1
	VK_KHR_maintenance7 v1
	VK_KHR_maintenance8 v1
	VK_KHR_maintenance9 v1
	VK_KHR_map_memory2 v1
	VK_KHR_multiview v1
	VK_KHR_portability_subset v1
	VK_KHR_present_id v1
	VK_KHR_present_id2 v1
	VK_KHR_present_wait v1
	VK_KHR_present_wait2 v1
	VK_KHR_push_descriptor v2
	VK_KHR_relaxed_block_layout v1
	VK_KHR_robustness2 v1
	VK_KHR_sampler_mirror_clamp_to_edge v3
	VK_KHR_sampler_ycbcr_conversion v14
	VK_KHR_separate_depth_stencil_layouts v1
	VK_KHR_shader_draw_parameters v1
	VK_KHR_shader_expect_assume v1
	VK_KHR_shader_float_controls v4
	VK_KHR_shader_float_controls2 v1
	VK_KHR_shader_float16_int8 v1
	VK_KHR_shader_fma v1
	VK_KHR_shader_integer_dot_product v1
	VK_KHR_shader_maximal_reconvergence v1
	VK_KHR_shader_non_semantic_info v1
	VK_KHR_shader_quad_control v1
	VK_KHR_shader_relaxed_extended_instruction v1
	VK_KHR_shader_subgroup_extended_types v1
	VK_KHR_shader_subgroup_rotate v2
	VK_KHR_shader_subgroup_uniform_control_flow v1
	VK_KHR_shader_terminate_invocation v1
	VK_KHR_spirv_1_4 v1
	VK_KHR_storage_buffer_storage_class v1
	VK_KHR_surface v25
	VK_KHR_surface_maintenance1 v1
	VK_KHR_surface_protected_capabilities v1
	VK_KHR_swapchain v70
	VK_KHR_swapchain_maintenance1 v1
	VK_KHR_swapchain_mutable_format v1
	VK_KHR_synchronization2 v1
	VK_KHR_timeline_semaphore v2
	VK_KHR_uniform_buffer_standard_layout v1
	VK_KHR_variable_pointers v1
	VK_KHR_vertex_attribute_divisor v1
	VK_KHR_vulkan_memory_model v3
	VK_KHR_zero_initialize_workgroup_memory v1
	VK_EXT_4444_formats v1
	VK_EXT_buffer_device_address v2
	VK_EXT_calibrated_timestamps v2
	VK_EXT_debug_marker v4
	VK_EXT_debug_report v10
	VK_EXT_debug_utils v2
	VK_EXT_depth_clip_control v1
	VK_EXT_descriptor_indexing v2
	VK_EXT_extended_dynamic_state v1
	VK_EXT_extended_dynamic_state2 v1
	VK_EXT_extended_dynamic_state3 v2
	VK_EXT_external_memory_host v1
	VK_EXT_external_memory_metal v1
	VK_EXT_fragment_shader_interlock v1
	VK_EXT_global_priority v2
	VK_EXT_global_priority_query v1
	VK_EXT_hdr_metadata v3
	VK_EXT_headless_surface v1
	VK_EXT_host_image_copy v1
	VK_EXT_host_query_reset v1
	VK_EXT_image_2d_view_of_3d v1
	VK_EXT_image_robustness v1
	VK_EXT_index_type_uint8 v1
	VK_EXT_inline_uniform_block v1
	VK_EXT_layer_settings v2
	VK_EXT_legacy_dithering v2
	VK_EXT_line_rasterization v1
	VK_EXT_load_store_op_none v1
	VK_EXT_memory_budget v1
	VK_EXT_metal_objects v2
	VK_EXT_metal_surface v1
	VK_EXT_non_seamless_cube_map v1
	VK_EXT_pipeline_creation_cache_control v3
	VK_EXT_pipeline_creation_feedback v1
	VK_EXT_pipeline_robustness v1
	VK_EXT_post_depth_coverage v1
	VK_EXT_primitive_topology_list_restart v1
	VK_EXT_private_data v1
	VK_EXT_provoking_vertex v1
	VK_EXT_robustness2 v1
	VK_EXT_sample_locations v1
	VK_EXT_sampler_filter_minmax v2
	VK_EXT_scalar_block_layout v1
	VK_EXT_separate_stencil_usage v1
	VK_EXT_shader_atomic_float v1
	VK_EXT_shader_demote_to_helper_invocation v1
	VK_EXT_shader_stencil_export v1
	VK_EXT_shader_subgroup_ballot v1
	VK_EXT_shader_subgroup_vote v1
	VK_EXT_shader_viewport_index_layer v1
	VK_EXT_subgroup_size_control v2
	VK_EXT_surface_maintenance1 v1
	VK_EXT_swapchain_colorspace v5
	VK_EXT_swapchain_maintenance1 v1
	VK_EXT_texel_buffer_alignment v1
	VK_EXT_texture_compression_astc_hdr v1
	VK_EXT_tooling_info v1
	VK_EXT_vertex_attribute_divisor v3
	VK_AMD_gpu_shader_half_float v2
	VK_AMD_negative_viewport_height v1
	VK_AMD_shader_image_load_store_lod v1
	VK_AMD_shader_trinary_minmax v1
	VK_GOOGLE_display_timing v1
	VK_IMG_format_pvrtc v1
	VK_INTEL_shader_integer_functions2 v1
	VK_MVK_macos_surface v3
	VK_MVK_moltenvk v37
	VK_NV_fragment_shader_barycentric v1
[mvk-info] GPU device:
	model: Apple M3 Pro
	type: Integrated
	vendorID: 0x106b
	deviceID: 0x1a060209
	pipelineCacheUUID: DB660224-1A06-0209-0000-000100000000
	GPU memory available: 13639 MB
	GPU memory used: 0 MB
	Metal Shading Language 4.0
	supports the following GPU Features:
		GPU Family Metal 4
		GPU Family Apple 9
		GPU Family Mac 1
		GPU Family Mac 2
		Read-Write Texture Tier 2
[mvk-info] Created VkInstance for Vulkan version 1.1.357, as requested by app, with the following 2 Vulkan extensions enabled:
	VK_KHR_surface v25
	VK_EXT_metal_surface v1
[mvk-info] Vulkan semaphores using MTLEvent.
[mvk-info] Descriptor sets binding resources using Metal3 argument buffers.
[mvk-info] Created VkDevice to run on GPU Apple M3 Pro with the following 2 Vulkan extensions enabled:
	VK_KHR_portability_subset v1
	VK_KHR_swapchain v70
[mvk-warn] VK_ERROR_FEATURE_NOT_PRESENT: Blending is enabled for attachment with format VK_FORMAT_R32_UINT, which does not support it.
[mvk-warn] VK_ERROR_FEATURE_NOT_PRESENT: Blending is enabled for attachment with format VK_FORMAT_R32_UINT, which does not support it.
[mvk-warn] VK_ERROR_FEATURE_NOT_PRESENT: Blending is enabled for attachment with format VK_FORMAT_R32_UINT, which does not support it.
[mvk-warn] VK_ERROR_FEATURE_NOT_PRESENT: Blending is enabled for attachment with format VK_FORMAT_R32_UINT, which does not support it.
[2026-10-03 16:58:18] dbg: [driver:1] OpenTT3D: Vulkan instanced renderer initialized on Apple M3 Pro
[mvk-info] Created 3 swapchain images with size (1280, 960) and contents scale 2.0 in layer (null) (0x7673f70f0) on screen Built-in Retina Display.
[2026-10-03 16:58:18] dbg: [driver:1] Successfully loaded video driver 'cocoa-vulkan'
[2026-10-03 16:58:18] dbg: [driver:1] Successfully loaded sound driver 'null'
[2026-10-03 16:58:18] dbg: [driver:1] Successfully loaded music driver 'null'
[2026-10-03 16:58:18] dbg: [driver:1] OpenTT3D: background Cocoa window active=false, key=false, visible=false, policy=2
[2026-10-03 16:58:18] dbg: [driver:1] using thread for game-loop
[2026-10-03 16:58:31] dbg: [driver:1] OpenTT3D: loaded 1879 authored voxel models, 18030563 occupied cells, 12403326 exposed cell faces merged to 2689442 conforming rectangles / 20866636 triangles
[2026-10-03 16:58:31] dbg: [driver:1] OpenTT3D: retained lossless voxel sources use 37688448 bytes instead of 1735400628 dense cell bytes, with one shared palette
[2026-10-03 16:58:31] dbg: [driver:1] OpenTT3D: CPU voxel surfaces retain 1073323808 bytes under a scene-pinned soft budget, including 192511808 exact restoration bytes
[2026-10-03 16:58:33] dbg: [driver:1] OpenTT3D: exported voxel turntables, street-level views and neighbouring-building context (prefix 'lock_study_')
[2026-10-03 16:58:33] dbg: [driver:1] OpenTT3D: 72 perspective clipping views preserve ray-tested coverage, depth, colour and picking (21180 samples, 16104 visible)
[2026-10-03 16:58:33] dbg: [driver:1] OpenTT3D: 60 cached mip/padding variants match direct upstream pixels and framing
[2026-10-03 16:58:33] dbg: [driver:1] OpenTT3D: model materials use OpenGFX2 Classic at native resolution or coarser
[2026-10-03 16:58:33] dbg: [driver:1] OpenTT3D: palette lookup survives atlas-page eviction and source-node reuse
[2026-10-03 16:58:33] dbg: [driver:1] OpenTT3D: 24 ordered child-layer views preserve coincident priority, ordinary depth, opacity and complete picking IDs
[2026-10-03 16:58:33] dbg: [driver:1] OpenTT3D: 32 allocation-order views preserve coplanar colour, opacity and picking independently of mesh addresses
[2026-10-03 16:58:33] dbg: [driver:1] OpenTT3D: 4 CPU voxel retirement/rebuild views preserve scene pins, stable GPU keys, exact colour, transparency and picking
[2026-10-03 16:58:34] dbg: [driver:2] OpenTT3D: retired 5615616 completed Vulkan upload bytes; retaining 2 scratch pages / 11542528 bytes
[2026-10-03 16:58:34] dbg: [driver:2] OpenTT3D: retired 7348224 completed Vulkan upload bytes; retaining 2 scratch pages / 11763712 bytes
[2026-10-03 16:58:34] dbg: [driver:2] OpenTT3D: retired 7569408 completed Vulkan upload bytes; retaining 2 scratch pages / 12935168 bytes
[2026-10-03 16:58:34] dbg: [driver:2] OpenTT3D: retired 8740864 completed Vulkan upload bytes; retaining 2 scratch pages / 15147008 bytes
[2026-10-03 16:58:35] dbg: [driver:2] OpenTT3D: retired 10952704 completed Vulkan upload bytes; retaining 2 scratch pages / 16678912 bytes
[2026-10-03 16:58:35] dbg: [driver:2] OpenTT3D: retired 12484608 completed Vulkan upload bytes; retaining 2 scratch pages / 17567744 bytes
[2026-10-03 16:58:36] dbg: [driver:1] OpenTT3D: 640 voxel effect views preserve original sprite/climate selection, altitude, opacity, fixed orientation and unclickable ownership
[2026-10-03 16:58:36] dbg: [driver:1] OpenTT3D: 0 unauthored effect sources preserve their original fallback in climate 0
[2026-10-03 16:58:36] dbg: [driver:1] OpenTT3D: 3 incomplete/custom/unavailable original object families retain every source ground/body layer in climate 0
[2026-10-03 16:58:36] dbg: [driver:1] OpenTT3D: 128 original HQ ground views preserve independent opaque source ownership, all16 company palettes and intentional body absences
[2026-10-03 16:58:36] dbg: [driver:1] OpenTT3D: 40 independent HQ owner LOD views preserve exact occupied/air boundaries, automatic factors1/2/4/8/16, source transforms, opacity and tile picking
[2026-10-03 16:58:36] dbg: [driver:1] OpenTT3D: 40 independent HQ owner LOD rebuild views preserve copied-scene pins, stable mesh identities and exact vertex words/RGBA/picking
[2026-10-03 16:58:37] dbg: [driver:1] OpenTT3D: 24 joined original HQ views preserve four source anchors, ground/body visibility and independent tile picking
[2026-10-03 16:58:37] dbg: [driver:1] OpenTT3D: 128 original object views preserve source layout/climate, anchors, all16 company palettes and transparent picking
[2026-10-03 16:58:41] dbg: [driver:1] OpenTT3D: 1584 house variant/construction bindings select their explicit geometry and original palettes
[2026-10-03 16:58:43] dbg: [driver:1] OpenTT3D: 1332 voxel house-ground bindings preserve source palettes, empty body stages and opaque floor ownership
[2026-10-03 16:58:45] dbg: [driver:2] OpenTT3D: retired 4194304 cold Vulkan mesh bytes; 536694784 resident bytes / 505 meshes
[2026-10-03 16:58:46] dbg: [driver:2] OpenTT3D: retired 4194304 cold Vulkan mesh bytes; 536694784 resident bytes / 507 meshes
[2026-10-03 16:58:47] dbg: [driver:2] OpenTT3D: retired 4194304 cold Vulkan mesh bytes; 536694784 resident bytes / 512 meshes
[2026-10-03 16:58:47] dbg: [driver:2] OpenTT3D: retired 4194304 cold Vulkan mesh bytes; 536694784 resident bytes / 514 meshes
[2026-10-03 16:58:48] dbg: [driver:2] OpenTT3D: retired 4194304 cold Vulkan mesh bytes; 536694784 resident bytes / 518 meshes
[2026-10-03 16:58:49] dbg: [driver:2] OpenTT3D: retired 4194304 cold Vulkan mesh bytes; 536694784 resident bytes / 523 meshes
[2026-10-03 16:58:50] dbg: [driver:2] OpenTT3D: retired 4194304 cold Vulkan mesh bytes; 536694784 resident bytes / 526 meshes
[2026-10-03 16:58:50] dbg: [driver:2] OpenTT3D: retired 4194304 cold Vulkan mesh bytes; 536694784 resident bytes / 533 meshes
[2026-10-03 16:58:51] dbg: [driver:2] OpenTT3D: retired 4300800 cold Vulkan mesh bytes; 536588288 resident bytes / 541 meshes
[2026-10-03 16:58:52] dbg: [driver:2] OpenTT3D: retired 4194304 cold Vulkan mesh bytes; 536588288 resident bytes / 543 meshes
[2026-10-03 16:58:53] dbg: [driver:2] OpenTT3D: retired 4194304 cold Vulkan mesh bytes; 536588288 resident bytes / 549 meshes
[2026-10-03 16:58:53] dbg: [driver:2] OpenTT3D: retired 5451776 cold Vulkan mesh bytes; 535330816 resident bytes / 557 meshes
[2026-10-03 16:58:54] dbg: [driver:2] OpenTT3D: retired 6164480 cold Vulkan mesh bytes; 533360640 resident bytes / 559 meshes
[2026-10-03 16:58:55] dbg: [driver:2] OpenTT3D: retired 4403200 cold Vulkan mesh bytes; 533151744 resident bytes / 570 meshes
[2026-10-03 16:58:56] dbg: [driver:2] OpenTT3D: retired 4194304 cold Vulkan mesh bytes; 533151744 resident bytes / 580 meshes
[2026-10-03 16:58:56] dbg: [driver:2] OpenTT3D: retired 4194304 cold Vulkan mesh bytes; 533151744 resident bytes / 585 meshes
[2026-10-03 16:58:57] dbg: [driver:2] OpenTT3D: retired 4194304 cold Vulkan mesh bytes; 533151744 resident bytes / 593 meshes
[2026-10-03 16:58:59] dbg: [driver:2] OpenTT3D: retired 4194304 cold Vulkan mesh bytes; 533151744 resident bytes / 606 meshes
[2026-10-03 16:58:59] dbg: [driver:2] OpenTT3D: retired 4292608 cold Vulkan mesh bytes; 533053440 resident bytes / 609 meshes
[2026-10-03 16:59:00] dbg: [driver:2] OpenTT3D: retired 4194304 cold Vulkan mesh bytes; 533053440 resident bytes / 612 meshes
[2026-10-03 16:59:00] dbg: [driver:2] OpenTT3D: retired 4194304 cold Vulkan mesh bytes; 533053440 resident bytes / 610 meshes
[2026-10-03 16:59:01] dbg: [driver:2] OpenTT3D: retired 4194304 cold Vulkan mesh bytes; 533053440 resident bytes / 615 meshes
[2026-10-03 16:59:02] dbg: [driver:2] OpenTT3D: retired 4194304 cold Vulkan mesh bytes; 533053440 resident bytes / 617 meshes
[2026-10-03 16:59:03] dbg: [driver:2] OpenTT3D: retired 4194304 cold Vulkan mesh bytes; 533053440 resident bytes / 620 meshes
[2026-10-03 16:59:03] dbg: [driver:2] OpenTT3D: retired 4194304 cold Vulkan mesh bytes; 533053440 resident bytes / 621 meshes
[2026-10-03 16:59:04] dbg: [driver:2] OpenTT3D: retired 20971520 cold Vulkan mesh bytes; 533909504 resident bytes / 604 meshes
[2026-10-03 16:59:04] dbg: [driver:2] OpenTT3D: retired 13373440 completed Vulkan upload bytes; retaining 2 scratch pages / 26689536 bytes
[2026-10-03 16:59:04] dbg: [driver:2] OpenTT3D: retired 22495232 completed Vulkan upload bytes; retaining 2 scratch pages / 68001792 bytes
[2026-10-03 16:59:06] dbg: [driver:2] OpenTT3D: retired 4194304 cold Vulkan mesh bytes; 535773184 resident bytes / 600 meshes
[2026-10-03 16:59:06] dbg: [driver:2] OpenTT3D: retired 4194304 cold Vulkan mesh bytes; 535773184 resident bytes / 599 meshes
[2026-10-03 16:59:07] dbg: [driver:2] OpenTT3D: retired 4194304 cold Vulkan mesh bytes; 535773184 resident bytes / 602 meshes
[2026-10-03 16:59:08] dbg: [driver:2] OpenTT3D: retired 8388608 cold Vulkan mesh bytes; 535941120 resident bytes / 587 meshes
[2026-10-03 16:59:08] dbg: [driver:2] OpenTT3D: retired 12582912 cold Vulkan mesh bytes; 532926464 resident bytes / 571 meshes
[2026-10-03 16:59:11] dbg: [driver:2] OpenTT3D: retired 4194304 cold Vulkan mesh bytes; 532926464 resident bytes / 583 meshes
[2026-10-03 16:59:11] dbg: [driver:2] OpenTT3D: retired 4194304 cold Vulkan mesh bytes; 532926464 resident bytes / 580 meshes
[2026-10-03 16:59:11] dbg: [driver:2] OpenTT3D: retired 4194304 cold Vulkan mesh bytes; 532926464 resident bytes / 576 meshes
[2026-10-03 16:59:12] dbg: [driver:2] OpenTT3D: retired 4194304 cold Vulkan mesh bytes; 532926464 resident bytes / 576 meshes
[2026-10-03 16:59:13] dbg: [driver:2] OpenTT3D: retired 4194304 cold Vulkan mesh bytes; 532926464 resident bytes / 573 meshes
[2026-10-03 16:59:13] dbg: [driver:2] OpenTT3D: retired 4194304 cold Vulkan mesh bytes; 532926464 resident bytes / 569 meshes
[2026-10-03 16:59:14] dbg: [driver:2] OpenTT3D: retired 4194304 cold Vulkan mesh bytes; 532926464 resident bytes / 564 meshes
[2026-10-03 16:59:14] dbg: [driver:2] OpenTT3D: retired 4194304 cold Vulkan mesh bytes; 532926464 resident bytes / 564 meshes
[2026-10-03 16:59:15] dbg: [driver:2] OpenTT3D: retired 4194304 cold Vulkan mesh bytes; 532926464 resident bytes / 564 meshes
[2026-10-03 16:59:15] dbg: [driver:2] OpenTT3D: retired 4194304 cold Vulkan mesh bytes; 532926464 resident bytes / 562 meshes
[2026-10-03 16:59:16] dbg: [driver:2] OpenTT3D: retired 4194304 cold Vulkan mesh bytes; 532926464 resident bytes / 565 meshes
[2026-10-03 16:59:17] dbg: [driver:2] OpenTT3D: retired 4194304 cold Vulkan mesh bytes; 532926464 resident bytes / 563 meshes
[2026-10-03 16:59:17] dbg: [driver:2] OpenTT3D: retired 4194304 cold Vulkan mesh bytes; 532926464 resident bytes / 559 meshes
[2026-10-03 16:59:17] dbg: [driver:2] OpenTT3D: retired 4194304 cold Vulkan mesh bytes; 532926464 resident bytes / 558 meshes
[2026-10-03 16:59:17] dbg: [driver:2] OpenTT3D: retired 4194304 cold Vulkan mesh bytes; 532926464 resident bytes / 557 meshes
[2026-10-03 16:59:17] dbg: [driver:2] OpenTT3D: retired 4194304 cold Vulkan mesh bytes; 532926464 resident bytes / 553 meshes
[2026-10-03 16:59:18] dbg: [driver:2] OpenTT3D: retired 4194304 cold Vulkan mesh bytes; 532926464 resident bytes / 552 meshes
[2026-10-03 16:59:18] dbg: [driver:2] OpenTT3D: retired 4194304 cold Vulkan mesh bytes; 533024768 resident bytes / 550 meshes
[2026-10-03 16:59:18] dbg: [driver:2] OpenTT3D: retired 4194304 cold Vulkan mesh bytes; 533024768 resident bytes / 548 meshes
[2026-10-03 16:59:19] dbg: [driver:2] OpenTT3D: retired 4194304 cold Vulkan mesh bytes; 533024768 resident bytes / 547 meshes
[2026-10-03 16:59:20] dbg: [driver:2] OpenTT3D: retired 4194304 cold Vulkan mesh bytes; 533024768 resident bytes / 554 meshes
[2026-10-03 16:59:20] dbg: [driver:2] OpenTT3D: retired 4194304 cold Vulkan mesh bytes; 533024768 resident bytes / 552 meshes
[2026-10-03 16:59:21] dbg: [driver:2] OpenTT3D: retired 4194304 cold Vulkan mesh bytes; 533024768 resident bytes / 551 meshes
[2026-10-03 16:59:21] dbg: [driver:2] OpenTT3D: retired 4194304 cold Vulkan mesh bytes; 533024768 resident bytes / 549 meshes
[2026-10-03 16:59:21] dbg: [driver:2] OpenTT3D: retired 4194304 cold Vulkan mesh bytes; 533024768 resident bytes / 546 meshes
[2026-10-03 16:59:22] dbg: [driver:2] OpenTT3D: retired 4194304 cold Vulkan mesh bytes; 533024768 resident bytes / 557 meshes
[2026-10-03 16:59:23] dbg: [driver:2] OpenTT3D: retired 4194304 cold Vulkan mesh bytes; 533024768 resident bytes / 555 meshes
[2026-10-03 16:59:24] dbg: [driver:2] OpenTT3D: retired 4194304 cold Vulkan mesh bytes; 533024768 resident bytes / 558 meshes
[2026-10-03 16:59:26] dbg: [driver:2] OpenTT3D: retired 4194304 cold Vulkan mesh bytes; 533024768 resident bytes / 555 meshes
[2026-10-03 16:59:27] dbg: [driver:2] OpenTT3D: retired 4194304 cold Vulkan mesh bytes; 533024768 resident bytes / 553 meshes
[2026-10-03 16:59:29] dbg: [driver:2] OpenTT3D: retired 4194304 cold Vulkan mesh bytes; 533024768 resident bytes / 552 meshes
[2026-10-03 16:59:29] dbg: [driver:2] OpenTT3D: retired 4194304 cold Vulkan mesh bytes; 533024768 resident bytes / 549 meshes
[2026-10-03 16:59:29] dbg: [driver:2] OpenTT3D: retired 4292608 cold Vulkan mesh bytes; 533032960 resident bytes / 549 meshes
[2026-10-03 16:59:30] dbg: [driver:2] OpenTT3D: retired 4194304 cold Vulkan mesh bytes; 533032960 resident bytes / 550 meshes
[2026-10-03 16:59:31] dbg: [driver:2] OpenTT3D: retired 4194304 cold Vulkan mesh bytes; 533032960 resident bytes / 549 meshes
[2026-10-03 16:59:31] dbg: [driver:2] OpenTT3D: retired 4194304 cold Vulkan mesh bytes; 534290432 resident bytes / 545 meshes
[2026-10-03 16:59:32] dbg: [driver:2] OpenTT3D: retired 4194304 cold Vulkan mesh bytes; 536260608 resident bytes / 543 meshes
[2026-10-03 16:59:34] dbg: [driver:2] OpenTT3D: retired 4194304 cold Vulkan mesh bytes; 536469504 resident bytes / 539 meshes
[2026-10-03 16:59:35] dbg: [driver:2] OpenTT3D: retired 4194304 cold Vulkan mesh bytes; 536469504 resident bytes / 535 meshes
[2026-10-03 16:59:36] dbg: [driver:2] OpenTT3D: retired 4194304 cold Vulkan mesh bytes; 536469504 resident bytes / 533 meshes
[2026-10-03 16:59:38] dbg: [driver:2] OpenTT3D: retired 4194304 cold Vulkan mesh bytes; 536469504 resident bytes / 548 meshes
[2026-10-03 16:59:39] dbg: [driver:2] OpenTT3D: retired 4194304 cold Vulkan mesh bytes; 536469504 resident bytes / 555 meshes
[2026-10-03 16:59:40] dbg: [driver:2] OpenTT3D: retired 4194304 cold Vulkan mesh bytes; 536469504 resident bytes / 558 meshes
[2026-10-03 16:59:40] dbg: [driver:2] OpenTT3D: retired 4194304 cold Vulkan mesh bytes; 536469504 resident bytes / 556 meshes
[2026-10-03 16:59:40] dbg: [driver:2] OpenTT3D: retired 4194304 cold Vulkan mesh bytes; 536469504 resident bytes / 555 meshes
[2026-10-03 16:59:41] dbg: [driver:2] OpenTT3D: retired 29638656 cold Vulkan mesh bytes; 534085632 resident bytes / 538 meshes
[2026-10-03 16:59:41] dbg: [driver:2] OpenTT3D: retired 63807488 completed Vulkan upload bytes; retaining 2 scratch pages / 82833408 bytes
[2026-10-03 16:59:43] dbg: [driver:2] OpenTT3D: retired 33554432 cold Vulkan mesh bytes; 536145920 resident bytes / 492 meshes
[2026-10-03 16:59:43] dbg: [driver:2] OpenTT3D: retired 78639104 completed Vulkan upload bytes; retaining 2 scratch pages / 104005632 bytes
[2026-10-03 16:59:46] dbg: [driver:2] OpenTT3D: retired 33554432 cold Vulkan mesh bytes; 533356544 resident bytes / 433 meshes
[2026-10-03 16:59:49] dbg: [driver:2] OpenTT3D: retired 4194304 cold Vulkan mesh bytes; 533356544 resident bytes / 434 meshes
[2026-10-03 16:59:50] dbg: [driver:2] OpenTT3D: retired 4194304 cold Vulkan mesh bytes; 533356544 resident bytes / 437 meshes
[2026-10-03 16:59:50] dbg: [driver:2] OpenTT3D: retired 4194304 cold Vulkan mesh bytes; 534200320 resident bytes / 437 meshes
[2026-10-03 16:59:50] dbg: [driver:2] OpenTT3D: retired 4194304 cold Vulkan mesh bytes; 536211456 resident bytes / 424 meshes
[2026-10-03 16:59:51] dbg: [driver:2] OpenTT3D: retired 4194304 cold Vulkan mesh bytes; 536211456 resident bytes / 423 meshes
[2026-10-03 16:59:51] dbg: [driver:2] OpenTT3D: retired 4194304 cold Vulkan mesh bytes; 536211456 resident bytes / 419 meshes
[2026-10-03 16:59:52] dbg: [driver:2] OpenTT3D: retired 4194304 cold Vulkan mesh bytes; 536211456 resident bytes / 419 meshes
[2026-10-03 16:59:53] dbg: [driver:2] OpenTT3D: retired 4194304 cold Vulkan mesh bytes; 536211456 resident bytes / 418 meshes
[2026-10-03 16:59:54] dbg: [driver:2] OpenTT3D: retired 4194304 cold Vulkan mesh bytes; 536211456 resident bytes / 416 meshes
[2026-10-03 16:59:55] dbg: [driver:2] OpenTT3D: retired 4194304 cold Vulkan mesh bytes; 536211456 resident bytes / 416 meshes
[2026-10-03 16:59:56] dbg: [driver:2] OpenTT3D: retired 4194304 cold Vulkan mesh bytes; 536211456 resident bytes / 421 meshes
[2026-10-03 16:59:57] dbg: [driver:2] OpenTT3D: retired 4194304 cold Vulkan mesh bytes; 536211456 resident bytes / 423 meshes
[2026-10-03 16:59:58] dbg: [driver:2] OpenTT3D: retired 4194304 cold Vulkan mesh bytes; 536211456 resident bytes / 425 meshes
[2026-10-03 16:59:59] dbg: [driver:2] OpenTT3D: retired 4194304 cold Vulkan mesh bytes; 536211456 resident bytes / 413 meshes
[2026-10-03 16:59:59] dbg: [driver:2] OpenTT3D: retired 4194304 cold Vulkan mesh bytes; 536211456 resident bytes / 409 meshes
[2026-10-03 17:00:00] dbg: [driver:2] OpenTT3D: retired 4194304 cold Vulkan mesh bytes; 536211456 resident bytes / 402 meshes
[2026-10-03 17:00:01] dbg: [driver:2] OpenTT3D: retired 4194304 cold Vulkan mesh bytes; 536211456 resident bytes / 397 meshes
[2026-10-03 17:00:01] dbg: [driver:2] OpenTT3D: retired 4194304 cold Vulkan mesh bytes; 536211456 resident bytes / 394 meshes
[2026-10-03 17:00:01] dbg: [driver:2] OpenTT3D: retired 21827584 cold Vulkan mesh bytes; 518578176 resident bytes / 394 meshes
[2026-10-03 17:00:05] dbg: [driver:2] OpenTT3D: retired 6057984 cold Vulkan mesh bytes; 533491712 resident bytes / 421 meshes
[2026-10-03 17:00:05] dbg: [driver:2] OpenTT3D: retired 4194304 cold Vulkan mesh bytes; 533491712 resident bytes / 418 meshes
[2026-10-03 17:00:06] dbg: [driver:2] OpenTT3D: retired 4194304 cold Vulkan mesh bytes; 533491712 resident bytes / 416 meshes
[2026-10-03 17:00:06] dbg: [driver:2] OpenTT3D: retired 4194304 cold Vulkan mesh bytes; 533491712 resident bytes / 416 meshes
[2026-10-03 17:00:06] dbg: [driver:2] OpenTT3D: retired 4194304 cold Vulkan mesh bytes; 533491712 resident bytes / 415 meshes
[2026-10-03 17:00:07] dbg: [driver:2] OpenTT3D: retired 4194304 cold Vulkan mesh bytes; 533491712 resident bytes / 413 meshes
[2026-10-03 17:00:07] dbg: [driver:2] OpenTT3D: retired 4194304 cold Vulkan mesh bytes; 533491712 resident bytes / 407 meshes
[2026-10-03 17:00:08] dbg: [driver:2] OpenTT3D: retired 4194304 cold Vulkan mesh bytes; 533491712 resident bytes / 407 meshes
[2026-10-03 17:00:09] dbg: [driver:2] OpenTT3D: retired 4194304 cold Vulkan mesh bytes; 533491712 resident bytes / 403 meshes
[2026-10-03 17:00:10] dbg: [driver:2] OpenTT3D: retired 8556544 cold Vulkan mesh bytes; 529129472 resident bytes / 420 meshes
[2026-10-03 17:00:11] dbg: [driver:2] OpenTT3D: retired 9568256 cold Vulkan mesh bytes; 527949824 resident bytes / 421 meshes
[2026-10-03 17:00:12] dbg: [driver:2] OpenTT3D: retired 4194304 cold Vulkan mesh bytes; 536338432 resident bytes / 416 meshes
[2026-10-03 17:00:12] dbg: [driver:2] OpenTT3D: retired 4194304 cold Vulkan mesh bytes; 536338432 resident bytes / 415 meshes
[2026-10-03 17:00:12] dbg: [driver:2] OpenTT3D: retired 4194304 cold Vulkan mesh bytes; 536338432 resident bytes / 413 meshes
[2026-10-03 17:00:15] dbg: [driver:2] OpenTT3D: retired 4194304 cold Vulkan mesh bytes; 536338432 resident bytes / 425 meshes
[2026-10-03 17:00:16] dbg: [driver:2] OpenTT3D: retired 4194304 cold Vulkan mesh bytes; 536338432 resident bytes / 421 meshes
[2026-10-03 17:00:17] dbg: [driver:2] OpenTT3D: retired 4194304 cold Vulkan mesh bytes; 536338432 resident bytes / 431 meshes
[2026-10-03 17:00:18] dbg: [driver:2] OpenTT3D: retired 4194304 cold Vulkan mesh bytes; 536338432 resident bytes / 433 meshes
[2026-10-03 17:00:20] dbg: [driver:2] OpenTT3D: retired 4194304 cold Vulkan mesh bytes; 536338432 resident bytes / 441 meshes
[2026-10-03 17:00:21] dbg: [driver:2] OpenTT3D: retired 4292608 cold Vulkan mesh bytes; 536240128 resident bytes / 443 meshes
[2026-10-03 17:00:21] dbg: [driver:2] OpenTT3D: retired 4194304 cold Vulkan mesh bytes; 536240128 resident bytes / 436 meshes
[2026-10-03 17:00:22] dbg: [driver:2] OpenTT3D: retired 4194304 cold Vulkan mesh bytes; 536240128 resident bytes / 432 meshes
[2026-10-03 17:00:22] dbg: [driver:2] OpenTT3D: retired 4194304 cold Vulkan mesh bytes; 536240128 resident bytes / 432 meshes
[2026-10-03 17:00:24] dbg: [driver:2] OpenTT3D: retired 4194304 cold Vulkan mesh bytes; 536240128 resident bytes / 434 meshes
[2026-10-03 17:00:25] dbg: [driver:2] OpenTT3D: retired 4194304 cold Vulkan mesh bytes; 536240128 resident bytes / 431 meshes
[2026-10-03 17:00:25] dbg: [driver:2] OpenTT3D: retired 4194304 cold Vulkan mesh bytes; 536240128 resident bytes / 429 meshes
[2026-10-03 17:00:26] dbg: [driver:2] OpenTT3D: retired 4194304 cold Vulkan mesh bytes; 536240128 resident bytes / 427 meshes
[2026-10-03 17:00:27] dbg: [driver:2] OpenTT3D: retired 4194304 cold Vulkan mesh bytes; 536240128 resident bytes / 430 meshes
[2026-10-03 17:00:28] dbg: [driver:2] OpenTT3D: retired 4194304 cold Vulkan mesh bytes; 536240128 resident bytes / 430 meshes
[2026-10-03 17:00:28] dbg: [driver:2] OpenTT3D: retired 4300800 cold Vulkan mesh bytes; 536133632 resident bytes / 430 meshes
[2026-10-03 17:00:29] dbg: [driver:2] OpenTT3D: retired 4194304 cold Vulkan mesh bytes; 536133632 resident bytes / 428 meshes
[2026-10-03 17:00:29] dbg: [driver:2] OpenTT3D: retired 5451776 cold Vulkan mesh bytes; 534876160 resident bytes / 428 meshes
[2026-10-03 17:00:29] dbg: [driver:2] OpenTT3D: retired 6164480 cold Vulkan mesh bytes; 532905984 resident bytes / 428 meshes
[2026-10-03 17:00:29] dbg: [driver:2] OpenTT3D: retired 4403200 cold Vulkan mesh bytes; 532697088 resident bytes / 428 meshes
[2026-10-03 17:00:31] dbg: [driver:2] OpenTT3D: retired 4194304 cold Vulkan mesh bytes; 532697088 resident bytes / 432 meshes
[2026-10-03 17:00:31] dbg: [driver:2] OpenTT3D: retired 4194304 cold Vulkan mesh bytes; 532697088 resident bytes / 431 meshes
[2026-10-03 17:00:31] dbg: [driver:2] OpenTT3D: retired 4194304 cold Vulkan mesh bytes; 532697088 resident bytes / 429 meshes
[2026-10-03 17:00:32] dbg: [driver:2] OpenTT3D: retired 4194304 cold Vulkan mesh bytes; 532975616 resident bytes / 416 meshes
[2026-10-03 17:00:33] dbg: [driver:2] OpenTT3D: retired 4194304 cold Vulkan mesh bytes; 533073920 resident bytes / 415 meshes
[2026-10-03 17:00:33] dbg: [driver:2] OpenTT3D: retired 4194304 cold Vulkan mesh bytes; 533073920 resident bytes / 414 meshes
[2026-10-03 17:00:33] dbg: [driver:2] OpenTT3D: retired 4194304 cold Vulkan mesh bytes; 533073920 resident bytes / 412 meshes
[2026-10-03 17:00:34] dbg: [driver:2] OpenTT3D: retired 4194304 cold Vulkan mesh bytes; 533073920 resident bytes / 406 meshes
[2026-10-03 17:00:35] dbg: [driver:2] OpenTT3D: retired 27254784 cold Vulkan mesh bytes; 510013440 resident bytes / 406 meshes
[2026-10-03 17:00:39] dbg: [driver:2] OpenTT3D: retired 35614720 cold Vulkan mesh bytes; 503758848 resident bytes / 435 meshes
[2026-10-03 17:00:43] dbg: [driver:2] OpenTT3D: retired 30765056 cold Vulkan mesh bytes; 506548224 resident bytes / 474 meshes
[2026-10-03 17:00:47] dbg: [driver:2] OpenTT3D: retired 4194304 cold Vulkan mesh bytes; 535908352 resident bytes / 499 meshes
[2026-10-03 17:00:48] dbg: [driver:2] OpenTT3D: retired 5038080 cold Vulkan mesh bytes; 535064576 resident bytes / 505 meshes
[2026-10-03 17:00:49] dbg: [driver:2] OpenTT3D: retired 6205440 cold Vulkan mesh bytes; 533053440 resident bytes / 512 meshes
[2026-10-03 17:00:50] dbg: [driver:2] OpenTT3D: retired 4194304 cold Vulkan mesh bytes; 533053440 resident bytes / 517 meshes
[2026-10-03 17:00:51] dbg: [driver:2] OpenTT3D: retired 4194304 cold Vulkan mesh bytes; 533053440 resident bytes / 519 meshes
[2026-10-03 17:00:51] dbg: [driver:2] OpenTT3D: retired 4194304 cold Vulkan mesh bytes; 533053440 resident bytes / 517 meshes
[2026-10-03 17:00:52] dbg: [driver:2] OpenTT3D: retired 4194304 cold Vulkan mesh bytes; 533053440 resident bytes / 521 meshes
[2026-10-03 17:00:52] dbg: [driver:2] OpenTT3D: retired 8388608 cold Vulkan mesh bytes; 533684224 resident bytes / 513 meshes
[2026-10-03 17:00:53] dbg: [driver:2] OpenTT3D: retired 4194304 cold Vulkan mesh bytes; 533684224 resident bytes / 512 meshes
[2026-10-03 17:00:54] dbg: [driver:2] OpenTT3D: retired 4194304 cold Vulkan mesh bytes; 533684224 resident bytes / 512 meshes
[2026-10-03 17:00:54] dbg: [driver:2] OpenTT3D: retired 4194304 cold Vulkan mesh bytes; 533684224 resident bytes / 515 meshes
[2026-10-03 17:00:55] dbg: [driver:2] OpenTT3D: retired 4194304 cold Vulkan mesh bytes; 533684224 resident bytes / 519 meshes
[2026-10-03 17:00:56] dbg: [driver:2] OpenTT3D: retired 4194304 cold Vulkan mesh bytes; 533684224 resident bytes / 520 meshes
[2026-10-03 17:00:57] dbg: [driver:2] OpenTT3D: retired 4194304 cold Vulkan mesh bytes; 533684224 resident bytes / 521 meshes
[2026-10-03 17:00:57] dbg: [driver:2] OpenTT3D: retired 4194304 cold Vulkan mesh bytes; 533684224 resident bytes / 523 meshes
[2026-10-03 17:00:58] dbg: [driver:2] OpenTT3D: retired 4194304 cold Vulkan mesh bytes; 533684224 resident bytes / 524 meshes
[2026-10-03 17:00:58] dbg: [driver:2] OpenTT3D: retired 4194304 cold Vulkan mesh bytes; 533684224 resident bytes / 527 meshes
[2026-10-03 17:00:59] dbg: [driver:2] OpenTT3D: retired 4194304 cold Vulkan mesh bytes; 533684224 resident bytes / 531 meshes
[2026-10-03 17:01:00] dbg: [driver:2] OpenTT3D: retired 4194304 cold Vulkan mesh bytes; 533684224 resident bytes / 534 meshes
[2026-10-03 17:01:01] dbg: [driver:2] OpenTT3D: retired 4194304 cold Vulkan mesh bytes; 533684224 resident bytes / 536 meshes
[2026-10-03 17:01:01] dbg: [driver:2] OpenTT3D: retired 4194304 cold Vulkan mesh bytes; 533684224 resident bytes / 536 meshes
[2026-10-03 17:01:02] dbg: [driver:2] OpenTT3D: retired 4194304 cold Vulkan mesh bytes; 533684224 resident bytes / 536 meshes
[2026-10-03 17:01:03] dbg: [driver:2] OpenTT3D: retired 4194304 cold Vulkan mesh bytes; 533684224 resident bytes / 536 meshes
[2026-10-03 17:01:03] dbg: [driver:2] OpenTT3D: retired 4194304 cold Vulkan mesh bytes; 533684224 resident bytes / 530 meshes
[2026-10-03 17:01:03] dbg: [driver:2] OpenTT3D: retired 4194304 cold Vulkan mesh bytes; 533684224 resident bytes / 528 meshes
[2026-10-03 17:01:04] dbg: [driver:2] OpenTT3D: retired 4194304 cold Vulkan mesh bytes; 533684224 resident bytes / 526 meshes
[2026-10-03 17:01:04] dbg: [driver:2] OpenTT3D: retired 4194304 cold Vulkan mesh bytes; 533684224 resident bytes / 523 meshes
[2026-10-03 17:01:04] dbg: [driver:2] OpenTT3D: retired 4194304 cold Vulkan mesh bytes; 533684224 resident bytes / 519 meshes
[2026-10-03 17:01:05] dbg: [driver:2] OpenTT3D: retired 4194304 cold Vulkan mesh bytes; 533684224 resident bytes / 517 meshes
[2026-10-03 17:01:05] dbg: [driver:2] OpenTT3D: retired 4194304 cold Vulkan mesh bytes; 533684224 resident bytes / 516 meshes
[2026-10-03 17:01:05] dbg: [driver:2] OpenTT3D: retired 4194304 cold Vulkan mesh bytes; 533684224 resident bytes / 513 meshes
[2026-10-03 17:01:06] dbg: [driver:2] OpenTT3D: retired 4194304 cold Vulkan mesh bytes; 533684224 resident bytes / 513 meshes
[2026-10-03 17:01:06] dbg: [driver:2] OpenTT3D: retired 4194304 cold Vulkan mesh bytes; 533684224 resident bytes / 512 meshes
[2026-10-03 17:01:07] dbg: [driver:2] OpenTT3D: retired 4194304 cold Vulkan mesh bytes; 533684224 resident bytes / 509 meshes
[2026-10-03 17:01:07] dbg: [driver:2] OpenTT3D: retired 4194304 cold Vulkan mesh bytes; 533684224 resident bytes / 511 meshes
[2026-10-03 17:01:08] dbg: [driver:2] OpenTT3D: retired 4194304 cold Vulkan mesh bytes; 533684224 resident bytes / 518 meshes
[2026-10-03 17:01:10] dbg: [driver:2] OpenTT3D: retired 4194304 cold Vulkan mesh bytes; 533684224 resident bytes / 525 meshes
[2026-10-03 17:01:14] dbg: [driver:2] OpenTT3D: retired 4194304 cold Vulkan mesh bytes; 533684224 resident bytes / 536 meshes
[2026-10-03 17:01:15] dbg: [driver:2] OpenTT3D: retired 4194304 cold Vulkan mesh bytes; 533684224 resident bytes / 542 meshes
[2026-10-03 17:01:16] dbg: [driver:2] OpenTT3D: retired 4194304 cold Vulkan mesh bytes; 533684224 resident bytes / 542 meshes
[2026-10-03 17:01:18] dbg: [driver:2] OpenTT3D: retired 4194304 cold Vulkan mesh bytes; 533684224 resident bytes / 547 meshes
[2026-10-03 17:01:19] dbg: [driver:2] OpenTT3D: retired 4194304 cold Vulkan mesh bytes; 533684224 resident bytes / 552 meshes
[2026-10-03 17:01:20] dbg: [driver:2] OpenTT3D: retired 4194304 cold Vulkan mesh bytes; 533684224 resident bytes / 555 meshes
[2026-10-03 17:01:21] dbg: [driver:2] OpenTT3D: retired 4194304 cold Vulkan mesh bytes; 533684224 resident bytes / 560 meshes
[2026-10-03 17:01:21] dbg: [driver:2] OpenTT3D: retired 4194304 cold Vulkan mesh bytes; 533684224 resident bytes / 558 meshes
[2026-10-03 17:01:22] dbg: [driver:2] OpenTT3D: retired 4194304 cold Vulkan mesh bytes; 533684224 resident bytes / 555 meshes
[2026-10-03 17:01:22] dbg: [driver:2] OpenTT3D: retired 4194304 cold Vulkan mesh bytes; 533684224 resident bytes / 559 meshes
[2026-10-03 17:01:23] dbg: [driver:2] OpenTT3D: retired 4194304 cold Vulkan mesh bytes; 533684224 resident bytes / 562 meshes
[2026-10-03 17:01:24] dbg: [driver:2] OpenTT3D: retired 4194304 cold Vulkan mesh bytes; 533684224 resident bytes / 564 meshes
[2026-10-03 17:01:24] dbg: [driver:2] OpenTT3D: retired 4194304 cold Vulkan mesh bytes; 533684224 resident bytes / 568 meshes
[2026-10-03 17:01:25] dbg: [driver:2] OpenTT3D: retired 4194304 cold Vulkan mesh bytes; 533684224 resident bytes / 569 meshes
[2026-10-03 17:01:26] dbg: [driver:2] OpenTT3D: retired 4194304 cold Vulkan mesh bytes; 533684224 resident bytes / 571 meshes
[2026-10-03 17:01:27] dbg: [driver:2] OpenTT3D: retired 4194304 cold Vulkan mesh bytes; 533684224 resident bytes / 572 meshes
[2026-10-03 17:01:27] dbg: [driver:2] OpenTT3D: retired 4194304 cold Vulkan mesh bytes; 533684224 resident bytes / 574 meshes
[2026-10-03 17:01:28] dbg: [driver:2] OpenTT3D: retired 4194304 cold Vulkan mesh bytes; 533684224 resident bytes / 575 meshes
[2026-10-03 17:01:29] dbg: [driver:2] OpenTT3D: retired 4194304 cold Vulkan mesh bytes; 533684224 resident bytes / 581 meshes
[2026-10-03 17:01:29] dbg: [driver:2] OpenTT3D: retired 4194304 cold Vulkan mesh bytes; 533684224 resident bytes / 585 meshes
[2026-10-03 17:01:30] dbg: [driver:2] OpenTT3D: retired 4194304 cold Vulkan mesh bytes; 533684224 resident bytes / 591 meshes
[2026-10-03 17:01:31] dbg: [driver:2] OpenTT3D: retired 4194304 cold Vulkan mesh bytes; 533684224 resident bytes / 594 meshes
[2026-10-03 17:01:32] dbg: [driver:2] OpenTT3D: retired 4194304 cold Vulkan mesh bytes; 533684224 resident bytes / 596 meshes
[2026-10-03 17:01:32] dbg: [driver:2] OpenTT3D: retired 4194304 cold Vulkan mesh bytes; 533684224 resident bytes / 600 meshes
[2026-10-03 17:01:33] dbg: [driver:2] OpenTT3D: retired 4194304 cold Vulkan mesh bytes; 533684224 resident bytes / 603 meshes
[2026-10-03 17:01:34] dbg: [driver:2] OpenTT3D: retired 4194304 cold Vulkan mesh bytes; 533684224 resident bytes / 606 meshes
[2026-10-03 17:01:34] dbg: [driver:2] OpenTT3D: retired 4472832 cold Vulkan mesh bytes; 533405696 resident bytes / 611 meshes
[2026-10-03 17:01:35] dbg: [driver:2] OpenTT3D: retired 4292608 cold Vulkan mesh bytes; 533307392 resident bytes / 615 meshes
[2026-10-03 17:01:35] dbg: [driver:2] OpenTT3D: retired 4194304 cold Vulkan mesh bytes; 533307392 resident bytes / 615 meshes
[2026-10-03 17:01:36] dbg: [driver:2] OpenTT3D: retired 4194304 cold Vulkan mesh bytes; 533307392 resident bytes / 614 meshes
[2026-10-03 17:01:36] dbg: [driver:2] OpenTT3D: retired 4194304 cold Vulkan mesh bytes; 533307392 resident bytes / 616 meshes
[2026-10-03 17:01:37] dbg: [driver:2] OpenTT3D: retired 4194304 cold Vulkan mesh bytes; 533307392 resident bytes / 614 meshes
[2026-10-03 17:01:37] dbg: [driver:2] OpenTT3D: retired 4194304 cold Vulkan mesh bytes; 533307392 resident bytes / 613 meshes
[2026-10-03 17:01:38] dbg: [driver:2] OpenTT3D: retired 4194304 cold Vulkan mesh bytes; 533307392 resident bytes / 610 meshes
[2026-10-03 17:01:38] dbg: [driver:2] OpenTT3D: retired 4194304 cold Vulkan mesh bytes; 534032384 resident bytes / 605 meshes
[2026-10-03 17:01:38] dbg: [driver:2] OpenTT3D: retired 4194304 cold Vulkan mesh bytes; 536072192 resident bytes / 603 meshes
[2026-10-03 17:01:40] dbg: [driver:2] OpenTT3D: retired 4194304 cold Vulkan mesh bytes; 536072192 resident bytes / 615 meshes
[2026-10-03 17:01:41] dbg: [driver:2] OpenTT3D: retired 4194304 cold Vulkan mesh bytes; 536072192 resident bytes / 616 meshes
[2026-10-03 17:01:42] dbg: [driver:2] OpenTT3D: retired 4194304 cold Vulkan mesh bytes; 536072192 resident bytes / 624 meshes
[2026-10-03 17:01:42] dbg: [driver:2] OpenTT3D: retired 4194304 cold Vulkan mesh bytes; 536072192 resident bytes / 628 meshes
[2026-10-03 17:01:43] dbg: [driver:2] OpenTT3D: retired 4194304 cold Vulkan mesh bytes; 536072192 resident bytes / 631 meshes
[2026-10-03 17:01:43] dbg: [driver:2] OpenTT3D: retired 4194304 cold Vulkan mesh bytes; 536072192 resident bytes / 631 meshes
[2026-10-03 17:01:44] dbg: [driver:2] OpenTT3D: retired 4194304 cold Vulkan mesh bytes; 536072192 resident bytes / 630 meshes
[2026-10-03 17:01:45] dbg: [driver:2] OpenTT3D: retired 4194304 cold Vulkan mesh bytes; 536072192 resident bytes / 632 meshes
[2026-10-03 17:01:45] dbg: [driver:2] OpenTT3D: retired 4194304 cold Vulkan mesh bytes; 536072192 resident bytes / 627 meshes
[2026-10-03 17:01:46] dbg: [driver:2] OpenTT3D: retired 8388608 cold Vulkan mesh bytes; 534204416 resident bytes / 616 meshes
[2026-10-03 17:01:46] dbg: [driver:2] OpenTT3D: retired 4194304 cold Vulkan mesh bytes; 535257088 resident bytes / 613 meshes
[2026-10-03 17:01:47] dbg: [driver:2] OpenTT3D: retired 4194304 cold Vulkan mesh bytes; 535457792 resident bytes / 610 meshes
[2026-10-03 17:01:47] dbg: [driver:2] OpenTT3D: retired 4194304 cold Vulkan mesh bytes; 535457792 resident bytes / 608 meshes
[2026-10-03 17:01:47] dbg: [driver:2] OpenTT3D: retired 4194304 cold Vulkan mesh bytes; 535457792 resident bytes / 606 meshes
[2026-10-03 17:01:48] dbg: [driver:2] OpenTT3D: retired 4194304 cold Vulkan mesh bytes; 535457792 resident bytes / 604 meshes
[2026-10-03 17:01:48] dbg: [driver:2] OpenTT3D: retired 4194304 cold Vulkan mesh bytes; 535457792 resident bytes / 605 meshes
[2026-10-03 17:01:49] dbg: [driver:2] OpenTT3D: retired 8388608 cold Vulkan mesh bytes; 534106112 resident bytes / 600 meshes
[2026-10-03 17:01:49] dbg: [driver:2] OpenTT3D: retired 4194304 cold Vulkan mesh bytes; 534937600 resident bytes / 598 meshes
[2026-10-03 17:01:50] dbg: [driver:2] OpenTT3D: retired 4194304 cold Vulkan mesh bytes; 536858624 resident bytes / 597 meshes
[2026-10-03 17:01:50] dbg: [driver:2] OpenTT3D: retired 4194304 cold Vulkan mesh bytes; 536858624 resident bytes / 596 meshes
[2026-10-03 17:01:51] dbg: [driver:2] OpenTT3D: retired 4194304 cold Vulkan mesh bytes; 536858624 resident bytes / 594 meshes
[2026-10-03 17:01:51] dbg: [driver:2] OpenTT3D: retired 8388608 cold Vulkan mesh bytes; 535859200 resident bytes / 583 meshes
[2026-10-03 17:01:52] dbg: [driver:2] OpenTT3D: retired 4194304 cold Vulkan mesh bytes; 535859200 resident bytes / 579 meshes
[2026-10-03 17:01:53] dbg: [driver:2] OpenTT3D: retired 4194304 cold Vulkan mesh bytes; 535859200 resident bytes / 581 meshes
[2026-10-03 17:01:53] dbg: [driver:2] OpenTT3D: retired 4194304 cold Vulkan mesh bytes; 535859200 resident bytes / 579 meshes
[2026-10-03 17:01:54] dbg: [driver:2] OpenTT3D: retired 4194304 cold Vulkan mesh bytes; 536846336 resident bytes / 576 meshes
[2026-10-03 17:01:55] dbg: [driver:2] OpenTT3D: retired 9019392 cold Vulkan mesh bytes; 536121344 resident bytes / 576 meshes
[2026-10-03 17:01:56] dbg: [driver:2] OpenTT3D: retired 4194304 cold Vulkan mesh bytes; 536662016 resident bytes / 574 meshes
[2026-10-03 17:01:57] dbg: [driver:2] OpenTT3D: retired 8388608 cold Vulkan mesh bytes; 535498752 resident bytes / 565 meshes
[2026-10-03 17:01:58] dbg: [driver:2] OpenTT3D: retired 4194304 cold Vulkan mesh bytes; 535498752 resident bytes / 560 meshes
[2026-10-03 17:01:58] dbg: [driver:2] OpenTT3D: retired 4194304 cold Vulkan mesh bytes; 535498752 resident bytes / 557 meshes
[2026-10-03 17:01:58] dbg: [driver:2] OpenTT3D: retired 4194304 cold Vulkan mesh bytes; 535498752 resident bytes / 555 meshes
[2026-10-03 17:01:59] dbg: [driver:2] OpenTT3D: retired 4194304 cold Vulkan mesh bytes; 535498752 resident bytes / 553 meshes
[2026-10-03 17:02:00] dbg: [driver:2] OpenTT3D: retired 4194304 cold Vulkan mesh bytes; 535498752 resident bytes / 549 meshes
[2026-10-03 17:02:00] dbg: [driver:2] OpenTT3D: retired 4194304 cold Vulkan mesh bytes; 535498752 resident bytes / 543 meshes
[2026-10-03 17:02:01] dbg: [driver:2] OpenTT3D: retired 4194304 cold Vulkan mesh bytes; 535498752 resident bytes / 541 meshes
[2026-10-03 17:02:01] dbg: [driver:2] OpenTT3D: retired 4194304 cold Vulkan mesh bytes; 535498752 resident bytes / 540 meshes
[2026-10-03 17:02:02] dbg: [driver:2] OpenTT3D: retired 4194304 cold Vulkan mesh bytes; 535498752 resident bytes / 545 meshes
[2026-10-03 17:02:02] dbg: [driver:2] OpenTT3D: retired 4194304 cold Vulkan mesh bytes; 535498752 resident bytes / 545 meshes
[2026-10-03 17:02:03] dbg: [driver:2] OpenTT3D: retired 4194304 cold Vulkan mesh bytes; 535498752 resident bytes / 548 meshes
[2026-10-03 17:02:03] dbg: [driver:2] OpenTT3D: retired 4194304 cold Vulkan mesh bytes; 535498752 resident bytes / 546 meshes
[2026-10-03 17:02:04] dbg: [driver:2] OpenTT3D: retired 4194304 cold Vulkan mesh bytes; 535498752 resident bytes / 547 meshes
[2026-10-03 17:02:05] dbg: [driver:2] OpenTT3D: retired 4194304 cold Vulkan mesh bytes; 535498752 resident bytes / 551 meshes
[2026-10-03 17:02:06] dbg: [driver:2] OpenTT3D: retired 4194304 cold Vulkan mesh bytes; 535498752 resident bytes / 553 meshes
[2026-10-03 17:02:06] dbg: [driver:2] OpenTT3D: retired 4194304 cold Vulkan mesh bytes; 535498752 resident bytes / 553 meshes
[2026-10-03 17:02:07] dbg: [driver:2] OpenTT3D: retired 4194304 cold Vulkan mesh bytes; 535498752 resident bytes / 554 meshes
[2026-10-03 17:02:09] dbg: [driver:2] OpenTT3D: retired 4194304 cold Vulkan mesh bytes; 535498752 resident bytes / 556 meshes
[2026-10-03 17:02:10] dbg: [driver:2] OpenTT3D: retired 4194304 cold Vulkan mesh bytes; 535498752 resident bytes / 555 meshes
[2026-10-03 17:02:11] dbg: [driver:2] OpenTT3D: retired 4194304 cold Vulkan mesh bytes; 535498752 resident bytes / 555 meshes
[2026-10-03 17:02:11] dbg: [driver:2] OpenTT3D: retired 4194304 cold Vulkan mesh bytes; 535498752 resident bytes / 555 meshes
[2026-10-03 17:02:12] dbg: [driver:2] OpenTT3D: retired 4194304 cold Vulkan mesh bytes; 535498752 resident bytes / 556 meshes
[2026-10-03 17:02:15] dbg: [driver:2] OpenTT3D: retired 4194304 cold Vulkan mesh bytes; 535498752 resident bytes / 554 meshes
[2026-10-03 17:02:15] dbg: [driver:2] OpenTT3D: retired 4194304 cold Vulkan mesh bytes; 535498752 resident bytes / 554 meshes
[2026-10-03 17:02:16] dbg: [driver:2] OpenTT3D: retired 4194304 cold Vulkan mesh bytes; 535498752 resident bytes / 555 meshes
[2026-10-03 17:02:17] dbg: [driver:2] OpenTT3D: retired 4194304 cold Vulkan mesh bytes; 535498752 resident bytes / 553 meshes
[2026-10-03 17:02:17] dbg: [driver:2] OpenTT3D: retired 4194304 cold Vulkan mesh bytes; 535498752 resident bytes / 552 meshes
[2026-10-03 17:02:18] dbg: [driver:2] OpenTT3D: retired 4194304 cold Vulkan mesh bytes; 535498752 resident bytes / 554 meshes
[2026-10-03 17:02:18] dbg: [driver:2] OpenTT3D: retired 4194304 cold Vulkan mesh bytes; 535498752 resident bytes / 546 meshes
[2026-10-03 17:02:19] dbg: [driver:2] OpenTT3D: retired 4194304 cold Vulkan mesh bytes; 535498752 resident bytes / 541 meshes
[2026-10-03 17:02:20] dbg: [driver:2] OpenTT3D: retired 4194304 cold Vulkan mesh bytes; 535498752 resident bytes / 550 meshes
[2026-10-03 17:02:20] dbg: [driver:2] OpenTT3D: retired 4194304 cold Vulkan mesh bytes; 535498752 resident bytes / 550 meshes
[2026-10-03 17:02:21] dbg: [driver:2] OpenTT3D: retired 4194304 cold Vulkan mesh bytes; 535498752 resident bytes / 551 meshes
[2026-10-03 17:02:22] dbg: [driver:2] OpenTT3D: retired 4194304 cold Vulkan mesh bytes; 535498752 resident bytes / 546 meshes
[2026-10-03 17:02:23] dbg: [driver:2] OpenTT3D: retired 4194304 cold Vulkan mesh bytes; 535498752 resident bytes / 552 meshes
[2026-10-03 17:02:24] dbg: [driver:2] OpenTT3D: retired 4194304 cold Vulkan mesh bytes; 535498752 resident bytes / 555 meshes
[2026-10-03 17:02:24] dbg: [driver:2] OpenTT3D: retired 4194304 cold Vulkan mesh bytes; 535498752 resident bytes / 551 meshes
[2026-10-03 17:02:25] dbg: [driver:2] OpenTT3D: retired 4194304 cold Vulkan mesh bytes; 535498752 resident bytes / 551 meshes
[2026-10-03 17:02:25] dbg: [driver:2] OpenTT3D: retired 4194304 cold Vulkan mesh bytes; 535498752 resident bytes / 546 meshes
[2026-10-03 17:02:25] dbg: [driver:2] OpenTT3D: retired 4194304 cold Vulkan mesh bytes; 535498752 resident bytes / 540 meshes
[2026-10-03 17:02:25] dbg: [driver:2] OpenTT3D: retired 4194304 cold Vulkan mesh bytes; 535498752 resident bytes / 534 meshes
[2026-10-03 17:02:26] dbg: [driver:2] OpenTT3D: retired 4194304 cold Vulkan mesh bytes; 535498752 resident bytes / 532 meshes
[2026-10-03 17:02:26] dbg: [driver:2] OpenTT3D: retired 4194304 cold Vulkan mesh bytes; 535498752 resident bytes / 526 meshes
[2026-10-03 17:02:27] dbg: [driver:2] OpenTT3D: retired 4194304 cold Vulkan mesh bytes; 535498752 resident bytes / 525 meshes
[2026-10-03 17:02:27] dbg: [driver:2] OpenTT3D: retired 4194304 cold Vulkan mesh bytes; 535498752 resident bytes / 525 meshes
[2026-10-03 17:02:28] dbg: [driver:2] OpenTT3D: retired 4194304 cold Vulkan mesh bytes; 535498752 resident bytes / 527 meshes
[2026-10-03 17:02:28] dbg: [driver:2] OpenTT3D: retired 4194304 cold Vulkan mesh bytes; 535498752 resident bytes / 527 meshes
[2026-10-03 17:02:28] dbg: [driver:2] OpenTT3D: retired 4194304 cold Vulkan mesh bytes; 535498752 resident bytes / 520 meshes
[2026-10-03 17:02:29] dbg: [driver:2] OpenTT3D: retired 4919296 cold Vulkan mesh bytes; 534773760 resident bytes / 524 meshes
[2026-10-03 17:02:30] dbg: [driver:2] OpenTT3D: retired 6234112 cold Vulkan mesh bytes; 532733952 resident bytes / 529 meshes
[2026-10-03 17:02:30] dbg: [driver:2] OpenTT3D: retired 4194304 cold Vulkan mesh bytes; 532733952 resident bytes / 527 meshes
[2026-10-03 17:02:30] dbg: [driver:2] OpenTT3D: retired 4194304 cold Vulkan mesh bytes; 532733952 resident bytes / 525 meshes
[2026-10-03 17:02:31] dbg: [driver:2] OpenTT3D: retired 4194304 cold Vulkan mesh bytes; 532733952 resident bytes / 519 meshes
[2026-10-03 17:02:31] dbg: [driver:2] OpenTT3D: retired 4194304 cold Vulkan mesh bytes; 532733952 resident bytes / 520 meshes
[2026-10-03 17:02:32] dbg: [driver:2] OpenTT3D: retired 4194304 cold Vulkan mesh bytes; 532733952 resident bytes / 517 meshes
[2026-10-03 17:02:32] dbg: [driver:2] OpenTT3D: retired 4194304 cold Vulkan mesh bytes; 532733952 resident bytes / 516 meshes
[2026-10-03 17:02:33] dbg: [driver:2] OpenTT3D: retired 4194304 cold Vulkan mesh bytes; 532733952 resident bytes / 515 meshes
[2026-10-03 17:02:33] dbg: [driver:2] OpenTT3D: retired 4194304 cold Vulkan mesh bytes; 532733952 resident bytes / 513 meshes
[2026-10-03 17:02:34] dbg: [driver:2] OpenTT3D: retired 4194304 cold Vulkan mesh bytes; 532733952 resident bytes / 510 meshes
[2026-10-03 17:02:34] dbg: [driver:2] OpenTT3D: retired 4194304 cold Vulkan mesh bytes; 532733952 resident bytes / 510 meshes
[2026-10-03 17:02:34] dbg: [driver:2] OpenTT3D: retired 4194304 cold Vulkan mesh bytes; 532733952 resident bytes / 503 meshes
[2026-10-03 17:02:34] dbg: [driver:2] OpenTT3D: retired 4194304 cold Vulkan mesh bytes; 532733952 resident bytes / 497 meshes
[2026-10-03 17:02:35] dbg: [driver:2] OpenTT3D: retired 4194304 cold Vulkan mesh bytes; 532733952 resident bytes / 497 meshes
[2026-10-03 17:02:35] dbg: [driver:2] OpenTT3D: retired 4194304 cold Vulkan mesh bytes; 532733952 resident bytes / 491 meshes
[2026-10-03 17:02:35] dbg: [driver:2] OpenTT3D: retired 4194304 cold Vulkan mesh bytes; 532733952 resident bytes / 486 meshes
[2026-10-03 17:02:36] dbg: [driver:2] OpenTT3D: retired 4194304 cold Vulkan mesh bytes; 533073920 resident bytes / 482 meshes
[2026-10-03 17:02:37] dbg: [driver:2] OpenTT3D: retired 4194304 cold Vulkan mesh bytes; 533073920 resident bytes / 482 meshes
[2026-10-03 17:02:37] dbg: [driver:2] OpenTT3D: retired 4194304 cold Vulkan mesh bytes; 533073920 resident bytes / 481 meshes
[2026-10-03 17:02:37] dbg: [driver:2] OpenTT3D: retired 4194304 cold Vulkan mesh bytes; 533073920 resident bytes / 477 meshes
[2026-10-03 17:02:38] dbg: [driver:2] OpenTT3D: retired 4194304 cold Vulkan mesh bytes; 533073920 resident bytes / 477 meshes
[2026-10-03 17:02:38] dbg: [driver:2] OpenTT3D: retired 4194304 cold Vulkan mesh bytes; 533073920 resident bytes / 479 meshes
[2026-10-03 17:02:39] dbg: [driver:2] OpenTT3D: retired 4194304 cold Vulkan mesh bytes; 533073920 resident bytes / 478 meshes
[2026-10-03 17:02:39] dbg: [driver:2] OpenTT3D: retired 6520832 cold Vulkan mesh bytes; 530747392 resident bytes / 478 meshes
[2026-10-03 17:02:40] dbg: [driver:2] OpenTT3D: retired 5246976 cold Vulkan mesh bytes; 533889024 resident bytes / 485 meshes
[2026-10-03 17:02:41] dbg: [driver:2] OpenTT3D: retired 4395008 cold Vulkan mesh bytes; 533688320 resident bytes / 489 meshes
[2026-10-03 17:02:41] dbg: [driver:2] OpenTT3D: retired 4194304 cold Vulkan mesh bytes; 533688320 resident bytes / 493 meshes
[2026-10-03 17:02:42] dbg: [driver:2] OpenTT3D: retired 7036928 cold Vulkan mesh bytes; 530845696 resident bytes / 498 meshes
[2026-10-03 17:02:43] dbg: [driver:2] OpenTT3D: retired 5025792 cold Vulkan mesh bytes; 534208512 resident bytes / 504 meshes
[2026-10-03 17:02:43] dbg: [driver:2] OpenTT3D: retired 6115328 cold Vulkan mesh bytes; 532287488 resident bytes / 505 meshes
[2026-10-03 17:02:44] dbg: [driver:2] OpenTT3D: retired 4194304 cold Vulkan mesh bytes; 536481792 resident bytes / 508 meshes
[2026-10-03 17:02:44] dbg: [driver:2] OpenTT3D: retired 4194304 cold Vulkan mesh bytes; 536481792 resident bytes / 507 meshes
[2026-10-03 17:02:45] dbg: [driver:2] OpenTT3D: retired 7389184 cold Vulkan mesh bytes; 533286912 resident bytes / 512 meshes
[2026-10-03 17:02:46] dbg: [driver:2] OpenTT3D: retired 4194304 cold Vulkan mesh bytes; 533286912 resident bytes / 514 meshes
[2026-10-03 17:02:46] dbg: [driver:2] OpenTT3D: retired 4194304 cold Vulkan mesh bytes; 533286912 resident bytes / 512 meshes
[2026-10-03 17:02:47] dbg: [driver:2] OpenTT3D: retired 4194304 cold Vulkan mesh bytes; 533286912 resident bytes / 512 meshes
[2026-10-03 17:02:47] dbg: [driver:2] OpenTT3D: retired 5181440 cold Vulkan mesh bytes; 532299776 resident bytes / 514 meshes
[2026-10-03 17:02:48] dbg: [driver:2] OpenTT3D: retired 8294400 cold Vulkan mesh bytes; 532393984 resident bytes / 520 meshes
[2026-10-03 17:02:49] dbg: [driver:2] OpenTT3D: retired 4734976 cold Vulkan mesh bytes; 536047616 resident bytes / 526 meshes
[2026-10-03 17:02:49] dbg: [driver:2] OpenTT3D: retired 7225344 cold Vulkan mesh bytes; 533016576 resident bytes / 530 meshes
[2026-10-03 17:02:50] dbg: [driver:2] OpenTT3D: retired 4194304 cold Vulkan mesh bytes; 533016576 resident bytes / 530 meshes
[2026-10-03 17:02:51] dbg: [driver:2] OpenTT3D: retired 4194304 cold Vulkan mesh bytes; 533016576 resident bytes / 538 meshes
[2026-10-03 17:02:51] dbg: [driver:2] OpenTT3D: retired 4194304 cold Vulkan mesh bytes; 533016576 resident bytes / 537 meshes
[2026-10-03 17:02:52] dbg: [driver:2] OpenTT3D: retired 4194304 cold Vulkan mesh bytes; 533016576 resident bytes / 539 meshes
[2026-10-03 17:02:52] dbg: [driver:2] OpenTT3D: retired 4194304 cold Vulkan mesh bytes; 533016576 resident bytes / 544 meshes
[2026-10-03 17:02:53] dbg: [driver:2] OpenTT3D: retired 4194304 cold Vulkan mesh bytes; 533016576 resident bytes / 545 meshes
[2026-10-03 17:02:53] dbg: [driver:2] OpenTT3D: retired 4194304 cold Vulkan mesh bytes; 533016576 resident bytes / 546 meshes
[2026-10-03 17:02:54] dbg: [driver:2] OpenTT3D: retired 4194304 cold Vulkan mesh bytes; 533016576 resident bytes / 549 meshes
[2026-10-03 17:02:55] dbg: [driver:2] OpenTT3D: retired 4194304 cold Vulkan mesh bytes; 533016576 resident bytes / 554 meshes
[2026-10-03 17:02:55] dbg: [driver:2] OpenTT3D: retired 4194304 cold Vulkan mesh bytes; 533016576 resident bytes / 551 meshes
[2026-10-03 17:02:56] dbg: [driver:2] OpenTT3D: retired 4194304 cold Vulkan mesh bytes; 533016576 resident bytes / 553 meshes
[2026-10-03 17:02:56] dbg: [driver:2] OpenTT3D: retired 4194304 cold Vulkan mesh bytes; 533016576 resident bytes / 550 meshes
[2026-10-03 17:02:56] dbg: [driver:2] OpenTT3D: retired 4194304 cold Vulkan mesh bytes; 533016576 resident bytes / 543 meshes
[2026-10-03 17:02:57] dbg: [driver:2] OpenTT3D: retired 4194304 cold Vulkan mesh bytes; 533016576 resident bytes / 547 meshes
[2026-10-03 17:02:58] dbg: [driver:2] OpenTT3D: retired 4194304 cold Vulkan mesh bytes; 533016576 resident bytes / 545 meshes
[2026-10-03 17:02:58] dbg: [driver:2] OpenTT3D: retired 4194304 cold Vulkan mesh bytes; 533016576 resident bytes / 545 meshes
[2026-10-03 17:02:59] dbg: [driver:2] OpenTT3D: retired 4194304 cold Vulkan mesh bytes; 533016576 resident bytes / 547 meshes
[2026-10-03 17:03:00] dbg: [driver:2] OpenTT3D: retired 4194304 cold Vulkan mesh bytes; 533016576 resident bytes / 548 meshes
[2026-10-03 17:03:00] dbg: [driver:2] OpenTT3D: retired 4194304 cold Vulkan mesh bytes; 533016576 resident bytes / 549 meshes
[2026-10-03 17:03:01] dbg: [driver:2] OpenTT3D: retired 4194304 cold Vulkan mesh bytes; 533016576 resident bytes / 549 meshes
[2026-10-03 17:03:02] dbg: [driver:2] OpenTT3D: retired 4194304 cold Vulkan mesh bytes; 533016576 resident bytes / 553 meshes
[2026-10-03 17:03:02] dbg: [driver:2] OpenTT3D: retired 4194304 cold Vulkan mesh bytes; 533016576 resident bytes / 556 meshes
[2026-10-03 17:03:03] dbg: [driver:2] OpenTT3D: retired 4194304 cold Vulkan mesh bytes; 533016576 resident bytes / 558 meshes
[2026-10-03 17:03:04] dbg: [driver:2] OpenTT3D: retired 4194304 cold Vulkan mesh bytes; 533016576 resident bytes / 558 meshes
[2026-10-03 17:03:04] dbg: [driver:2] OpenTT3D: retired 4194304 cold Vulkan mesh bytes; 533016576 resident bytes / 559 meshes
[2026-10-03 17:03:05] dbg: [driver:2] OpenTT3D: retired 4194304 cold Vulkan mesh bytes; 533016576 resident bytes / 561 meshes
[2026-10-03 17:03:06] dbg: [driver:2] OpenTT3D: retired 4194304 cold Vulkan mesh bytes; 533016576 resident bytes / 565 meshes
[2026-10-03 17:03:06] dbg: [driver:2] OpenTT3D: retired 4194304 cold Vulkan mesh bytes; 533016576 resident bytes / 568 meshes
[2026-10-03 17:03:07] dbg: [driver:2] OpenTT3D: retired 4194304 cold Vulkan mesh bytes; 533016576 resident bytes / 569 meshes
[2026-10-03 17:03:08] dbg: [driver:2] OpenTT3D: retired 4194304 cold Vulkan mesh bytes; 533016576 resident bytes / 573 meshes
[2026-10-03 17:03:08] dbg: [driver:2] OpenTT3D: retired 4194304 cold Vulkan mesh bytes; 533016576 resident bytes / 571 meshes
[2026-10-03 17:03:09] dbg: [driver:2] OpenTT3D: retired 4194304 cold Vulkan mesh bytes; 533016576 resident bytes / 572 meshes
[2026-10-03 17:03:09] dbg: [driver:2] OpenTT3D: retired 4194304 cold Vulkan mesh bytes; 533016576 resident bytes / 572 meshes
[2026-10-03 17:03:10] dbg: [driver:2] OpenTT3D: retired 4194304 cold Vulkan mesh bytes; 533016576 resident bytes / 572 meshes
[2026-10-03 17:03:11] dbg: [driver:2] OpenTT3D: retired 4194304 cold Vulkan mesh bytes; 533016576 resident bytes / 568 meshes
[2026-10-03 17:03:11] dbg: [driver:1] OpenTT3D: 45096 authored voxel views match unmerged geometry, CPU instances, palette recolouring and transparent picking; exact palette relocation passed
[2026-10-03 17:03:11] dbg: [driver:2] OpenTT3D: retired 4194304 cold Vulkan mesh bytes; 533016576 resident bytes / 567 meshes
[2026-10-03 17:03:12] dbg: [driver:2] OpenTT3D: retired 4194304 cold Vulkan mesh bytes; 533016576 resident bytes / 572 meshes
[2026-10-03 17:03:12] dbg: [driver:2] OpenTT3D: retired 4194304 cold Vulkan mesh bytes; 533016576 resident bytes / 573 meshes
[2026-10-03 17:03:12] dbg: [driver:2] OpenTT3D: retired 4194304 cold Vulkan mesh bytes; 533016576 resident bytes / 579 meshes
[2026-10-03 17:03:12] dbg: [driver:2] OpenTT3D: retired 4194304 cold Vulkan mesh bytes; 533016576 resident bytes / 573 meshes
[2026-10-03 17:03:13] dbg: [driver:2] OpenTT3D: retired 4194304 cold Vulkan mesh bytes; 533016576 resident bytes / 569 meshes
[2026-10-03 17:03:13] dbg: [driver:2] OpenTT3D: retired 4194304 cold Vulkan mesh bytes; 533016576 resident bytes / 567 meshes
[2026-10-03 17:03:13] dbg: [driver:2] OpenTT3D: retired 4194304 cold Vulkan mesh bytes; 533016576 resident bytes / 561 meshes
[2026-10-03 17:03:14] dbg: [driver:2] OpenTT3D: retired 4194304 cold Vulkan mesh bytes; 533016576 resident bytes / 560 meshes
[2026-10-03 17:03:14] dbg: [driver:2] OpenTT3D: retired 8388608 cold Vulkan mesh bytes; 533016576 resident bytes / 558 meshes
[2026-10-03 17:03:14] dbg: [driver:2] OpenTT3D: retired 4194304 cold Vulkan mesh bytes; 533016576 resident bytes / 558 meshes
[2026-10-03 17:03:15] dbg: [driver:2] OpenTT3D: retired 4194304 cold Vulkan mesh bytes; 533016576 resident bytes / 556 meshes
[2026-10-03 17:03:15] dbg: [driver:1] OpenTT3D: 320 joined multi-tile house views preserve exact cell references and independent tile picking
[2026-10-03 17:03:15] dbg: [driver:2] OpenTT3D: retired 4194304 cold Vulkan mesh bytes; 533016576 resident bytes / 560 meshes
[2026-10-03 17:03:16] dbg: [driver:2] OpenTT3D: retired 4194304 cold Vulkan mesh bytes; 533016576 resident bytes / 565 meshes
[2026-10-03 17:03:16] dbg: [driver:2] OpenTT3D: retired 4194304 cold Vulkan mesh bytes; 533016576 resident bytes / 561 meshes
[2026-10-03 17:03:16] dbg: [driver:2] OpenTT3D: retired 4194304 cold Vulkan mesh bytes; 533016576 resident bytes / 566 meshes
[2026-10-03 17:03:17] dbg: [driver:2] OpenTT3D: retired 4194304 cold Vulkan mesh bytes; 533016576 resident bytes / 572 meshes
[2026-10-03 17:03:17] dbg: [driver:2] OpenTT3D: retired 4194304 cold Vulkan mesh bytes; 533016576 resident bytes / 573 meshes
[2026-10-03 17:03:18] dbg: [driver:2] OpenTT3D: retired 4194304 cold Vulkan mesh bytes; 533016576 resident bytes / 577 meshes
[2026-10-03 17:03:18] dbg: [driver:2] OpenTT3D: retired 4194304 cold Vulkan mesh bytes; 533016576 resident bytes / 575 meshes
[2026-10-03 17:03:19] dbg: [driver:2] OpenTT3D: retired 4194304 cold Vulkan mesh bytes; 533016576 resident bytes / 582 meshes
[2026-10-03 17:03:20] dbg: [driver:2] OpenTT3D: retired 4194304 cold Vulkan mesh bytes; 533016576 resident bytes / 591 meshes
[2026-10-03 17:03:20] dbg: [driver:1] OpenTT3D: 2712 voxel airport ground/body views preserve independent opaque ground, exact CPU colour and visible/transparent/hidden picking
[2026-10-03 17:03:20] dbg: [driver:1] OpenTT3D: 0 airport layer bindings retain their supplied source because the active climate has no matching authored volume
[2026-10-03 17:03:20] dbg: [driver:1] OpenTT3D: voxel mesh selection '' passed exact geometry, palettes and picking
[2026-10-03 17:03:20] dbg: [driver:1] OpenTT3D: scene-only voxel verification delegates complete vehicle pose matrices to explicit engine shards
[2026-10-03 17:03:21] dbg: [driver:1] OpenTT3D: 148 office lift poses preserve all 37 upstream positions, facade clearance and exact instance/picking agreement
[2026-10-03 17:03:22] dbg: [driver:2] OpenTT3D: retired 4194304 cold Vulkan mesh bytes; 533016576 resident bytes / 600 meshes
[2026-10-03 17:03:22] dbg: [driver:2] OpenTT3D: retired 4194304 cold Vulkan mesh bytes; 533016576 resident bytes / 603 meshes
[2026-10-03 17:03:23] dbg: [driver:2] OpenTT3D: retired 4194304 cold Vulkan mesh bytes; 533016576 resident bytes / 606 meshes
[2026-10-03 17:03:23] dbg: [driver:2] OpenTT3D: source texture 1622 mip family request 2 decode 9.105 ms, preparation 0.001 ms
[2026-10-03 17:03:28] dbg: [driver:2] OpenTT3D: retired 4194304 cold Vulkan mesh bytes; 533016576 resident bytes / 607 meshes
[2026-10-03 17:03:28] dbg: [driver:2] OpenTT3D: retired 4534272 cold Vulkan mesh bytes; 532676608 resident bytes / 608 meshes
[2026-10-03 17:03:30] dbg: [driver:2] OpenTT3D: retired 4194304 cold Vulkan mesh bytes; 533016576 resident bytes / 607 meshes
[2026-10-03 17:03:30] dbg: [driver:2] OpenTT3D: retired 4194304 cold Vulkan mesh bytes; 533016576 resident bytes / 606 meshes
[2026-10-03 17:03:30] dbg: [driver:2] OpenTT3D: retired 4194304 cold Vulkan mesh bytes; 533016576 resident bytes / 604 meshes
[2026-10-03 17:03:31] dbg: [driver:2] OpenTT3D: retired 4194304 cold Vulkan mesh bytes; 533016576 resident bytes / 601 meshes
[2026-10-03 17:03:31] dbg: [driver:2] OpenTT3D: retired 4194304 cold Vulkan mesh bytes; 533016576 resident bytes / 601 meshes
[2026-10-03 17:03:31] dbg: [driver:2] OpenTT3D: retired 4194304 cold Vulkan mesh bytes; 533016576 resident bytes / 603 meshes
[2026-10-03 17:03:32] dbg: [driver:2] OpenTT3D: source texture 1726 mip family request 2 decode 1.396 ms, preparation 0.001 ms
[2026-10-03 17:03:32] dbg: [driver:2] OpenTT3D: retired 4194304 cold Vulkan mesh bytes; 533016576 resident bytes / 606 meshes
[2026-10-03 17:03:32] dbg: [driver:2] OpenTT3D: source texture 1734 mip family request 2 decode 1.232 ms, preparation 0.001 ms
[2026-10-03 17:03:32] dbg: [driver:2] OpenTT3D: retired 4194304 cold Vulkan mesh bytes; 533016576 resident bytes / 606 meshes
[2026-10-03 17:03:32] dbg: [driver:2] OpenTT3D: retired 4194304 cold Vulkan mesh bytes; 533016576 resident bytes / 608 meshes
[2026-10-03 17:03:33] dbg: [driver:2] OpenTT3D: retired 4194304 cold Vulkan mesh bytes; 533016576 resident bytes / 609 meshes
[2026-10-03 17:03:33] dbg: [driver:2] OpenTT3D: retired 4194304 cold Vulkan mesh bytes; 533016576 resident bytes / 610 meshes
[2026-10-03 17:03:34] dbg: [driver:2] OpenTT3D: retired 4194304 cold Vulkan mesh bytes; 533016576 resident bytes / 609 meshes
[2026-10-03 17:03:34] dbg: [driver:2] OpenTT3D: retired 4194304 cold Vulkan mesh bytes; 533016576 resident bytes / 611 meshes
[2026-10-03 17:03:34] dbg: [driver:2] OpenTT3D: retired 4194304 cold Vulkan mesh bytes; 533016576 resident bytes / 612 meshes
[2026-10-03 17:03:34] dbg: [driver:2] OpenTT3D: retired 4194304 cold Vulkan mesh bytes; 533016576 resident bytes / 610 meshes
[2026-10-03 17:03:35] dbg: [driver:2] OpenTT3D: retired 4194304 cold Vulkan mesh bytes; 533016576 resident bytes / 617 meshes
[2026-10-03 17:03:35] dbg: [driver:2] OpenTT3D: retired 4194304 cold Vulkan mesh bytes; 533016576 resident bytes / 617 meshes
[2026-10-03 17:03:36] dbg: [driver:2] OpenTT3D: retired 4194304 cold Vulkan mesh bytes; 533016576 resident bytes / 616 meshes
[2026-10-03 17:03:36] dbg: [driver:2] OpenTT3D: retired 4194304 cold Vulkan mesh bytes; 533016576 resident bytes / 617 meshes
[2026-10-03 17:03:37] dbg: [driver:2] OpenTT3D: retired 4194304 cold Vulkan mesh bytes; 533016576 resident bytes / 620 meshes
[2026-10-03 17:03:37] dbg: [driver:2] OpenTT3D: retired 4194304 cold Vulkan mesh bytes; 533016576 resident bytes / 620 meshes
[2026-10-03 17:03:37] dbg: [driver:2] OpenTT3D: retired 4194304 cold Vulkan mesh bytes; 533016576 resident bytes / 623 meshes
[2026-10-03 17:03:38] dbg: [driver:2] OpenTT3D: retired 4194304 cold Vulkan mesh bytes; 533016576 resident bytes / 626 meshes
[2026-10-03 17:03:38] dbg: [driver:2] OpenTT3D: retired 4194304 cold Vulkan mesh bytes; 533016576 resident bytes / 628 meshes
[2026-10-03 17:03:39] dbg: [driver:2] OpenTT3D: retired 4194304 cold Vulkan mesh bytes; 533016576 resident bytes / 628 meshes
[2026-10-03 17:03:39] dbg: [driver:2] OpenTT3D: retired 4194304 cold Vulkan mesh bytes; 533016576 resident bytes / 628 meshes
[2026-10-03 17:03:39] dbg: [driver:2] OpenTT3D: retired 4194304 cold Vulkan mesh bytes; 533016576 resident bytes / 625 meshes
[2026-10-03 17:03:40] dbg: [driver:2] OpenTT3D: retired 4194304 cold Vulkan mesh bytes; 533016576 resident bytes / 627 meshes
[2026-10-03 17:03:40] dbg: [driver:2] OpenTT3D: retired 4194304 cold Vulkan mesh bytes; 533016576 resident bytes / 628 meshes
[2026-10-03 17:03:41] dbg: [driver:2] OpenTT3D: retired 4194304 cold Vulkan mesh bytes; 533016576 resident bytes / 629 meshes
[2026-10-03 17:03:41] dbg: [driver:2] OpenTT3D: retired 4194304 cold Vulkan mesh bytes; 533016576 resident bytes / 627 meshes
[2026-10-03 17:03:42] dbg: [driver:2] OpenTT3D: retired 4194304 cold Vulkan mesh bytes; 533016576 resident bytes / 625 meshes
[2026-10-03 17:03:42] dbg: [driver:2] OpenTT3D: retired 4194304 cold Vulkan mesh bytes; 533016576 resident bytes / 626 meshes
[2026-10-03 17:03:43] dbg: [driver:2] OpenTT3D: retired 4194304 cold Vulkan mesh bytes; 533016576 resident bytes / 625 meshes
[2026-10-03 17:03:44] dbg: [driver:2] OpenTT3D: retired 4194304 cold Vulkan mesh bytes; 533016576 resident bytes / 636 meshes
[2026-10-03 17:03:45] dbg: [driver:2] OpenTT3D: retired 4194304 cold Vulkan mesh bytes; 533016576 resident bytes / 634 meshes
[2026-10-03 17:03:45] dbg: [driver:2] OpenTT3D: retired 4194304 cold Vulkan mesh bytes; 533016576 resident bytes / 630 meshes
[2026-10-03 17:03:45] dbg: [driver:2] OpenTT3D: retired 4194304 cold Vulkan mesh bytes; 533016576 resident bytes / 627 meshes
[2026-10-03 17:03:45] dbg: [driver:2] OpenTT3D: retired 4194304 cold Vulkan mesh bytes; 533016576 resident bytes / 623 meshes
[2026-10-03 17:03:50] dbg: [driver:2] OpenTT3D: retired 4194304 cold Vulkan mesh bytes; 533016576 resident bytes / 620 meshes
[2026-10-03 17:03:52] dbg: [driver:2] OpenTT3D: source texture 1953 mip family request 2 decode 6.365 ms, preparation 0.008 ms
[2026-10-03 17:03:57] dbg: [driver:2] OpenTT3D: retired 4194304 cold Vulkan mesh bytes; 533016576 resident bytes / 621 meshes
[2026-10-03 17:04:01] dbg: [driver:2] OpenTT3D: retired 4194304 cold Vulkan mesh bytes; 533016576 resident bytes / 620 meshes
[2026-10-03 17:04:03] dbg: [driver:2] OpenTT3D: retired 4194304 cold Vulkan mesh bytes; 533016576 resident bytes / 618 meshes
[2026-10-03 17:04:04] dbg: [driver:2] OpenTT3D: retired 4194304 cold Vulkan mesh bytes; 533016576 resident bytes / 616 meshes
[2026-10-03 17:04:05] dbg: [driver:2] OpenTT3D: retired 4194304 cold Vulkan mesh bytes; 533016576 resident bytes / 614 meshes
[2026-10-03 17:04:07] dbg: [driver:2] OpenTT3D: retired 4194304 cold Vulkan mesh bytes; 533016576 resident bytes / 608 meshes
[2026-10-03 17:04:08] dbg: [driver:2] OpenTT3D: retired 4194304 cold Vulkan mesh bytes; 533016576 resident bytes / 605 meshes
[2026-10-03 17:04:12] dbg: [driver:2] OpenTT3D: retired 4194304 cold Vulkan mesh bytes; 533016576 resident bytes / 607 meshes
[2026-10-03 17:04:13] dbg: [driver:2] OpenTT3D: retired 4194304 cold Vulkan mesh bytes; 533016576 resident bytes / 606 meshes
[2026-10-03 17:04:17] dbg: [driver:2] OpenTT3D: retired 4194304 cold Vulkan mesh bytes; 533016576 resident bytes / 609 meshes
[2026-10-03 17:04:18] dbg: [driver:2] OpenTT3D: retired 4194304 cold Vulkan mesh bytes; 533016576 resident bytes / 606 meshes
[2026-10-03 17:04:19] dbg: [driver:2] OpenTT3D: retired 4194304 cold Vulkan mesh bytes; 533016576 resident bytes / 602 meshes
[2026-10-03 17:04:25] dbg: [driver:2] OpenTT3D: retired 4194304 cold Vulkan mesh bytes; 533016576 resident bytes / 604 meshes
[2026-10-03 17:04:29] dbg: [driver:2] OpenTT3D: retired 4194304 cold Vulkan mesh bytes; 533016576 resident bytes / 600 meshes
[2026-10-03 17:04:32] dbg: [driver:2] OpenTT3D: retired 4194304 cold Vulkan mesh bytes; 533016576 resident bytes / 597 meshes
[2026-10-03 17:04:33] dbg: [driver:1] OpenTT3D: 24528 voxel tree lifecycle/palette/scale views preserve exact bindings, CPU geometry and transparent tile picking
[2026-10-03 17:05:34] dbg: [driver:1] OpenTT3D: 20832 distant voxel tree views retain exact original triangles, coincident parent/child instance order and picking at ordinary/large origins (430872 visible pixels)
[2026-10-03 17:05:34] dbg: [driver:1] OpenTT3D: 5 edited voxel visibility streams preserve 1025-instance insertion, removal, ordering and live palette/picking records
[2026-10-03 17:05:34] dbg: [driver:2] OpenTT3D: retired 4194304 cold Vulkan mesh bytes; 533016576 resident bytes / 597 meshes
[2026-10-03 17:05:35] dbg: [driver:2] OpenTT3D: retired 4194304 cold Vulkan mesh bytes; 533016576 resident bytes / 597 meshes
[2026-10-03 17:05:35] dbg: [driver:2] OpenTT3D: retired 4194304 cold Vulkan mesh bytes; 533016576 resident bytes / 598 meshes
[2026-10-03 17:05:35] dbg: [driver:2] OpenTT3D: retired 4194304 cold Vulkan mesh bytes; 533016576 resident bytes / 596 meshes
[2026-10-03 17:05:35] dbg: [driver:2] OpenTT3D: retired 4194304 cold Vulkan mesh bytes; 533016576 resident bytes / 586 meshes
[2026-10-03 17:05:35] dbg: [driver:2] OpenTT3D: retired 4194304 cold Vulkan mesh bytes; 533016576 resident bytes / 584 meshes
[2026-10-03 17:05:35] dbg: [driver:2] OpenTT3D: retired 4194304 cold Vulkan mesh bytes; 533860352 resident bytes / 575 meshes
[2026-10-03 17:05:35] dbg: [driver:2] OpenTT3D: retired 4194304 cold Vulkan mesh bytes; 535871488 resident bytes / 572 meshes
[2026-10-03 17:05:36] dbg: [driver:2] OpenTT3D: retired 4194304 cold Vulkan mesh bytes; 535871488 resident bytes / 573 meshes
[2026-10-03 17:05:36] dbg: [driver:2] OpenTT3D: retired 4194304 cold Vulkan mesh bytes; 535871488 resident bytes / 574 meshes
[2026-10-03 17:05:36] dbg: [driver:2] OpenTT3D: retired 4194304 cold Vulkan mesh bytes; 535871488 resident bytes / 581 meshes
[2026-10-03 17:05:36] dbg: [driver:2] OpenTT3D: retired 4194304 cold Vulkan mesh bytes; 535871488 resident bytes / 582 meshes
[2026-10-03 17:05:37] dbg: [driver:2] OpenTT3D: retired 4194304 cold Vulkan mesh bytes; 535871488 resident bytes / 582 meshes
[2026-10-03 17:05:37] dbg: [driver:2] OpenTT3D: source texture 2111 mip family request 2 decode 6.539 ms, preparation 0.001 ms
[2026-10-03 17:05:37] dbg: [driver:2] OpenTT3D: retired 4194304 cold Vulkan mesh bytes; 535871488 resident bytes / 589 meshes
[2026-10-03 17:05:37] dbg: [driver:2] OpenTT3D: retired 4194304 cold Vulkan mesh bytes; 535871488 resident bytes / 590 meshes
[2026-10-03 17:05:38] dbg: [driver:2] OpenTT3D: retired 4194304 cold Vulkan mesh bytes; 535871488 resident bytes / 593 meshes
[2026-10-03 17:05:38] dbg: [driver:2] OpenTT3D: retired 4194304 cold Vulkan mesh bytes; 535871488 resident bytes / 594 meshes
[2026-10-03 17:05:38] dbg: [driver:2] OpenTT3D: retired 4194304 cold Vulkan mesh bytes; 535871488 resident bytes / 598 meshes
[2026-10-03 17:05:39] dbg: [driver:2] OpenTT3D: retired 4194304 cold Vulkan mesh bytes; 535871488 resident bytes / 610 meshes
[2026-10-03 17:05:39] dbg: [driver:2] OpenTT3D: retired 4194304 cold Vulkan mesh bytes; 535871488 resident bytes / 607 meshes
[2026-10-03 17:05:39] dbg: [driver:2] OpenTT3D: retired 4194304 cold Vulkan mesh bytes; 535871488 resident bytes / 606 meshes
[2026-10-03 17:05:39] dbg: [driver:2] OpenTT3D: retired 4194304 cold Vulkan mesh bytes; 535871488 resident bytes / 608 meshes
[2026-10-03 17:05:40] dbg: [driver:2] OpenTT3D: retired 4194304 cold Vulkan mesh bytes; 535871488 resident bytes / 608 meshes
[2026-10-03 17:05:40] dbg: [driver:2] OpenTT3D: retired 4194304 cold Vulkan mesh bytes; 535871488 resident bytes / 608 meshes
[2026-10-03 17:05:40] dbg: [driver:2] OpenTT3D: retired 4194304 cold Vulkan mesh bytes; 535871488 resident bytes / 603 meshes
[2026-10-03 17:05:40] dbg: [driver:2] OpenTT3D: retired 4194304 cold Vulkan mesh bytes; 535871488 resident bytes / 603 meshes
[2026-10-03 17:05:40] dbg: [driver:2] OpenTT3D: retired 4194304 cold Vulkan mesh bytes; 535871488 resident bytes / 601 meshes
[2026-10-03 17:05:41] dbg: [driver:2] OpenTT3D: retired 4194304 cold Vulkan mesh bytes; 535871488 resident bytes / 598 meshes
[2026-10-03 17:05:41] dbg: [driver:2] OpenTT3D: retired 4194304 cold Vulkan mesh bytes; 535871488 resident bytes / 597 meshes
[2026-10-03 17:05:41] dbg: [driver:2] OpenTT3D: retired 4194304 cold Vulkan mesh bytes; 535871488 resident bytes / 591 meshes
[2026-10-03 17:05:41] dbg: [driver:2] OpenTT3D: retired 4194304 cold Vulkan mesh bytes; 535871488 resident bytes / 585 meshes
[2026-10-03 17:05:41] dbg: [driver:2] OpenTT3D: retired 4194304 cold Vulkan mesh bytes; 535871488 resident bytes / 585 meshes
[2026-10-03 17:05:42] dbg: [driver:2] OpenTT3D: retired 4194304 cold Vulkan mesh bytes; 535871488 resident bytes / 581 meshes
[2026-10-03 17:05:42] dbg: [driver:2] OpenTT3D: retired 4194304 cold Vulkan mesh bytes; 535871488 resident bytes / 582 meshes
[2026-10-03 17:05:42] dbg: [driver:2] OpenTT3D: retired 4194304 cold Vulkan mesh bytes; 535871488 resident bytes / 580 meshes
[2026-10-03 17:05:42] dbg: [driver:2] OpenTT3D: retired 4194304 cold Vulkan mesh bytes; 535871488 resident bytes / 580 meshes
[2026-10-03 17:05:42] dbg: [driver:2] OpenTT3D: retired 4194304 cold Vulkan mesh bytes; 536702976 resident bytes / 580 meshes
[2026-10-03 17:05:42] dbg: [driver:2] OpenTT3D: retired 8388608 cold Vulkan mesh bytes; 534429696 resident bytes / 575 meshes
[2026-10-03 17:05:43] dbg: [driver:2] OpenTT3D: retired 8388608 cold Vulkan mesh bytes; 533078016 resident bytes / 570 meshes
[2026-10-03 17:05:43] dbg: [driver:2] OpenTT3D: retired 4194304 cold Vulkan mesh bytes; 533078016 resident bytes / 572 meshes
[2026-10-03 17:05:43] dbg: [driver:2] OpenTT3D: retired 8388608 cold Vulkan mesh bytes; 533245952 resident bytes / 565 meshes
[2026-10-03 17:05:43] dbg: [driver:2] OpenTT3D: retired 8388608 cold Vulkan mesh bytes; 534425600 resident bytes / 556 meshes
[2026-10-03 17:05:43] dbg: [driver:2] OpenTT3D: retired 4194304 cold Vulkan mesh bytes; 534425600 resident bytes / 556 meshes
[2026-10-03 17:05:43] dbg: [driver:2] OpenTT3D: retired 4194304 cold Vulkan mesh bytes; 534425600 resident bytes / 555 meshes
[2026-10-03 17:05:43] dbg: [driver:2] OpenTT3D: retired 4194304 cold Vulkan mesh bytes; 534425600 resident bytes / 553 meshes
[2026-10-03 17:05:44] dbg: [driver:2] OpenTT3D: retired 4194304 cold Vulkan mesh bytes; 534425600 resident bytes / 551 meshes
[2026-10-03 17:05:44] dbg: [driver:2] OpenTT3D: retired 4194304 cold Vulkan mesh bytes; 534425600 resident bytes / 547 meshes
[2026-10-03 17:05:44] dbg: [driver:2] OpenTT3D: retired 4534272 cold Vulkan mesh bytes; 535072768 resident bytes / 547 meshes
[2026-10-03 17:05:44] dbg: [driver:2] OpenTT3D: retired 8388608 cold Vulkan mesh bytes; 534978560 resident bytes / 543 meshes
[2026-10-03 17:05:44] dbg: [driver:2] OpenTT3D: retired 4194304 cold Vulkan mesh bytes; 535519232 resident bytes / 540 meshes
[2026-10-03 17:05:44] dbg: [driver:2] OpenTT3D: retired 8388608 cold Vulkan mesh bytes; 534355968 resident bytes / 536 meshes
[2026-10-03 17:05:44] dbg: [driver:2] OpenTT3D: retired 4194304 cold Vulkan mesh bytes; 534355968 resident bytes / 533 meshes
[2026-10-03 17:05:44] dbg: [driver:2] OpenTT3D: retired 4194304 cold Vulkan mesh bytes; 534355968 resident bytes / 532 meshes
[2026-10-03 17:05:44] dbg: [driver:2] OpenTT3D: retired 4194304 cold Vulkan mesh bytes; 534355968 resident bytes / 531 meshes
[2026-10-03 17:05:44] dbg: [driver:2] OpenTT3D: retired 4194304 cold Vulkan mesh bytes; 534355968 resident bytes / 527 meshes
[2026-10-03 17:05:44] dbg: [driver:2] OpenTT3D: retired 4194304 cold Vulkan mesh bytes; 534355968 resident bytes / 526 meshes
[2026-10-03 17:05:44] dbg: [driver:2] OpenTT3D: retired 4194304 cold Vulkan mesh bytes; 534355968 resident bytes / 524 meshes
[2026-10-03 17:05:45] dbg: [driver:2] OpenTT3D: retired 4194304 cold Vulkan mesh bytes; 534355968 resident bytes / 521 meshes
[2026-10-03 17:05:45] dbg: [driver:2] OpenTT3D: retired 25165824 cold Vulkan mesh bytes; 536444928 resident bytes / 499 meshes
[2026-10-03 17:05:45] dbg: [driver:2] OpenTT3D: retired 33554432 cold Vulkan mesh bytes; 533655552 resident bytes / 464 meshes
[2026-10-03 17:05:46] dbg: [driver:2] OpenTT3D: retired 33554432 cold Vulkan mesh bytes; 535715840 resident bytes / 423 meshes
[2026-10-03 17:05:47] dbg: [driver:2] OpenTT3D: retired 4194304 cold Vulkan mesh bytes; 535715840 resident bytes / 420 meshes
[2026-10-03 17:05:47] dbg: [driver:2] OpenTT3D: retired 20971520 cold Vulkan mesh bytes; 536571904 resident bytes / 396 meshes
[2026-10-03 17:05:47] dbg: [driver:2] OpenTT3D: retired 8388608 cold Vulkan mesh bytes; 534241280 resident bytes / 387 meshes
[2026-10-03 17:05:48] dbg: [driver:2] OpenTT3D: retired 4194304 cold Vulkan mesh bytes; 534241280 resident bytes / 382 meshes
[2026-10-03 17:05:48] dbg: [driver:2] OpenTT3D: retired 8388608 cold Vulkan mesh bytes; 533241856 resident bytes / 373 meshes
[2026-10-03 17:05:48] dbg: [driver:2] OpenTT3D: retired 4194304 cold Vulkan mesh bytes; 533241856 resident bytes / 370 meshes
[2026-10-03 17:05:51] dbg: [driver:2] OpenTT3D: source texture 2112 mip family request 2 decode 5.449 ms, preparation 6.410 ms
[2026-10-03 17:05:52] dbg: [driver:2] OpenTT3D: source texture 2114 mip family request 2 decode 5.182 ms, preparation 0.918 ms
[2026-10-03 17:05:53] dbg: [driver:2] OpenTT3D: source texture 2116 mip family request 2 decode 0.374 ms, preparation 0.704 ms
[2026-10-03 17:05:53] dbg: [driver:2] OpenTT3D: source texture 2146 mip family request 2 decode 0.791 ms, preparation 0.935 ms
[2026-10-03 17:05:53] dbg: [driver:2] OpenTT3D: source texture 2147 mip family request 2 decode 1.351 ms, preparation 1.492 ms
[2026-10-03 17:05:54] dbg: [driver:2] OpenTT3D: source texture 2148 mip family request 2 decode 1.151 ms, preparation 2.067 ms
[2026-10-03 17:05:54] dbg: [driver:2] OpenTT3D: retired 4194304 cold Vulkan mesh bytes; 533241856 resident bytes / 389 meshes
[2026-10-03 17:05:55] dbg: [driver:2] OpenTT3D: source texture 2129 mip family request 2 decode 0.576 ms, preparation 1.044 ms
[2026-10-03 17:05:56] dbg: [driver:2] OpenTT3D: retired 4194304 cold Vulkan mesh bytes; 533241856 resident bytes / 394 meshes
[2026-10-03 17:05:57] dbg: [driver:2] OpenTT3D: retired 4194304 cold Vulkan mesh bytes; 533241856 resident bytes / 397 meshes
[2026-10-03 17:05:57] dbg: [driver:2] OpenTT3D: retired 4194304 cold Vulkan mesh bytes; 533241856 resident bytes / 399 meshes
[2026-10-03 17:05:57] dbg: [driver:2] OpenTT3D: retired 4194304 cold Vulkan mesh bytes; 533241856 resident bytes / 401 meshes
[2026-10-03 17:05:58] dbg: [driver:2] OpenTT3D: retired 4194304 cold Vulkan mesh bytes; 533241856 resident bytes / 397 meshes
[2026-10-03 17:05:58] dbg: [driver:2] OpenTT3D: retired 4194304 cold Vulkan mesh bytes; 533241856 resident bytes / 407 meshes
[2026-10-03 17:05:59] dbg: [driver:2] OpenTT3D: retired 4194304 cold Vulkan mesh bytes; 533241856 resident bytes / 414 meshes
[2026-10-03 17:05:59] dbg: [driver:2] OpenTT3D: retired 4194304 cold Vulkan mesh bytes; 533241856 resident bytes / 413 meshes
[2026-10-03 17:05:59] dbg: [driver:2] OpenTT3D: retired 5038080 cold Vulkan mesh bytes; 532398080 resident bytes / 416 meshes
[2026-10-03 17:05:59] dbg: [driver:2] OpenTT3D: retired 6205440 cold Vulkan mesh bytes; 534581248 resident bytes / 423 meshes
[2026-10-03 17:05:59] dbg: [driver:2] OpenTT3D: retired 4194304 cold Vulkan mesh bytes; 534581248 resident bytes / 425 meshes
[2026-10-03 17:06:00] dbg: [driver:2] OpenTT3D: retired 4194304 cold Vulkan mesh bytes; 534581248 resident bytes / 427 meshes
[2026-10-03 17:06:00] dbg: [driver:2] OpenTT3D: retired 4194304 cold Vulkan mesh bytes; 534581248 resident bytes / 427 meshes
[2026-10-03 17:06:00] dbg: [driver:2] OpenTT3D: retired 4194304 cold Vulkan mesh bytes; 534581248 resident bytes / 428 meshes
[2026-10-03 17:06:00] dbg: [driver:2] OpenTT3D: retired 4194304 cold Vulkan mesh bytes; 534581248 resident bytes / 432 meshes
[2026-10-03 17:06:00] dbg: [driver:2] OpenTT3D: retired 4194304 cold Vulkan mesh bytes; 534581248 resident bytes / 436 meshes
[2026-10-03 17:06:01] dbg: [driver:2] OpenTT3D: retired 4194304 cold Vulkan mesh bytes; 534581248 resident bytes / 440 meshes
[2026-10-03 17:06:02] dbg: [driver:2] OpenTT3D: retired 4194304 cold Vulkan mesh bytes; 534581248 resident bytes / 438 meshes
[2026-10-03 17:06:02] dbg: [driver:2] OpenTT3D: retired 4194304 cold Vulkan mesh bytes; 534581248 resident bytes / 436 meshes
[2026-10-03 17:06:02] dbg: [driver:2] OpenTT3D: retired 4194304 cold Vulkan mesh bytes; 534581248 resident bytes / 434 meshes
[2026-10-03 17:06:03] dbg: [driver:2] OpenTT3D: retired 4194304 cold Vulkan mesh bytes; 534581248 resident bytes / 429 meshes
[2026-10-03 17:06:03] dbg: [driver:2] OpenTT3D: retired 4194304 cold Vulkan mesh bytes; 534581248 resident bytes / 426 meshes
[2026-10-03 17:06:03] dbg: [driver:2] OpenTT3D: retired 4194304 cold Vulkan mesh bytes; 534581248 resident bytes / 423 meshes
[2026-10-03 17:06:03] dbg: [driver:2] OpenTT3D: retired 4194304 cold Vulkan mesh bytes; 534581248 resident bytes / 421 meshes
[2026-10-03 17:06:03] dbg: [driver:2] OpenTT3D: retired 4194304 cold Vulkan mesh bytes; 534581248 resident bytes / 419 meshes
[2026-10-03 17:06:04] dbg: [driver:2] OpenTT3D: retired 4194304 cold Vulkan mesh bytes; 534581248 resident bytes / 411 meshes
[2026-10-03 17:06:05] dbg: [driver:2] OpenTT3D: retired 4194304 cold Vulkan mesh bytes; 534581248 resident bytes / 406 meshes
[2026-10-03 17:06:05] dbg: [driver:2] OpenTT3D: retired 4194304 cold Vulkan mesh bytes; 534581248 resident bytes / 402 meshes
[2026-10-03 17:06:05] dbg: [driver:1] OpenTT3D: 8296 voxel industry construction/animation views preserve source selection, exact CPU geometry and transparent tile picking
[2026-10-03 17:06:05] dbg: [driver:1] OpenTT3D: 4960 of these views verify explicit voxel industry ground/stockpile layers
[2026-10-03 17:06:05] dbg: [driver:1] OpenTT3D: 88 industry layer bindings retain their supplied source because the active climate has no matching authored volume
[2026-10-03 17:06:05] dbg: [driver:1] OpenTT3D: 48 voxel power-station spark poses preserve exact child geometry, parent ownership and transparent picking
[2026-10-03 17:06:05] dbg: [driver:1] OpenTT3D: tiled GPU rendering matches the full framebuffer
[2026-10-03 17:06:05] dbg: [driver:1] OpenTT3D: GPU depth, object picking and transparency verification passed
[2026-10-03 17:06:05] dbg: [driver:1] OpenTT3D: GPU model instances match expanded geometry and object IDs
[2026-10-03 17:06:05] dbg: [driver:1] OpenTT3D: 8 large-world subpixel-focus GPU views match local-coordinate colour and picking exactly
[2026-10-03 17:06:05] dbg: [driver:2] OpenTT3D: retired 12582912 cold Vulkan mesh bytes; 534233088 resident bytes / 391 meshes
[2026-10-03 17:06:05] dbg: [driver:1] OpenTT3D: Vulkan pooled mesh storage holds 391 meshes in 96 buffers (520934438 / 534233088 bytes)
[2026-10-03 17:06:05] dbg: [driver:1] OpenTT3D: GPU multi-mesh storage, large uploads and reuse preserve colour and picking
[2026-10-03 17:06:06] dbg: [driver:1] OpenTT3D: 8 transient mesh payloads preserve exact instancing and address reuse without persistent cache growth
[2026-10-03 17:06:06] dbg: [driver:1] OpenTT3D: increasing Vulkan readback uploads retain 104005632 bytes in 2 pages, largest 99811328 bytes, with exact colour and picking
[2026-10-03 17:06:06] dbg: [driver:2] OpenTT3D: retired 534233088 cold Vulkan mesh bytes; 0 resident bytes / 0 meshes
[2026-10-03 17:06:06] dbg: [driver:2] OpenTT3D: retired 12234752 cold Vulkan mesh bytes; 0 resident bytes / 0 meshes
[2026-10-03 17:06:06] dbg: [driver:2] OpenTT3D: retired 12234752 cold Vulkan mesh bytes; 0 resident bytes / 0 meshes
[2026-10-03 17:06:06] dbg: [driver:2] OpenTT3D: retired 12234752 cold Vulkan mesh bytes; 0 resident bytes / 0 meshes
[2026-10-03 17:06:06] dbg: [driver:1] OpenTT3D: 4 cold mesh retirement/reupload views preserve exact geometry, colour, transparency and picking
[2026-10-03 17:06:06] dbg: [driver:1] OpenTT3D: mixed-opacity shared-mesh batches preserve exact unpartitioned colour order and picking across the 0.99 boundary
[2026-10-03 17:06:06] dbg: [driver:1] OpenTT3D: full 24-bit map indices and independent vehicle picking IDs passed
[2026-10-03 17:06:06] dbg: [driver:1] OpenTT3D: atlas relocation preserves textured terrain pixels and picking
[2026-10-03 17:06:06] dbg: [driver:1] OpenTT3D: fragment-repeated component material charts preserve CPU/GPU colour and picking
[2026-10-03 17:06:06] dbg: [driver:1] OpenTT3D: explicit vehicle UVs and non-pickable shadow materials passed
[2026-10-03 17:06:06] dbg: [driver:1] OpenTT3D: unlimited-distance GPU colour/depth/picking and infinite horizon ocean passed
[2026-10-03 17:06:06] dbg: [driver:1] OpenTT3D: GPU-resident viewport resize, single-pixel picking and retirement passed
[2026-10-03 17:06:06] dbg: [driver:1] OpenTT3D: 48 loading/income text anchors follow orbit, dolly, Cab and secondary viewports; registry reuse passed
[2026-10-03 17:06:06] dbg: [driver:1] OpenTT3D: 144 terrain zoom/drag anchor checks passed across all rotations
[2026-10-03 17:06:06] dbg: [driver:1] OpenTT3D: extended zoom and persistent continuous orbit checks passed
[2026-10-03 17:06:06] dbg: [driver:1] OpenTT3D: clicked-point yaw/tilt, release persistence and tilted screenshots passed
[2026-10-03 17:06:06] dbg: [driver:1] OpenTT3D: fixed FOV, legacy-zoom independence and street-level recovery after orbit passed
[2026-10-03 17:06:06] dbg: [driver:1] OpenTT3D: 0 live vehicle-follow and screenshot camera checks passed
[2026-10-03 17:06:06] dbg: [driver:1] OpenTT3D: first-person terrain capture, picking and labels beyond 4096 world units passed
[2026-10-03 17:06:06] dbg: [driver:1] OpenTT3D: loaded 62 profiles from opentt3d-trees.json
[2026-10-03 17:06:06] dbg: [driver:1] OpenTT3D: live projected tree 1674 stage 6 captured at 41,36
[2026-10-03 17:06:06] dbg: [driver:1] OpenTT3D: live projected tree 1576 stage 3 captured at 43,38
[2026-10-03 17:06:06] dbg: [driver:1] OpenTT3D: live projected tree 1639 stage 3 captured at 43,38
[2026-10-03 17:06:06] dbg: [driver:1] OpenTT3D: live projected tree 1604 stage 3 captured at 43,38
[2026-10-03 17:06:06] dbg: [driver:1] OpenTT3D: live projected tree 1688 stage 3 captured at 45,38
[2026-10-03 17:06:06] dbg: [driver:1] OpenTT3D: live voxel house 24 construction stage 3 captured at 46,38
[2026-10-03 17:06:06] dbg: [driver:1] OpenTT3D: live voxel house 24 construction stage 3 variant 2 captured
[2026-10-03 17:06:06] dbg: [driver:1] OpenTT3D: 51 ground-detail tiles rendered with raised crops, hay, rocks or turf
[2026-10-03 17:06:06] dbg: [driver:1] OpenTT3D: 18 unmodelled reference sprites in this view (release coverage is incomplete)
[2026-10-03 17:06:06] dbg: [driver:1] OpenTT3D: live voxel house 6 construction stage 3 captured at 43,40
[2026-10-03 17:06:06] dbg: [driver:1] OpenTT3D: live voxel house 6 construction stage 3 variant 3 captured
[2026-10-03 17:06:06] dbg: [driver:1] OpenTT3D: live voxel house ground 20 construction stage 3 captured at 45,41
[2026-10-03 17:06:06] dbg: [driver:1] OpenTT3D: live voxel house ground 20 construction stage 3 variant 1 captured
[2026-10-03 17:06:06] dbg: [driver:1] OpenTT3D: live voxel house 20 construction stage 3 captured at 45,41
[2026-10-03 17:06:06] dbg: [driver:1] OpenTT3D: live voxel house 20 construction stage 3 variant 1 captured
[2026-10-03 17:06:06] dbg: [driver:1] OpenTT3D: live voxel house ground 22 construction stage 3 captured at 46,41
[2026-10-03 17:06:06] dbg: [driver:1] OpenTT3D: live voxel house ground 22 construction stage 3 variant 2 captured
[2026-10-03 17:06:06] dbg: [driver:1] OpenTT3D: live voxel house 22 construction stage 3 captured at 46,41
[2026-10-03 17:06:06] dbg: [driver:1] OpenTT3D: live voxel house 22 construction stage 3 variant 2 captured
[2026-10-03 17:06:06] dbg: [driver:1] OpenTT3D: live voxel house ground 21 construction stage 3 captured at 45,42
[2026-10-03 17:06:06] dbg: [driver:1] OpenTT3D: live voxel house ground 21 construction stage 3 variant 2 captured
[2026-10-03 17:06:06] dbg: [driver:1] OpenTT3D: live voxel house 21 construction stage 3 captured at 45,42
[2026-10-03 17:06:06] dbg: [driver:1] OpenTT3D: live voxel house 21 construction stage 3 variant 2 captured
[2026-10-03 17:06:06] dbg: [driver:1] OpenTT3D: live voxel house ground 23 construction stage 3 captured at 46,42
[2026-10-03 17:06:06] dbg: [driver:1] OpenTT3D: live voxel house ground 23 construction stage 3 variant 1 captured
[2026-10-03 17:06:06] dbg: [driver:1] OpenTT3D: live voxel house 23 construction stage 3 captured at 46,42
[2026-10-03 17:06:06] dbg: [driver:1] OpenTT3D: live voxel house 23 construction stage 3 variant 1 captured
[2026-10-03 17:06:06] dbg: [driver:1] OpenTT3D: live voxel house 6 construction stage 3 captured at 43,43
[2026-10-03 17:06:06] dbg: [driver:1] OpenTT3D: live voxel house 6 construction stage 3 variant 0 captured
[2026-10-03 17:06:06] dbg: [driver:1] OpenTT3D: live voxel house ground 39 construction stage 2 captured at 45,43
[2026-10-03 17:06:06] dbg: [driver:1] OpenTT3D: live voxel house ground 39 construction stage 2 variant 3 captured
[2026-10-03 17:06:06] dbg: [driver:1] OpenTT3D: live voxel house 39 construction stage 2 captured at 45,43
[2026-10-03 17:06:06] dbg: [driver:1] OpenTT3D: live voxel house 39 construction stage 2 variant 3 captured
[2026-10-03 17:06:06] dbg: [driver:1] OpenTT3D: live voxel house 11 construction stage 3 captured at 46,43
[2026-10-03 17:06:06] dbg: [driver:1] OpenTT3D: live voxel house 11 construction stage 3 variant 0 captured
[2026-10-03 17:06:06] dbg: [driver:1] OpenTT3D: live voxel house 26 construction stage 3 captured at 44,45
[2026-10-03 17:06:06] dbg: [driver:1] OpenTT3D: live voxel house 26 construction stage 3 variant 3 captured
[2026-10-03 17:06:06] dbg: [driver:1] OpenTT3D: live voxel house ground 39 construction stage 3 captured at 46,45
[2026-10-03 17:06:06] dbg: [driver:1] OpenTT3D: live voxel house ground 39 construction stage 3 variant 1 captured
[2026-10-03 17:06:06] dbg: [driver:1] OpenTT3D: live voxel house 39 construction stage 3 captured at 46,45
[2026-10-03 17:06:06] dbg: [driver:1] OpenTT3D: live voxel house 39 construction stage 3 variant 1 captured
[2026-10-03 17:06:06] dbg: [driver:1] OpenTT3D: live voxel house 15 construction stage 3 captured at 47,45
[2026-10-03 17:06:06] dbg: [driver:1] OpenTT3D: live voxel house 15 construction stage 3 variant 2 captured
[2026-10-03 17:06:06] dbg: [driver:1] OpenTT3D: 2 slope foundations rendered with complete retaining walls
[2026-10-03 17:06:06] dbg: [driver:1] OpenTT3D: live voxel house ground 26 construction stage 0 captured at 50,39
[2026-10-03 17:06:06] dbg: [driver:1] OpenTT3D: live voxel house ground 26 construction stage 0 variant 0 captured
[2026-10-03 17:06:06] dbg: [driver:1] OpenTT3D: live projected tree 1632 stage 3 captured at 51,39
[2026-10-03 17:06:06] dbg: [driver:1] OpenTT3D: live projected tree 1625 stage 1 captured at 51,39
[2026-10-03 17:06:06] dbg: [driver:1] OpenTT3D: live projected tree 1653 stage 3 captured at 51,39
[2026-10-03 17:06:06] dbg: [driver:1] OpenTT3D: live voxel house 26 construction stage 2 captured at 48,41
[2026-10-03 17:06:06] dbg: [driver:1] OpenTT3D: live voxel house 26 construction stage 2 variant 3 captured
[2026-10-03 17:06:06] dbg: [driver:1] OpenTT3D: live voxel house 16 construction stage 3 captured at 49,41
[2026-10-03 17:06:06] dbg: [driver:1] OpenTT3D: live voxel house 16 construction stage 3 variant 2 captured
[2026-10-03 17:06:06] dbg: [driver:1] OpenTT3D: live voxel house 16 construction stage 3 captured at 48,42
[2026-10-03 17:06:06] dbg: [driver:1] OpenTT3D: live voxel house 16 construction stage 3 variant 0 captured
[2026-10-03 17:06:06] dbg: [driver:1] OpenTT3D: live projected tree 1583 stage 3 captured at 49,42
[2026-10-03 17:06:06] dbg: [driver:1] OpenTT3D: live voxel house 27 construction stage 3 captured at 49,43
[2026-10-03 17:06:06] dbg: [driver:1] OpenTT3D: live voxel house 27 construction stage 3 variant 0 captured
[2026-10-03 17:06:06] dbg: [driver:1] OpenTT3D: live voxel house 16 construction stage 3 captured at 48,43
[2026-10-03 17:06:06] dbg: [driver:1] OpenTT3D: live voxel house 16 construction stage 3 variant 1 captured
[2026-10-03 17:06:06] dbg: [driver:1] OpenTT3D: live voxel house 14 construction stage 3 captured at 49,44
[2026-10-03 17:06:06] dbg: [driver:1] OpenTT3D: live voxel house 14 construction stage 3 variant 2 captured
[2026-10-03 17:06:06] dbg: [driver:1] OpenTT3D: live voxel house 24 construction stage 3 captured at 43,45
[2026-10-03 17:06:06] dbg: [driver:1] OpenTT3D: live voxel house 24 construction stage 3 variant 1 captured
[2026-10-03 17:06:06] dbg: [driver:1] OpenTT3D: live projected tree 1688 stage 5 captured at 53,38
[2026-10-03 17:06:06] dbg: [driver:1] OpenTT3D: live projected tree 1674 stage 3 captured at 53,39
[2026-10-03 17:06:06] dbg: [driver:1] OpenTT3D: live projected tree 1618 stage 2 captured at 52,40
[2026-10-03 17:06:06] dbg: [driver:1] OpenTT3D: live projected tree 1618 stage 5 captured at 52,43
[2026-10-03 17:06:06] dbg: [driver:1] OpenTT3D: live projected tree 1695 stage 3 captured at 51,33
[2026-10-03 17:06:06] dbg: [driver:1] OpenTT3D: live projected tree 1702 stage 3 captured at 51,33
[2026-10-03 17:06:06] dbg: [driver:1] OpenTT3D: live projected tree 1611 stage 6 captured at 51,34
[2026-10-03 17:06:06] dbg: [driver:1] OpenTT3D: 81 roof/wall pixels select their owning tile across four rotations, with independent vehicle picking
[2026-10-03 17:06:06] dbg: [driver:1] OpenTT3D: live projected tree 1688 stage 6 captured at 79,1
[2026-10-03 17:06:06] dbg: [driver:1] OpenTT3D: live projected tree 1653 stage 1 captured at 83,1
[2026-10-03 17:06:06] dbg: [driver:1] OpenTT3D: live projected tree 1611 stage 3 captured at 90,1
[2026-10-03 17:06:06] dbg: [driver:1] OpenTT3D: live projected tree 1625 stage 3 captured at 94,2
[2026-10-03 17:06:06] dbg: [driver:1] OpenTT3D: live projected tree 1632 stage 5 captured at 94,2
[2026-10-03 17:06:06] dbg: [driver:1] OpenTT3D: live projected tree 1653 stage 2 captured at 89,3
[2026-10-03 17:06:06] dbg: [driver:1] OpenTT3D: live projected tree 1667 stage 4 captured at 86,4
[2026-10-03 17:06:06] dbg: [driver:1] OpenTT3D: live projected tree 1660 stage 1 captured at 90,6
[2026-10-03 17:06:06] dbg: [driver:1] OpenTT3D: live projected tree 1576 stage 6 captured at 99,7
[2026-10-03 17:06:06] dbg: [driver:1] OpenTT3D: live projected tree 1590 stage 4 captured at 102,8
[2026-10-03 17:06:06] dbg: [driver:1] OpenTT3D: live projected tree 1618 stage 6 captured at 103,9
[2026-10-03 17:06:06] dbg: [driver:1] OpenTT3D: whole-world atlas relocation preserves 1228800 exact RGBA/picking pixels across repack, clear and forced row relocation
[2026-10-03 17:06:06] dbg: [driver:1] OpenTT3D: captured Vulkan presentation with 1 GPU viewport regions
