[2026-10-03 12:08:58] dbg: [driver:1] Successfully loaded blitter '32bpp-optimized'
[2026-10-03 12:08:58] dbg: [driver:1] OpenTT3D: Cocoa process 95869
[2026-10-03 12:08:58] dbg: [driver:1] OpenGL driver: Apple - Apple M3 Pro (4.1 Metal - 90.5)
[2026-10-03 12:08:58] dbg: [driver:2] OpenGL shading language version: 4.10, texture units = 80
[2026-10-03 12:08:58] dbg: [driver:1] Successfully loaded video driver 'cocoa-opengl'
[2026-10-03 12:08:58] dbg: [driver:1] Successfully loaded sound driver 'null'
[2026-10-03 12:08:58] dbg: [driver:1] Successfully loaded music driver 'null'
[2026-10-03 12:08:58] dbg: [driver:1] OpenTT3D: background Cocoa window active=false, key=false, visible=false, policy=2
[2026-10-03 12:08:58] dbg: [driver:1] using thread for game-loop
[2026-10-03 12:08:58] dbg: [driver:1] OpenTT3D: exported 276 terrain-detail references
[2026-10-03 12:09:11] dbg: [driver:1] OpenTT3D: loaded 1831 authored voxel models, 17420235 occupied cells, 12070638 exposed cell faces merged to 2656043 conforming rectangles / 20271120 triangles
[2026-10-03 12:09:11] dbg: [driver:1] OpenTT3D: retained lossless voxel sources use 36385568 bytes instead of 1727438004 dense cell bytes, with one shared palette
[2026-10-03 12:09:11] dbg: [driver:1] OpenTT3D: CPU voxel surfaces retain 1066079056 bytes under a scene-pinned soft budget, including 185267056 exact restoration bytes
[2026-10-03 12:09:12] dbg: [driver:1] OpenTT3D: focused voxel object 4 size 0 at 45,8
[2026-10-03 12:09:12] dbg: [driver:1] OpenTT3D: loaded 62 profiles from opentt3d-trees.json
[2026-10-03 12:09:12] dbg: [driver:1] OpenTT3D: live projected tree 1730 stage 3 captured at 93,4
[2026-10-03 12:09:12] dbg: [driver:1] OpenTT3D: live projected tree 1730 stage 5 captured at 93,4
[2026-10-03 12:09:12] dbg: [driver:1] OpenTT3D: live projected tree 1737 stage 5 captured at 94,6
[2026-10-03 12:09:12] dbg: [driver:1] OpenTT3D: live projected tree 1730 stage 0 captured at 95,7
[2026-10-03 12:09:12] dbg: [driver:1] OpenTT3D: live projected tree 1744 stage 3 captured at 95,7
[2026-10-03 12:09:12] dbg: [driver:1] OpenTT3D: live projected tree 1723 stage 3 captured at 95,7
[2026-10-03 12:09:12] dbg: [driver:1] OpenTT3D: live projected tree 1758 stage 3 captured at 95,7
[2026-10-03 12:09:12] dbg: [driver:1] OpenTT3D: live projected tree 1751 stage 3 captured at 98,8
[2026-10-03 12:09:12] dbg: [driver:1] OpenTT3D: live projected tree 1751 stage 5 captured at 89,9
[2026-10-03 12:09:12] dbg: [driver:1] OpenTT3D: live voxel house ground 56 construction stage 3 captured at 97,9
[2026-10-03 12:09:12] dbg: [driver:1] OpenTT3D: live voxel house ground 56 construction stage 3 variant 2 captured
[2026-10-03 12:09:12] dbg: [driver:1] OpenTT3D: live voxel house 56 construction stage 3 captured at 97,9
[2026-10-03 12:09:12] dbg: [driver:1] OpenTT3D: live voxel house 56 construction stage 3 variant 2 captured
[2026-10-03 12:09:12] dbg: [driver:1] OpenTT3D: live voxel house ground 62 construction stage 3 captured at 98,9
[2026-10-03 12:09:12] dbg: [driver:1] OpenTT3D: live voxel house ground 62 construction stage 3 variant 1 captured
[2026-10-03 12:09:12] dbg: [driver:1] OpenTT3D: live voxel house 62 construction stage 3 captured at 98,9
[2026-10-03 12:09:12] dbg: [driver:1] OpenTT3D: live voxel house 62 construction stage 3 variant 1 captured
[2026-10-03 12:09:12] dbg: [driver:1] OpenTT3D: live voxel house 48 construction stage 3 captured at 99,9
[2026-10-03 12:09:12] dbg: [driver:1] OpenTT3D: live voxel house 48 construction stage 3 variant 0 captured
[2026-10-03 12:09:12] dbg: [driver:1] OpenTT3D: 2 ground-detail tiles rendered with raised crops, hay, rocks or turf
[2026-10-03 12:09:12] dbg: [driver:1] OpenTT3D: 1 unmodelled reference sprites in this view (release coverage is incomplete)
[2026-10-03 12:09:12] dbg: [driver:2] OpenTT3D: pre-existing OpenGL error before mesh pass (1286)
[2026-10-03 12:09:12] dbg: [driver:1] OpenTT3D: depth-tested mesh renderer initialized
[2026-10-03 12:09:12] dbg: [driver:1] OpenTT3D: live voxel house ground 37 construction stage 3 captured at 95,11
[2026-10-03 12:09:12] dbg: [driver:1] OpenTT3D: live voxel house ground 37 construction stage 3 variant 1 captured
[2026-10-03 12:09:12] dbg: [driver:1] OpenTT3D: live voxel house 37 construction stage 3 captured at 95,11
[2026-10-03 12:09:12] dbg: [driver:1] OpenTT3D: live voxel house 37 construction stage 3 variant 1 captured
[2026-10-03 12:09:12] dbg: [driver:1] OpenTT3D: live voxel house ground 56 construction stage 3 captured at 96,11
[2026-10-03 12:09:12] dbg: [driver:1] OpenTT3D: live voxel house ground 56 construction stage 3 variant 1 captured
[2026-10-03 12:09:12] dbg: [driver:1] OpenTT3D: live voxel house 56 construction stage 3 captured at 96,11
[2026-10-03 12:09:12] dbg: [driver:1] OpenTT3D: live voxel house 56 construction stage 3 variant 1 captured
[2026-10-03 12:09:12] dbg: [driver:1] OpenTT3D: live voxel house ground 46 construction stage 3 captured at 97,11
[2026-10-03 12:09:12] dbg: [driver:1] OpenTT3D: live voxel house ground 46 construction stage 3 variant 0 captured
[2026-10-03 12:09:12] dbg: [driver:1] OpenTT3D: live voxel house 46 construction stage 3 captured at 97,11
[2026-10-03 12:09:12] dbg: [driver:1] OpenTT3D: live voxel house 46 construction stage 3 variant 0 captured
[2026-10-03 12:09:12] dbg: [driver:1] OpenTT3D: live voxel house ground 58 construction stage 3 captured at 98,11
[2026-10-03 12:09:12] dbg: [driver:1] OpenTT3D: live voxel house ground 58 construction stage 3 variant 3 captured
[2026-10-03 12:09:12] dbg: [driver:1] OpenTT3D: live voxel house 58 construction stage 3 captured at 98,11
[2026-10-03 12:09:12] dbg: [driver:1] OpenTT3D: live voxel house 58 construction stage 3 variant 3 captured
[2026-10-03 12:09:12] dbg: [driver:1] OpenTT3D: live projected tree 1730 stage 1 captured at 92,12
[2026-10-03 12:09:12] dbg: [driver:1] OpenTT3D: live projected tree 1751 stage 1 captured at 93,13
[2026-10-03 12:09:12] dbg: [driver:1] OpenTT3D: live voxel house ground 64 construction stage 3 captured at 97,13
[2026-10-03 12:09:12] dbg: [driver:1] OpenTT3D: live voxel house ground 64 construction stage 3 variant 1 captured
[2026-10-03 12:09:12] dbg: [driver:1] OpenTT3D: live voxel house 64 construction stage 3 captured at 97,13
[2026-10-03 12:09:12] dbg: [driver:1] OpenTT3D: live voxel house 64 construction stage 3 variant 1 captured
[2026-10-03 12:09:12] dbg: [driver:1] OpenTT3D: live voxel house ground 64 construction stage 1 captured at 98,13
[2026-10-03 12:09:12] dbg: [driver:1] OpenTT3D: live voxel house ground 64 construction stage 1 variant 0 captured
[2026-10-03 12:09:12] dbg: [driver:1] OpenTT3D: live voxel house 64 construction stage 1 captured at 98,13
[2026-10-03 12:09:12] dbg: [driver:1] OpenTT3D: live voxel house 64 construction stage 1 variant 0 captured
[2026-10-03 12:09:12] dbg: [driver:1] OpenTT3D: live projected tree 1758 stage 1 captured at 91,14
[2026-10-03 12:09:12] dbg: [driver:1] OpenTT3D: live voxel house ground 56 construction stage 3 captured at 94,14
[2026-10-03 12:09:12] dbg: [driver:1] OpenTT3D: live voxel house ground 56 construction stage 3 variant 0 captured
[2026-10-03 12:09:12] dbg: [driver:1] OpenTT3D: live voxel house 56 construction stage 3 captured at 94,14
[2026-10-03 12:09:12] dbg: [driver:1] OpenTT3D: live voxel house 56 construction stage 3 variant 0 captured
[2026-10-03 12:09:12] dbg: [driver:1] OpenTT3D: live voxel house ground 37 construction stage 3 captured at 95,14
[2026-10-03 12:09:12] dbg: [driver:1] OpenTT3D: live voxel house ground 37 construction stage 3 variant 3 captured
[2026-10-03 12:09:12] dbg: [driver:1] OpenTT3D: live voxel house 37 construction stage 3 captured at 95,14
[2026-10-03 12:09:12] dbg: [driver:1] OpenTT3D: live voxel house 37 construction stage 3 variant 3 captured
[2026-10-03 12:09:12] dbg: [driver:1] OpenTT3D: live voxel house ground 62 construction stage 3 captured at 97,14
[2026-10-03 12:09:12] dbg: [driver:1] OpenTT3D: live voxel house ground 62 construction stage 3 variant 0 captured
[2026-10-03 12:09:12] dbg: [driver:1] OpenTT3D: live voxel house 62 construction stage 3 captured at 97,14
[2026-10-03 12:09:12] dbg: [driver:1] OpenTT3D: live voxel house 62 construction stage 3 variant 0 captured
[2026-10-03 12:09:12] dbg: [driver:1] OpenTT3D: live voxel house ground 48 construction stage 3 captured at 99,9
[2026-10-03 12:09:12] dbg: [driver:1] OpenTT3D: live voxel house ground 48 construction stage 3 variant 0 captured
[2026-10-03 12:09:12] dbg: [driver:1] OpenTT3D: live voxel house ground 56 construction stage 3 captured at 101,9
[2026-10-03 12:09:12] dbg: [driver:1] OpenTT3D: live voxel house ground 56 construction stage 3 variant 3 captured
[2026-10-03 12:09:12] dbg: [driver:1] OpenTT3D: live voxel house 56 construction stage 3 captured at 101,9
[2026-10-03 12:09:12] dbg: [driver:1] OpenTT3D: live voxel house 56 construction stage 3 variant 3 captured
[2026-10-03 12:09:12] dbg: [driver:1] OpenTT3D: live voxel house ground 44 construction stage 3 captured at 99,11
[2026-10-03 12:09:12] dbg: [driver:1] OpenTT3D: live voxel house ground 44 construction stage 3 variant 2 captured
[2026-10-03 12:09:12] dbg: [driver:1] OpenTT3D: live voxel house 44 construction stage 3 captured at 99,11
[2026-10-03 12:09:12] dbg: [driver:1] OpenTT3D: live voxel house 44 construction stage 3 variant 2 captured
[2026-10-03 12:09:12] dbg: [driver:1] OpenTT3D: live voxel house ground 46 construction stage 3 captured at 101,11
[2026-10-03 12:09:12] dbg: [driver:1] OpenTT3D: live voxel house ground 46 construction stage 3 variant 1 captured
[2026-10-03 12:09:12] dbg: [driver:1] OpenTT3D: live voxel house 46 construction stage 3 captured at 101,11
[2026-10-03 12:09:12] dbg: [driver:1] OpenTT3D: live voxel house 46 construction stage 3 variant 1 captured
[2026-10-03 12:09:12] dbg: [driver:1] OpenTT3D: live voxel house ground 62 construction stage 3 captured at 102,11
[2026-10-03 12:09:12] dbg: [driver:1] OpenTT3D: live voxel house ground 62 construction stage 3 variant 2 captured
[2026-10-03 12:09:12] dbg: [driver:1] OpenTT3D: live voxel house 62 construction stage 3 captured at 102,11
[2026-10-03 12:09:12] dbg: [driver:1] OpenTT3D: live voxel house 62 construction stage 3 variant 2 captured
[2026-10-03 12:09:12] dbg: [driver:1] OpenTT3D: live voxel house ground 46 construction stage 3 captured at 103,11
[2026-10-03 12:09:12] dbg: [driver:1] OpenTT3D: live voxel house ground 46 construction stage 3 variant 3 captured
[2026-10-03 12:09:12] dbg: [driver:1] OpenTT3D: live voxel house 46 construction stage 3 captured at 103,11
[2026-10-03 12:09:12] dbg: [driver:1] OpenTT3D: live voxel house 46 construction stage 3 variant 3 captured
[2026-10-03 12:09:12] dbg: [driver:1] OpenTT3D: live voxel house ground 48 construction stage 2 captured at 99,13
[2026-10-03 12:09:12] dbg: [driver:1] OpenTT3D: live voxel house ground 48 construction stage 2 variant 3 captured
[2026-10-03 12:09:12] dbg: [driver:1] OpenTT3D: live voxel house 48 construction stage 2 captured at 99,13
[2026-10-03 12:09:12] dbg: [driver:1] OpenTT3D: live voxel house 48 construction stage 2 variant 3 captured
[2026-10-03 12:09:12] dbg: [driver:1] OpenTT3D: live voxel house ground 60 construction stage 3 captured at 100,13
[2026-10-03 12:09:12] dbg: [driver:1] OpenTT3D: live voxel house ground 60 construction stage 3 variant 1 captured
[2026-10-03 12:09:12] dbg: [driver:1] OpenTT3D: live voxel house 60 construction stage 3 captured at 100,13
[2026-10-03 12:09:12] dbg: [driver:1] OpenTT3D: live voxel house 60 construction stage 3 variant 1 captured
[2026-10-03 12:09:12] dbg: [driver:1] OpenTT3D: live projected tree 1737 stage 6 captured at 101,14
[2026-10-03 12:09:12] dbg: [driver:1] OpenTT3D: live voxel house ground 46 construction stage 3 captured at 102,14
[2026-10-03 12:09:12] dbg: [driver:1] OpenTT3D: live voxel house ground 46 construction stage 3 variant 2 captured
[2026-10-03 12:09:12] dbg: [driver:1] OpenTT3D: live voxel house 46 construction stage 3 captured at 102,14
[2026-10-03 12:09:12] dbg: [driver:1] OpenTT3D: live voxel house 46 construction stage 3 variant 2 captured
[2026-10-03 12:09:12] dbg: [driver:1] OpenTT3D: live projected tree 1709 stage 5 captured at 102,15
[2026-10-03 12:09:12] dbg: [driver:1] OpenTT3D: 49 roof/wall pixels select their owning tile across four rotations, with independent vehicle picking
[2026-10-03 12:09:12] dbg: [driver:1] OpenTT3D: live projected tree 1709 stage 3 captured at 48,6
[2026-10-03 12:09:12] dbg: [driver:1] OpenTT3D: live projected tree 1709 stage 0 captured at 48,6
[2026-10-03 12:09:12] dbg: [driver:1] OpenTT3D: live projected tree 1730 stage 2 captured at 45,7
[2026-10-03 12:09:12] dbg: [driver:1] OpenTT3D: live projected tree 1737 stage 0 captured at 47,7
[2026-10-03 12:09:12] dbg: [driver:1] OpenTT3D: live voxel object 3 size 0 part 0 body climate 1 source 4790 captured at 43,8 with original body ownership
[2026-10-03 12:09:12] dbg: [driver:1] OpenTT3D: live voxel object 4 size 0 part 0 ground climate 1 source 2603 captured at 45,8 with original ground ownership
[2026-10-03 12:09:12] dbg: [driver:1] OpenTT3D: live voxel object 4 size 0 part 1 ground climate 1 source 2605 captured at 46,8 with original ground ownership
[2026-10-03 12:09:12] dbg: [driver:1] OpenTT3D: live voxel object 3 size 0 part 0 body climate 1 source 4790 captured at 47,8 with original body ownership
[2026-10-03 12:09:12] dbg: [driver:1] OpenTT3D: live voxel object 4 size 0 part 2 ground climate 1 source 2604 captured at 45,9 with original ground ownership
[2026-10-03 12:09:12] dbg: [driver:1] OpenTT3D: live voxel object 4 size 0 part 3 ground climate 1 source 2606 captured at 46,9 with original ground ownership
[2026-10-03 12:09:12] dbg: [driver:1] OpenTT3D: live projected tree 1709 stage 2 captured at 45,10
[2026-10-03 12:09:12] dbg: [driver:1] OpenTT3D: live projected tree 1744 stage 1 captured at 49,10
[2026-10-03 12:09:12] dbg: [driver:1] OpenTT3D: whole-world atlas relocation preserves 1228800 exact RGBA/picking pixels across repack, clear and forced row relocation
