[2026-10-03 12:09:56] dbg: [driver:1] Successfully loaded blitter '32bpp-optimized'
[2026-10-03 12:09:56] dbg: [driver:1] OpenTT3D: Cocoa process 95939
[2026-10-03 12:09:56] dbg: [driver:1] OpenGL driver: Apple - Apple M3 Pro (4.1 Metal - 90.5)
[2026-10-03 12:09:56] dbg: [driver:2] OpenGL shading language version: 4.10, texture units = 80
[2026-10-03 12:09:56] dbg: [driver:1] Successfully loaded video driver 'cocoa-opengl'
[2026-10-03 12:09:56] dbg: [driver:1] Successfully loaded sound driver 'null'
[2026-10-03 12:09:56] dbg: [driver:1] Successfully loaded music driver 'null'
[2026-10-03 12:09:56] dbg: [driver:1] OpenTT3D: background Cocoa window active=false, key=false, visible=false, policy=2
[2026-10-03 12:09:56] dbg: [driver:1] using thread for game-loop
[2026-10-03 12:09:56] dbg: [driver:1] OpenTT3D: exported 276 terrain-detail references
[2026-10-03 12:10:09] dbg: [driver:1] OpenTT3D: loaded 1831 authored voxel models, 17420235 occupied cells, 12070638 exposed cell faces merged to 2656043 conforming rectangles / 20271120 triangles
[2026-10-03 12:10:09] dbg: [driver:1] OpenTT3D: retained lossless voxel sources use 36385568 bytes instead of 1727438004 dense cell bytes, with one shared palette
[2026-10-03 12:10:09] dbg: [driver:1] OpenTT3D: CPU voxel surfaces retain 1066079056 bytes under a scene-pinned soft budget, including 185267056 exact restoration bytes
[2026-10-03 12:10:10] dbg: [driver:1] OpenTT3D: focused voxel object 4 size 0 at 45,8
[2026-10-03 12:10:10] dbg: [driver:1] OpenTT3D: loaded 62 profiles from opentt3d-trees.json
[2026-10-03 12:10:10] dbg: [driver:1] OpenTT3D: live projected tree 1954 stage 2 captured at 92,2
[2026-10-03 12:10:10] dbg: [driver:1] OpenTT3D: live projected tree 1968 stage 3 captured at 94,3
[2026-10-03 12:10:10] dbg: [driver:1] OpenTT3D: live voxel house ground 102 construction stage 3 captured at 99,3
[2026-10-03 12:10:10] dbg: [driver:1] OpenTT3D: live voxel house ground 102 construction stage 3 variant 0 captured
[2026-10-03 12:10:10] dbg: [driver:1] OpenTT3D: live voxel house 102 construction stage 3 captured at 99,3
[2026-10-03 12:10:10] dbg: [driver:1] OpenTT3D: live voxel house 102 construction stage 3 variant 0 captured
[2026-10-03 12:10:10] dbg: [driver:1] OpenTT3D: live projected tree 1982 stage 3 captured at 94,4
[2026-10-03 12:10:10] dbg: [driver:1] OpenTT3D: live projected tree 1961 stage 3 captured at 100,4
[2026-10-03 12:10:10] dbg: [driver:1] OpenTT3D: 16 ground-detail tiles rendered with raised crops, hay, rocks or turf
[2026-10-03 12:10:10] dbg: [driver:1] OpenTT3D: 20 unmodelled reference sprites in this view (release coverage is incomplete)
[2026-10-03 12:10:10] dbg: [driver:2] OpenTT3D: pre-existing OpenGL error before mesh pass (1286)
[2026-10-03 12:10:10] dbg: [driver:1] OpenTT3D: depth-tested mesh renderer initialized
[2026-10-03 12:10:10] dbg: [driver:1] OpenTT3D: live voxel house ground 102 construction stage 3 captured at 98,5
[2026-10-03 12:10:10] dbg: [driver:1] OpenTT3D: live voxel house ground 102 construction stage 3 variant 2 captured
[2026-10-03 12:10:10] dbg: [driver:1] OpenTT3D: live voxel house 102 construction stage 3 captured at 98,5
[2026-10-03 12:10:10] dbg: [driver:1] OpenTT3D: live voxel house 102 construction stage 3 variant 2 captured
[2026-10-03 12:10:10] dbg: [driver:1] OpenTT3D: live voxel house ground 93 construction stage 3 captured at 100,5
[2026-10-03 12:10:10] dbg: [driver:1] OpenTT3D: live voxel house ground 93 construction stage 3 variant 3 captured
[2026-10-03 12:10:10] dbg: [driver:1] OpenTT3D: live voxel house 93 construction stage 3 captured at 100,5
[2026-10-03 12:10:10] dbg: [driver:1] OpenTT3D: live voxel house 93 construction stage 3 variant 3 captured
[2026-10-03 12:10:10] dbg: [driver:1] OpenTT3D: live projected tree 2003 stage 3 captured at 95,6
[2026-10-03 12:10:10] dbg: [driver:1] OpenTT3D: live voxel house ground 97 construction stage 3 captured at 98,6
[2026-10-03 12:10:10] dbg: [driver:1] OpenTT3D: live voxel house ground 97 construction stage 3 variant 3 captured
[2026-10-03 12:10:10] dbg: [driver:1] OpenTT3D: live voxel house 97 construction stage 3 captured at 98,6
[2026-10-03 12:10:10] dbg: [driver:1] OpenTT3D: live voxel house 97 construction stage 3 variant 3 captured
[2026-10-03 12:10:10] dbg: [driver:1] OpenTT3D: live voxel house ground 97 construction stage 3 captured at 100,6
[2026-10-03 12:10:10] dbg: [driver:1] OpenTT3D: live voxel house ground 97 construction stage 3 variant 2 captured
[2026-10-03 12:10:10] dbg: [driver:1] OpenTT3D: live voxel house 97 construction stage 3 captured at 100,6
[2026-10-03 12:10:10] dbg: [driver:1] OpenTT3D: live voxel house 97 construction stage 3 variant 2 captured
[2026-10-03 12:10:10] dbg: [driver:1] OpenTT3D: live voxel house ground 93 construction stage 1 captured at 97,7
[2026-10-03 12:10:10] dbg: [driver:1] OpenTT3D: live voxel house ground 93 construction stage 1 variant 1 captured
[2026-10-03 12:10:10] dbg: [driver:1] OpenTT3D: live voxel house 93 construction stage 1 captured at 97,7
[2026-10-03 12:10:10] dbg: [driver:1] OpenTT3D: live voxel house 93 construction stage 1 variant 1 captured
[2026-10-03 12:10:10] dbg: [driver:1] OpenTT3D: live voxel house ground 93 construction stage 0 captured at 98,7
[2026-10-03 12:10:10] dbg: [driver:1] OpenTT3D: live voxel house ground 93 construction stage 0 variant 0 captured
[2026-10-03 12:10:10] dbg: [driver:1] OpenTT3D: live voxel house 93 construction stage 0 captured at 98,7
[2026-10-03 12:10:10] dbg: [driver:1] OpenTT3D: live voxel house 93 construction stage 0 variant 0 captured
[2026-10-03 12:10:10] dbg: [driver:1] OpenTT3D: live voxel house ground 93 construction stage 2 captured at 100,7
[2026-10-03 12:10:10] dbg: [driver:1] OpenTT3D: live voxel house ground 93 construction stage 2 variant 1 captured
[2026-10-03 12:10:10] dbg: [driver:1] OpenTT3D: live voxel house 93 construction stage 2 captured at 100,7
[2026-10-03 12:10:10] dbg: [driver:1] OpenTT3D: live voxel house 93 construction stage 2 variant 1 captured
[2026-10-03 12:10:10] dbg: [driver:1] OpenTT3D: live voxel house ground 99 construction stage 3 captured at 100,8
[2026-10-03 12:10:10] dbg: [driver:1] OpenTT3D: live voxel house ground 99 construction stage 3 variant 3 captured
[2026-10-03 12:10:10] dbg: [driver:1] OpenTT3D: live voxel house 99 construction stage 3 captured at 100,8
[2026-10-03 12:10:10] dbg: [driver:1] OpenTT3D: live voxel house 99 construction stage 3 variant 3 captured
[2026-10-03 12:10:10] dbg: [driver:1] OpenTT3D: live voxel house ground 98 construction stage 3 captured at 98,9
[2026-10-03 12:10:10] dbg: [driver:1] OpenTT3D: live voxel house ground 98 construction stage 3 variant 1 captured
[2026-10-03 12:10:10] dbg: [driver:1] OpenTT3D: live voxel house 98 construction stage 3 captured at 98,9
[2026-10-03 12:10:10] dbg: [driver:1] OpenTT3D: live voxel house 98 construction stage 3 variant 1 captured
[2026-10-03 12:10:10] dbg: [driver:1] OpenTT3D: live voxel house ground 100 construction stage 3 captured at 100,9
[2026-10-03 12:10:10] dbg: [driver:1] OpenTT3D: live voxel house ground 100 construction stage 3 variant 2 captured
[2026-10-03 12:10:10] dbg: [driver:1] OpenTT3D: live voxel house 100 construction stage 3 captured at 100,9
[2026-10-03 12:10:10] dbg: [driver:1] OpenTT3D: live voxel house 100 construction stage 3 variant 2 captured
[2026-10-03 12:10:10] dbg: [driver:1] OpenTT3D: live voxel house ground 99 construction stage 3 captured at 98,10
[2026-10-03 12:10:10] dbg: [driver:1] OpenTT3D: live voxel house ground 99 construction stage 3 variant 2 captured
[2026-10-03 12:10:10] dbg: [driver:1] OpenTT3D: live voxel house 99 construction stage 3 captured at 98,10
[2026-10-03 12:10:10] dbg: [driver:1] OpenTT3D: live voxel house 99 construction stage 3 variant 2 captured
[2026-10-03 12:10:10] dbg: [driver:1] OpenTT3D: live projected tree 1947 stage 5 captured at 101,5
[2026-10-03 12:10:10] dbg: [driver:1] OpenTT3D: 64 roof/wall pixels select their owning tile across four rotations, with independent vehicle picking
[2026-10-03 12:10:10] dbg: [driver:1] OpenTT3D: live voxel object 3 size 0 part 0 body climate 3 source 4790 captured at 43,8 with original body ownership
[2026-10-03 12:10:10] dbg: [driver:1] OpenTT3D: live voxel object 4 size 0 part 0 ground climate 3 source 2603 captured at 45,8 with original ground ownership
[2026-10-03 12:10:10] dbg: [driver:1] OpenTT3D: live voxel object 4 size 0 part 1 ground climate 3 source 2605 captured at 46,8 with original ground ownership
[2026-10-03 12:10:10] dbg: [driver:1] OpenTT3D: live voxel object 3 size 0 part 0 body climate 3 source 4790 captured at 47,8 with original body ownership
[2026-10-03 12:10:10] dbg: [driver:1] OpenTT3D: live voxel object 4 size 0 part 2 ground climate 3 source 2604 captured at 45,9 with original ground ownership
[2026-10-03 12:10:10] dbg: [driver:1] OpenTT3D: live voxel object 4 size 0 part 3 ground climate 3 source 2606 captured at 46,9 with original ground ownership
[2026-10-03 12:10:10] dbg: [driver:1] OpenTT3D: live projected tree 1975 stage 3 captured at 43,10
[2026-10-03 12:10:10] dbg: [driver:1] OpenTT3D: live projected tree 1975 stage 0 captured at 43,10
[2026-10-03 12:10:10] dbg: [driver:1] OpenTT3D: live projected tree 1954 stage 3 captured at 44,12
[2026-10-03 12:10:10] dbg: [driver:1] OpenTT3D: live projected tree 1947 stage 1 captured at 45,12
[2026-10-03 12:10:10] dbg: [driver:1] OpenTT3D: live projected tree 1947 stage 3 captured at 45,12
[2026-10-03 12:10:10] dbg: [driver:1] OpenTT3D: whole-world atlas relocation preserves 1228800 exact RGBA/picking pixels across repack, clear and forced row relocation
