Vehicles: 256; houses: 110; authored house profiles: 110
Authored vehicle bindings: 256; visually reviewed vehicles: 0
Tree sprite families: 62; authored tree profiles: 62; visually reviewed: 0
Industry tile definitions: 175; authored: 40; voxel bodies: 129; voxel grounds: 175
Industry definitions still missing complete explicit Arctic body/ground artwork: []
Industry grounds3924/2173: 112 original layers; missing explicit non-temperate layer states: 0; independent body ownership retained
Airport tile definitions: 74; voxel-bound body or ground-only: 74; body owners: 56
Independently bound voxel airport grounds: 74
Distinct Toyland airport body frames: 12 explicit bindings; 0 missing bindings
Depot families: 6; voxel directions: 24; full four-direction families: 6
Ship-depot axes: 2 / 2; both original tile parts required; water remains independent
Dock sections: 6 / 6; ordinary/Toyland states required; shore/water remains independent
Animated airport definitions: 5; all source frames voxel-bound: 5; visual approval remains separate
Voxel volumes: 1915; house definitions with voxel body or ground: 110; approved voxel models: 0
Independently bound voxel house bodies: 109; ground-only source definitions remain separate
Independently bound voxel house grounds: 88
Voxel-bound vehicles: 256 / 256; tree families: 62 / 62
Original effect types: 12; source sprites: 81; presentable: 80; voxel-bound presentable sprites: 80; source export is not artwork approval
Original objects: 5 types, 24 tile layouts including five four-tile HQ sizes; 11 HQ slots have no separate body; source inventory does not assert voxel coverage
Original water source scope: 48 default lock wall sources, 4 default slopes and 60 unresolved custom river-edge offsets; live custom selection and geometry remain unverified
Procedural voxel families: 7 fences, 4 running-rail systems, 13 foundation forms; all work-in-progress
