test_all_three_sizes_have_four_ground_three_body_owners_and_no_south_body (test_hq_complete_voxels.CompleteHeadquartersOwnerTests.test_all_three_sizes_have_four_ground_three_body_owners_and_no_south_body) ... ok
test_all_three_toyland_castles_are_structurally_distinct_and_hollow (test_hq_complete_voxels.CompleteHeadquartersOwnerTests.test_all_three_toyland_castles_are_structurally_distinct_and_hollow) ... ok
test_each_missing_ground_or_body_owner_restores_the_whole_original_family (test_hq_complete_voxels.CompleteHeadquartersOwnerTests.test_each_missing_ground_or_body_owner_restores_the_whole_original_family) ... ok
test_huge_office_is_the_original_rectangle_and_has_no_square_roof_shortcut (test_hq_complete_voxels.CompleteHeadquartersOwnerTests.test_huge_office_is_the_original_rectangle_and_has_no_square_roof_shortcut) ... ok
test_large_corner_repair_keeps_its_lower_ground_owner_and_other_stage_seams (test_hq_complete_voxels.CompleteHeadquartersOwnerTests.test_large_corner_repair_keeps_its_lower_ground_owner_and_other_stage_seams) ... FAIL
test_large_east_body_owns_the_continuous_upper_office_corner_not_a_floating_roof_tip (test_hq_complete_voxels.CompleteHeadquartersOwnerTests.test_large_east_body_owns_the_continuous_upper_office_corner_not_a_floating_roof_tip) ... ok
test_medium_east_body_retains_its_registered_continuous_brick_perimeter (test_hq_complete_voxels.CompleteHeadquartersOwnerTests.test_medium_east_body_retains_its_registered_continuous_brick_perimeter) ... ok
test_medium_ground_perimeter_retains_its_source_tile_without_foreign_north_brick_fragments (test_hq_complete_voxels.CompleteHeadquartersOwnerTests.test_medium_ground_perimeter_retains_its_source_tile_without_foreign_north_brick_fragments) ... ok
test_medium_office_shed_and_flag_each_belong_wholly_to_their_original_ground_layer (test_hq_complete_voxels.CompleteHeadquartersOwnerTests.test_medium_office_shed_and_flag_each_belong_wholly_to_their_original_ground_layer) ... ok
test_medium_original_north_trim_is_one_diagonal_without_foreign_ground_roof_or_bricks (test_hq_complete_voxels.CompleteHeadquartersOwnerTests.test_medium_original_north_trim_is_one_diagonal_without_foreign_ground_roof_or_bricks) ... ok
test_medium_perimeter_tips_keep_their_own_original_body_not_a_diagonal_partition_remnant (test_hq_complete_voxels.CompleteHeadquartersOwnerTests.test_medium_perimeter_tips_keep_their_own_original_body_not_a_diagonal_partition_remnant) ... ok
test_ordinary_l_office_shed_upper_storeys_and_low_entrance_wing_keep_real_air (test_hq_complete_voxels.CompleteHeadquartersOwnerTests.test_ordinary_l_office_shed_upper_storeys_and_low_entrance_wing_keep_real_air) ... ok
test_seven_owners_are_the_exact_authored_compound_without_resizing_repainting_or_gaps (test_hq_complete_voxels.CompleteHeadquartersOwnerTests.test_seven_owners_are_the_exact_authored_compound_without_resizing_repainting_or_gaps) ... ok
test_source_matching_ordinary_bodies_alias_only_identical_original_climate_art (test_hq_complete_voxels.CompleteHeadquartersOwnerTests.test_source_matching_ordinary_bodies_alias_only_identical_original_climate_art) ... ok
test_source_tile_sequence_registration_and_complete_opaque_ground_contact_are_exact (test_hq_complete_voxels.CompleteHeadquartersOwnerTests.test_source_tile_sequence_registration_and_complete_opaque_ground_contact_are_exact) ... ok

======================================================================
FAIL: test_large_corner_repair_keeps_its_lower_ground_owner_and_other_stage_seams (test_hq_complete_voxels.CompleteHeadquartersOwnerTests.test_large_corner_repair_keeps_its_lower_ground_owner_and_other_stage_seams)
----------------------------------------------------------------------
Traceback (most recent call last):
  File "/Users/stanislav/Projects/opentt3d/tools/assets/test_hq_complete_voxels.py", line 191, in test_large_corner_repair_keeps_its_lower_ground_owner_and_other_stage_seams
    self.assertTrue(all(y-x >= 33 for x,y,z in east))
    ~~~~~~~~~~~~~~~^^^^^^^^^^^^^^^^^^^^^^^^^^^^^^^^^^
AssertionError: False is not true

----------------------------------------------------------------------
Ran 15 tests in 10.408s

FAILED (failures=1)
