Console log output started to '/Users/stanislav/Projects/opentt3d/build-macos/breadth-original-river-shore-provenance-tropic-seed161803-opengl-off/console-review.log'.
__opentt3d_review_begin_0__
Game is already paused.
__opentt3d_review_end_0__
__opentt3d_review_begin_1__
__opentt3d_review_end_1__
__opentt3d_review_begin_2__
__opentt3d_review_end_2__
__opentt3d_review_begin_3__
__opentt3d_review_end_3__
__opentt3d_review_begin_4__
__opentt3d_review_end_4__
__opentt3d_review_begin_5__
__opentt3d_review_end_5__
__opentt3d_review_begin_6__
__opentt3d_review_end_6__
__opentt3d_review_begin_7__
Saving map...
Map successfully saved to 'smoke-state.sav'.
__opentt3d_review_end_7__
__opentt3d_review_begin_8__
__opentt3d_review_end_8__
Console log file closed.
