[2026-10-04 11:49:45] dbg: [driver:1] Successfully loaded blitter '40bpp-anim'
[2026-10-04 11:49:45] dbg: [driver:1] OpenTT3D: Cocoa process 86783
[2026-10-04 11:49:45] dbg: [driver:1] OpenGL driver: Apple - Apple M3 Pro (4.1 Metal - 90.5)
[2026-10-04 11:49:45] dbg: [driver:2] OpenGL shading language version: 4.10, texture units = 80
[2026-10-04 11:49:45] dbg: [driver:1] Successfully loaded video driver 'cocoa-opengl'
[2026-10-04 11:49:45] dbg: [driver:1] Successfully loaded sound driver 'null'
[2026-10-04 11:49:45] dbg: [driver:1] Successfully loaded music driver 'null'
[2026-10-04 11:49:45] dbg: [driver:1] OpenTT3D: background Cocoa window active=false, key=false, visible=false, policy=2
[2026-10-04 11:49:45] dbg: [driver:1] using thread for game-loop
[2026-10-04 11:49:45] dbg: [driver:1] OpenTT3D: loaded 62 profiles from opentt3d-trees.json
[2026-10-04 11:49:58] dbg: [driver:1] OpenTT3D: loaded 1915 authored voxel models, 17785862 occupied cells, 12516896 exposed cell faces merged to 2723798 conforming rectangles / 21053432 triangles
[2026-10-04 11:49:58] dbg: [driver:1] OpenTT3D: retained lossless voxel sources use 37617680 bytes instead of 1794874548 dense cell bytes, with one shared palette
[2026-10-04 11:49:58] dbg: [driver:1] OpenTT3D: CPU voxel surfaces retain 1068767120 bytes under a scene-pinned soft budget, including 195155120 exact restoration bytes
[2026-10-04 11:49:58] dbg: [driver:1] OpenTT3D: live voxel house ground 84 construction stage 3 captured at 49,33
[2026-10-04 11:49:58] dbg: [driver:1] OpenTT3D: live voxel house ground 84 construction stage 3 variant 0 captured
[2026-10-04 11:49:58] dbg: [driver:1] OpenTT3D: live voxel house 84 construction stage 3 captured at 49,33
[2026-10-04 11:49:58] dbg: [driver:1] OpenTT3D: live voxel house 84 construction stage 3 variant 0 captured
[2026-10-04 11:49:58] dbg: [driver:1] OpenTT3D: live voxel house ground 79 construction stage 3 captured at 50,33
[2026-10-04 11:49:58] dbg: [driver:1] OpenTT3D: live voxel house ground 79 construction stage 3 variant 3 captured
[2026-10-04 11:49:58] dbg: [driver:1] OpenTT3D: live voxel house 79 construction stage 3 captured at 50,33
[2026-10-04 11:49:58] dbg: [driver:1] OpenTT3D: live voxel house 79 construction stage 3 variant 3 captured
[2026-10-04 11:49:58] dbg: [driver:1] OpenTT3D: live voxel house ground 81 construction stage 3 captured at 48,34
[2026-10-04 11:49:58] dbg: [driver:1] OpenTT3D: live voxel house ground 81 construction stage 3 variant 2 captured
[2026-10-04 11:49:58] dbg: [driver:1] OpenTT3D: live voxel house 81 construction stage 3 captured at 48,34
[2026-10-04 11:49:58] dbg: [driver:1] OpenTT3D: live voxel house 81 construction stage 3 variant 2 captured
[2026-10-04 11:49:58] dbg: [driver:1] OpenTT3D: 4 slope foundations rendered with complete retaining walls
[2026-10-04 11:49:58] dbg: [driver:2] OpenTT3D: pre-existing OpenGL error before mesh pass (1286)
[2026-10-04 11:49:58] dbg: [driver:1] OpenTT3D: depth-tested mesh renderer initialized
[2026-10-04 11:49:58] dbg: [driver:1] OpenTT3D: live voxel house ground 81 construction stage 3 captured at 48,35
[2026-10-04 11:49:58] dbg: [driver:1] OpenTT3D: live voxel house ground 81 construction stage 3 variant 3 captured
[2026-10-04 11:49:58] dbg: [driver:1] OpenTT3D: live voxel house 81 construction stage 3 captured at 48,35
[2026-10-04 11:49:58] dbg: [driver:1] OpenTT3D: live voxel house 81 construction stage 3 variant 3 captured
[2026-10-04 11:49:58] dbg: [driver:1] OpenTT3D: live voxel house ground 79 construction stage 3 captured at 50,35
[2026-10-04 11:49:58] dbg: [driver:1] OpenTT3D: live voxel house ground 79 construction stage 3 variant 1 captured
[2026-10-04 11:49:58] dbg: [driver:1] OpenTT3D: live voxel house 79 construction stage 3 captured at 50,35
[2026-10-04 11:49:58] dbg: [driver:1] OpenTT3D: live voxel house 79 construction stage 3 variant 1 captured
[2026-10-04 11:49:58] dbg: [driver:1] OpenTT3D: live projected tree 1842 stage 1 captured at 46,37
[2026-10-04 11:49:58] dbg: [driver:1] OpenTT3D: live projected tree 1933 stage 3 captured at 46,37
[2026-10-04 11:49:58] dbg: [driver:2] OpenTT3D: source texture 1824 mip family request 2 decode 2.948 ms, preparation 0.121 ms
[2026-10-04 11:49:58] dbg: [driver:1] OpenTT3D: live projected tree 1926 stage 6 captured at 47,37
[2026-10-04 11:49:58] dbg: [driver:1] OpenTT3D: live projected tree 1863 stage 3 captured at 47,37
[2026-10-04 11:49:58] dbg: [driver:1] OpenTT3D: live projected tree 1926 stage 3 captured at 45,38
[2026-10-04 11:49:58] dbg: [driver:1] OpenTT3D: live projected tree 1870 stage 2 captured at 44,40
[2026-10-04 11:49:58] dbg: [driver:1] OpenTT3D: live projected tree 1898 stage 5 captured at 46,40
[2026-10-04 11:49:58] dbg: [driver:1] OpenTT3D: 15 ground-detail tiles rendered with raised crops, hay, rocks or turf
[2026-10-04 11:49:58] dbg: [driver:1] OpenTT3D: live projected tree 1933 stage 2 captured at 51,32
[2026-10-04 11:49:58] dbg: [driver:1] OpenTT3D: live voxel house ground 80 construction stage 3 captured at 52,33
[2026-10-04 11:49:58] dbg: [driver:1] OpenTT3D: live voxel house ground 80 construction stage 3 variant 0 captured
[2026-10-04 11:49:58] dbg: [driver:1] OpenTT3D: live voxel house 80 construction stage 3 captured at 52,33
[2026-10-04 11:49:58] dbg: [driver:1] OpenTT3D: live voxel house 80 construction stage 3 variant 0 captured
[2026-10-04 11:49:58] dbg: [driver:1] OpenTT3D: live voxel house ground 80 construction stage 3 captured at 52,34
[2026-10-04 11:49:58] dbg: [driver:1] OpenTT3D: live voxel house ground 80 construction stage 3 variant 3 captured
[2026-10-04 11:49:58] dbg: [driver:1] OpenTT3D: live voxel house 80 construction stage 3 captured at 52,34
[2026-10-04 11:49:58] dbg: [driver:1] OpenTT3D: live voxel house 80 construction stage 3 variant 3 captured
[2026-10-04 11:49:58] dbg: [driver:1] OpenTT3D: live voxel house ground 82 construction stage 3 captured at 52,36
[2026-10-04 11:49:58] dbg: [driver:1] OpenTT3D: live voxel house ground 82 construction stage 3 variant 0 captured
[2026-10-04 11:49:58] dbg: [driver:1] OpenTT3D: live voxel house 82 construction stage 3 captured at 52,36
[2026-10-04 11:49:58] dbg: [driver:1] OpenTT3D: live voxel house 82 construction stage 3 variant 0 captured
[2026-10-04 11:49:58] dbg: [driver:1] OpenTT3D: live voxel house ground 89 construction stage 3 captured at 54,36
[2026-10-04 11:49:58] dbg: [driver:1] OpenTT3D: live voxel house ground 89 construction stage 3 variant 2 captured
[2026-10-04 11:49:58] dbg: [driver:1] OpenTT3D: live voxel house 89 construction stage 3 captured at 54,36
[2026-10-04 11:49:58] dbg: [driver:1] OpenTT3D: live voxel house 89 construction stage 3 variant 2 captured
[2026-10-04 11:49:58] dbg: [driver:1] OpenTT3D: live projected tree 1884 stage 1 captured at 51,29
[2026-10-04 11:49:58] dbg: [driver:1] OpenTT3D: live projected tree 1898 stage 3 captured at 49,30
[2026-10-04 11:49:58] dbg: [driver:1] OpenTT3D: live projected tree 1870 stage 6 captured at 49,30
[2026-10-04 11:49:58] dbg: [driver:1] OpenTT3D: live projected tree 1870 stage 3 captured at 49,30
[2026-10-04 11:49:58] dbg: [driver:1] OpenTT3D: live projected tree 1884 stage 3 captured at 55,30
[2026-10-04 11:49:58] dbg: [driver:1] OpenTT3D: live projected tree 1821 stage 5 captured at 55,30
[2026-10-04 11:49:58] dbg: [driver:1] OpenTT3D: 64 roof/wall pixels select their owning tile across four rotations, with independent vehicle picking
[2026-10-04 11:49:58] dbg: [driver:1] OpenTT3D: live projected tree 1870 stage 1 captured at 34,5
[2026-10-04 11:49:58] dbg: [driver:1] OpenTT3D: live projected tree 1842 stage 3 captured at 39,5
[2026-10-04 11:49:58] dbg: [driver:1] OpenTT3D: live projected tree 1870 stage 5 captured at 39,5
[2026-10-04 11:49:58] dbg: [driver:1] OpenTT3D: live projected tree 1863 stage 0 captured at 49,5
[2026-10-04 11:49:58] dbg: [driver:1] OpenTT3D: live projected tree 1835 stage 6 captured at 50,5
[2026-10-04 11:49:58] dbg: [driver:1] OpenTT3D: live projected tree 1940 stage 2 captured at 12,6
[2026-10-04 11:49:58] dbg: [driver:1] OpenTT3D: live projected tree 1863 stage 2 captured at 35,6
[2026-10-04 11:49:58] dbg: [driver:1] OpenTT3D: live projected tree 1835 stage 3 captured at 38,6
[2026-10-04 11:49:58] dbg: [driver:1] OpenTT3D: live projected tree 1842 stage 5 captured at 42,6
[2026-10-04 11:49:58] dbg: [driver:1] OpenTT3D: live projected tree 1898 stage 6 captured at 52,6
[2026-10-04 11:49:58] dbg: [driver:1] OpenTT3D: live projected tree 1898 stage 2 captured at 11,7
[2026-10-04 11:49:58] dbg: [driver:1] OpenTT3D: live projected tree 1842 stage 6 captured at 13,7
[2026-10-04 11:49:58] dbg: [driver:1] OpenTT3D: live projected tree 1842 stage 0 captured at 30,7
[2026-10-04 11:49:58] dbg: [driver:1] OpenTT3D: live projected tree 1863 stage 1 captured at 34,7
[2026-10-04 11:49:58] dbg: [driver:1] OpenTT3D: live projected tree 1849 stage 3 captured at 34,7
[2026-10-04 11:49:58] dbg: [driver:1] OpenTT3D: live projected tree 1835 stage 1 captured at 36,7
[2026-10-04 11:49:58] dbg: [driver:1] OpenTT3D: live projected tree 1877 stage 3 captured at 36,7
[2026-10-04 11:49:58] dbg: [driver:1] OpenTT3D: live projected tree 1835 stage 0 captured at 37,7
[2026-10-04 11:49:58] dbg: [driver:1] OpenTT3D: live projected tree 1926 stage 2 captured at 56,7
[2026-10-04 11:49:58] dbg: [driver:1] OpenTT3D: live projected tree 1898 stage 4 captured at 59,7
[2026-10-04 11:49:58] dbg: [driver:1] OpenTT3D: live projected tree 1933 stage 5 captured at 60,7
[2026-10-04 11:49:58] dbg: [driver:1] OpenTT3D: live projected tree 1835 stage 2 captured at 83,7
[2026-10-04 11:49:58] dbg: [driver:1] OpenTT3D: live projected tree 1940 stage 3 captured at 11,8
[2026-10-04 11:49:58] dbg: [driver:1] OpenTT3D: live projected tree 1926 stage 1 captured at 13,8
[2026-10-04 11:49:58] dbg: [driver:1] OpenTT3D: live projected tree 1863 stage 5 captured at 28,8
[2026-10-04 11:49:58] dbg: [driver:1] OpenTT3D: live projected tree 1940 stage 6 captured at 32,8
[2026-10-04 11:49:58] dbg: [driver:1] OpenTT3D: live projected tree 1821 stage 6 captured at 56,8
[2026-10-04 11:49:58] dbg: [driver:1] OpenTT3D: live projected tree 1842 stage 2 captured at 31,9
[2026-10-04 11:49:58] dbg: [driver:1] OpenTT3D: live projected tree 1926 stage 0 captured at 34,9
[2026-10-04 11:49:58] dbg: [driver:1] OpenTT3D: live projected tree 1870 stage 0 captured at 14,10
[2026-10-04 11:49:58] dbg: [driver:1] OpenTT3D: live projected tree 1933 stage 1 captured at 31,10
[2026-10-04 11:49:58] dbg: [driver:1] OpenTT3D: live projected tree 1842 stage 4 captured at 36,10
[2026-10-04 11:49:58] dbg: [driver:1] OpenTT3D: live projected tree 1905 stage 3 captured at 74,10
[2026-10-04 11:49:58] dbg: [driver:1] OpenTT3D: live projected tree 1933 stage 4 captured at 19,11
[2026-10-04 11:49:58] dbg: [driver:1] OpenTT3D: live projected tree 1821 stage 3 captured at 73,11
[2026-10-04 11:49:58] dbg: [driver:1] OpenTT3D: live projected tree 1891 stage 1 captured at 73,11
[2026-10-04 11:49:58] dbg: [driver:1] OpenTT3D: live projected tree 1926 stage 5 captured at 36,12
[2026-10-04 11:49:58] dbg: [driver:1] OpenTT3D: live projected tree 1884 stage 2 captured at 62,12
[2026-10-04 11:49:58] dbg: [driver:1] OpenTT3D: live projected tree 1940 stage 0 captured at 63,12
[2026-10-04 11:49:58] dbg: [driver:1] OpenTT3D: live projected tree 1821 stage 4 captured at 65,12
[2026-10-04 11:49:58] dbg: [driver:1] OpenTT3D: live projected tree 1828 stage 3 captured at 45,13
[2026-10-04 11:49:58] dbg: [driver:1] OpenTT3D: live projected tree 1940 stage 5 captured at 45,13
[2026-10-04 11:49:58] dbg: [driver:1] OpenTT3D: live projected tree 1905 stage 6 captured at 54,13
[2026-10-04 11:49:58] dbg: [driver:1] OpenTT3D: live projected tree 1828 stage 1 captured at 61,13
[2026-10-04 11:49:58] dbg: [driver:1] OpenTT3D: live projected tree 1821 stage 1 captured at 65,13
[2026-10-04 11:49:58] dbg: [driver:1] OpenTT3D: live projected tree 1884 stage 5 captured at 66,13
[2026-10-04 11:49:58] dbg: [driver:1] OpenTT3D: live projected tree 1940 stage 1 captured at 95,13
[2026-10-04 11:49:58] dbg: [driver:1] OpenTT3D: live projected tree 1884 stage 6 captured at 64,14
[2026-10-04 11:49:58] dbg: [driver:1] OpenTT3D: live projected tree 1828 stage 5 captured at 82,14
[2026-10-04 11:49:58] dbg: [driver:1] OpenTT3D: live projected tree 1849 stage 6 captured at 95,14
[2026-10-04 11:49:58] dbg: [driver:1] OpenTT3D: live projected tree 1905 stage 5 captured at 19,15
[2026-10-04 11:49:58] dbg: [driver:1] OpenTT3D: live projected tree 1891 stage 6 captured at 20,15
[2026-10-04 11:49:58] dbg: [driver:1] OpenTT3D: live projected tree 1940 stage 4 captured at 43,15
[2026-10-04 11:49:58] dbg: [driver:1] OpenTT3D: live projected tree 1884 stage 4 captured at 67,15
[2026-10-04 11:49:58] dbg: [driver:1] OpenTT3D: live projected tree 1905 stage 0 captured at 68,15
[2026-10-04 11:49:58] dbg: [driver:1] OpenTT3D: live projected tree 1863 stage 6 captured at 21,16
[2026-10-04 11:49:58] dbg: [driver:1] OpenTT3D: live projected tree 1933 stage 6 captured at 22,16
[2026-10-04 11:49:58] dbg: [driver:1] OpenTT3D: live projected tree 1835 stage 5 captured at 68,17
[2026-10-04 11:49:58] dbg: [driver:1] OpenTT3D: live projected tree 1905 stage 1 captured at 21,18
[2026-10-04 11:49:58] dbg: [driver:1] OpenTT3D: live projected tree 1912 stage 3 captured at 51,18
[2026-10-04 11:49:58] dbg: [driver:1] OpenTT3D: live projected tree 1912 stage 4 captured at 51,18
[2026-10-04 11:49:58] dbg: [driver:1] OpenTT3D: live projected tree 1919 stage 3 captured at 51,18
[2026-10-04 11:49:58] dbg: [driver:1] OpenTT3D: live projected tree 1912 stage 2 captured at 52,18
[2026-10-04 11:49:58] dbg: [driver:1] OpenTT3D: live projected tree 1891 stage 5 captured at 64,18
[2026-10-04 11:49:58] dbg: [driver:1] OpenTT3D: live projected tree 1884 stage 0 captured at 66,18
[2026-10-04 11:49:58] dbg: [driver:1] OpenTT3D: live projected tree 1905 stage 2 captured at 68,18
[2026-10-04 11:49:58] dbg: [driver:1] OpenTT3D: live projected tree 1891 stage 0 captured at 89,18
[2026-10-04 11:49:58] dbg: [driver:1] OpenTT3D: live projected tree 1912 stage 5 captured at 57,19
[2026-10-04 11:49:58] dbg: [driver:1] OpenTT3D: live projected tree 1912 stage 1 captured at 63,19
[2026-10-04 11:49:58] dbg: [driver:1] OpenTT3D: live projected tree 1891 stage 3 captured at 100,19
[2026-10-04 11:49:58] dbg: [driver:1] OpenTT3D: live projected tree 1863 stage 4 captured at 23,20
[2026-10-04 11:49:58] dbg: [driver:1] OpenTT3D: live projected tree 1919 stage 5 captured at 51,20
[2026-10-04 11:49:58] dbg: [driver:1] OpenTT3D: live projected tree 1891 stage 2 captured at 21,21
[2026-10-04 11:49:58] dbg: [driver:1] OpenTT3D: live projected tree 1912 stage 6 captured at 62,21
[2026-10-04 11:49:58] dbg: [driver:1] OpenTT3D: live projected tree 1828 stage 6 captured at 1,22
[2026-10-04 11:49:58] dbg: [driver:1] OpenTT3D: live projected tree 1919 stage 2 captured at 14,22
[2026-10-04 11:49:58] dbg: [driver:1] OpenTT3D: live projected tree 1821 stage 0 captured at 22,22
[2026-10-04 11:49:58] dbg: [driver:1] OpenTT3D: live projected tree 1821 stage 2 captured at 20,23
[2026-10-04 11:49:58] dbg: [driver:1] OpenTT3D: live projected tree 1828 stage 2 captured at 15,27
[2026-10-04 11:49:58] dbg: [driver:1] OpenTT3D: live projected tree 1891 stage 4 captured at 17,28
[2026-10-04 11:49:58] dbg: [driver:1] OpenTT3D: live projected tree 1877 stage 1 captured at 28,31
[2026-10-04 11:49:58] dbg: [driver:1] OpenTT3D: live projected tree 1919 stage 6 captured at 91,31
[2026-10-04 11:49:58] dbg: [driver:1] OpenTT3D: live projected tree 1849 stage 2 captured at 15,36
[2026-10-04 11:49:58] dbg: [driver:1] OpenTT3D: live projected tree 1926 stage 4 captured at 34,37
[2026-10-04 11:49:58] dbg: [driver:1] OpenTT3D: live projected tree 1856 stage 3 captured at 13,39
[2026-10-04 11:49:58] dbg: [driver:1] OpenTT3D: live projected tree 1849 stage 0 captured at 34,39
[2026-10-04 11:49:58] dbg: [driver:1] OpenTT3D: live projected tree 1877 stage 0 captured at 45,40
[2026-10-04 11:49:58] dbg: [driver:1] OpenTT3D: live voxel house ground 81 construction stage 3 captured at 51,40
[2026-10-04 11:49:58] dbg: [driver:1] OpenTT3D: live voxel house ground 81 construction stage 3 variant 1 captured
[2026-10-04 11:49:58] dbg: [driver:1] OpenTT3D: live voxel house 81 construction stage 3 captured at 51,40
[2026-10-04 11:49:58] dbg: [driver:1] OpenTT3D: live voxel house 81 construction stage 3 variant 1 captured
[2026-10-04 11:49:58] dbg: [driver:1] OpenTT3D: live projected tree 1856 stage 0 captured at 45,42
[2026-10-04 11:49:58] dbg: [driver:1] OpenTT3D: live projected tree 1905 stage 4 captured at 9,43
[2026-10-04 11:49:58] dbg: [driver:1] OpenTT3D: live projected tree 1849 stage 5 captured at 44,44
[2026-10-04 11:49:58] dbg: [driver:1] OpenTT3D: live projected tree 1877 stage 2 captured at 4,52
[2026-10-04 11:49:58] dbg: [driver:1] OpenTT3D: live projected tree 1898 stage 1 captured at 42,68
[2026-10-04 11:49:58] dbg: [driver:1] OpenTT3D: live projected tree 1898 stage 0 captured at 32,70
[2026-10-04 11:49:58] dbg: [driver:1] OpenTT3D: live projected tree 1828 stage 4 captured at 69,74
[2026-10-04 11:49:58] dbg: [driver:1] OpenTT3D: live projected tree 1912 stage 0 captured at 73,75
[2026-10-04 11:49:58] dbg: [driver:1] OpenTT3D: live projected tree 1919 stage 4 captured at 76,77
[2026-10-04 11:49:58] dbg: [driver:1] OpenTT3D: live projected tree 1919 stage 1 captured at 85,86
[2026-10-04 11:49:58] dbg: [driver:1] OpenTT3D: live projected tree 1828 stage 0 captured at 84,89
[2026-10-04 11:49:58] dbg: [driver:1] OpenTT3D: live projected tree 1933 stage 0 captured at 53,94
[2026-10-04 11:49:58] dbg: [driver:1] OpenTT3D: live projected tree 1835 stage 4 captured at 81,95
[2026-10-04 11:49:58] dbg: [driver:1] OpenTT3D: live projected tree 1849 stage 4 captured at 82,96
[2026-10-04 11:49:58] dbg: [driver:1] OpenTT3D: live projected tree 1849 stage 1 captured at 20,97
[2026-10-04 11:49:58] dbg: [driver:1] OpenTT3D: live voxel object 0 size 0 part 0 body climate 2 source 2601 captured at 29,98 with original body ownership
[2026-10-04 11:49:58] dbg: [driver:1] OpenTT3D: live projected tree 1870 stage 4 captured at 11,99
[2026-10-04 11:49:58] dbg: [driver:1] OpenTT3D: live projected tree 1877 stage 4 captured at 20,101
[2026-10-04 11:49:58] dbg: [driver:1] OpenTT3D: live projected tree 1856 stage 1 captured at 21,101
[2026-10-04 11:49:58] dbg: [driver:1] OpenTT3D: live voxel object 0 size 0 part 0 body climate 2 source 2601 captured at 35,101 with original body ownership
[2026-10-04 11:49:58] dbg: [driver:1] OpenTT3D: live projected tree 1877 stage 6 captured at 40,101
[2026-10-04 11:49:58] dbg: [driver:1] OpenTT3D: live projected tree 1877 stage 5 captured at 43,102
[2026-10-04 11:49:58] dbg: [driver:1] OpenTT3D: live projected tree 1856 stage 4 captured at 66,103
[2026-10-04 11:49:58] dbg: [driver:1] OpenTT3D: live projected tree 1856 stage 6 captured at 45,105
[2026-10-04 11:49:58] dbg: [driver:1] OpenTT3D: live voxel object 0 size 0 part 0 body climate 2 source 2601 captured at 49,115 with original body ownership
[2026-10-04 11:49:58] dbg: [driver:1] OpenTT3D: whole-world atlas relocation preserves 307200 exact RGBA/picking pixels across repack, clear and forced row relocation
[2026-10-04 11:49:58] dbg: [driver:1] OpenTT3D: captured OpenGL presentation with 1 GPU viewport regions
