usage: smoke.py [-h] --build-dir BUILD_DIR --output OUTPUT
                [--renderer {classic,3d}] [--backend {opengl,vulkan}]
                [--readback-presentation] [--vulkan-validation]
                [--rotation {0,1,2,3}] [--orbit-drag DX DY] [--year YEAR]
                [--map-bits {7,8,9,10}] [--town-count TOWN_COUNT]
                [--city-size {1,2,3,4,5,6,7,8,9,10}]
                [--climate {temperate,arctic,tropic,toyland}]
                [--savegame SAVEGAME] [--ai-dir AI_DIR]
                [--newgrf-dir NEWGRF_DIR] [--executable EXECUTABLE]
                [--graphics-from-config {OpenGFX2 Classic,OpenGFX2 High Def,OpenGFX} |
                --graphics {OpenGFX2 Classic,OpenGFX2 High Def,OpenGFX}]
                [--reference-model]
                [--reference-vehicle {0,1,2,3,4,5,6,7,8,9,10,11,12,13,14,15,16,17,18,19,20,21,22,23,24,25,26,27,28,29,30,31,32,33,34,35,36,37,38,39,40,41,42,43,44,45,46,47,48,49,50,51,52,53,54,55,56,57,58,59,60,61,62,63,64,65,66,67,68,69,70,71,72,73,74,75,76,77,78,79,80,81,82,83,84,85,86,87,88,89,90,91,92,93,94,95,96,97,98,99,100,101,102,103,104,105,106,107,108,109,110,111,112,113,114,115,116,117,118,119,120,121,122,123,124,125,126,127,128,129,130,131,132,133,134,135,136,137,138,139,140,141,142,143,144,145,146,147,148,149,150,151,152,153,154,155,156,157,158,159,160,161,162,163,164,165,166,167,168,169,170,171,172,173,174,175,176,177,178,179,180,181,182,183,184,185,186,187,188,189,190,191,192,193,194,195,196,197,198,199,200,201,202,203,204,205,206,207,208,209,210,211,212,213,214,215,216,217,218,219,220,221,222,223,224,225,226,227,228,229,230,231,232,233,234,235,236,237,238,239,240,241,242,243,244,245,246,247,248,249,250,251,252,253,254,255}]
                [--reference-vehicle-binding {0,1,2,3,4,5,6,7}]
                [--reference-cargo {empty,full}]
                [--reference-industry GRAPHICS STAGE]
                [--reference-industry-ground GRAPHICS STAGE]
                [--reference-tree BASE_SPRITE STAGE]
                [--reference-object {0,1,2,3,4}] [--reference-object-tile X Y]
                [--verify-object-palette {0,1}]
                [--reference-house-stage {0,1,2,3}]
                [--reference-house-id {0,1,2,3,4,5,6,7,8,9,10,11,12,13,14,15,16,17,18,19,20,21,22,23,24,25,26,27,28,29,30,31,32,33,34,35,36,37,38,39,40,41,42,43,44,45,46,47,48,49,50,51,52,53,54,55,56,57,58,59,60,61,62,63,64,65,66,67,68,69,70,71,72,73,74,75,76,77,78,79,80,81,82,83,84,85,86,87,88,89,90,91,92,93,94,95,96,97,98,99,100,101,102,103,104,105,106,107,108,109}]
                [--reference-house-variant {0,1,2,3}] [--reference-bridge]
                [--reference-fence {0,1,2,3,4,5,6}]
                [--reference-foundation [{any,house,voxel-house,rail,road,station,industry}]]
                [--reference-tunnel] [--reference-station]
                [--reference-airport]
                [--reference-airport-tile {0,1,2,3,4,5,6,7,8,9,10,11,12,13,14,15,16,17,18,19,20,21,22,23,24,25,26,27,28,29,30,31,32,33,34,35,36,37,38,39,40,41,42,43,44,45,46,47,48,49,50,51,52,53,54,55,56,57,58,59,60,61,62,63,64,65,66,67,68,69,70,71,72,73}]
                [--reference-signal] [--reference-catenary]
                [--reference-depot] [--reference-voxel-depot {0,1,2,3,4,5}]
                [--reference-depot-direction {0,1,2,3}]
                [--reference-ship-depot {0,1}]
                [--reference-dock {0,1,2,3,4,5}] [--reference-buoy]
                [--reference-crossing] [--reference-road-stop]
                [--reference-ground-detail KIND VARIANT] [--export-references]
                [--export-effects] [--export-objects] [--trace-effects]
                [--expect-no-effects] [--clear-tile X Y]
                [--clear-tile-delay CLEAR_TILE_DELAY]
                [--allow-paused-clearing]
                [--industry-visibility {normal,transparent,invisible}]
                [--gallery-house GALLERY_HOUSE [GALLERY_HOUSE ...]]
                [--gallery-voxels]
                [--gallery-voxel-prefix GALLERY_VOXEL_PREFIX]
                [--gallery-voxel-overview]
                [--expect-canal-dikes {0,1,2,3,4,5,6,7,8,9,10,11} [{0,1,2,3,4,5,6,7,8,9,10,11} ...]]
                [--gallery-industry {0,1,2,3,4,5,6,7,8,9,10,11,12,13,14,15,16,17,18,19,20,21,22,23,24,25,26,27,28,29,30,31,32,33,34,35,36,37,38,39,40,41,42,43,44,45,46,47,48,49,50,51,52,53,54,55,56,57,58,59,60,61,62,63,64,65,66,67,68,69,70,71,72,73,74,75,76,77,78,79,80,81,82,83,84,85,86,87,88,89,90,91,92,93,94,95,96,97,98,99,100,101,102,103,104,105,106,107,108,109,110,111,112,113,114,115,116,117,118,119,120,121,122,123,124,125,126,127,128,129,130,131,132,133,134,135,136,137,138,139,140,141,142,143,144,145,146,147,148,149,150,151,152,153,154,155,156,157,158,159,160,161,162,163,164,165,166,167,168,169,170,171,172,173,174}]
                [--gallery-vehicle {0,1,2,3,4,5,6,7,8,9,10,11,12,13,14,15,16,17,18,19,20,21,22,23,24,25,26,27,28,29,30,31,32,33,34,35,36,37,38,39,40,41,42,43,44,45,46,47,48,49,50,51,52,53,54,55,56,57,58,59,60,61,62,63,64,65,66,67,68,69,70,71,72,73,74,75,76,77,78,79,80,81,82,83,84,85,86,87,88,89,90,91,92,93,94,95,96,97,98,99,100,101,102,103,104,105,106,107,108,109,110,111,112,113,114,115,116,117,118,119,120,121,122,123,124,125,126,127,128,129,130,131,132,133,134,135,136,137,138,139,140,141,142,143,144,145,146,147,148,149,150,151,152,153,154,155,156,157,158,159,160,161,162,163,164,165,166,167,168,169,170,171,172,173,174,175,176,177,178,179,180,181,182,183,184,185,186,187,188,189,190,191,192,193,194,195,196,197,198,199,200,201,202,203,204,205,206,207,208,209,210,211,212,213,214,215,216,217,218,219,220,221,222,223,224,225,226,227,228,229,230,231,232,233,234,235,236,237,238,239,240,241,242,243,244,245,246,247,248,249,250,251,252,253,254,255}]
                [--gallery-bridge {0,1,2,3,4,5,6,7,8,9,10,11,12}]
                [--gallery-fence {0,1,2,3,4,5,6} [{0,1,2,3,4,5,6} ...]]
                [--fence-slope {0,1,2,3,4,5,6,7,8,9,10,11,12,13,14,23,27,29,30,33,98,164,232,59,119,190,253}]
                [--fence-layout {0,1,2,3,4,5,6,7,8,9,10,11,12,13,14,15}]
                [--gallery-foundation SLOPE FOUNDATION]
                [--gallery-tunnel KIND DIRECTION]
                [--gallery-rail TYPE TRACK_BITS SLOPE]
                [--gallery-station TYPE LAYOUT]
                [--gallery-ground-detail KIND VARIANT SLOPE]
                [--gallery-signal TYPE VARIANT STATE]
                [--gallery-catenary TRACK GRADE]
                [--gallery-depot KIND DIRECTION]
                [--gallery-crossing KIND AXIS BARRED]
                [--gallery-road-stop KIND LAYOUT] [--loaded-vehicle]
                [--export-vehicles] [--export-industries] [--export-bridges]
                [--export-terrain] [--export-stations] [--export-rail-details]
                [--export-infrastructure] [--verify-vehicles]
                [--verify-industries] [--verify-trees]
                [--tree-verification-scope {full,active}] [--verify-bridges]
                [--verify-fences] [--verify-foundations] [--verify-tunnels]
                [--verify-live-tunnel] [--verify-rails] [--verify-stations]
                [--verify-ground-details] [--verify-ground-continuity]
                [--verify-rail-details] [--verify-depots]
                [--verify-depot-traversal VEHICLE] [--verify-crossings]
                [--verify-road-stops] [--verify-crossing-transitions]
                [--verify-airport-animation GFX [GFX ...]]
                [--verify-industry-animation GFX [GFX ...]]
                [--verify-plastic-fountain] [--verify-forest-cycle |
                --verify-harvest-cycle GRAPHICS] [--verify-power-sparks]
                [--verify-toy-factory] [--verify-bubble-generator]
                [--verify-toffee-quarry] [--verify-sugar-mine]
                [--verify-house-lift] [--verify-radio-beacons]
                [--verify-buoy-beacon] [--verify-voxel-water {8,10,11}]
                [--verify-stadium-palette {20,32} |
                --verify-house-palette {20,31,32,39,104,105}]
                [--verify-dock-palette {4,5}]
                [--verify-industry-palette GFX [GFX ...]] [--verify-renderer]
                [--renderer-verification-scope {full,scene}]
                [--verify-instance-order] [--verify-clipping]
                [--verify-world-atlas] [--verify-voxel-meshes PREFIX]
                [--verify-voxel-poses {0,1,2,3,4,5,6,7,8,9,10,11,12,13,14,15,16,17,18,19,20,21,22,23,24,25,26,27,28,29,30,31,32,33,34,35,36,37,38,39,40,41,42,43,44,45,46,47,48,49,50,51,52,53,54,55,56,57,58,59,60,61,62,63,64,65,66,67,68,69,70,71,72,73,74,75,76,77,78,79,80,81,82,83,84,85,86,87,88,89,90,91,92,93,94,95,96,97,98,99,100,101,102,103,104,105,106,107,108,109,110,111,112,113,114,115,116,117,118,119,120,121,122,123,124,125,126,127,128,129,130,131,132,133,134,135,136,137,138,139,140,141,142,143,144,145,146,147,148,149,150,151,152,153,154,155,156,157,158,159,160,161,162,163,164,165,166,167,168,169,170,171,172,173,174,175,176,177,178,179,180,181,182,183,184,185,186,187,188,189,190,191,192,193,194,195,196,197,198,199,200,201,202,203,204,205,206,207,208,209,210,211,212,213,214,215,216,217,218,219,220,221,222,223,224,225,226,227,228,229,230,231,232,233,234,235,236,237,238,239,240,241,242,243,244,245,246,247,248,249,250,251,252,253,254,255} [{0,1,2,3,4,5,6,7,8,9,10,11,12,13,14,15,16,17,18,19,20,21,22,23,24,25,26,27,28,29,30,31,32,33,34,35,36,37,38,39,40,41,42,43,44,45,46,47,48,49,50,51,52,53,54,55,56,57,58,59,60,61,62,63,64,65,66,67,68,69,70,71,72,73,74,75,76,77,78,79,80,81,82,83,84,85,86,87,88,89,90,91,92,93,94,95,96,97,98,99,100,101,102,103,104,105,106,107,108,109,110,111,112,113,114,115,116,117,118,119,120,121,122,123,124,125,126,127,128,129,130,131,132,133,134,135,136,137,138,139,140,141,142,143,144,145,146,147,148,149,150,151,152,153,154,155,156,157,158,159,160,161,162,163,164,165,166,167,168,169,170,171,172,173,174,175,176,177,178,179,180,181,182,183,184,185,186,187,188,189,190,191,192,193,194,195,196,197,198,199,200,201,202,203,204,205,206,207,208,209,210,211,212,213,214,215,216,217,218,219,220,221,222,223,224,225,226,227,228,229,230,231,232,233,234,235,236,237,238,239,240,241,242,243,244,245,246,247,248,249,250,251,252,253,254,255} ...]]
                [--verify-voxel-vehicle {0,1,2,3,4,5,6,7,8,9,10,11,12,13,14,15,16,17,18,19,20,21,22,23,24,25,26,27,28,29,30,31,32,33,34,35,36,37,38,39,40,41,42,43,44,45,46,47,48,49,50,51,52,53,54,55,56,57,58,59,60,61,62,63,64,65,66,67,68,69,70,71,72,73,74,75,76,77,78,79,80,81,82,83,84,85,86,87,88,89,90,91,92,93,94,95,96,97,98,99,100,101,102,103,104,105,106,107,108,109,110,111,112,113,114,115,116,117,118,119,120,121,122,123,124,125,126,127,128,129,130,131,132,133,134,135,136,137,138,139,140,141,142,143,144,145,146,147,148,149,150,151,152,153,154,155,156,157,158,159,160,161,162,163,164,165,166,167,168,169,170,171,172,173,174,175,176,177,178,179,180,181,182,183,184,185,186,187,188,189,190,191,192,193,194,195,196,197,198,199,200,201,202,203,204,205,206,207,208,209,210,211,212,213,214,215,216,217,218,219,220,221,222,223,224,225,226,227,228,229,230,231,232,233,234,235,236,237,238,239,240,241,242,243,244,245,246,247,248,249,250,251,252,253,254,255}]
                [--verify-voxel-cargo {0,1,2,3,4,5,6,7,8,9,10,11,12,13,14,15,16,17,18,19,20,21,22,23,24,25,26,27,28,29,30,31,32,33,34,35,36,37,38,39,40,41,42,43,44,45,46,47,48,49,50,51,52,53,54,55,56,57,58,59,60,61,62,63,64,65,66,67,68,69,70,71,72,73,74,75,76,77,78,79,80,81,82,83,84,85,86,87,88,89,90,91,92,93,94,95,96,97,98,99,100,101,102,103,104,105,106,107,108,109,110,111,112,113,114,115,116,117,118,119,120,121,122,123,124,125,126,127,128,129,130,131,132,133,134,135,136,137,138,139,140,141,142,143,144,145,146,147,148,149,150,151,152,153,154,155,156,157,158,159,160,161,162,163,164,165,166,167,168,169,170,171,172,173,174,175,176,177,178,179,180,181,182,183,184,185,186,187,188,189,190,191,192,193,194,195,196,197,198,199,200,201,202,203,204,205,206,207,208,209,210,211,212,213,214,215,216,217,218,219,220,221,222,223,224,225,226,227,228,229,230,231,232,233,234,235,236,237,238,239,240,241,242,243,244,245,246,247,248,249,250,251,252,253,254,255}]
                [--verify-helicopter-rotor {253,254,255}]
                [--verify-aircraft-contact {215,216,217,218,219,220,221,222,223,224,225,226,227,228,229,230,231,232,233,234,235,236,237,238,239,240,241,242,243,244,245,246,247,248,249,250,251,252,253,254,255}]
                [--trace-aircraft-clearance]
                [--verify-train-collectors {23,24,25,26}]
                [--verify-train-support {0,1,2,3,4,5,6,7,8,9,10,11,12,13,14,15,16,17,18,19,20,21,22,23,24,25,26,27,28,29,30,31,32,33,34,35,36,37,38,39,40,41,42,43,44,45,46,47,48,49,50,51,52,53,54,55,56,57,58,59,60,61,62,63,64,65,66,67,68,69,70,71,72,73,74,75,76,77,78,79,80,81,82,83,84,85,86,87,88,89,90,91,92,93,94,95,96,97,98,99,100,101,102,103,104,105,106,107,108,109,110,111,112,113,114,115}]
                [--verify-train-corners] [--verify-tile-picking]
                [--verify-native-input] [--macos-bundle] [--background]
                [--benchmark-frames BENCHMARK_FRAMES]
                [--zoom {-6,-5,-4,-3,-2,-1,0,1,2,3,4,5}] [--fullscreen]
                [--resolution WIDTH HEIGHT] [--center TILE_X TILE_Y]
                [--infinite-water] [--first-person VEHICLE_ID] [--running]
                [--menu] [--screenshot-size WIDTH HEIGHT]
                [--blitter {32bpp-optimized,40bpp-anim}] [--synchronous-save]
                [--timeout TIMEOUT] [--memory-limit-mib MEMORY_LIMIT_MIB]
                [--keep-open] [--brief]
smoke.py: error: unrecognized arguments: --verify-ordered-layers --verify-visible-draw --verify-model-retirement --verify-voxel-registration
Traceback (most recent call last):
  File "/Users/stanislav/Projects/opentt3d/build-macos/breadth-original-lock-raster-origin-retry-controls.py", line 32, in <module>
    assert result.returncode == 0,row
           ^^^^^^^^^^^^^^^^^^^^^^
AssertionError: {'backend': 'opengl', 'y_down': False, 'output': '/Users/stanislav/Projects/opentt3d/build-macos/breadth-original-lock-raster-origin-retry-opengl-default', 'exit_code': 2, 'command': ['python3', 'tools/opentt3d/smoke.py', '--build-dir', '/Users/stanislav/Projects/opentt3d/build-macos/breadth-original-lock-raster-origin-frozen-build', '--output', '/Users/stanislav/Projects/opentt3d/build-macos/breadth-original-lock-raster-origin-retry-opengl-default', '--background', '--backend', 'opengl', '--savegame', '/Users/stanislav/Projects/opentt3d/build-macos/breadth-original-lock-temperate-natural-resources-fixture/save/lock-fixture.sav', '--ai-dir', '/Users/stanislav/Projects/opentt3d/build-macos/breadth-original-lock-temperate-natural-resources-fixture/ai', '--center', '101', '4', '--gallery-voxel-prefix', 'lock_study_', '--gallery-voxel-overview', '--verify-world-atlas', '--verify-tile-picking', '--verify-clipping', '--verify-ordered-layers', '--verify-instance-order', '--verify-visible-draw', '--verify-model-retirement', '--verify-voxel-registration', '--synchronous-save', '--resolution', '640', '480', '--timeout', '600', '--brief']}
