{"output": "/Users/stanislav/Projects/opentt3d/build-macos/breadth-original-river-natural-selector-classic-temperate-seed271828-vulkan-off", "image_size": [1280, 960]}
{"build": "/Users/stanislav/Projects/opentt3d/build-macos", "converted": 4, "raw_bytes": 19661080, "png_bytes": 1482124, "saved_bytes": 18178956, "preserved_errors": 0, "manifest": "/Users/stanislav/Projects/opentt3d/build-macos/review-compaction-20261003T215728182440Z.json"}
{"output": "/Users/stanislav/Projects/opentt3d/build-macos/breadth-original-river-natural-selector-classic-temperate-seed271828-vulkan-on", "image_size": [1280, 960]}
{"build": "/Users/stanislav/Projects/opentt3d/build-macos", "converted": 4, "raw_bytes": 19661080, "png_bytes": 1482124, "saved_bytes": 18178956, "preserved_errors": 0, "manifest": "/Users/stanislav/Projects/opentt3d/build-macos/review-compaction-20261003T215747871821Z.json"}
{"reference": "/Users/stanislav/Projects/opentt3d/build-macos/breadth-original-river-natural-selector-classic-temperate-seed271828-vulkan-off/screenshot/smoke.png", "actual": "/Users/stanislav/Projects/opentt3d/build-macos/breadth-original-river-natural-selector-classic-temperate-seed271828-vulkan-on/screenshot/smoke.png", "images": 1, "pixels": 1228800, "differences": []}
{"output": "/Users/stanislav/Projects/opentt3d/build-macos/breadth-original-river-natural-selector-classic-temperate-seed271828-opengl-off", "image_size": [1280, 960]}
{"build": "/Users/stanislav/Projects/opentt3d/build-macos", "converted": 4, "raw_bytes": 19661080, "png_bytes": 1480940, "saved_bytes": 18180140, "preserved_errors": 0, "manifest": "/Users/stanislav/Projects/opentt3d/build-macos/review-compaction-20261003T215806334925Z.json"}
{"output": "/Users/stanislav/Projects/opentt3d/build-macos/breadth-original-river-natural-selector-classic-temperate-seed271828-opengl-on", "image_size": [1280, 960]}
{"build": "/Users/stanislav/Projects/opentt3d/build-macos", "converted": 4, "raw_bytes": 19661080, "png_bytes": 1480940, "saved_bytes": 18180140, "preserved_errors": 0, "manifest": "/Users/stanislav/Projects/opentt3d/build-macos/review-compaction-20261003T215825856506Z.json"}
{"reference": "/Users/stanislav/Projects/opentt3d/build-macos/breadth-original-river-natural-selector-classic-temperate-seed271828-opengl-off/screenshot/smoke.png", "actual": "/Users/stanislav/Projects/opentt3d/build-macos/breadth-original-river-natural-selector-classic-temperate-seed271828-opengl-on/screenshot/smoke.png", "images": 1, "pixels": 1228800, "differences": []}
{"output": "/Users/stanislav/Projects/opentt3d/build-macos/breadth-original-river-natural-selector-classic-arctic-seed271828-vulkan-off", "image_size": [1280, 960]}
{"build": "/Users/stanislav/Projects/opentt3d/build-macos", "converted": 4, "raw_bytes": 19661080, "png_bytes": 1836952, "saved_bytes": 17824128, "preserved_errors": 0, "manifest": "/Users/stanislav/Projects/opentt3d/build-macos/review-compaction-20261003T215840386222Z.json"}
{"output": "/Users/stanislav/Projects/opentt3d/build-macos/breadth-original-river-natural-selector-classic-arctic-seed271828-vulkan-on", "image_size": [1280, 960]}
{"build": "/Users/stanislav/Projects/opentt3d/build-macos", "converted": 4, "raw_bytes": 19661080, "png_bytes": 1836952, "saved_bytes": 17824128, "preserved_errors": 0, "manifest": "/Users/stanislav/Projects/opentt3d/build-macos/review-compaction-20261003T215859958206Z.json"}
{"reference": "/Users/stanislav/Projects/opentt3d/build-macos/breadth-original-river-natural-selector-classic-arctic-seed271828-vulkan-off/screenshot/smoke.png", "actual": "/Users/stanislav/Projects/opentt3d/build-macos/breadth-original-river-natural-selector-classic-arctic-seed271828-vulkan-on/screenshot/smoke.png", "images": 1, "pixels": 1228800, "differences": []}
{"output": "/Users/stanislav/Projects/opentt3d/build-macos/breadth-original-river-natural-selector-classic-arctic-seed271828-opengl-off", "image_size": [1280, 960]}
{"build": "/Users/stanislav/Projects/opentt3d/build-macos", "converted": 4, "raw_bytes": 19661080, "png_bytes": 1837208, "saved_bytes": 17823872, "preserved_errors": 0, "manifest": "/Users/stanislav/Projects/opentt3d/build-macos/review-compaction-20261003T215915012203Z.json"}
{"output": "/Users/stanislav/Projects/opentt3d/build-macos/breadth-original-river-natural-selector-classic-arctic-seed271828-opengl-on", "image_size": [1280, 960]}
{"build": "/Users/stanislav/Projects/opentt3d/build-macos", "converted": 4, "raw_bytes": 19661080, "png_bytes": 1837208, "saved_bytes": 17823872, "preserved_errors": 0, "manifest": "/Users/stanislav/Projects/opentt3d/build-macos/review-compaction-20261003T215944184574Z.json"}
{"reference": "/Users/stanislav/Projects/opentt3d/build-macos/breadth-original-river-natural-selector-classic-arctic-seed271828-opengl-off/screenshot/smoke.png", "actual": "/Users/stanislav/Projects/opentt3d/build-macos/breadth-original-river-natural-selector-classic-arctic-seed271828-opengl-on/screenshot/smoke.png", "images": 1, "pixels": 1228800, "differences": []}
{"output": "/Users/stanislav/Projects/opentt3d/build-macos/breadth-original-river-natural-selector-classic-tropic-seed271828-vulkan-off", "image_size": [1280, 960]}
{"build": "/Users/stanislav/Projects/opentt3d/build-macos", "converted": 4, "raw_bytes": 19661080, "png_bytes": 1245076, "saved_bytes": 18416004, "preserved_errors": 0, "manifest": "/Users/stanislav/Projects/opentt3d/build-macos/review-compaction-20261003T220000000899Z.json"}
{"output": "/Users/stanislav/Projects/opentt3d/build-macos/breadth-original-river-natural-selector-classic-tropic-seed271828-vulkan-on", "image_size": [1280, 960]}
{"build": "/Users/stanislav/Projects/opentt3d/build-macos", "converted": 4, "raw_bytes": 19661080, "png_bytes": 1245076, "saved_bytes": 18416004, "preserved_errors": 0, "manifest": "/Users/stanislav/Projects/opentt3d/build-macos/review-compaction-20261003T220014863560Z.json"}
{"reference": "/Users/stanislav/Projects/opentt3d/build-macos/breadth-original-river-natural-selector-classic-tropic-seed271828-vulkan-off/screenshot/smoke.png", "actual": "/Users/stanislav/Projects/opentt3d/build-macos/breadth-original-river-natural-selector-classic-tropic-seed271828-vulkan-on/screenshot/smoke.png", "images": 1, "pixels": 1228800, "differences": []}
{"output": "/Users/stanislav/Projects/opentt3d/build-macos/breadth-original-river-natural-selector-classic-tropic-seed271828-opengl-off", "image_size": [1280, 960]}
{"build": "/Users/stanislav/Projects/opentt3d/build-macos", "converted": 4, "raw_bytes": 19661080, "png_bytes": 1245624, "saved_bytes": 18415456, "preserved_errors": 0, "manifest": "/Users/stanislav/Projects/opentt3d/build-macos/review-compaction-20261003T220029576824Z.json"}
{"output": "/Users/stanislav/Projects/opentt3d/build-macos/breadth-original-river-natural-selector-classic-tropic-seed271828-opengl-on", "image_size": [1280, 960]}
{"build": "/Users/stanislav/Projects/opentt3d/build-macos", "converted": 4, "raw_bytes": 19661080, "png_bytes": 1245624, "saved_bytes": 18415456, "preserved_errors": 0, "manifest": "/Users/stanislav/Projects/opentt3d/build-macos/review-compaction-20261003T220044189695Z.json"}
{"reference": "/Users/stanislav/Projects/opentt3d/build-macos/breadth-original-river-natural-selector-classic-tropic-seed271828-opengl-off/screenshot/smoke.png", "actual": "/Users/stanislav/Projects/opentt3d/build-macos/breadth-original-river-natural-selector-classic-tropic-seed271828-opengl-on/screenshot/smoke.png", "images": 1, "pixels": 1228800, "differences": []}
{"output": "/Users/stanislav/Projects/opentt3d/build-macos/breadth-original-river-natural-selector-classic-toyland-seed271828-vulkan-off", "image_size": [1280, 960]}
{"build": "/Users/stanislav/Projects/opentt3d/build-macos", "converted": 4, "raw_bytes": 19661080, "png_bytes": 895876, "saved_bytes": 18765204, "preserved_errors": 0, "manifest": "/Users/stanislav/Projects/opentt3d/build-macos/review-compaction-20261003T220058390620Z.json"}
{"output": "/Users/stanislav/Projects/opentt3d/build-macos/breadth-original-river-natural-selector-classic-toyland-seed271828-vulkan-on", "image_size": [1280, 960]}
{"build": "/Users/stanislav/Projects/opentt3d/build-macos", "converted": 4, "raw_bytes": 19661080, "png_bytes": 895876, "saved_bytes": 18765204, "preserved_errors": 0, "manifest": "/Users/stanislav/Projects/opentt3d/build-macos/review-compaction-20261003T220124400387Z.json"}
{"reference": "/Users/stanislav/Projects/opentt3d/build-macos/breadth-original-river-natural-selector-classic-toyland-seed271828-vulkan-off/screenshot/smoke.png", "actual": "/Users/stanislav/Projects/opentt3d/build-macos/breadth-original-river-natural-selector-classic-toyland-seed271828-vulkan-on/screenshot/smoke.png", "images": 1, "pixels": 1228800, "differences": []}
{"output": "/Users/stanislav/Projects/opentt3d/build-macos/breadth-original-river-natural-selector-classic-toyland-seed271828-opengl-off", "image_size": [1280, 960]}
{"build": "/Users/stanislav/Projects/opentt3d/build-macos", "converted": 4, "raw_bytes": 19661080, "png_bytes": 895148, "saved_bytes": 18765932, "preserved_errors": 0, "manifest": "/Users/stanislav/Projects/opentt3d/build-macos/review-compaction-20261003T220139191651Z.json"}
{"output": "/Users/stanislav/Projects/opentt3d/build-macos/breadth-original-river-natural-selector-classic-toyland-seed271828-opengl-on", "image_size": [1280, 960]}
{"build": "/Users/stanislav/Projects/opentt3d/build-macos", "converted": 4, "raw_bytes": 19661080, "png_bytes": 895148, "saved_bytes": 18765932, "preserved_errors": 0, "manifest": "/Users/stanislav/Projects/opentt3d/build-macos/review-compaction-20261003T220159248588Z.json"}
{"reference": "/Users/stanislav/Projects/opentt3d/build-macos/breadth-original-river-natural-selector-classic-toyland-seed271828-opengl-off/screenshot/smoke.png", "actual": "/Users/stanislav/Projects/opentt3d/build-macos/breadth-original-river-natural-selector-classic-toyland-seed271828-opengl-on/screenshot/smoke.png", "images": 1, "pixels": 1228800, "differences": []}
{"output": "/Users/stanislav/Projects/opentt3d/build-macos/breadth-original-river-natural-selector-classic-tropic-seed161803-vulkan-off", "image_size": [1280, 960]}
{"build": "/Users/stanislav/Projects/opentt3d/build-macos", "converted": 4, "raw_bytes": 19661080, "png_bytes": 1290192, "saved_bytes": 18370888, "preserved_errors": 0, "manifest": "/Users/stanislav/Projects/opentt3d/build-macos/review-compaction-20261003T220219640829Z.json"}
{"output": "/Users/stanislav/Projects/opentt3d/build-macos/breadth-original-river-natural-selector-classic-tropic-seed161803-vulkan-on", "image_size": [1280, 960]}
{"build": "/Users/stanislav/Projects/opentt3d/build-macos", "converted": 4, "raw_bytes": 19661080, "png_bytes": 1290192, "saved_bytes": 18370888, "preserved_errors": 0, "manifest": "/Users/stanislav/Projects/opentt3d/build-macos/review-compaction-20261003T220235061629Z.json"}
{"reference": "/Users/stanislav/Projects/opentt3d/build-macos/breadth-original-river-natural-selector-classic-tropic-seed161803-vulkan-off/screenshot/smoke.png", "actual": "/Users/stanislav/Projects/opentt3d/build-macos/breadth-original-river-natural-selector-classic-tropic-seed161803-vulkan-on/screenshot/smoke.png", "images": 1, "pixels": 1228800, "differences": []}
{"output": "/Users/stanislav/Projects/opentt3d/build-macos/breadth-original-river-natural-selector-classic-tropic-seed161803-opengl-off", "image_size": [1280, 960]}
{"build": "/Users/stanislav/Projects/opentt3d/build-macos", "converted": 4, "raw_bytes": 19661080, "png_bytes": 1290152, "saved_bytes": 18370928, "preserved_errors": 0, "manifest": "/Users/stanislav/Projects/opentt3d/build-macos/review-compaction-20261003T220249316220Z.json"}
{"output": "/Users/stanislav/Projects/opentt3d/build-macos/breadth-original-river-natural-selector-classic-tropic-seed161803-opengl-on", "image_size": [1280, 960]}
{"build": "/Users/stanislav/Projects/opentt3d/build-macos", "converted": 4, "raw_bytes": 19661080, "png_bytes": 1290152, "saved_bytes": 18370928, "preserved_errors": 0, "manifest": "/Users/stanislav/Projects/opentt3d/build-macos/review-compaction-20261003T220304952877Z.json"}
{"reference": "/Users/stanislav/Projects/opentt3d/build-macos/breadth-original-river-natural-selector-classic-tropic-seed161803-opengl-off/screenshot/smoke.png", "actual": "/Users/stanislav/Projects/opentt3d/build-macos/breadth-original-river-natural-selector-classic-tropic-seed161803-opengl-on/screenshot/smoke.png", "images": 1, "pixels": 1228800, "differences": []}
{"output": "/Users/stanislav/Projects/opentt3d/build-macos/breadth-original-river-natural-selector-opengfx-temperate-seed271828-vulkan-off", "image_size": [1280, 960]}
{"build": "/Users/stanislav/Projects/opentt3d/build-macos", "converted": 4, "raw_bytes": 19661080, "png_bytes": 1568620, "saved_bytes": 18092460, "preserved_errors": 0, "manifest": "/Users/stanislav/Projects/opentt3d/build-macos/review-compaction-20261003T220319503875Z.json"}
{"output": "/Users/stanislav/Projects/opentt3d/build-macos/breadth-original-river-natural-selector-opengfx-temperate-seed271828-vulkan-on", "image_size": [1280, 960]}
{"build": "/Users/stanislav/Projects/opentt3d/build-macos", "converted": 4, "raw_bytes": 19661080, "png_bytes": 1568620, "saved_bytes": 18092460, "preserved_errors": 0, "manifest": "/Users/stanislav/Projects/opentt3d/build-macos/review-compaction-20261003T220339847841Z.json"}
{"reference": "/Users/stanislav/Projects/opentt3d/build-macos/breadth-original-river-natural-selector-opengfx-temperate-seed271828-vulkan-off/screenshot/smoke.png", "actual": "/Users/stanislav/Projects/opentt3d/build-macos/breadth-original-river-natural-selector-opengfx-temperate-seed271828-vulkan-on/screenshot/smoke.png", "images": 1, "pixels": 1228800, "differences": []}
{"output": "/Users/stanislav/Projects/opentt3d/build-macos/breadth-original-river-natural-selector-opengfx-temperate-seed271828-opengl-off", "image_size": [1280, 960]}
{"build": "/Users/stanislav/Projects/opentt3d/build-macos", "converted": 4, "raw_bytes": 19661080, "png_bytes": 1568008, "saved_bytes": 18093072, "preserved_errors": 0, "manifest": "/Users/stanislav/Projects/opentt3d/build-macos/review-compaction-20261003T220355283913Z.json"}
{"output": "/Users/stanislav/Projects/opentt3d/build-macos/breadth-original-river-natural-selector-opengfx-temperate-seed271828-opengl-on", "image_size": [1280, 960]}
{"build": "/Users/stanislav/Projects/opentt3d/build-macos", "converted": 4, "raw_bytes": 19661080, "png_bytes": 1568008, "saved_bytes": 18093072, "preserved_errors": 0, "manifest": "/Users/stanislav/Projects/opentt3d/build-macos/review-compaction-20261003T220416460255Z.json"}
{"reference": "/Users/stanislav/Projects/opentt3d/build-macos/breadth-original-river-natural-selector-opengfx-temperate-seed271828-opengl-off/screenshot/smoke.png", "actual": "/Users/stanislav/Projects/opentt3d/build-macos/breadth-original-river-natural-selector-opengfx-temperate-seed271828-opengl-on/screenshot/smoke.png", "images": 1, "pixels": 1228800, "differences": []}
{"output": "/Users/stanislav/Projects/opentt3d/build-macos/breadth-original-river-natural-selector-opengfx-arctic-seed271828-vulkan-off", "image_size": [1280, 960]}
{"build": "/Users/stanislav/Projects/opentt3d/build-macos", "converted": 4, "raw_bytes": 19661080, "png_bytes": 1964104, "saved_bytes": 17696976, "preserved_errors": 0, "manifest": "/Users/stanislav/Projects/opentt3d/build-macos/review-compaction-20261003T220431280815Z.json"}
{"output": "/Users/stanislav/Projects/opentt3d/build-macos/breadth-original-river-natural-selector-opengfx-arctic-seed271828-vulkan-on", "image_size": [1280, 960]}
{"build": "/Users/stanislav/Projects/opentt3d/build-macos", "converted": 4, "raw_bytes": 19661080, "png_bytes": 1964104, "saved_bytes": 17696976, "preserved_errors": 0, "manifest": "/Users/stanislav/Projects/opentt3d/build-macos/review-compaction-20261003T220450833139Z.json"}
{"reference": "/Users/stanislav/Projects/opentt3d/build-macos/breadth-original-river-natural-selector-opengfx-arctic-seed271828-vulkan-off/screenshot/smoke.png", "actual": "/Users/stanislav/Projects/opentt3d/build-macos/breadth-original-river-natural-selector-opengfx-arctic-seed271828-vulkan-on/screenshot/smoke.png", "images": 1, "pixels": 1228800, "differences": []}
{"output": "/Users/stanislav/Projects/opentt3d/build-macos/breadth-original-river-natural-selector-opengfx-arctic-seed271828-opengl-off", "image_size": [1280, 960]}
{"build": "/Users/stanislav/Projects/opentt3d/build-macos", "converted": 4, "raw_bytes": 19661080, "png_bytes": 1964260, "saved_bytes": 17696820, "preserved_errors": 0, "manifest": "/Users/stanislav/Projects/opentt3d/build-macos/review-compaction-20261003T220506187220Z.json"}
{"output": "/Users/stanislav/Projects/opentt3d/build-macos/breadth-original-river-natural-selector-opengfx-arctic-seed271828-opengl-on", "image_size": [1280, 960]}
{"build": "/Users/stanislav/Projects/opentt3d/build-macos", "converted": 4, "raw_bytes": 19661080, "png_bytes": 1964260, "saved_bytes": 17696820, "preserved_errors": 0, "manifest": "/Users/stanislav/Projects/opentt3d/build-macos/review-compaction-20261003T220526261074Z.json"}
{"reference": "/Users/stanislav/Projects/opentt3d/build-macos/breadth-original-river-natural-selector-opengfx-arctic-seed271828-opengl-off/screenshot/smoke.png", "actual": "/Users/stanislav/Projects/opentt3d/build-macos/breadth-original-river-natural-selector-opengfx-arctic-seed271828-opengl-on/screenshot/smoke.png", "images": 1, "pixels": 1228800, "differences": []}
{"output": "/Users/stanislav/Projects/opentt3d/build-macos/breadth-original-river-natural-selector-opengfx-tropic-seed271828-vulkan-off", "image_size": [1280, 960]}
{"build": "/Users/stanislav/Projects/opentt3d/build-macos", "converted": 4, "raw_bytes": 19661080, "png_bytes": 1272684, "saved_bytes": 18388396, "preserved_errors": 0, "manifest": "/Users/stanislav/Projects/opentt3d/build-macos/review-compaction-20261003T220541553178Z.json"}
{"output": "/Users/stanislav/Projects/opentt3d/build-macos/breadth-original-river-natural-selector-opengfx-tropic-seed271828-vulkan-on", "image_size": [1280, 960]}
{"build": "/Users/stanislav/Projects/opentt3d/build-macos", "converted": 4, "raw_bytes": 19661080, "png_bytes": 1272684, "saved_bytes": 18388396, "preserved_errors": 0, "manifest": "/Users/stanislav/Projects/opentt3d/build-macos/review-compaction-20261003T220559809182Z.json"}
{"reference": "/Users/stanislav/Projects/opentt3d/build-macos/breadth-original-river-natural-selector-opengfx-tropic-seed271828-vulkan-off/screenshot/smoke.png", "actual": "/Users/stanislav/Projects/opentt3d/build-macos/breadth-original-river-natural-selector-opengfx-tropic-seed271828-vulkan-on/screenshot/smoke.png", "images": 1, "pixels": 1228800, "differences": []}
{"output": "/Users/stanislav/Projects/opentt3d/build-macos/breadth-original-river-natural-selector-opengfx-tropic-seed271828-opengl-off", "image_size": [1280, 960]}
{"build": "/Users/stanislav/Projects/opentt3d/build-macos", "converted": 4, "raw_bytes": 19661080, "png_bytes": 1272264, "saved_bytes": 18388816, "preserved_errors": 0, "manifest": "/Users/stanislav/Projects/opentt3d/build-macos/review-compaction-20261003T220613926211Z.json"}
{"output": "/Users/stanislav/Projects/opentt3d/build-macos/breadth-original-river-natural-selector-opengfx-tropic-seed271828-opengl-on", "image_size": [1280, 960]}
{"build": "/Users/stanislav/Projects/opentt3d/build-macos", "converted": 4, "raw_bytes": 19661080, "png_bytes": 1272264, "saved_bytes": 18388816, "preserved_errors": 0, "manifest": "/Users/stanislav/Projects/opentt3d/build-macos/review-compaction-20261003T220626941227Z.json"}
{"reference": "/Users/stanislav/Projects/opentt3d/build-macos/breadth-original-river-natural-selector-opengfx-tropic-seed271828-opengl-off/screenshot/smoke.png", "actual": "/Users/stanislav/Projects/opentt3d/build-macos/breadth-original-river-natural-selector-opengfx-tropic-seed271828-opengl-on/screenshot/smoke.png", "images": 1, "pixels": 1228800, "differences": []}
{"output": "/Users/stanislav/Projects/opentt3d/build-macos/breadth-original-river-natural-selector-opengfx-toyland-seed271828-vulkan-off", "image_size": [1280, 960]}
{"build": "/Users/stanislav/Projects/opentt3d/build-macos", "converted": 4, "raw_bytes": 19661080, "png_bytes": 1174580, "saved_bytes": 18486500, "preserved_errors": 0, "manifest": "/Users/stanislav/Projects/opentt3d/build-macos/review-compaction-20261003T220640086673Z.json"}
{"output": "/Users/stanislav/Projects/opentt3d/build-macos/breadth-original-river-natural-selector-opengfx-toyland-seed271828-vulkan-on", "image_size": [1280, 960]}
{"build": "/Users/stanislav/Projects/opentt3d/build-macos", "converted": 4, "raw_bytes": 19661080, "png_bytes": 1174580, "saved_bytes": 18486500, "preserved_errors": 0, "manifest": "/Users/stanislav/Projects/opentt3d/build-macos/review-compaction-20261003T220658259587Z.json"}
{"reference": "/Users/stanislav/Projects/opentt3d/build-macos/breadth-original-river-natural-selector-opengfx-toyland-seed271828-vulkan-off/screenshot/smoke.png", "actual": "/Users/stanislav/Projects/opentt3d/build-macos/breadth-original-river-natural-selector-opengfx-toyland-seed271828-vulkan-on/screenshot/smoke.png", "images": 1, "pixels": 1228800, "differences": []}
{"output": "/Users/stanislav/Projects/opentt3d/build-macos/breadth-original-river-natural-selector-opengfx-toyland-seed271828-opengl-off", "image_size": [1280, 960]}
{"build": "/Users/stanislav/Projects/opentt3d/build-macos", "converted": 4, "raw_bytes": 19661080, "png_bytes": 1174580, "saved_bytes": 18486500, "preserved_errors": 0, "manifest": "/Users/stanislav/Projects/opentt3d/build-macos/review-compaction-20261003T220713562216Z.json"}
{"output": "/Users/stanislav/Projects/opentt3d/build-macos/breadth-original-river-natural-selector-opengfx-toyland-seed271828-opengl-on", "image_size": [1280, 960]}
{"build": "/Users/stanislav/Projects/opentt3d/build-macos", "converted": 4, "raw_bytes": 19661080, "png_bytes": 1174580, "saved_bytes": 18486500, "preserved_errors": 0, "manifest": "/Users/stanislav/Projects/opentt3d/build-macos/review-compaction-20261003T220732011863Z.json"}
{"reference": "/Users/stanislav/Projects/opentt3d/build-macos/breadth-original-river-natural-selector-opengfx-toyland-seed271828-opengl-off/screenshot/smoke.png", "actual": "/Users/stanislav/Projects/opentt3d/build-macos/breadth-original-river-natural-selector-opengfx-toyland-seed271828-opengl-on/screenshot/smoke.png", "images": 1, "pixels": 1228800, "differences": []}
{"output": "/Users/stanislav/Projects/opentt3d/build-macos/breadth-original-river-natural-selector-opengfx-tropic-seed161803-vulkan-off", "image_size": [1280, 960]}
{"build": "/Users/stanislav/Projects/opentt3d/build-macos", "converted": 4, "raw_bytes": 19661080, "png_bytes": 1327784, "saved_bytes": 18333296, "preserved_errors": 0, "manifest": "/Users/stanislav/Projects/opentt3d/build-macos/review-compaction-20261003T220744985327Z.json"}
{"output": "/Users/stanislav/Projects/opentt3d/build-macos/breadth-original-river-natural-selector-opengfx-tropic-seed161803-vulkan-on", "image_size": [1280, 960]}
{"build": "/Users/stanislav/Projects/opentt3d/build-macos", "converted": 4, "raw_bytes": 19661080, "png_bytes": 1327784, "saved_bytes": 18333296, "preserved_errors": 0, "manifest": "/Users/stanislav/Projects/opentt3d/build-macos/review-compaction-20261003T220804799971Z.json"}
{"reference": "/Users/stanislav/Projects/opentt3d/build-macos/breadth-original-river-natural-selector-opengfx-tropic-seed161803-vulkan-off/screenshot/smoke.png", "actual": "/Users/stanislav/Projects/opentt3d/build-macos/breadth-original-river-natural-selector-opengfx-tropic-seed161803-vulkan-on/screenshot/smoke.png", "images": 1, "pixels": 1228800, "differences": []}
{"output": "/Users/stanislav/Projects/opentt3d/build-macos/breadth-original-river-natural-selector-opengfx-tropic-seed161803-opengl-off", "image_size": [1280, 960]}
{"build": "/Users/stanislav/Projects/opentt3d/build-macos", "converted": 4, "raw_bytes": 19661080, "png_bytes": 1327560, "saved_bytes": 18333520, "preserved_errors": 0, "manifest": "/Users/stanislav/Projects/opentt3d/build-macos/review-compaction-20261003T220817928826Z.json"}
{"output": "/Users/stanislav/Projects/opentt3d/build-macos/breadth-original-river-natural-selector-opengfx-tropic-seed161803-opengl-on", "image_size": [1280, 960]}
{"build": "/Users/stanislav/Projects/opentt3d/build-macos", "converted": 4, "raw_bytes": 19661080, "png_bytes": 1327560, "saved_bytes": 18333520, "preserved_errors": 0, "manifest": "/Users/stanislav/Projects/opentt3d/build-macos/review-compaction-20261003T220833572246Z.json"}
{"reference": "/Users/stanislav/Projects/opentt3d/build-macos/breadth-original-river-natural-selector-opengfx-tropic-seed161803-opengl-off/screenshot/smoke.png", "actual": "/Users/stanislav/Projects/opentt3d/build-macos/breadth-original-river-natural-selector-opengfx-tropic-seed161803-opengl-on/screenshot/smoke.png", "images": 1, "pixels": 1228800, "differences": []}
{"audited_utc": "2026-10-03T22:08:33.699306+00:00", "quiet_native_controls": 40, "public_read_only_surveys": 5, "ground_owner_states_exact_per_base_set": 1466, "bank_owner_states_exact_per_base_set": 2783, "strict_world_images": 20, "strict_world_changed_pixels": 0, "approved_models": 0, "scope": "Normally generated hill/many-river worlds retain five public read-only NoAI surveys, every surveyed tile rendered by original callbacks, exact original slope/anchor/height (eight source units per map level), selected source bytes and independent feature/input/output provenance across both backends and Classic/OpenGFX8.0. Only tracing-on/off world comparisons are exact; no cross-backend world equality is inferred. No authored object inflation, forced terrain/feature/selector/absence/RNG, duplicate callback, new geometry/binding or complete custom-family/relief/water ownership/animation/ships/performance/8+ approval. Entire catalogue goal remains open."}
