[2026-10-03 21:01:30] dbg: [driver:1] Successfully loaded blitter '40bpp-anim'
[2026-10-03 21:01:30] dbg: [driver:1] OpenTT3D: Cocoa process 83136
[2026-10-03 21:01:30] dbg: [driver:1] OpenGL driver: Apple - Apple M3 Pro (4.1 Metal - 90.5)
[2026-10-03 21:01:30] dbg: [driver:2] OpenGL shading language version: 4.10, texture units = 80
[2026-10-03 21:01:30] dbg: [driver:1] Successfully loaded video driver 'cocoa-opengl'
[2026-10-03 21:01:30] dbg: [driver:1] Successfully loaded sound driver 'null'
[2026-10-03 21:01:30] dbg: [driver:1] Successfully loaded music driver 'null'
[2026-10-03 21:01:30] dbg: [driver:1] OpenTT3D: background Cocoa window active=false, key=false, visible=false, policy=2
[2026-10-03 21:01:30] dbg: [driver:1] using thread for game-loop
[2026-10-03 21:01:30] dbg: [driver:1] OpenTT3D: loaded 62 profiles from opentt3d-trees.json
[2026-10-03 21:01:42] dbg: [driver:1] OpenTT3D: loaded 1831 authored voxel models, 17420235 occupied cells, 12070638 exposed cell faces merged to 2656043 conforming rectangles / 20271120 triangles
[2026-10-03 21:01:42] dbg: [driver:1] OpenTT3D: retained lossless voxel sources use 36385568 bytes instead of 1727438004 dense cell bytes, with one shared palette
[2026-10-03 21:01:42] dbg: [driver:1] OpenTT3D: CPU voxel surfaces retain 1066079056 bytes under a scene-pinned soft budget, including 185267056 exact restoration bytes
[2026-10-03 21:01:42] dbg: [driver:1] OpenTT3D: live voxel house 24 construction stage 3 captured at 47,54
[2026-10-03 21:01:42] dbg: [driver:1] OpenTT3D: live voxel house 24 construction stage 3 variant 1 captured
[2026-10-03 21:01:42] dbg: [driver:1] OpenTT3D: live voxel house ground 20 construction stage 3 captured at 46,55
[2026-10-03 21:01:42] dbg: [driver:1] OpenTT3D: live voxel house ground 20 construction stage 3 variant 1 captured
[2026-10-03 21:01:42] dbg: [driver:1] OpenTT3D: live voxel house 20 construction stage 3 captured at 46,55
[2026-10-03 21:01:42] dbg: [driver:1] OpenTT3D: live voxel house 20 construction stage 3 variant 1 captured
[2026-10-03 21:01:42] dbg: [driver:1] OpenTT3D: live voxel house ground 22 construction stage 3 captured at 47,55
[2026-10-03 21:01:42] dbg: [driver:1] OpenTT3D: live voxel house ground 22 construction stage 3 variant 2 captured
[2026-10-03 21:01:42] dbg: [driver:1] OpenTT3D: live voxel house 22 construction stage 3 captured at 47,55
[2026-10-03 21:01:42] dbg: [driver:1] OpenTT3D: live voxel house 22 construction stage 3 variant 2 captured
[2026-10-03 21:01:42] dbg: [driver:1] OpenTT3D: 6 ground-detail tiles rendered with raised crops, hay, rocks or turf
[2026-10-03 21:01:42] dbg: [driver:2] OpenTT3D: pre-existing OpenGL error before mesh pass (1286)
[2026-10-03 21:01:42] dbg: [driver:1] OpenTT3D: depth-tested mesh renderer initialized
[2026-10-03 21:01:42] dbg: [driver:1] OpenTT3D: live projected tree 1674 stage 3 captured at 48,52
[2026-10-03 21:01:42] dbg: [driver:1] OpenTT3D: live voxel house ground 21 construction stage 3 captured at 46,56
[2026-10-03 21:01:42] dbg: [driver:1] OpenTT3D: live voxel house ground 21 construction stage 3 variant 3 captured
[2026-10-03 21:01:42] dbg: [driver:1] OpenTT3D: live voxel house 21 construction stage 3 captured at 46,56
[2026-10-03 21:01:42] dbg: [driver:1] OpenTT3D: live voxel house 21 construction stage 3 variant 3 captured
[2026-10-03 21:01:42] dbg: [driver:1] OpenTT3D: live voxel house ground 23 construction stage 3 captured at 47,56
[2026-10-03 21:01:42] dbg: [driver:1] OpenTT3D: live voxel house ground 23 construction stage 3 variant 2 captured
[2026-10-03 21:01:42] dbg: [driver:1] OpenTT3D: live voxel house 23 construction stage 3 captured at 47,56
[2026-10-03 21:01:42] dbg: [driver:1] OpenTT3D: live voxel house 23 construction stage 3 variant 2 captured
[2026-10-03 21:01:42] dbg: [driver:1] OpenTT3D: live voxel house 6 construction stage 3 captured at 45,57
[2026-10-03 21:01:42] dbg: [driver:1] OpenTT3D: live voxel house 6 construction stage 3 variant 1 captured
[2026-10-03 21:01:42] dbg: [driver:1] OpenTT3D: live voxel house 14 construction stage 3 captured at 47,57
[2026-10-03 21:01:42] dbg: [driver:1] OpenTT3D: live voxel house 14 construction stage 3 variant 3 captured
[2026-10-03 21:01:42] dbg: [driver:1] OpenTT3D: live voxel house 24 construction stage 3 captured at 45,58
[2026-10-03 21:01:42] dbg: [driver:1] OpenTT3D: live voxel house 24 construction stage 3 variant 2 captured
[2026-10-03 21:01:42] dbg: [driver:1] OpenTT3D: live voxel house 27 construction stage 3 captured at 47,58
[2026-10-03 21:01:42] dbg: [driver:1] OpenTT3D: live voxel house 27 construction stage 3 variant 0 captured
[2026-10-03 21:01:42] dbg: [driver:1] OpenTT3D: live voxel house 6 construction stage 3 captured at 45,60
[2026-10-03 21:01:42] dbg: [driver:1] OpenTT3D: live voxel house 6 construction stage 3 variant 3 captured
[2026-10-03 21:01:42] dbg: [driver:1] OpenTT3D: live voxel house 11 construction stage 3 captured at 47,60
[2026-10-03 21:01:42] dbg: [driver:1] OpenTT3D: live voxel house 11 construction stage 3 variant 1 captured
[2026-10-03 21:01:42] dbg: [driver:1] OpenTT3D: live voxel house 16 construction stage 3 captured at 48,60
[2026-10-03 21:01:42] dbg: [driver:1] OpenTT3D: live voxel house 16 construction stage 3 variant 1 captured
[2026-10-03 21:01:42] dbg: [driver:1] OpenTT3D: 5 slope foundations rendered with complete retaining walls
[2026-10-03 21:01:42] dbg: [driver:1] OpenTT3D: live voxel house 26 construction stage 3 captured at 50,56
[2026-10-03 21:01:42] dbg: [driver:1] OpenTT3D: live voxel house 26 construction stage 3 variant 0 captured
[2026-10-03 21:01:42] dbg: [driver:1] OpenTT3D: live voxel house 16 construction stage 0 captured at 49,57
[2026-10-03 21:01:42] dbg: [driver:1] OpenTT3D: live voxel house 16 construction stage 0 variant 2 captured
[2026-10-03 21:01:42] dbg: [driver:1] OpenTT3D: live voxel house 3 construction stage 3 captured at 51,59
[2026-10-03 21:01:42] dbg: [driver:1] OpenTT3D: live voxel house 3 construction stage 3 variant 2 captured
[2026-10-03 21:01:42] dbg: [driver:1] OpenTT3D: live projected tree 1590 stage 4 captured at 51,50
[2026-10-03 21:01:42] dbg: [driver:1] OpenTT3D: live projected tree 1590 stage 3 captured at 51,50
[2026-10-03 21:01:42] dbg: [driver:1] OpenTT3D: live projected tree 1576 stage 3 captured at 51,50
[2026-10-03 21:01:42] dbg: [driver:1] OpenTT3D: live projected tree 1674 stage 2 captured at 48,52
[2026-10-03 21:01:42] dbg: [driver:1] OpenTT3D: 64 roof/wall pixels select their owning tile across four rotations, with independent vehicle picking
[2026-10-03 21:01:42] dbg: [driver:1] OpenTT3D: live projected tree 1590 stage 6 captured at 54,13
[2026-10-03 21:01:42] dbg: [driver:1] OpenTT3D: live projected tree 1618 stage 3 captured at 56,13
[2026-10-03 21:01:42] dbg: [driver:1] OpenTT3D: live projected tree 1639 stage 5 captured at 56,13
[2026-10-03 21:01:42] dbg: [driver:1] OpenTT3D: live projected tree 1625 stage 3 captured at 56,13
[2026-10-03 21:01:42] dbg: [driver:1] OpenTT3D: live projected tree 1632 stage 3 captured at 56,13
[2026-10-03 21:01:42] dbg: [driver:1] OpenTT3D: live projected tree 1611 stage 3 captured at 50,14
[2026-10-03 21:01:42] dbg: [driver:1] OpenTT3D: live projected tree 1590 stage 5 captured at 50,14
[2026-10-03 21:01:42] dbg: [driver:1] OpenTT3D: live projected tree 1604 stage 6 captured at 53,14
[2026-10-03 21:01:42] dbg: [driver:1] OpenTT3D: live projected tree 1674 stage 1 captured at 54,14
[2026-10-03 21:01:42] dbg: [driver:1] OpenTT3D: live projected tree 1688 stage 3 captured at 54,14
[2026-10-03 21:01:42] dbg: [driver:1] OpenTT3D: live projected tree 1604 stage 3 captured at 55,14
[2026-10-03 21:01:42] dbg: [driver:1] OpenTT3D: live projected tree 1597 stage 3 captured at 55,14
[2026-10-03 21:01:42] dbg: [driver:1] OpenTT3D: live projected tree 1702 stage 3 captured at 56,14
[2026-10-03 21:01:42] dbg: [driver:1] OpenTT3D: live projected tree 1681 stage 2 captured at 56,14
[2026-10-03 21:01:42] dbg: [driver:1] OpenTT3D: live projected tree 1660 stage 3 captured at 56,14
[2026-10-03 21:01:42] dbg: [driver:1] OpenTT3D: live projected tree 1646 stage 0 captured at 50,15
[2026-10-03 21:01:42] dbg: [driver:1] OpenTT3D: live projected tree 1632 stage 5 captured at 53,15
[2026-10-03 21:01:42] dbg: [driver:1] OpenTT3D: live projected tree 1653 stage 1 captured at 54,15
[2026-10-03 21:01:42] dbg: [driver:1] OpenTT3D: live projected tree 1597 stage 2 captured at 55,15
[2026-10-03 21:01:42] dbg: [driver:1] OpenTT3D: live projected tree 1653 stage 3 captured at 55,15
[2026-10-03 21:01:42] dbg: [driver:1] OpenTT3D: live projected tree 1583 stage 3 captured at 19,16
[2026-10-03 21:01:42] dbg: [driver:1] OpenTT3D: live projected tree 1583 stage 1 captured at 19,16
[2026-10-03 21:01:42] dbg: [driver:1] OpenTT3D: live projected tree 1667 stage 4 captured at 24,16
[2026-10-03 21:01:42] dbg: [driver:1] OpenTT3D: live projected tree 1688 stage 1 captured at 51,16
[2026-10-03 21:01:42] dbg: [driver:1] OpenTT3D: live projected tree 1632 stage 1 captured at 53,16
[2026-10-03 21:01:42] dbg: [driver:1] OpenTT3D: live projected tree 1639 stage 3 captured at 55,16
[2026-10-03 21:01:42] dbg: [driver:1] OpenTT3D: live projected tree 1667 stage 5 captured at 22,17
[2026-10-03 21:01:42] dbg: [driver:1] OpenTT3D: live projected tree 1646 stage 3 captured at 49,17
[2026-10-03 21:01:42] dbg: [driver:1] OpenTT3D: live projected tree 1597 stage 6 captured at 50,17
[2026-10-03 21:01:42] dbg: [driver:1] OpenTT3D: live projected tree 1653 stage 5 captured at 52,17
[2026-10-03 21:01:42] dbg: [driver:1] OpenTT3D: live projected tree 1618 stage 6 captured at 51,18
[2026-10-03 21:01:42] dbg: [driver:1] OpenTT3D: live projected tree 1632 stage 2 captured at 18,19
[2026-10-03 21:01:42] dbg: [driver:1] OpenTT3D: live projected tree 1625 stage 4 captured at 21,19
[2026-10-03 21:01:42] dbg: [driver:1] OpenTT3D: live projected tree 1618 stage 4 captured at 31,20
[2026-10-03 21:01:42] dbg: [driver:1] OpenTT3D: live projected tree 1590 stage 2 captured at 24,21
[2026-10-03 21:01:42] dbg: [driver:1] OpenTT3D: live projected tree 1695 stage 3 captured at 29,21
[2026-10-03 21:01:42] dbg: [driver:1] OpenTT3D: live projected tree 1702 stage 0 captured at 29,21
[2026-10-03 21:01:42] dbg: [driver:1] OpenTT3D: live projected tree 1597 stage 1 captured at 37,21
[2026-10-03 21:01:42] dbg: [driver:1] OpenTT3D: live projected tree 1632 stage 6 captured at 56,22
[2026-10-03 21:01:42] dbg: [driver:1] OpenTT3D: live projected tree 1681 stage 6 captured at 34,23
[2026-10-03 21:01:42] dbg: [driver:1] OpenTT3D: live projected tree 1681 stage 3 captured at 32,25
[2026-10-03 21:01:42] dbg: [driver:1] OpenTT3D: live projected tree 1583 stage 4 captured at 45,25
[2026-10-03 21:01:42] dbg: [driver:1] OpenTT3D: live projected tree 1625 stage 0 captured at 46,26
[2026-10-03 21:01:42] dbg: [driver:1] OpenTT3D: live projected tree 1667 stage 3 captured at 61,26
[2026-10-03 21:01:42] dbg: [driver:1] OpenTT3D: live projected tree 1702 stage 6 captured at 61,26
[2026-10-03 21:01:42] dbg: [driver:1] OpenTT3D: live projected tree 1625 stage 1 captured at 39,27
[2026-10-03 21:01:42] dbg: [driver:1] OpenTT3D: live projected tree 1695 stage 2 captured at 56,30
[2026-10-03 21:01:42] dbg: [driver:1] OpenTT3D: live projected tree 1695 stage 6 captured at 58,33
[2026-10-03 21:01:42] dbg: [driver:1] OpenTT3D: whole-world atlas relocation preserves 1228800 exact RGBA/picking pixels across repack, clear and forced row relocation
[2026-10-03 21:01:42] dbg: [driver:1] OpenTT3D: captured OpenGL presentation with 1 GPU viewport regions
