[2026-10-03 15:29:35] dbg: [driver:1] Successfully loaded blitter '32bpp-optimized'
[2026-10-03 15:29:35] dbg: [driver:1] OpenTT3D: Cocoa process 27990
[2026-10-03 15:29:35] dbg: [driver:1] OpenGL driver: Apple - Apple M3 Pro (4.1 Metal - 90.5)
[2026-10-03 15:29:35] dbg: [driver:2] OpenGL shading language version: 4.10, texture units = 80
[2026-10-03 15:29:35] dbg: [driver:1] Successfully loaded video driver 'cocoa-opengl'
[2026-10-03 15:29:35] dbg: [driver:1] Successfully loaded sound driver 'null'
[2026-10-03 15:29:35] dbg: [driver:1] Successfully loaded music driver 'null'
[2026-10-03 15:29:36] dbg: [driver:1] OpenTT3D: background Cocoa window active=false, key=false, visible=false, policy=2
[2026-10-03 15:29:36] dbg: [driver:1] using thread for game-loop
[2026-10-03 15:29:36] dbg: [driver:1] OpenTT3D: loaded 62 profiles from opentt3d-trees.json
[2026-10-03 15:29:36] dbg: [driver:1] OpenTT3D: retained live water source tile 38,12 role ground sprite 9972 at original height 0
[2026-10-03 15:29:36] dbg: [driver:1] OpenTT3D: retained live water source tile 38,12 role body sprite 10002 at original height 0
[2026-10-03 15:29:36] dbg: [driver:1] OpenTT3D: retained live water source tile 38,12 role body sprite 10006 at original height 0
[2026-10-03 15:29:36] dbg: [driver:1] OpenTT3D: retained live water source tile 39,12 role ground sprite 9975 at original height 0
[2026-10-03 15:29:36] dbg: [driver:1] OpenTT3D: retained live water source tile 39,12 role body sprite 9994 at original height 0
[2026-10-03 15:29:36] dbg: [driver:1] OpenTT3D: retained live water source tile 39,12 role body sprite 9998 at original height 0
[2026-10-03 15:29:36] dbg: [driver:1] OpenTT3D: retained live water source tile 40,12 role ground sprite 9972 at original height 8
[2026-10-03 15:29:48] dbg: [driver:1] OpenTT3D: loaded 1831 authored voxel models, 17420235 occupied cells, 12070638 exposed cell faces merged to 2656043 conforming rectangles / 20271120 triangles
[2026-10-03 15:29:48] dbg: [driver:1] OpenTT3D: retained lossless voxel sources use 36385568 bytes instead of 1727438004 dense cell bytes, with one shared palette
[2026-10-03 15:29:48] dbg: [driver:1] OpenTT3D: CPU voxel surfaces retain 1066079056 bytes under a scene-pinned soft budget, including 185267056 exact restoration bytes
[2026-10-03 15:29:48] dbg: [driver:1] OpenTT3D: retained live water source tile 40,12 role body sprite 10010 at original height 8
[2026-10-03 15:29:48] dbg: [driver:1] OpenTT3D: retained live water source tile 40,12 role body sprite 10014 at original height 8
[2026-10-03 15:29:48] dbg: [driver:1] OpenTT3D: retained live water source tile 51,16 role ground sprite 9977 at original height 8
[2026-10-03 15:29:48] dbg: [driver:1] OpenTT3D: retained live water source tile 51,16 role body sprite 10026 at original height 8
[2026-10-03 15:29:48] dbg: [driver:1] OpenTT3D: retained live water source tile 51,16 role body sprite 10030 at original height 8
[2026-10-03 15:29:48] dbg: [driver:1] OpenTT3D: retained live water source tile 52,16 role ground sprite 9980 at original height 8
[2026-10-03 15:29:48] dbg: [driver:1] OpenTT3D: retained live water source tile 52,16 role body sprite 10018 at original height 8
[2026-10-03 15:29:48] dbg: [driver:1] OpenTT3D: retained live water source tile 52,16 role body sprite 10022 at original height 8
[2026-10-03 15:29:48] dbg: [driver:1] OpenTT3D: retained live water source tile 53,16 role ground sprite 9977 at original height 16
[2026-10-03 15:29:48] dbg: [driver:1] OpenTT3D: retained live water source tile 53,16 role body sprite 10034 at original height 16
[2026-10-03 15:29:48] dbg: [driver:1] OpenTT3D: retained live water source tile 53,16 role body sprite 10038 at original height 16
[2026-10-03 15:29:48] dbg: [driver:1] OpenTT3D: retained river selector tile 37,30 feature 5 base 11289 offset 0->0 sprite 11289 absent false
[2026-10-03 15:29:48] dbg: [driver:1] OpenTT3D: retained river selector tile 37,30 feature 6 base 10604 offset 0->0 sprite 10604 absent false
[2026-10-03 15:29:48] dbg: [driver:1] OpenTT3D: retained river selector tile 37,30 feature 6 base 10604 offset 3->3 sprite 10607 absent false
[2026-10-03 15:29:48] dbg: [driver:1] OpenTT3D: retained river selector tile 37,30 feature 6 base 10604 offset 7->7 sprite 10611 absent false
[2026-10-03 15:29:48] dbg: [driver:1] OpenTT3D: retained river selector tile 38,30 feature 5 base 11289 offset 0->0 sprite 11289 absent false
[2026-10-03 15:29:48] dbg: [driver:1] OpenTT3D: retained river selector tile 38,30 feature 6 base 10604 offset 3->3 sprite 10607 absent false
[2026-10-03 15:29:48] dbg: [driver:1] OpenTT3D: retained river selector tile 39,30 feature 5 base 11289 offset 0->0 sprite 11289 absent false
[2026-10-03 15:29:48] dbg: [driver:1] OpenTT3D: retained river selector tile 39,30 feature 6 base 10604 offset 3->3 sprite 10607 absent false
[2026-10-03 15:29:48] dbg: [driver:1] OpenTT3D: retained river selector tile 39,30 feature 6 base 10604 offset 9->9 sprite 10613 absent false
[2026-10-03 15:29:48] dbg: [driver:1] OpenTT3D: retained river selector tile 40,30 feature 5 base 11289 offset 0->0 sprite 11289 absent false
[2026-10-03 15:29:48] dbg: [driver:1] OpenTT3D: retained river selector tile 40,30 feature 6 base 10604 offset 1->1 sprite 10605 absent false
[2026-10-03 15:29:48] dbg: [driver:1] OpenTT3D: retained river selector tile 40,30 feature 6 base 10604 offset 3->3 sprite 10607 absent false
[2026-10-03 15:29:48] dbg: [driver:1] OpenTT3D: retained river selector tile 41,30 feature 5 base 11289 offset 0->0 sprite 11289 absent false
[2026-10-03 15:29:48] dbg: [driver:1] OpenTT3D: retained river selector tile 41,30 feature 6 base 10604 offset 1->1 sprite 10605 absent false
[2026-10-03 15:29:48] dbg: [driver:1] OpenTT3D: retained river selector tile 41,30 feature 6 base 10604 offset 3->3 sprite 10607 absent false
[2026-10-03 15:29:48] dbg: [driver:1] OpenTT3D: retained river selector tile 42,30 feature 5 base 11289 offset 0->0 sprite 11289 absent false
[2026-10-03 15:29:48] dbg: [driver:1] OpenTT3D: retained river selector tile 42,30 feature 6 base 10604 offset 2->2 sprite 10606 absent false
[2026-10-03 15:29:48] dbg: [driver:1] OpenTT3D: retained river selector tile 42,30 feature 6 base 10604 offset 3->3 sprite 10607 absent false
[2026-10-03 15:29:48] dbg: [driver:1] OpenTT3D: retained river selector tile 42,30 feature 6 base 10604 offset 8->8 sprite 10612 absent false
[2026-10-03 15:29:48] dbg: [driver:1] OpenTT3D: retained river selector tile 42,30 feature 6 base 10604 offset 6->6 sprite 10610 absent false
[2026-10-03 15:29:48] dbg: [driver:1] OpenTT3D: retained river selector tile 34,31 feature 5 base 11284 offset 3->3 sprite 11287 absent false
[2026-10-03 15:29:48] dbg: [driver:1] OpenTT3D: retained live water source tile 34,31 role ground sprite 11287 at original height 0
[2026-10-03 15:29:48] dbg: [driver:1] OpenTT3D: retained river selector tile 34,31 feature 6 base 10544 offset 39->39 sprite 10583 absent false
[2026-10-03 15:29:48] dbg: [driver:1] OpenTT3D: retained live water source tile 34,31 role ground sprite 10583 at original height 0
[2026-10-03 15:29:48] dbg: [driver:1] OpenTT3D: retained river selector tile 35,31 feature 5 base 11289 offset 0->0 sprite 11289 absent false
[2026-10-03 15:29:48] dbg: [driver:1] OpenTT3D: retained river selector tile 35,31 feature 6 base 10604 offset 3->3 sprite 10607 absent false
[2026-10-03 15:29:48] dbg: [driver:1] OpenTT3D: retained river selector tile 36,31 feature 5 base 11289 offset 0->0 sprite 11289 absent false
[2026-10-03 15:29:48] dbg: [driver:1] OpenTT3D: retained river selector tile 36,31 feature 6 base 10604 offset 3->3 sprite 10607 absent false
[2026-10-03 15:29:48] dbg: [driver:1] OpenTT3D: retained river selector tile 37,31 feature 5 base 11289 offset 0->0 sprite 11289 absent false
[2026-10-03 15:29:48] dbg: [driver:1] OpenTT3D: retained river selector tile 37,31 feature 6 base 10604 offset 11->11 sprite 10615 absent false
[2026-10-03 15:29:48] dbg: [driver:1] OpenTT3D: retained river selector tile 38,31 feature 5 base 11289 offset 0->0 sprite 11289 absent false
[2026-10-03 15:29:48] dbg: [driver:1] OpenTT3D: retained river selector tile 38,31 feature 6 base 10604 offset 9->9 sprite 10613 absent false
[2026-10-03 15:29:48] dbg: [driver:1] OpenTT3D: retained river selector tile 39,31 feature 5 base 11289 offset 0->0 sprite 11289 absent false
[2026-10-03 15:29:48] dbg: [driver:1] OpenTT3D: retained river selector tile 39,31 feature 6 base 10604 offset 1->1 sprite 10605 absent false
[2026-10-03 15:29:48] dbg: [driver:1] OpenTT3D: retained river selector tile 39,31 feature 6 base 10604 offset 2->2 sprite 10606 absent false
[2026-10-03 15:29:48] dbg: [driver:1] OpenTT3D: retained river selector tile 39,31 feature 6 base 10604 offset 5->5 sprite 10609 absent false
[2026-10-03 15:29:48] dbg: [driver:1] OpenTT3D: retained river selector tile 42,31 feature 5 base 11289 offset 0->0 sprite 11289 absent false
[2026-10-03 15:29:48] dbg: [driver:1] OpenTT3D: retained river selector tile 42,31 feature 6 base 10604 offset 0->0 sprite 10604 absent false
[2026-10-03 15:29:48] dbg: [driver:1] OpenTT3D: retained river selector tile 42,31 feature 6 base 10604 offset 1->1 sprite 10605 absent false
[2026-10-03 15:29:48] dbg: [driver:1] OpenTT3D: retained river selector tile 42,31 feature 6 base 10604 offset 4->4 sprite 10608 absent false
[2026-10-03 15:29:48] dbg: [driver:1] OpenTT3D: retained river selector tile 42,31 feature 6 base 10604 offset 10->10 sprite 10614 absent false
[2026-10-03 15:29:48] dbg: [driver:1] OpenTT3D: retained river selector tile 43,31 feature 5 base 11289 offset 0->0 sprite 11289 absent false
[2026-10-03 15:29:48] dbg: [driver:1] OpenTT3D: retained river selector tile 43,31 feature 6 base 10604 offset 1->1 sprite 10605 absent false
[2026-10-03 15:29:48] dbg: [driver:1] OpenTT3D: retained river selector tile 43,31 feature 6 base 10604 offset 3->3 sprite 10607 absent false
[2026-10-03 15:29:48] dbg: [driver:1] OpenTT3D: retained river selector tile 44,31 feature 5 base 11289 offset 0->0 sprite 11289 absent false
[2026-10-03 15:29:48] dbg: [driver:1] OpenTT3D: retained river selector tile 44,31 feature 6 base 10604 offset 2->2 sprite 10606 absent false
[2026-10-03 15:29:48] dbg: [driver:1] OpenTT3D: retained river selector tile 44,31 feature 6 base 10604 offset 3->3 sprite 10607 absent false
[2026-10-03 15:29:48] dbg: [driver:1] OpenTT3D: retained river selector tile 44,31 feature 6 base 10604 offset 8->8 sprite 10612 absent false
[2026-10-03 15:29:48] dbg: [driver:1] OpenTT3D: retained river selector tile 44,31 feature 6 base 10604 offset 6->6 sprite 10610 absent false
[2026-10-03 15:29:48] dbg: [driver:1] OpenTT3D: retained river selector tile 34,32 feature 5 base 11284 offset 3->3 sprite 11287 absent false
[2026-10-03 15:29:48] dbg: [driver:1] OpenTT3D: retained live water source tile 34,32 role ground sprite 11287 at original height 0
[2026-10-03 15:29:48] dbg: [driver:1] OpenTT3D: retained river selector tile 34,32 feature 6 base 10544 offset 37->37 sprite 10581 absent false
[2026-10-03 15:29:48] dbg: [driver:1] OpenTT3D: retained live water source tile 34,32 role ground sprite 10581 at original height 0
[2026-10-03 15:29:48] dbg: [driver:1] OpenTT3D: retained river selector tile 35,32 feature 5 base 11289 offset 0->0 sprite 11289 absent false
[2026-10-03 15:29:48] dbg: [driver:1] OpenTT3D: retained river selector tile 35,32 feature 6 base 10604 offset 1->1 sprite 10605 absent false
[2026-10-03 15:29:48] dbg: [driver:1] OpenTT3D: retained river selector tile 36,32 feature 5 base 11289 offset 0->0 sprite 11289 absent false
[2026-10-03 15:29:48] dbg: [driver:1] OpenTT3D: retained river selector tile 36,32 feature 6 base 10604 offset 1->1 sprite 10605 absent false
[2026-10-03 15:29:48] dbg: [driver:1] OpenTT3D: retained river selector tile 37,32 feature 5 base 11289 offset 0->0 sprite 11289 absent false
[2026-10-03 15:29:48] dbg: [driver:1] OpenTT3D: retained river selector tile 37,32 feature 6 base 10604 offset 1->1 sprite 10605 absent false
[2026-10-03 15:29:48] dbg: [driver:1] OpenTT3D: retained river selector tile 38,32 feature 5 base 11289 offset 0->0 sprite 11289 absent false
[2026-10-03 15:29:48] dbg: [driver:1] OpenTT3D: retained river selector tile 38,32 feature 6 base 10604 offset 1->1 sprite 10605 absent false
[2026-10-03 15:29:48] dbg: [driver:1] OpenTT3D: retained river selector tile 38,32 feature 6 base 10604 offset 2->2 sprite 10606 absent false
[2026-10-03 15:29:48] dbg: [driver:1] OpenTT3D: retained river selector tile 38,32 feature 6 base 10604 offset 5->5 sprite 10609 absent false
[2026-10-03 15:29:48] dbg: [driver:1] OpenTT3D: retained river selector tile 44,32 feature 5 base 11289 offset 0->0 sprite 11289 absent false
[2026-10-03 15:29:48] dbg: [driver:1] OpenTT3D: retained river selector tile 44,32 feature 6 base 10604 offset 0->0 sprite 10604 absent false
[2026-10-03 15:29:48] dbg: [driver:1] OpenTT3D: retained river selector tile 44,32 feature 6 base 10604 offset 1->1 sprite 10605 absent false
[2026-10-03 15:29:48] dbg: [driver:1] OpenTT3D: retained river selector tile 44,32 feature 6 base 10604 offset 4->4 sprite 10608 absent false
[2026-10-03 15:29:48] dbg: [driver:1] OpenTT3D: retained river selector tile 44,32 feature 6 base 10604 offset 10->10 sprite 10614 absent false
[2026-10-03 15:29:48] dbg: [driver:1] OpenTT3D: retained river selector tile 45,32 feature 5 base 11289 offset 0->0 sprite 11289 absent false
[2026-10-03 15:29:48] dbg: [driver:1] OpenTT3D: retained river selector tile 45,32 feature 6 base 10604 offset 1->1 sprite 10605 absent false
[2026-10-03 15:29:48] dbg: [driver:1] OpenTT3D: retained river selector tile 45,32 feature 6 base 10604 offset 3->3 sprite 10607 absent false
[2026-10-03 15:29:48] dbg: [driver:1] OpenTT3D: retained river selector tile 46,32 feature 5 base 11289 offset 0->0 sprite 11289 absent false
[2026-10-03 15:29:48] dbg: [driver:1] OpenTT3D: retained river selector tile 46,32 feature 6 base 10604 offset 2->2 sprite 10606 absent false
[2026-10-03 15:29:48] dbg: [driver:1] OpenTT3D: retained river selector tile 46,32 feature 6 base 10604 offset 3->3 sprite 10607 absent false
[2026-10-03 15:29:48] dbg: [driver:1] OpenTT3D: retained river selector tile 46,32 feature 6 base 10604 offset 8->8 sprite 10612 absent false
[2026-10-03 15:29:48] dbg: [driver:1] OpenTT3D: retained river selector tile 46,32 feature 6 base 10604 offset 6->6 sprite 10610 absent false
[2026-10-03 15:29:48] dbg: [driver:1] OpenTT3D: retained river selector tile 46,33 feature 5 base 11289 offset 0->0 sprite 11289 absent false
[2026-10-03 15:29:48] dbg: [driver:1] OpenTT3D: retained river selector tile 46,33 feature 6 base 10604 offset 0->0 sprite 10604 absent false
[2026-10-03 15:29:48] dbg: [driver:1] OpenTT3D: retained river selector tile 46,33 feature 6 base 10604 offset 1->1 sprite 10605 absent false
[2026-10-03 15:29:48] dbg: [driver:1] OpenTT3D: retained river selector tile 46,33 feature 6 base 10604 offset 4->4 sprite 10608 absent false
[2026-10-03 15:29:48] dbg: [driver:1] OpenTT3D: retained river selector tile 46,33 feature 6 base 10604 offset 10->10 sprite 10614 absent false
[2026-10-03 15:29:48] dbg: [driver:1] OpenTT3D: retained river selector tile 47,33 feature 5 base 11289 offset 0->0 sprite 11289 absent false
[2026-10-03 15:29:48] dbg: [driver:1] OpenTT3D: retained river selector tile 47,33 feature 6 base 10604 offset 2->2 sprite 10606 absent false
[2026-10-03 15:29:48] dbg: [driver:1] OpenTT3D: retained river selector tile 47,33 feature 6 base 10604 offset 3->3 sprite 10607 absent false
[2026-10-03 15:29:48] dbg: [driver:1] OpenTT3D: retained river selector tile 47,33 feature 6 base 10604 offset 8->8 sprite 10612 absent false
[2026-10-03 15:29:48] dbg: [driver:1] OpenTT3D: retained river selector tile 47,33 feature 6 base 10604 offset 6->6 sprite 10610 absent false
[2026-10-03 15:29:48] dbg: [driver:1] OpenTT3D: live projected tree 1996 stage 1 captured at 43,34
[2026-10-03 15:29:48] dbg: [driver:1] OpenTT3D: retained river selector tile 47,34 feature 5 base 11289 offset 0->0 sprite 11289 absent false
[2026-10-03 15:29:48] dbg: [driver:1] OpenTT3D: retained river selector tile 47,34 feature 6 base 10604 offset 0->0 sprite 10604 absent false
[2026-10-03 15:29:48] dbg: [driver:1] OpenTT3D: retained river selector tile 47,34 feature 6 base 10604 offset 1->1 sprite 10605 absent false
[2026-10-03 15:29:48] dbg: [driver:1] OpenTT3D: retained river selector tile 47,34 feature 6 base 10604 offset 4->4 sprite 10608 absent false
[2026-10-03 15:29:48] dbg: [driver:1] OpenTT3D: retained river selector tile 47,34 feature 6 base 10604 offset 10->10 sprite 10614 absent false
[2026-10-03 15:29:48] dbg: [driver:1] OpenTT3D: retained river selector tile 48,34 feature 5 base 11289 offset 0->0 sprite 11289 absent false
[2026-10-03 15:29:48] dbg: [driver:1] OpenTT3D: retained river selector tile 48,34 feature 6 base 10604 offset 2->2 sprite 10606 absent false
[2026-10-03 15:29:48] dbg: [driver:1] OpenTT3D: retained river selector tile 48,34 feature 6 base 10604 offset 3->3 sprite 10607 absent false
[2026-10-03 15:29:48] dbg: [driver:1] OpenTT3D: retained river selector tile 48,34 feature 6 base 10604 offset 8->8 sprite 10612 absent false
[2026-10-03 15:29:48] dbg: [driver:1] OpenTT3D: retained river selector tile 48,34 feature 6 base 10604 offset 6->6 sprite 10610 absent false
[2026-10-03 15:29:48] dbg: [driver:1] OpenTT3D: retained river selector tile 48,35 feature 5 base 11289 offset 0->0 sprite 11289 absent false
[2026-10-03 15:29:48] dbg: [driver:1] OpenTT3D: retained river selector tile 48,35 feature 6 base 10604 offset 0->0 sprite 10604 absent false
[2026-10-03 15:29:48] dbg: [driver:1] OpenTT3D: retained river selector tile 48,35 feature 6 base 10604 offset 1->1 sprite 10605 absent false
[2026-10-03 15:29:48] dbg: [driver:1] OpenTT3D: retained river selector tile 48,35 feature 6 base 10604 offset 4->4 sprite 10608 absent false
[2026-10-03 15:29:48] dbg: [driver:1] OpenTT3D: retained river selector tile 48,35 feature 6 base 10604 offset 10->10 sprite 10614 absent false
[2026-10-03 15:29:48] dbg: [driver:1] OpenTT3D: retained river selector tile 49,35 feature 5 base 11289 offset 0->0 sprite 11289 absent false
[2026-10-03 15:29:48] dbg: [driver:1] OpenTT3D: retained river selector tile 49,35 feature 6 base 10604 offset 1->1 sprite 10605 absent false
[2026-10-03 15:29:48] dbg: [driver:1] OpenTT3D: retained river selector tile 49,35 feature 6 base 10604 offset 3->3 sprite 10607 absent false
[2026-10-03 15:29:48] dbg: [driver:1] OpenTT3D: retained river selector tile 50,35 feature 5 base 11289 offset 0->0 sprite 11289 absent false
[2026-10-03 15:29:48] dbg: [driver:1] OpenTT3D: retained river selector tile 50,35 feature 6 base 10604 offset 1->1 sprite 10605 absent false
[2026-10-03 15:29:48] dbg: [driver:1] OpenTT3D: retained river selector tile 50,35 feature 6 base 10604 offset 3->3 sprite 10607 absent false
[2026-10-03 15:29:48] dbg: [driver:1] OpenTT3D: retained river selector tile 51,35 feature 5 base 11289 offset 0->0 sprite 11289 absent false
[2026-10-03 15:29:48] dbg: [driver:1] OpenTT3D: retained river selector tile 51,35 feature 6 base 10604 offset 1->1 sprite 10605 absent false
[2026-10-03 15:29:48] dbg: [driver:1] OpenTT3D: retained river selector tile 51,35 feature 6 base 10604 offset 3->3 sprite 10607 absent false
[2026-10-03 15:29:48] dbg: [driver:1] OpenTT3D: retained river selector tile 52,35 feature 5 base 11289 offset 0->0 sprite 11289 absent false
[2026-10-03 15:29:48] dbg: [driver:1] OpenTT3D: retained river selector tile 52,35 feature 6 base 10604 offset 1->1 sprite 10605 absent false
[2026-10-03 15:29:48] dbg: [driver:1] OpenTT3D: retained river selector tile 52,35 feature 6 base 10604 offset 3->3 sprite 10607 absent false
[2026-10-03 15:29:48] dbg: [driver:1] OpenTT3D: retained river selector tile 53,35 feature 5 base 11289 offset 0->0 sprite 11289 absent false
[2026-10-03 15:29:48] dbg: [driver:1] OpenTT3D: retained river selector tile 53,35 feature 6 base 10604 offset 1->1 sprite 10605 absent false
[2026-10-03 15:29:48] dbg: [driver:1] OpenTT3D: retained river selector tile 53,35 feature 6 base 10604 offset 3->3 sprite 10607 absent false
[2026-10-03 15:29:48] dbg: [driver:1] OpenTT3D: retained river selector tile 54,35 feature 5 base 11289 offset 0->0 sprite 11289 absent false
[2026-10-03 15:29:48] dbg: [driver:1] OpenTT3D: retained river selector tile 54,35 feature 6 base 10604 offset 1->1 sprite 10605 absent false
[2026-10-03 15:29:48] dbg: [driver:1] OpenTT3D: retained river selector tile 54,35 feature 6 base 10604 offset 2->2 sprite 10606 absent false
[2026-10-03 15:29:48] dbg: [driver:1] OpenTT3D: retained river selector tile 54,35 feature 6 base 10604 offset 3->3 sprite 10607 absent false
[2026-10-03 15:29:48] dbg: [driver:1] OpenTT3D: retained river selector tile 54,35 feature 6 base 10604 offset 5->5 sprite 10609 absent false
[2026-10-03 15:29:48] dbg: [driver:1] OpenTT3D: retained river selector tile 54,35 feature 6 base 10604 offset 6->6 sprite 10610 absent false
[2026-10-03 15:29:48] dbg: [driver:1] OpenTT3D: live projected tree 1954 stage 3 captured at 40,36
[2026-10-03 15:29:48] dbg: [driver:1] OpenTT3D: live projected tree 1954 stage 4 captured at 40,36
[2026-10-03 15:29:48] dbg: [driver:1] OpenTT3D: live voxel house ground 99 construction stage 3 captured at 46,38
[2026-10-03 15:29:48] dbg: [driver:1] OpenTT3D: live voxel house ground 99 construction stage 3 variant 2 captured
[2026-10-03 15:29:48] dbg: [driver:1] OpenTT3D: live voxel house 99 construction stage 3 captured at 46,38
[2026-10-03 15:29:48] dbg: [driver:1] OpenTT3D: live voxel house 99 construction stage 3 variant 2 captured
[2026-10-03 15:29:48] dbg: [driver:1] OpenTT3D: live voxel house 97 construction stage 3 captured at 48,38
[2026-10-03 15:29:48] dbg: [driver:1] OpenTT3D: live voxel house 97 construction stage 3 variant 1 captured
[2026-10-03 15:29:48] dbg: [driver:1] OpenTT3D: live voxel house ground 100 construction stage 3 captured at 46,39
[2026-10-03 15:29:48] dbg: [driver:1] OpenTT3D: live voxel house ground 100 construction stage 3 variant 1 captured
[2026-10-03 15:29:48] dbg: [driver:1] OpenTT3D: live voxel house 100 construction stage 3 captured at 46,39
[2026-10-03 15:29:48] dbg: [driver:1] OpenTT3D: live voxel house 100 construction stage 3 variant 1 captured
[2026-10-03 15:29:48] dbg: [driver:1] OpenTT3D: 2 ground-detail tiles rendered with raised crops, hay, rocks or turf
[2026-10-03 15:29:48] dbg: [driver:1] OpenTT3D: 37 unmodelled reference sprites in this view (release coverage is incomplete)
[2026-10-03 15:29:48] dbg: [driver:2] OpenTT3D: pre-existing OpenGL error before mesh pass (1286)
[2026-10-03 15:29:48] dbg: [driver:1] OpenTT3D: depth-tested mesh renderer initialized
[2026-10-03 15:29:48] dbg: [driver:2] OpenTT3D: source texture 1333 mip family request 2 decode 0.830 ms, preparation 0.595 ms
[2026-10-03 15:29:48] dbg: [driver:1] OpenTT3D: live voxel house ground 97 construction stage 3 captured at 44,41
[2026-10-03 15:29:48] dbg: [driver:1] OpenTT3D: live voxel house ground 97 construction stage 3 variant 0 captured
[2026-10-03 15:29:48] dbg: [driver:1] OpenTT3D: live voxel house 97 construction stage 3 captured at 44,41
[2026-10-03 15:29:48] dbg: [driver:1] OpenTT3D: live voxel house 97 construction stage 3 variant 0 captured
[2026-10-03 15:29:48] dbg: [driver:1] OpenTT3D: live voxel house ground 107 construction stage 3 captured at 46,41
[2026-10-03 15:29:48] dbg: [driver:1] OpenTT3D: live voxel house ground 107 construction stage 3 variant 2 captured
[2026-10-03 15:29:48] dbg: [driver:1] OpenTT3D: live voxel house 107 construction stage 3 captured at 46,41
[2026-10-03 15:29:48] dbg: [driver:1] OpenTT3D: live voxel house 107 construction stage 3 variant 2 captured
[2026-10-03 15:29:48] dbg: [driver:1] OpenTT3D: live voxel house ground 92 construction stage 3 captured at 46,42
[2026-10-03 15:29:48] dbg: [driver:1] OpenTT3D: live voxel house ground 92 construction stage 3 variant 1 captured
[2026-10-03 15:29:48] dbg: [driver:1] OpenTT3D: live voxel house 92 construction stage 3 captured at 46,42
[2026-10-03 15:29:48] dbg: [driver:1] OpenTT3D: live voxel house 92 construction stage 3 variant 1 captured
[2026-10-03 15:29:48] dbg: [driver:2] OpenTT3D: source texture 1313 mip family request 2 decode 1.089 ms, preparation 0.152 ms
[2026-10-03 15:29:48] dbg: [driver:1] OpenTT3D: live voxel house ground 99 construction stage 3 captured at 42,43
[2026-10-03 15:29:48] dbg: [driver:1] OpenTT3D: live voxel house ground 99 construction stage 3 variant 1 captured
[2026-10-03 15:29:48] dbg: [driver:1] OpenTT3D: live voxel house 99 construction stage 3 captured at 42,43
[2026-10-03 15:29:48] dbg: [driver:1] OpenTT3D: live voxel house 99 construction stage 3 variant 1 captured
[2026-10-03 15:29:48] dbg: [driver:1] OpenTT3D: live voxel house ground 96 construction stage 3 captured at 43,43
[2026-10-03 15:29:48] dbg: [driver:1] OpenTT3D: live voxel house ground 96 construction stage 3 variant 0 captured
[2026-10-03 15:29:48] dbg: [driver:1] OpenTT3D: live voxel house 96 construction stage 3 captured at 43,43
[2026-10-03 15:29:48] dbg: [driver:1] OpenTT3D: live voxel house 96 construction stage 3 variant 0 captured
[2026-10-03 15:29:48] dbg: [driver:1] OpenTT3D: live voxel house ground 103 construction stage 3 captured at 44,43
[2026-10-03 15:29:48] dbg: [driver:1] OpenTT3D: live voxel house ground 103 construction stage 3 variant 2 captured
[2026-10-03 15:29:48] dbg: [driver:1] OpenTT3D: live voxel house 103 construction stage 3 captured at 44,43
[2026-10-03 15:29:48] dbg: [driver:1] OpenTT3D: live voxel house 103 construction stage 3 variant 2 captured
[2026-10-03 15:29:48] dbg: [driver:1] OpenTT3D: live voxel house ground 101 construction stage 3 captured at 45,43
[2026-10-03 15:29:48] dbg: [driver:1] OpenTT3D: live voxel house ground 101 construction stage 3 variant 3 captured
[2026-10-03 15:29:49] dbg: [driver:1] OpenTT3D: live voxel house 101 construction stage 3 captured at 45,43
[2026-10-03 15:29:49] dbg: [driver:1] OpenTT3D: live voxel house 101 construction stage 3 variant 3 captured
[2026-10-03 15:29:49] dbg: [driver:1] OpenTT3D: live voxel house ground 101 construction stage 3 captured at 46,43
[2026-10-03 15:29:49] dbg: [driver:1] OpenTT3D: live voxel house ground 101 construction stage 3 variant 0 captured
[2026-10-03 15:29:49] dbg: [driver:1] OpenTT3D: live voxel house 101 construction stage 3 captured at 46,43
[2026-10-03 15:29:49] dbg: [driver:1] OpenTT3D: live voxel house 101 construction stage 3 variant 0 captured
[2026-10-03 15:29:49] dbg: [driver:1] OpenTT3D: live voxel house ground 93 construction stage 3 captured at 43,44
[2026-10-03 15:29:49] dbg: [driver:1] OpenTT3D: live voxel house ground 93 construction stage 3 variant 2 captured
[2026-10-03 15:29:49] dbg: [driver:1] OpenTT3D: live voxel house 93 construction stage 3 captured at 43,44
[2026-10-03 15:29:49] dbg: [driver:1] OpenTT3D: live voxel house 93 construction stage 3 variant 2 captured
[2026-10-03 15:29:49] dbg: [driver:1] OpenTT3D: live voxel house ground 107 construction stage 3 captured at 45,45
[2026-10-03 15:29:49] dbg: [driver:1] OpenTT3D: live voxel house ground 107 construction stage 3 variant 0 captured
[2026-10-03 15:29:49] dbg: [driver:1] OpenTT3D: live voxel house 107 construction stage 3 captured at 45,45
[2026-10-03 15:29:49] dbg: [driver:1] OpenTT3D: live voxel house 107 construction stage 3 variant 0 captured
[2026-10-03 15:29:49] dbg: [driver:1] OpenTT3D: live voxel house ground 104 construction stage 3 captured at 46,45
[2026-10-03 15:29:49] dbg: [driver:1] OpenTT3D: live voxel house ground 104 construction stage 3 variant 1 captured
[2026-10-03 15:29:49] dbg: [driver:1] OpenTT3D: live voxel house 104 construction stage 3 captured at 46,45
[2026-10-03 15:29:49] dbg: [driver:1] OpenTT3D: live voxel house 104 construction stage 3 variant 1 captured
[2026-10-03 15:29:49] dbg: [driver:1] OpenTT3D: live voxel house ground 109 construction stage 3 captured at 47,45
[2026-10-03 15:29:49] dbg: [driver:1] OpenTT3D: live voxel house ground 109 construction stage 3 variant 2 captured
[2026-10-03 15:29:49] dbg: [driver:1] OpenTT3D: live voxel house 109 construction stage 3 captured at 47,45
[2026-10-03 15:29:49] dbg: [driver:1] OpenTT3D: live voxel house 109 construction stage 3 variant 2 captured
[2026-10-03 15:29:49] dbg: [driver:1] OpenTT3D: 1 slope foundations rendered with complete retaining walls
[2026-10-03 15:29:49] dbg: [driver:1] OpenTT3D: live projected tree 1954 stage 5 captured at 52,37
[2026-10-03 15:29:49] dbg: [driver:1] OpenTT3D: live voxel house ground 97 construction stage 3 captured at 48,38
[2026-10-03 15:29:49] dbg: [driver:1] OpenTT3D: live voxel house ground 97 construction stage 3 variant 1 captured
[2026-10-03 15:29:49] dbg: [driver:1] OpenTT3D: live projected tree 1961 stage 3 captured at 50,38
[2026-10-03 15:29:49] dbg: [driver:1] OpenTT3D: live voxel house ground 105 construction stage 3 captured at 48,40
[2026-10-03 15:29:49] dbg: [driver:1] OpenTT3D: live voxel house ground 105 construction stage 3 variant 2 captured
[2026-10-03 15:29:49] dbg: [driver:1] OpenTT3D: live voxel house 105 construction stage 3 captured at 48,40
[2026-10-03 15:29:49] dbg: [driver:1] OpenTT3D: live voxel house 105 construction stage 3 variant 2 captured
[2026-10-03 15:29:49] dbg: [driver:1] OpenTT3D: live voxel house ground 99 construction stage 3 captured at 48,42
[2026-10-03 15:29:49] dbg: [driver:1] OpenTT3D: live voxel house ground 99 construction stage 3 variant 0 captured
[2026-10-03 15:29:49] dbg: [driver:1] OpenTT3D: live voxel house 99 construction stage 3 captured at 48,42
[2026-10-03 15:29:49] dbg: [driver:1] OpenTT3D: live voxel house 99 construction stage 3 variant 0 captured
[2026-10-03 15:29:49] dbg: [driver:1] OpenTT3D: live voxel house ground 104 construction stage 3 captured at 49,43
[2026-10-03 15:29:49] dbg: [driver:1] OpenTT3D: live voxel house ground 104 construction stage 3 variant 0 captured
[2026-10-03 15:29:49] dbg: [driver:1] OpenTT3D: live voxel house 104 construction stage 3 captured at 49,43
[2026-10-03 15:29:49] dbg: [driver:1] OpenTT3D: live voxel house 104 construction stage 3 variant 0 captured
[2026-10-03 15:29:49] dbg: [driver:1] OpenTT3D: live projected tree 1996 stage 3 captured at 50,43
[2026-10-03 15:29:49] dbg: [driver:1] OpenTT3D: retained river selector tile 61,60 feature 5 base 11289 offset 0->0 sprite 11289 absent false
[2026-10-03 15:29:49] dbg: [driver:1] OpenTT3D: retained river selector tile 61,60 feature 6 base 10604 offset 0->0 sprite 10604 absent false
[2026-10-03 15:29:49] dbg: [driver:1] OpenTT3D: retained river selector tile 61,60 feature 6 base 10604 offset 1->1 sprite 10605 absent false
[2026-10-03 15:29:49] dbg: [driver:1] OpenTT3D: retained river selector tile 61,60 feature 6 base 10604 offset 3->3 sprite 10607 absent false
[2026-10-03 15:29:49] dbg: [driver:1] OpenTT3D: retained river selector tile 61,60 feature 6 base 10604 offset 4->4 sprite 10608 absent false
[2026-10-03 15:29:49] dbg: [driver:1] OpenTT3D: retained river selector tile 61,60 feature 6 base 10604 offset 7->7 sprite 10611 absent false
[2026-10-03 15:29:49] dbg: [driver:1] OpenTT3D: retained river selector tile 62,60 feature 5 base 11289 offset 0->0 sprite 11289 absent false
[2026-10-03 15:29:49] dbg: [driver:1] OpenTT3D: retained river selector tile 62,60 feature 6 base 10604 offset 1->1 sprite 10605 absent false
[2026-10-03 15:29:49] dbg: [driver:1] OpenTT3D: retained river selector tile 62,60 feature 6 base 10604 offset 3->3 sprite 10607 absent false
[2026-10-03 15:29:49] dbg: [driver:1] OpenTT3D: retained river selector tile 63,60 feature 5 base 11289 offset 0->0 sprite 11289 absent false
[2026-10-03 15:29:49] dbg: [driver:1] OpenTT3D: retained river selector tile 63,60 feature 6 base 10604 offset 2->2 sprite 10606 absent false
[2026-10-03 15:29:49] dbg: [driver:1] OpenTT3D: retained river selector tile 63,60 feature 6 base 10604 offset 3->3 sprite 10607 absent false
[2026-10-03 15:29:49] dbg: [driver:1] OpenTT3D: retained river selector tile 63,60 feature 6 base 10604 offset 8->8 sprite 10612 absent false
[2026-10-03 15:29:49] dbg: [driver:1] OpenTT3D: retained river selector tile 63,60 feature 6 base 10604 offset 6->6 sprite 10610 absent false
[2026-10-03 15:29:49] dbg: [driver:1] OpenTT3D: retained river selector tile 63,61 feature 5 base 11289 offset 0->0 sprite 11289 absent false
[2026-10-03 15:29:49] dbg: [driver:1] OpenTT3D: retained river selector tile 63,61 feature 6 base 10604 offset 0->0 sprite 10604 absent false
[2026-10-03 15:29:49] dbg: [driver:1] OpenTT3D: retained river selector tile 63,61 feature 6 base 10604 offset 2->2 sprite 10606 absent false
[2026-10-03 15:29:49] dbg: [driver:1] OpenTT3D: retained river selector tile 63,62 feature 5 base 11289 offset 0->0 sprite 11289 absent false
[2026-10-03 15:29:49] dbg: [driver:1] OpenTT3D: retained river selector tile 63,62 feature 6 base 10604 offset 0->0 sprite 10604 absent false
[2026-10-03 15:29:49] dbg: [driver:1] OpenTT3D: retained river selector tile 63,62 feature 6 base 10604 offset 2->2 sprite 10606 absent false
[2026-10-03 15:29:49] dbg: [driver:1] OpenTT3D: retained river selector tile 63,63 feature 5 base 11289 offset 0->0 sprite 11289 absent false
[2026-10-03 15:29:49] dbg: [driver:1] OpenTT3D: retained river selector tile 63,63 feature 6 base 10604 offset 0->0 sprite 10604 absent false
[2026-10-03 15:29:49] dbg: [driver:1] OpenTT3D: retained river selector tile 63,63 feature 6 base 10604 offset 2->2 sprite 10606 absent false
[2026-10-03 15:29:49] dbg: [driver:1] OpenTT3D: retained river selector tile 63,64 feature 5 base 11289 offset 0->0 sprite 11289 absent false
[2026-10-03 15:29:49] dbg: [driver:1] OpenTT3D: retained river selector tile 63,64 feature 6 base 10604 offset 0->0 sprite 10604 absent false
[2026-10-03 15:29:49] dbg: [driver:1] OpenTT3D: retained river selector tile 63,64 feature 6 base 10604 offset 2->2 sprite 10606 absent false
[2026-10-03 15:29:49] dbg: [driver:1] OpenTT3D: retained river selector tile 63,65 feature 5 base 11289 offset 0->0 sprite 11289 absent false
[2026-10-03 15:29:49] dbg: [driver:1] OpenTT3D: retained river selector tile 63,65 feature 6 base 10604 offset 0->0 sprite 10604 absent false
[2026-10-03 15:29:49] dbg: [driver:1] OpenTT3D: retained river selector tile 63,65 feature 6 base 10604 offset 2->2 sprite 10606 absent false
[2026-10-03 15:29:49] dbg: [driver:1] OpenTT3D: retained river selector tile 63,66 feature 5 base 11289 offset 0->0 sprite 11289 absent false
[2026-10-03 15:29:49] dbg: [driver:1] OpenTT3D: retained river selector tile 63,66 feature 6 base 10604 offset 0->0 sprite 10604 absent false
[2026-10-03 15:29:49] dbg: [driver:1] OpenTT3D: retained river selector tile 63,66 feature 6 base 10604 offset 1->1 sprite 10605 absent false
[2026-10-03 15:29:49] dbg: [driver:1] OpenTT3D: retained river selector tile 63,66 feature 6 base 10604 offset 4->4 sprite 10608 absent false
[2026-10-03 15:29:49] dbg: [driver:1] OpenTT3D: retained river selector tile 63,66 feature 6 base 10604 offset 10->10 sprite 10614 absent false
[2026-10-03 15:29:49] dbg: [driver:1] OpenTT3D: retained river selector tile 64,66 feature 5 base 11289 offset 0->0 sprite 11289 absent false
[2026-10-03 15:29:49] dbg: [driver:1] OpenTT3D: retained river selector tile 64,66 feature 6 base 10604 offset 3->3 sprite 10607 absent false
[2026-10-03 15:29:49] dbg: [driver:1] OpenTT3D: retained river selector tile 64,66 feature 6 base 10604 offset 8->8 sprite 10612 absent false
[2026-10-03 15:29:49] dbg: [driver:1] OpenTT3D: retained river selector tile 64,66 feature 6 base 10604 offset 9->9 sprite 10613 absent false
[2026-10-03 15:29:49] dbg: [driver:1] OpenTT3D: retained river selector tile 65,66 feature 5 base 11289 offset 0->0 sprite 11289 absent false
[2026-10-03 15:29:49] dbg: [driver:1] OpenTT3D: retained river selector tile 65,66 feature 6 base 10604 offset 1->1 sprite 10605 absent false
[2026-10-03 15:29:49] dbg: [driver:1] OpenTT3D: retained river selector tile 65,66 feature 6 base 10604 offset 3->3 sprite 10607 absent false
[2026-10-03 15:29:49] dbg: [driver:1] OpenTT3D: retained river selector tile 66,66 feature 5 base 11289 offset 0->0 sprite 11289 absent false
[2026-10-03 15:29:49] dbg: [driver:1] OpenTT3D: retained river selector tile 66,66 feature 6 base 10604 offset 2->2 sprite 10606 absent false
[2026-10-03 15:29:49] dbg: [driver:1] OpenTT3D: retained river selector tile 66,66 feature 6 base 10604 offset 3->3 sprite 10607 absent false
[2026-10-03 15:29:49] dbg: [driver:1] OpenTT3D: retained river selector tile 66,66 feature 6 base 10604 offset 8->8 sprite 10612 absent false
[2026-10-03 15:29:49] dbg: [driver:1] OpenTT3D: retained river selector tile 66,66 feature 6 base 10604 offset 6->6 sprite 10610 absent false
[2026-10-03 15:29:49] dbg: [driver:1] OpenTT3D: retained river selector tile 73,66 feature 5 base 11289 offset 0->0 sprite 11289 absent false
[2026-10-03 15:29:49] dbg: [driver:1] OpenTT3D: retained river selector tile 73,66 feature 6 base 10604 offset 0->0 sprite 10604 absent false
[2026-10-03 15:29:49] dbg: [driver:1] OpenTT3D: retained river selector tile 73,66 feature 6 base 10604 offset 3->3 sprite 10607 absent false
[2026-10-03 15:29:49] dbg: [driver:1] OpenTT3D: retained river selector tile 73,66 feature 6 base 10604 offset 9->9 sprite 10613 absent false
[2026-10-03 15:29:49] dbg: [driver:1] OpenTT3D: retained river selector tile 73,66 feature 6 base 10604 offset 7->7 sprite 10611 absent false
[2026-10-03 15:29:49] dbg: [driver:1] OpenTT3D: retained river selector tile 74,66 feature 5 base 11289 offset 0->0 sprite 11289 absent false
[2026-10-03 15:29:49] dbg: [driver:1] OpenTT3D: retained river selector tile 74,66 feature 6 base 10604 offset 1->1 sprite 10605 absent false
[2026-10-03 15:29:49] dbg: [driver:1] OpenTT3D: retained river selector tile 74,66 feature 6 base 10604 offset 3->3 sprite 10607 absent false
[2026-10-03 15:29:49] dbg: [driver:1] OpenTT3D: retained river selector tile 75,66 feature 5 base 11289 offset 0->0 sprite 11289 absent false
[2026-10-03 15:29:49] dbg: [driver:1] OpenTT3D: retained river selector tile 75,66 feature 6 base 10604 offset 1->1 sprite 10605 absent false
[2026-10-03 15:29:49] dbg: [driver:1] OpenTT3D: retained river selector tile 75,66 feature 6 base 10604 offset 3->3 sprite 10607 absent false
[2026-10-03 15:29:49] dbg: [driver:1] OpenTT3D: retained river selector tile 76,66 feature 5 base 11289 offset 0->0 sprite 11289 absent false
[2026-10-03 15:29:49] dbg: [driver:1] OpenTT3D: retained river selector tile 76,66 feature 6 base 10604 offset 1->1 sprite 10605 absent false
[2026-10-03 15:29:49] dbg: [driver:1] OpenTT3D: retained river selector tile 76,66 feature 6 base 10604 offset 3->3 sprite 10607 absent false
[2026-10-03 15:29:49] dbg: [driver:1] OpenTT3D: retained river selector tile 77,66 feature 5 base 11289 offset 0->0 sprite 11289 absent false
[2026-10-03 15:29:49] dbg: [driver:1] OpenTT3D: retained river selector tile 77,66 feature 6 base 10604 offset 1->1 sprite 10605 absent false
[2026-10-03 15:29:49] dbg: [driver:1] OpenTT3D: retained river selector tile 77,66 feature 6 base 10604 offset 3->3 sprite 10607 absent false
[2026-10-03 15:29:49] dbg: [driver:1] OpenTT3D: retained river selector tile 78,66 feature 5 base 11289 offset 0->0 sprite 11289 absent false
[2026-10-03 15:29:49] dbg: [driver:1] OpenTT3D: retained river selector tile 78,66 feature 6 base 10604 offset 1->1 sprite 10605 absent false
[2026-10-03 15:29:49] dbg: [driver:1] OpenTT3D: retained river selector tile 78,66 feature 6 base 10604 offset 3->3 sprite 10607 absent false
[2026-10-03 15:29:49] dbg: [driver:1] OpenTT3D: retained river selector tile 79,66 feature 5 base 11289 offset 0->0 sprite 11289 absent false
[2026-10-03 15:29:49] dbg: [driver:1] OpenTT3D: retained river selector tile 79,66 feature 6 base 10604 offset 1->1 sprite 10605 absent false
[2026-10-03 15:29:49] dbg: [driver:1] OpenTT3D: retained river selector tile 79,66 feature 6 base 10604 offset 3->3 sprite 10607 absent false
[2026-10-03 15:29:49] dbg: [driver:1] OpenTT3D: retained river selector tile 80,66 feature 5 base 11289 offset 0->0 sprite 11289 absent false
[2026-10-03 15:29:49] dbg: [driver:1] OpenTT3D: retained river selector tile 80,66 feature 6 base 10604 offset 1->1 sprite 10605 absent false
[2026-10-03 15:29:49] dbg: [driver:1] OpenTT3D: retained river selector tile 80,66 feature 6 base 10604 offset 3->3 sprite 10607 absent false
[2026-10-03 15:29:49] dbg: [driver:1] OpenTT3D: retained river selector tile 64,67 feature 5 base 11289 offset 0->0 sprite 11289 absent false
[2026-10-03 15:29:49] dbg: [driver:1] OpenTT3D: retained river selector tile 64,67 feature 6 base 10604 offset 0->0 sprite 10604 absent false
[2026-10-03 15:29:49] dbg: [driver:1] OpenTT3D: retained river selector tile 64,67 feature 6 base 10604 offset 2->2 sprite 10606 absent false
[2026-10-03 15:29:49] dbg: [driver:1] OpenTT3D: retained river selector tile 66,67 feature 5 base 11289 offset 0->0 sprite 11289 absent false
[2026-10-03 15:29:49] dbg: [driver:1] OpenTT3D: retained river selector tile 66,67 feature 6 base 10604 offset 0->0 sprite 10604 absent false
[2026-10-03 15:29:49] dbg: [driver:1] OpenTT3D: retained river selector tile 66,67 feature 6 base 10604 offset 1->1 sprite 10605 absent false
[2026-10-03 15:29:49] dbg: [driver:1] OpenTT3D: retained river selector tile 66,67 feature 6 base 10604 offset 4->4 sprite 10608 absent false
[2026-10-03 15:29:49] dbg: [driver:1] OpenTT3D: retained river selector tile 66,67 feature 6 base 10604 offset 10->10 sprite 10614 absent false
[2026-10-03 15:29:49] dbg: [driver:1] OpenTT3D: retained river selector tile 67,67 feature 5 base 11289 offset 0->0 sprite 11289 absent false
[2026-10-03 15:29:49] dbg: [driver:1] OpenTT3D: retained river selector tile 67,67 feature 6 base 10604 offset 1->1 sprite 10605 absent false
[2026-10-03 15:29:49] dbg: [driver:1] OpenTT3D: retained river selector tile 67,67 feature 6 base 10604 offset 3->3 sprite 10607 absent false
[2026-10-03 15:29:49] dbg: [driver:1] OpenTT3D: retained river selector tile 68,67 feature 5 base 11289 offset 0->0 sprite 11289 absent false
[2026-10-03 15:29:49] dbg: [driver:1] OpenTT3D: retained river selector tile 68,67 feature 6 base 10604 offset 2->2 sprite 10606 absent false
[2026-10-03 15:29:49] dbg: [driver:1] OpenTT3D: retained river selector tile 68,67 feature 6 base 10604 offset 3->3 sprite 10607 absent false
[2026-10-03 15:29:49] dbg: [driver:1] OpenTT3D: retained river selector tile 68,67 feature 6 base 10604 offset 8->8 sprite 10612 absent false
[2026-10-03 15:29:49] dbg: [driver:1] OpenTT3D: retained river selector tile 68,67 feature 6 base 10604 offset 6->6 sprite 10610 absent false
[2026-10-03 15:29:49] dbg: [driver:1] OpenTT3D: retained river selector tile 72,67 feature 5 base 11289 offset 0->0 sprite 11289 absent false
[2026-10-03 15:29:49] dbg: [driver:1] OpenTT3D: retained river selector tile 72,67 feature 6 base 10604 offset 0->0 sprite 10604 absent false
[2026-10-03 15:29:49] dbg: [driver:1] OpenTT3D: retained river selector tile 72,67 feature 6 base 10604 offset 3->3 sprite 10607 absent false
[2026-10-03 15:29:49] dbg: [driver:1] OpenTT3D: retained river selector tile 72,67 feature 6 base 10604 offset 9->9 sprite 10613 absent false
[2026-10-03 15:29:49] dbg: [driver:1] OpenTT3D: retained river selector tile 72,67 feature 6 base 10604 offset 7->7 sprite 10611 absent false
[2026-10-03 15:29:49] dbg: [driver:1] OpenTT3D: retained river selector tile 73,67 feature 5 base 11289 offset 0->0 sprite 11289 absent false
[2026-10-03 15:29:49] dbg: [driver:1] OpenTT3D: retained river selector tile 73,67 feature 6 base 10604 offset 1->1 sprite 10605 absent false
[2026-10-03 15:29:49] dbg: [driver:1] OpenTT3D: retained river selector tile 73,67 feature 6 base 10604 offset 2->2 sprite 10606 absent false
[2026-10-03 15:29:49] dbg: [driver:1] OpenTT3D: retained river selector tile 73,67 feature 6 base 10604 offset 5->5 sprite 10609 absent false
[2026-10-03 15:29:49] dbg: [driver:1] OpenTT3D: retained river selector tile 73,67 feature 6 base 10604 offset 11->11 sprite 10615 absent false
[2026-10-03 15:29:49] dbg: [driver:1] OpenTT3D: retained live water source tile 49,5 role ground sprite 9972 at original height 8
[2026-10-03 15:29:49] dbg: [driver:1] OpenTT3D: retained live water source tile 49,5 role body sprite 10008 at original height 8
[2026-10-03 15:29:49] dbg: [driver:1] OpenTT3D: retained live water source tile 49,5 role body sprite 10012 at original height 8
[2026-10-03 15:29:49] dbg: [driver:1] OpenTT3D: retained live water source tile 64,7 role ground sprite 9977 at original height 8
[2026-10-03 15:29:49] dbg: [driver:1] OpenTT3D: retained live water source tile 64,7 role body sprite 10024 at original height 8
[2026-10-03 15:29:49] dbg: [driver:1] OpenTT3D: retained live water source tile 64,7 role body sprite 10028 at original height 8
[2026-10-03 15:29:49] dbg: [driver:1] OpenTT3D: retained live water source tile 64,8 role ground sprite 9978 at original height 8
[2026-10-03 15:29:49] dbg: [driver:1] OpenTT3D: retained live water source tile 64,8 role body sprite 10016 at original height 8
[2026-10-03 15:29:49] dbg: [driver:1] OpenTT3D: retained live water source tile 64,8 role body sprite 10020 at original height 8
[2026-10-03 15:29:49] dbg: [driver:1] OpenTT3D: retained live water source tile 64,9 role ground sprite 9977 at original height 16
[2026-10-03 15:29:49] dbg: [driver:1] OpenTT3D: retained live water source tile 64,9 role body sprite 10032 at original height 16
[2026-10-03 15:29:49] dbg: [driver:1] OpenTT3D: retained live water source tile 64,9 role body sprite 10036 at original height 16
[2026-10-03 15:29:49] dbg: [driver:1] OpenTT3D: live projected tree 2003 stage 3 captured at 49,32
[2026-10-03 15:29:49] dbg: [driver:1] OpenTT3D: live projected tree 2003 stage 6 captured at 49,32
[2026-10-03 15:29:49] dbg: [driver:1] OpenTT3D: 64 roof/wall pixels select their owning tile across four rotations, with independent vehicle picking
[2026-10-03 15:29:49] dbg: [driver:1] OpenTT3D: live projected tree 1975 stage 3 captured at 94,4
[2026-10-03 15:29:49] dbg: [driver:1] OpenTT3D: live projected tree 1975 stage 5 captured at 94,4
[2026-10-03 15:29:49] dbg: [driver:1] OpenTT3D: retained live water source tile 100,4 role ground sprite 9972 at original height 8
[2026-10-03 15:29:49] dbg: [driver:1] OpenTT3D: retained live water source tile 100,4 role body sprite 10009 at original height 8
[2026-10-03 15:29:49] dbg: [driver:1] OpenTT3D: retained live water source tile 100,4 role body sprite 10013 at original height 8
[2026-10-03 15:29:49] dbg: [driver:1] OpenTT3D: retained live water source tile 101,4 role ground sprite 9974 at original height 0
[2026-10-03 15:29:49] dbg: [driver:1] OpenTT3D: retained live water source tile 101,4 role body sprite 9993 at original height 0
[2026-10-03 15:29:49] dbg: [driver:1] OpenTT3D: retained live water source tile 101,4 role body sprite 9997 at original height 0
[2026-10-03 15:29:49] dbg: [driver:1] OpenTT3D: retained live water source tile 102,4 role ground sprite 9972 at original height 0
[2026-10-03 15:29:49] dbg: [driver:1] OpenTT3D: retained live water source tile 102,4 role body sprite 10001 at original height 0
[2026-10-03 15:29:49] dbg: [driver:1] OpenTT3D: retained live water source tile 102,4 role body sprite 10005 at original height 0
[2026-10-03 15:29:49] dbg: [driver:1] OpenTT3D: live projected tree 1947 stage 3 captured at 96,5
[2026-10-03 15:29:49] dbg: [driver:1] OpenTT3D: live projected tree 1961 stage 1 captured at 104,7
[2026-10-03 15:29:49] dbg: [driver:1] OpenTT3D: retained live water source tile 80,14 role ground sprite 9977 at original height 16
[2026-10-03 15:29:49] dbg: [driver:1] OpenTT3D: retained live water source tile 80,14 role body sprite 10033 at original height 16
[2026-10-03 15:29:49] dbg: [driver:1] OpenTT3D: retained live water source tile 80,14 role body sprite 10037 at original height 16
[2026-10-03 15:29:49] dbg: [driver:1] OpenTT3D: retained live water source tile 81,14 role ground sprite 9979 at original height 8
[2026-10-03 15:29:49] dbg: [driver:1] OpenTT3D: retained live water source tile 81,14 role body sprite 10017 at original height 8
[2026-10-03 15:29:49] dbg: [driver:1] OpenTT3D: retained live water source tile 81,14 role body sprite 10021 at original height 8
[2026-10-03 15:29:49] dbg: [driver:1] OpenTT3D: retained live water source tile 82,14 role ground sprite 9977 at original height 8
[2026-10-03 15:29:49] dbg: [driver:1] OpenTT3D: retained live water source tile 82,14 role body sprite 10025 at original height 8
[2026-10-03 15:29:49] dbg: [driver:1] OpenTT3D: retained live water source tile 82,14 role body sprite 10029 at original height 8
[2026-10-03 15:29:49] dbg: [driver:1] OpenTT3D: whole-world atlas relocation preserves 1228800 exact RGBA/picking pixels across repack, clear and forced row relocation
[2026-10-03 15:29:49] dbg: [driver:1] OpenTT3D: captured OpenGL presentation with 1 GPU viewport regions
