[2026-10-03 11:10:36] dbg: [driver:1] Successfully loaded blitter '32bpp-optimized'
[2026-10-03 11:10:36] dbg: [driver:1] OpenTT3D: Cocoa process 88245
[2026-10-03 11:10:37] dbg: [driver:1] OpenGL driver: Apple - Apple M3 Pro (4.1 Metal - 90.5)
[2026-10-03 11:10:37] dbg: [driver:2] OpenGL shading language version: 4.10, texture units = 80
[2026-10-03 11:10:37] dbg: [driver:1] Successfully loaded video driver 'cocoa-opengl'
[2026-10-03 11:10:37] dbg: [driver:1] Successfully loaded sound driver 'null'
[2026-10-03 11:10:37] dbg: [driver:1] Successfully loaded music driver 'null'
[2026-10-03 11:10:37] dbg: [driver:1] OpenTT3D: background Cocoa window active=false, key=false, visible=false, policy=2
[2026-10-03 11:10:37] dbg: [driver:1] using thread for game-loop
[2026-10-03 11:10:48] dbg: [driver:1] OpenTT3D: loaded 1831 authored voxel models, 17420235 occupied cells, 12070638 exposed cell faces merged to 2656043 conforming rectangles / 20271120 triangles
[2026-10-03 11:10:48] dbg: [driver:1] OpenTT3D: retained lossless voxel sources use 36385568 bytes instead of 1727438004 dense cell bytes, with one shared palette
[2026-10-03 11:10:48] dbg: [driver:1] OpenTT3D: CPU voxel surfaces retain 1066079056 bytes under a scene-pinned soft budget, including 185267056 exact restoration bytes
[2026-10-03 11:10:49] dbg: [driver:1] OpenTT3D: focused voxel object 4 size 1 at 8,8
[2026-10-03 11:10:49] dbg: [driver:2] OpenTT3D: pre-existing OpenGL error before mesh pass (1286)
[2026-10-03 11:10:49] dbg: [driver:1] OpenTT3D: depth-tested mesh renderer initialized
[2026-10-03 11:10:49] dbg: [driver:1] OpenTT3D: 4 CPU voxel retirement/rebuild views preserve scene pins, stable GPU keys, exact colour, transparency and picking
[2026-10-03 11:10:49] dbg: [driver:1] OpenTT3D: 0 voxel effect views preserve original sprite/climate selection, altitude, opacity, fixed orientation and unclickable ownership
[2026-10-03 11:10:49] dbg: [driver:1] OpenTT3D: 0 unauthored effect sources preserve their original fallback in climate 0
[2026-10-03 11:10:49] dbg: [driver:1] OpenTT3D: 3 incomplete/custom/unavailable original object families retain every source ground/body layer in climate 0
[2026-10-03 11:10:49] dbg: [driver:1] OpenTT3D: 128 original HQ ground views preserve independent opaque source ownership, all16 company palettes and intentional body absences
[2026-10-03 11:10:49] dbg: [driver:1] OpenTT3D: 40 independent HQ owner LOD views preserve exact occupied/air boundaries, automatic factors1/2/4/8/16, source transforms, opacity and tile picking
[2026-10-03 11:10:49] dbg: [driver:1] OpenTT3D: 40 independent HQ owner LOD rebuild views preserve copied-scene pins, stable mesh identities and exact vertex words/RGBA/picking
[2026-10-03 11:10:49] dbg: [driver:1] OpenTT3D: 24 joined original HQ views preserve four source anchors, ground/body visibility and independent tile picking
[2026-10-03 11:10:49] dbg: [driver:1] OpenTT3D: 0 original object views preserve source layout/climate, anchors, all16 company palettes and transparent picking
[2026-10-03 11:10:49] dbg: [driver:1] OpenTT3D: 0 house variant/construction bindings select their explicit geometry and original palettes
[2026-10-03 11:10:49] dbg: [driver:1] OpenTT3D: 0 voxel house-ground bindings preserve source palettes, empty body stages and opaque floor ownership
[2026-10-03 11:10:52] dbg: [driver:1] OpenTT3D: 768 authored voxel views match unmerged geometry, CPU instances, palette recolouring and transparent picking; exact palette relocation passed
[2026-10-03 11:10:52] dbg: [driver:1] OpenTT3D: 0 joined multi-tile house views preserve exact cell references and independent tile picking
[2026-10-03 11:10:52] dbg: [driver:1] OpenTT3D: 0 voxel airport ground/body views preserve independent opaque ground, exact CPU colour and visible/transparent/hidden picking
[2026-10-03 11:10:52] dbg: [driver:1] OpenTT3D: 0 airport layer bindings retain their supplied source because the active climate has no matching authored volume
[2026-10-03 11:10:52] dbg: [driver:1] OpenTT3D: voxel mesh selection 'hq_' passed exact geometry, palettes and picking
[2026-10-03 11:10:52] dbg: [driver:1] OpenTT3D: loaded 62 profiles from opentt3d-trees.json
[2026-10-03 11:10:52] dbg: [driver:1] OpenTT3D: live voxel depot 4 direction 1 captured at 8,23
[2026-10-03 11:10:52] dbg: [driver:1] OpenTT3D: voxel depot 4 direction 1 selected climate state 1
[2026-10-03 11:10:52] dbg: [driver:1] OpenTT3D: live voxel house 26 construction stage 3 captured at 9,23
[2026-10-03 11:10:52] dbg: [driver:1] OpenTT3D: live voxel house 26 construction stage 3 variant 3 captured
[2026-10-03 11:10:52] dbg: [driver:1] OpenTT3D: live voxel house 2 construction stage 3 captured at 10,23
[2026-10-03 11:10:52] dbg: [driver:1] OpenTT3D: live voxel house 2 construction stage 3 variant 2 captured
[2026-10-03 11:10:52] dbg: [driver:1] OpenTT3D: live voxel house 9 construction stage 3 captured at 11,23
[2026-10-03 11:10:52] dbg: [driver:1] OpenTT3D: live voxel house 9 construction stage 3 variant 1 captured
[2026-10-03 11:10:52] dbg: [driver:1] OpenTT3D: 1 road stops rendered with volume shelters and loading bays
[2026-10-03 11:10:52] dbg: [driver:1] OpenTT3D: 1 depots rendered with open bays and component materials
[2026-10-03 11:10:52] dbg: [driver:1] OpenTT3D: 21 ground-detail tiles rendered with raised crops, hay, rocks or turf
[2026-10-03 11:10:52] dbg: [driver:1] OpenTT3D: 2 slope foundations rendered with complete retaining walls
[2026-10-03 11:10:52] dbg: [driver:1] OpenTT3D: live projected tree 1660 stage 3 captured at 7,25
[2026-10-03 11:10:52] dbg: [driver:1] OpenTT3D: live projected tree 1681 stage 3 captured at 7,25
[2026-10-03 11:10:52] dbg: [driver:1] OpenTT3D: live voxel house 26 construction stage 3 captured at 8,25
[2026-10-03 11:10:52] dbg: [driver:1] OpenTT3D: live voxel house 26 construction stage 3 variant 1 captured
[2026-10-03 11:10:52] dbg: [driver:1] OpenTT3D: live voxel house 30 construction stage 3 captured at 10,25
[2026-10-03 11:10:52] dbg: [driver:1] OpenTT3D: live voxel house 30 construction stage 3 variant 3 captured
[2026-10-03 11:10:52] dbg: [driver:1] OpenTT3D: live projected tree 1653 stage 1 captured at 7,26
[2026-10-03 11:10:52] dbg: [driver:1] OpenTT3D: live voxel house 6 construction stage 3 captured at 9,27
[2026-10-03 11:10:52] dbg: [driver:1] OpenTT3D: live voxel house 6 construction stage 3 variant 2 captured
[2026-10-03 11:10:52] dbg: [driver:1] OpenTT3D: live voxel house 6 construction stage 3 captured at 8,28
[2026-10-03 11:10:52] dbg: [driver:1] OpenTT3D: live voxel house 6 construction stage 3 variant 3 captured
[2026-10-03 11:10:52] dbg: [driver:1] OpenTT3D: live voxel house 3 construction stage 3 captured at 9,28
[2026-10-03 11:10:52] dbg: [driver:1] OpenTT3D: live voxel house 3 construction stage 3 variant 0 captured
[2026-10-03 11:10:52] dbg: [driver:1] OpenTT3D: live projected tree 1590 stage 3 captured at 15,22
[2026-10-03 11:10:52] dbg: [driver:1] OpenTT3D: live projected tree 1611 stage 3 captured at 15,22
[2026-10-03 11:10:52] dbg: [driver:1] OpenTT3D: live projected tree 1604 stage 3 captured at 15,22
[2026-10-03 11:10:52] dbg: [driver:1] OpenTT3D: live projected tree 1625 stage 3 captured at 15,22
[2026-10-03 11:10:52] dbg: [driver:1] OpenTT3D: live voxel house 11 construction stage 3 captured at 12,23
[2026-10-03 11:10:52] dbg: [driver:1] OpenTT3D: live voxel house 11 construction stage 3 variant 3 captured
[2026-10-03 11:10:52] dbg: [driver:1] OpenTT3D: live voxel house 11 construction stage 3 captured at 13,23
[2026-10-03 11:10:52] dbg: [driver:1] OpenTT3D: live voxel house 11 construction stage 3 variant 0 captured
[2026-10-03 11:10:52] dbg: [driver:1] OpenTT3D: live voxel house 28 construction stage 3 captured at 13,24
[2026-10-03 11:10:52] dbg: [driver:1] OpenTT3D: live voxel house 28 construction stage 3 variant 0 captured
[2026-10-03 11:10:52] dbg: [driver:1] OpenTT3D: live voxel house ground 39 construction stage 3 captured at 11,25
[2026-10-03 11:10:52] dbg: [driver:1] OpenTT3D: live voxel house ground 39 construction stage 3 variant 2 captured
[2026-10-03 11:10:52] dbg: [driver:1] OpenTT3D: live voxel house 39 construction stage 3 captured at 11,25
[2026-10-03 11:10:52] dbg: [driver:1] OpenTT3D: live voxel house 39 construction stage 3 variant 2 captured
[2026-10-03 11:10:52] dbg: [driver:1] OpenTT3D: live voxel house 30 construction stage 3 captured at 13,26
[2026-10-03 11:10:52] dbg: [driver:1] OpenTT3D: live voxel house 30 construction stage 3 variant 2 captured
[2026-10-03 11:10:52] dbg: [driver:1] OpenTT3D: live voxel house 26 construction stage 3 captured at 11,27
[2026-10-03 11:10:52] dbg: [driver:1] OpenTT3D: live voxel house 26 construction stage 3 variant 0 captured
[2026-10-03 11:10:52] dbg: [driver:1] OpenTT3D: live voxel house ground 20 construction stage 3 captured at 13,27
[2026-10-03 11:10:52] dbg: [driver:1] OpenTT3D: live voxel house ground 20 construction stage 3 variant 3 captured
[2026-10-03 11:10:52] dbg: [driver:1] OpenTT3D: live voxel house 20 construction stage 3 captured at 13,27
[2026-10-03 11:10:52] dbg: [driver:1] OpenTT3D: live voxel house 20 construction stage 3 variant 3 captured
[2026-10-03 11:10:52] dbg: [driver:1] OpenTT3D: live voxel house ground 22 construction stage 3 captured at 14,27
[2026-10-03 11:10:52] dbg: [driver:1] OpenTT3D: live voxel house ground 22 construction stage 3 variant 0 captured
[2026-10-03 11:10:52] dbg: [driver:1] OpenTT3D: live voxel house 22 construction stage 3 captured at 14,27
[2026-10-03 11:10:52] dbg: [driver:1] OpenTT3D: live voxel house 22 construction stage 3 variant 0 captured
[2026-10-03 11:10:52] dbg: [driver:1] OpenTT3D: live voxel house ground 21 construction stage 3 captured at 13,28
[2026-10-03 11:10:52] dbg: [driver:1] OpenTT3D: live voxel house ground 21 construction stage 3 variant 3 captured
[2026-10-03 11:10:52] dbg: [driver:1] OpenTT3D: live voxel house 21 construction stage 3 captured at 13,28
[2026-10-03 11:10:52] dbg: [driver:1] OpenTT3D: live voxel house 21 construction stage 3 variant 3 captured
[2026-10-03 11:10:52] dbg: [driver:1] OpenTT3D: live voxel house ground 23 construction stage 3 captured at 14,28
[2026-10-03 11:10:52] dbg: [driver:1] OpenTT3D: live voxel house ground 23 construction stage 3 variant 2 captured
[2026-10-03 11:10:52] dbg: [driver:1] OpenTT3D: live voxel house 23 construction stage 3 captured at 14,28
[2026-10-03 11:10:52] dbg: [driver:1] OpenTT3D: live voxel house 23 construction stage 3 variant 2 captured
[2026-10-03 11:10:52] dbg: [driver:1] OpenTT3D: live voxel house 6 construction stage 3 captured at 13,29
[2026-10-03 11:10:52] dbg: [driver:1] OpenTT3D: live voxel house 6 construction stage 3 variant 0 captured
[2026-10-03 11:10:52] dbg: [driver:1] OpenTT3D: live projected tree 1583 stage 3 captured at 14,29
[2026-10-03 11:10:52] dbg: [driver:1] OpenTT3D: live projected tree 1583 stage 5 captured at 14,29
[2026-10-03 11:10:52] dbg: [driver:1] OpenTT3D: live voxel vehicle engine 116 cargo 0 captured as vehicle 10
[2026-10-03 11:10:52] dbg: [driver:1] OpenTT3D: live voxel vehicle engine 116 climate 0 binding state 0
[2026-10-03 11:10:52] dbg: [driver:1] OpenTT3D: 1 visible vehicle bodies rendered with directional authored geometry
[2026-10-03 11:10:52] dbg: [driver:1] OpenTT3D: live projected tree 1702 stage 3 captured at 14,19
[2026-10-03 11:10:52] dbg: [driver:1] OpenTT3D: live projected tree 1632 stage 3 captured at 15,20
[2026-10-03 11:10:52] dbg: [driver:1] OpenTT3D: 64 roof/wall pixels select their owning tile across four rotations, with independent vehicle picking
[2026-10-03 11:10:52] dbg: [driver:1] OpenTT3D: live projected tree 1653 stage 3 captured at 8,2
[2026-10-03 11:10:52] dbg: [driver:1] OpenTT3D: live projected tree 1646 stage 5 captured at 9,2
[2026-10-03 11:10:52] dbg: [driver:1] OpenTT3D: live projected tree 1618 stage 2 captured at 10,3
[2026-10-03 11:10:52] dbg: [driver:1] OpenTT3D: live projected tree 1618 stage 3 captured at 10,3
[2026-10-03 11:10:52] dbg: [driver:1] OpenTT3D: live projected tree 1576 stage 3 captured at 7,4
[2026-10-03 11:10:52] dbg: [driver:1] OpenTT3D: live projected tree 1639 stage 0 captured at 7,4
[2026-10-03 11:10:52] dbg: [driver:1] OpenTT3D: live projected tree 1646 stage 3 captured at 9,4
[2026-10-03 11:10:52] dbg: [driver:1] OpenTT3D: live projected tree 1688 stage 3 captured at 11,6
[2026-10-03 11:10:52] dbg: [driver:1] OpenTT3D: live projected tree 1632 stage 1 captured at 11,6
[2026-10-03 11:10:52] dbg: [driver:1] OpenTT3D: live projected tree 1688 stage 4 captured at 12,7
[2026-10-03 11:10:52] dbg: [driver:1] OpenTT3D: live voxel object 4 size 1 part 0 ground climate 0 source 2607 captured at 8,8 with original ground ownership
[2026-10-03 11:10:52] dbg: [driver:1] OpenTT3D: live voxel object 4 size 1 part 1 ground climate 0 source 2609 captured at 9,8 with original ground ownership
[2026-10-03 11:10:52] dbg: [driver:1] OpenTT3D: live projected tree 1639 stage 1 captured at 11,8
[2026-10-03 11:10:52] dbg: [driver:1] OpenTT3D: live projected tree 1681 stage 1 captured at 5,9
[2026-10-03 11:10:52] dbg: [driver:1] OpenTT3D: live projected tree 1681 stage 2 captured at 6,9
[2026-10-03 11:10:52] dbg: [driver:1] OpenTT3D: live voxel object 4 size 1 part 2 ground climate 0 source 2608 captured at 8,9 with original ground ownership
[2026-10-03 11:10:52] dbg: [driver:1] OpenTT3D: live voxel object 4 size 1 part 3 ground climate 0 source 2610 captured at 9,9 with original ground ownership
[2026-10-03 11:10:52] dbg: [driver:1] OpenTT3D: live projected tree 1632 stage 6 captured at 5,10
[2026-10-03 11:10:52] dbg: [driver:1] OpenTT3D: whole-world atlas relocation preserves 1228800 exact RGBA/picking pixels across repack, clear and forced row relocation
