[2026-10-03 12:50:46] dbg: [driver:1] Successfully loaded blitter '32bpp-optimized'
[2026-10-03 12:50:46] dbg: [driver:1] OpenTT3D: Cocoa process 3543
[2026-10-03 12:50:46] dbg: [driver:1] OpenGL driver: Apple - Apple M3 Pro (4.1 Metal - 90.5)
[2026-10-03 12:50:46] dbg: [driver:2] OpenGL shading language version: 4.10, texture units = 80
[2026-10-03 12:50:46] dbg: [driver:1] Successfully loaded video driver 'cocoa-opengl'
[2026-10-03 12:50:46] dbg: [driver:1] Successfully loaded sound driver 'null'
[2026-10-03 12:50:46] dbg: [driver:1] Successfully loaded music driver 'null'
[2026-10-03 12:50:46] dbg: [driver:1] OpenTT3D: background Cocoa window active=false, key=false, visible=false, policy=2
[2026-10-03 12:50:46] dbg: [driver:1] using thread for game-loop
[2026-10-03 12:50:47] dbg: [driver:1] OpenTT3D: loaded 62 profiles from opentt3d-trees.json
[2026-10-03 12:50:47] dbg: [driver:1] OpenTT3D: retained live water source tile 91,33 role ground sprite 9961 at original height 8
[2026-10-03 12:50:47] dbg: [driver:1] OpenTT3D: retained live water source tile 91,33 role body sprite 10019 at original height 8
[2026-10-03 12:50:47] dbg: [driver:1] OpenTT3D: retained live water source tile 91,33 role body sprite 10023 at original height 8
[2026-10-03 12:50:47] dbg: [driver:1] OpenTT3D: retained live water source tile 91,34 role ground sprite 9957 at original height 8
[2026-10-03 12:51:00] dbg: [driver:1] OpenTT3D: loaded 1831 authored voxel models, 17420235 occupied cells, 12070638 exposed cell faces merged to 2656043 conforming rectangles / 20271120 triangles
[2026-10-03 12:51:00] dbg: [driver:1] OpenTT3D: retained lossless voxel sources use 36385568 bytes instead of 1727438004 dense cell bytes, with one shared palette
[2026-10-03 12:51:00] dbg: [driver:1] OpenTT3D: CPU voxel surfaces retain 1066079056 bytes under a scene-pinned soft budget, including 185267056 exact restoration bytes
[2026-10-03 12:51:01] dbg: [driver:1] OpenTT3D: retained live water source tile 91,34 role body sprite 10027 at original height 8
[2026-10-03 12:51:01] dbg: [driver:1] OpenTT3D: retained live water source tile 91,34 role body sprite 10031 at original height 8
[2026-10-03 12:51:01] dbg: [driver:1] OpenTT3D: live projected tree 1821 stage 5 captured at 96,59
[2026-10-03 12:51:01] dbg: [driver:1] OpenTT3D: live projected tree 1905 stage 6 captured at 97,59
[2026-10-03 12:51:01] dbg: [driver:1] OpenTT3D: live projected tree 1821 stage 0 captured at 92,62
[2026-10-03 12:51:01] dbg: [driver:1] OpenTT3D: live projected tree 1905 stage 3 captured at 92,62
[2026-10-03 12:51:01] dbg: [driver:1] OpenTT3D: live projected tree 1884 stage 3 captured at 92,62
[2026-10-03 12:51:01] dbg: [driver:1] OpenTT3D: live projected tree 1933 stage 3 captured at 98,62
[2026-10-03 12:51:01] dbg: [driver:1] OpenTT3D: live projected tree 1842 stage 3 captured at 98,62
[2026-10-03 12:51:01] dbg: [driver:1] OpenTT3D: live projected tree 1926 stage 6 captured at 98,62
[2026-10-03 12:51:01] dbg: [driver:1] OpenTT3D: live projected tree 1870 stage 3 captured at 100,62
[2026-10-03 12:51:01] dbg: [driver:1] OpenTT3D: live projected tree 1863 stage 3 captured at 96,63
[2026-10-03 12:51:01] dbg: [driver:1] OpenTT3D: live projected tree 1863 stage 6 captured at 96,63
[2026-10-03 12:51:01] dbg: [driver:1] OpenTT3D: live projected tree 1835 stage 3 captured at 96,63
[2026-10-03 12:51:01] dbg: [driver:1] OpenTT3D: live projected tree 1877 stage 3 captured at 96,63
[2026-10-03 12:51:01] dbg: [driver:1] OpenTT3D: live projected tree 1940 stage 5 captured at 98,63
[2026-10-03 12:51:01] dbg: [driver:1] OpenTT3D: live projected tree 1863 stage 0 captured at 99,63
[2026-10-03 12:51:01] dbg: [driver:1] OpenTT3D: live projected tree 1898 stage 3 captured at 101,63
[2026-10-03 12:51:01] dbg: [driver:1] OpenTT3D: live projected tree 1926 stage 3 captured at 101,63
[2026-10-03 12:51:01] dbg: [driver:1] OpenTT3D: live projected tree 1870 stage 6 captured at 95,64
[2026-10-03 12:51:01] dbg: [driver:1] OpenTT3D: live projected tree 1842 stage 1 captured at 96,64
[2026-10-03 12:51:01] dbg: [driver:1] OpenTT3D: live projected tree 1842 stage 2 captured at 97,64
[2026-10-03 12:51:01] dbg: [driver:1] OpenTT3D: live projected tree 1933 stage 6 captured at 99,64
[2026-10-03 12:51:01] dbg: [driver:1] OpenTT3D: live projected tree 1898 stage 5 captured at 98,65
[2026-10-03 12:51:01] dbg: [driver:1] OpenTT3D: live projected tree 1898 stage 4 captured at 99,65
[2026-10-03 12:51:01] dbg: [driver:1] OpenTT3D: live voxel house ground 84 construction stage 3 captured at 101,65
[2026-10-03 12:51:01] dbg: [driver:1] OpenTT3D: live voxel house ground 84 construction stage 3 variant 1 captured
[2026-10-03 12:51:01] dbg: [driver:1] OpenTT3D: live voxel house 84 construction stage 3 captured at 101,65
[2026-10-03 12:51:01] dbg: [driver:1] OpenTT3D: live voxel house 84 construction stage 3 variant 1 captured
[2026-10-03 12:51:01] dbg: [driver:1] OpenTT3D: live voxel house ground 79 construction stage 3 captured at 101,66
[2026-10-03 12:51:01] dbg: [driver:1] OpenTT3D: live voxel house ground 79 construction stage 3 variant 2 captured
[2026-10-03 12:51:01] dbg: [driver:1] OpenTT3D: live voxel house 79 construction stage 3 captured at 101,66
[2026-10-03 12:51:01] dbg: [driver:1] OpenTT3D: live voxel house 79 construction stage 3 variant 2 captured
[2026-10-03 12:51:01] dbg: [driver:2] OpenTT3D: source texture 4603 mip family request 2 decode 0.494 ms, preparation 0.532 ms
[2026-10-03 12:51:01] dbg: [driver:1] OpenTT3D: 88 ground-detail tiles rendered with raised crops, hay, rocks or turf
[2026-10-03 12:51:01] dbg: [driver:1] OpenTT3D: 2 slope foundations rendered with complete retaining walls
[2026-10-03 12:51:01] dbg: [driver:1] OpenTT3D: 11 unmodelled reference sprites in this view (release coverage is incomplete)
[2026-10-03 12:51:01] dbg: [driver:2] OpenTT3D: pre-existing OpenGL error before mesh pass (1286)
[2026-10-03 12:51:01] dbg: [driver:1] OpenTT3D: depth-tested mesh renderer initialized
[2026-10-03 12:51:01] dbg: [driver:1] OpenTT3D: live projected tree 1870 stage 4 captured at 102,63
[2026-10-03 12:51:01] dbg: [driver:1] OpenTT3D: live voxel house ground 78 construction stage 3 captured at 100,68
[2026-10-03 12:51:01] dbg: [driver:1] OpenTT3D: live voxel house ground 78 construction stage 3 variant 0 captured
[2026-10-03 12:51:01] dbg: [driver:1] OpenTT3D: live voxel house 78 construction stage 3 captured at 100,68
[2026-10-03 12:51:01] dbg: [driver:1] OpenTT3D: live voxel house 78 construction stage 3 variant 0 captured
[2026-10-03 12:51:01] dbg: [driver:1] OpenTT3D: live voxel house ground 82 construction stage 3 captured at 101,68
[2026-10-03 12:51:01] dbg: [driver:1] OpenTT3D: live voxel house ground 82 construction stage 3 variant 3 captured
[2026-10-03 12:51:01] dbg: [driver:1] OpenTT3D: live voxel house 82 construction stage 3 captured at 101,68
[2026-10-03 12:51:01] dbg: [driver:1] OpenTT3D: live voxel house 82 construction stage 3 variant 3 captured
[2026-10-03 12:51:01] dbg: [driver:1] OpenTT3D: live voxel house ground 89 construction stage 3 captured at 100,69
[2026-10-03 12:51:01] dbg: [driver:1] OpenTT3D: live voxel house ground 89 construction stage 3 variant 3 captured
[2026-10-03 12:51:01] dbg: [driver:1] OpenTT3D: live voxel house 89 construction stage 3 captured at 100,69
[2026-10-03 12:51:01] dbg: [driver:1] OpenTT3D: live voxel house 89 construction stage 3 variant 3 captured
[2026-10-03 12:51:01] dbg: [driver:1] OpenTT3D: live voxel house ground 89 construction stage 3 captured at 101,69
[2026-10-03 12:51:01] dbg: [driver:1] OpenTT3D: live voxel house ground 89 construction stage 3 variant 0 captured
[2026-10-03 12:51:01] dbg: [driver:1] OpenTT3D: live voxel house 89 construction stage 3 captured at 101,69
[2026-10-03 12:51:01] dbg: [driver:1] OpenTT3D: live voxel house 89 construction stage 3 variant 0 captured
[2026-10-03 12:51:01] dbg: [driver:1] OpenTT3D: live projected tree 1905 stage 0 captured at 95,70
[2026-10-03 12:51:01] dbg: [driver:1] OpenTT3D: live voxel house ground 84 construction stage 3 captured at 100,70
[2026-10-03 12:51:01] dbg: [driver:1] OpenTT3D: live voxel house ground 84 construction stage 3 variant 2 captured
[2026-10-03 12:51:01] dbg: [driver:1] OpenTT3D: live voxel house 84 construction stage 3 captured at 100,70
[2026-10-03 12:51:01] dbg: [driver:1] OpenTT3D: live voxel house 84 construction stage 3 variant 2 captured
[2026-10-03 12:51:01] dbg: [driver:1] OpenTT3D: live voxel house ground 89 construction stage 1 captured at 98,71
[2026-10-03 12:51:01] dbg: [driver:1] OpenTT3D: live voxel house ground 89 construction stage 1 variant 0 captured
[2026-10-03 12:51:01] dbg: [driver:1] OpenTT3D: live voxel house 89 construction stage 1 captured at 98,71
[2026-10-03 12:51:01] dbg: [driver:1] OpenTT3D: live voxel house 89 construction stage 1 variant 0 captured
[2026-10-03 12:51:01] dbg: [driver:1] OpenTT3D: live voxel house ground 82 construction stage 3 captured at 100,71
[2026-10-03 12:51:01] dbg: [driver:1] OpenTT3D: live voxel house ground 82 construction stage 3 variant 1 captured
[2026-10-03 12:51:01] dbg: [driver:1] OpenTT3D: live voxel house 82 construction stage 3 captured at 100,71
[2026-10-03 12:51:01] dbg: [driver:1] OpenTT3D: live voxel house 82 construction stage 3 variant 1 captured
[2026-10-03 12:51:01] dbg: [driver:1] OpenTT3D: live voxel house ground 89 construction stage 2 captured at 102,72
[2026-10-03 12:51:01] dbg: [driver:1] OpenTT3D: live voxel house ground 89 construction stage 2 variant 1 captured
[2026-10-03 12:51:01] dbg: [driver:1] OpenTT3D: live voxel house 89 construction stage 2 captured at 102,72
[2026-10-03 12:51:01] dbg: [driver:1] OpenTT3D: live voxel house 89 construction stage 2 variant 1 captured
[2026-10-03 12:51:01] dbg: [driver:1] OpenTT3D: live voxel house ground 83 construction stage 3 captured at 99,73
[2026-10-03 12:51:01] dbg: [driver:1] OpenTT3D: live voxel house ground 83 construction stage 3 variant 0 captured
[2026-10-03 12:51:01] dbg: [driver:1] OpenTT3D: live voxel house 83 construction stage 3 captured at 99,73
[2026-10-03 12:51:01] dbg: [driver:1] OpenTT3D: live voxel house 83 construction stage 3 variant 0 captured
[2026-10-03 12:51:01] dbg: [driver:1] OpenTT3D: live voxel house ground 89 construction stage 3 captured at 100,73
[2026-10-03 12:51:01] dbg: [driver:1] OpenTT3D: live voxel house ground 89 construction stage 3 variant 2 captured
[2026-10-03 12:51:01] dbg: [driver:1] OpenTT3D: live voxel house 89 construction stage 3 captured at 100,73
[2026-10-03 12:51:01] dbg: [driver:1] OpenTT3D: live voxel house 89 construction stage 3 variant 2 captured
[2026-10-03 12:51:01] dbg: [driver:1] OpenTT3D: live voxel house ground 82 construction stage 3 captured at 102,73
[2026-10-03 12:51:01] dbg: [driver:1] OpenTT3D: live voxel house ground 82 construction stage 3 variant 0 captured
[2026-10-03 12:51:01] dbg: [driver:1] OpenTT3D: live voxel house 82 construction stage 3 captured at 102,73
[2026-10-03 12:51:01] dbg: [driver:1] OpenTT3D: live voxel house 82 construction stage 3 variant 0 captured
[2026-10-03 12:51:01] dbg: [driver:1] OpenTT3D: live voxel house ground 79 construction stage 3 captured at 100,74
[2026-10-03 12:51:01] dbg: [driver:1] OpenTT3D: live voxel house ground 79 construction stage 3 variant 1 captured
[2026-10-03 12:51:01] dbg: [driver:1] OpenTT3D: live voxel house 79 construction stage 3 captured at 100,74
[2026-10-03 12:51:01] dbg: [driver:1] OpenTT3D: live voxel house 79 construction stage 3 variant 1 captured
[2026-10-03 12:51:01] dbg: [driver:1] OpenTT3D: live voxel house ground 80 construction stage 3 captured at 102,74
[2026-10-03 12:51:01] dbg: [driver:1] OpenTT3D: live voxel house ground 80 construction stage 3 variant 3 captured
[2026-10-03 12:51:01] dbg: [driver:1] OpenTT3D: live voxel house 80 construction stage 3 captured at 102,74
[2026-10-03 12:51:01] dbg: [driver:1] OpenTT3D: live voxel house 80 construction stage 3 variant 3 captured
[2026-10-03 12:51:01] dbg: [driver:1] OpenTT3D: live projected tree 1863 stage 2 captured at 111,64
[2026-10-03 12:51:01] dbg: [driver:1] OpenTT3D: live projected tree 1870 stage 2 captured at 112,64
[2026-10-03 12:51:01] dbg: [driver:1] OpenTT3D: live projected tree 1835 stage 1 captured at 108,65
[2026-10-03 12:51:01] dbg: [driver:1] OpenTT3D: live projected tree 1842 stage 6 captured at 109,65
[2026-10-03 12:51:01] dbg: [driver:1] OpenTT3D: live voxel house ground 80 construction stage 3 captured at 105,67
[2026-10-03 12:51:01] dbg: [driver:1] OpenTT3D: live voxel house ground 80 construction stage 3 variant 0 captured
[2026-10-03 12:51:01] dbg: [driver:1] OpenTT3D: live voxel house 80 construction stage 3 captured at 105,67
[2026-10-03 12:51:01] dbg: [driver:1] OpenTT3D: live voxel house 80 construction stage 3 variant 0 captured
[2026-10-03 12:51:01] dbg: [driver:1] OpenTT3D: live voxel house ground 80 construction stage 3 captured at 105,69
[2026-10-03 12:51:01] dbg: [driver:1] OpenTT3D: live voxel house ground 80 construction stage 3 variant 1 captured
[2026-10-03 12:51:01] dbg: [driver:1] OpenTT3D: live voxel house 80 construction stage 3 captured at 105,69
[2026-10-03 12:51:01] dbg: [driver:1] OpenTT3D: live voxel house 80 construction stage 3 variant 1 captured
[2026-10-03 12:51:01] dbg: [driver:1] OpenTT3D: live voxel house ground 78 construction stage 2 captured at 106,70
[2026-10-03 12:51:01] dbg: [driver:1] OpenTT3D: live voxel house ground 78 construction stage 2 variant 1 captured
[2026-10-03 12:51:01] dbg: [driver:1] OpenTT3D: live voxel house 78 construction stage 2 captured at 106,70
[2026-10-03 12:51:01] dbg: [driver:1] OpenTT3D: live voxel house 78 construction stage 2 variant 1 captured
[2026-10-03 12:51:01] dbg: [driver:1] OpenTT3D: live voxel house ground 79 construction stage 1 captured at 107,70
[2026-10-03 12:51:01] dbg: [driver:1] OpenTT3D: live voxel house ground 79 construction stage 1 variant 2 captured
[2026-10-03 12:51:01] dbg: [driver:1] OpenTT3D: live voxel house 79 construction stage 1 captured at 107,70
[2026-10-03 12:51:01] dbg: [driver:1] OpenTT3D: live voxel house 79 construction stage 1 variant 2 captured
[2026-10-03 12:51:01] dbg: [driver:1] OpenTT3D: live voxel house ground 78 construction stage 3 captured at 105,72
[2026-10-03 12:51:01] dbg: [driver:1] OpenTT3D: live voxel house ground 78 construction stage 3 variant 1 captured
[2026-10-03 12:51:01] dbg: [driver:1] OpenTT3D: live voxel house 78 construction stage 3 captured at 105,72
[2026-10-03 12:51:01] dbg: [driver:1] OpenTT3D: live voxel house 78 construction stage 3 variant 1 captured
[2026-10-03 12:51:01] dbg: [driver:1] OpenTT3D: live voxel house ground 80 construction stage 1 captured at 107,72
[2026-10-03 12:51:01] dbg: [driver:1] OpenTT3D: live voxel house ground 80 construction stage 1 variant 3 captured
[2026-10-03 12:51:01] dbg: [driver:1] OpenTT3D: live voxel house 80 construction stage 1 captured at 107,72
[2026-10-03 12:51:01] dbg: [driver:1] OpenTT3D: live voxel house 80 construction stage 1 variant 3 captured
[2026-10-03 12:51:01] dbg: [driver:1] OpenTT3D: 9 bridge parts rendered with volumetric geometry
[2026-10-03 12:51:01] dbg: [driver:1] OpenTT3D: retained live water source tile 91,32 role ground sprite 9957 at original height 16
[2026-10-03 12:51:01] dbg: [driver:1] OpenTT3D: retained live water source tile 91,32 role body sprite 10035 at original height 16
[2026-10-03 12:51:01] dbg: [driver:1] OpenTT3D: retained live water source tile 91,32 role body sprite 10039 at original height 16
[2026-10-03 12:51:01] dbg: [driver:1] OpenTT3D: live projected tree 1940 stage 6 captured at 100,54
[2026-10-03 12:51:01] dbg: [driver:1] OpenTT3D: live projected tree 1940 stage 3 captured at 105,59
[2026-10-03 12:51:01] dbg: [driver:1] OpenTT3D: live projected tree 1877 stage 1 captured at 108,59
[2026-10-03 12:51:01] dbg: [driver:1] OpenTT3D: live projected tree 1933 stage 5 captured at 109,59
[2026-10-03 12:51:01] dbg: [driver:1] OpenTT3D: live projected tree 1898 stage 6 captured at 102,61
[2026-10-03 12:51:01] dbg: [driver:1] OpenTT3D: live projected tree 1835 stage 2 captured at 105,61
[2026-10-03 12:51:01] dbg: [driver:1] OpenTT3D: live projected tree 1926 stage 0 captured at 101,62
[2026-10-03 12:51:01] dbg: [driver:1] OpenTT3D: 64 roof/wall pixels select their owning tile across four rotations, with independent vehicle picking
[2026-10-03 12:51:01] dbg: [driver:1] OpenTT3D: live projected tree 1898 stage 1 captured at 5,23
[2026-10-03 12:51:01] dbg: [driver:1] OpenTT3D: live projected tree 1940 stage 1 captured at 6,27
[2026-10-03 12:51:01] dbg: [driver:1] OpenTT3D: live projected tree 1926 stage 2 captured at 7,30
[2026-10-03 12:51:01] dbg: [driver:1] OpenTT3D: live projected tree 1842 stage 4 captured at 7,38
[2026-10-03 12:51:01] dbg: [driver:1] OpenTT3D: live projected tree 1870 stage 1 captured at 8,38
[2026-10-03 12:51:01] dbg: [driver:1] OpenTT3D: retained live water source tile 8,39 role ground sprite 9952 at original height 8
[2026-10-03 12:51:01] dbg: [driver:1] OpenTT3D: retained live water source tile 8,39 role body sprite 10011 at original height 8
[2026-10-03 12:51:01] dbg: [driver:1] OpenTT3D: retained live water source tile 8,39 role body sprite 10015 at original height 8
[2026-10-03 12:51:01] dbg: [driver:1] OpenTT3D: retained live water source tile 8,40 role ground sprite 9956 at original height 0
[2026-10-03 12:51:01] dbg: [driver:1] OpenTT3D: retained live water source tile 8,40 role body sprite 9995 at original height 0
[2026-10-03 12:51:01] dbg: [driver:1] OpenTT3D: retained live water source tile 8,40 role body sprite 9999 at original height 0
[2026-10-03 12:51:01] dbg: [driver:1] OpenTT3D: retained live water source tile 8,41 role ground sprite 9952 at original height 0
[2026-10-03 12:51:01] dbg: [driver:1] OpenTT3D: retained live water source tile 8,41 role body sprite 10003 at original height 0
[2026-10-03 12:51:01] dbg: [driver:1] OpenTT3D: retained live water source tile 8,41 role body sprite 10007 at original height 0
[2026-10-03 12:51:01] dbg: [driver:1] OpenTT3D: live projected tree 1842 stage 0 captured at 11,42
[2026-10-03 12:51:01] dbg: [driver:1] OpenTT3D: whole-world atlas relocation preserves 1228800 exact RGBA/picking pixels across repack, clear and forced row relocation
[2026-10-03 12:51:01] dbg: [driver:1] OpenTT3D: captured OpenGL presentation with 1 GPU viewport regions
