[2026-10-03 12:42:59] dbg: [driver:1] Successfully loaded blitter '32bpp-optimized'
[2026-10-03 12:42:59] dbg: [driver:1] OpenTT3D: Cocoa process 2554
[2026-10-03 12:42:59] dbg: [driver:1] OpenGL driver: Apple - Apple M3 Pro (4.1 Metal - 90.5)
[2026-10-03 12:42:59] dbg: [driver:2] OpenGL shading language version: 4.10, texture units = 80
[2026-10-03 12:42:59] dbg: [driver:1] Successfully loaded video driver 'cocoa-opengl'
[2026-10-03 12:42:59] dbg: [driver:1] Successfully loaded sound driver 'null'
[2026-10-03 12:42:59] dbg: [driver:1] Successfully loaded music driver 'null'
[2026-10-03 12:43:00] dbg: [driver:1] OpenTT3D: background Cocoa window active=false, key=false, visible=false, policy=2
[2026-10-03 12:43:00] dbg: [driver:1] using thread for game-loop
[2026-10-03 12:43:00] dbg: [driver:1] OpenTT3D: retained live water source tile 38,12 role ground sprite 9952 at original height 0
[2026-10-03 12:43:00] dbg: [driver:1] OpenTT3D: retained live water source tile 38,12 role body sprite 10002 at original height 0
[2026-10-03 12:43:00] dbg: [driver:1] OpenTT3D: retained live water source tile 38,12 role body sprite 10006 at original height 0
[2026-10-03 12:43:00] dbg: [driver:1] OpenTT3D: retained live water source tile 39,12 role ground sprite 9955 at original height 0
[2026-10-03 12:43:00] dbg: [driver:1] OpenTT3D: retained live water source tile 39,12 role body sprite 9994 at original height 0
[2026-10-03 12:43:00] dbg: [driver:1] OpenTT3D: retained live water source tile 39,12 role body sprite 9998 at original height 0
[2026-10-03 12:43:00] dbg: [driver:1] OpenTT3D: retained live water source tile 40,12 role ground sprite 9952 at original height 8
[2026-10-03 12:43:12] dbg: [driver:1] OpenTT3D: loaded 1831 authored voxel models, 17420235 occupied cells, 12070638 exposed cell faces merged to 2656043 conforming rectangles / 20271120 triangles
[2026-10-03 12:43:12] dbg: [driver:1] OpenTT3D: retained lossless voxel sources use 36385568 bytes instead of 1727438004 dense cell bytes, with one shared palette
[2026-10-03 12:43:12] dbg: [driver:1] OpenTT3D: CPU voxel surfaces retain 1066079056 bytes under a scene-pinned soft budget, including 185267056 exact restoration bytes
[2026-10-03 12:43:13] dbg: [driver:1] OpenTT3D: retained live water source tile 40,12 role body sprite 10010 at original height 8
[2026-10-03 12:43:13] dbg: [driver:1] OpenTT3D: retained live water source tile 40,12 role body sprite 10014 at original height 8
[2026-10-03 12:43:13] dbg: [driver:1] OpenTT3D: loaded 62 profiles from opentt3d-trees.json
[2026-10-03 12:43:13] dbg: [driver:1] OpenTT3D: retained live water source tile 51,16 role ground sprite 9957 at original height 8
[2026-10-03 12:43:13] dbg: [driver:1] OpenTT3D: retained live water source tile 51,16 role body sprite 10026 at original height 8
[2026-10-03 12:43:13] dbg: [driver:1] OpenTT3D: retained live water source tile 51,16 role body sprite 10030 at original height 8
[2026-10-03 12:43:13] dbg: [driver:1] OpenTT3D: retained live water source tile 52,16 role ground sprite 9960 at original height 8
[2026-10-03 12:43:13] dbg: [driver:1] OpenTT3D: retained live water source tile 52,16 role body sprite 10018 at original height 8
[2026-10-03 12:43:13] dbg: [driver:1] OpenTT3D: retained live water source tile 52,16 role body sprite 10022 at original height 8
[2026-10-03 12:43:13] dbg: [driver:1] OpenTT3D: retained live water source tile 53,16 role ground sprite 9957 at original height 16
[2026-10-03 12:43:13] dbg: [driver:1] OpenTT3D: retained live water source tile 53,16 role body sprite 10034 at original height 16
[2026-10-03 12:43:13] dbg: [driver:1] OpenTT3D: retained live water source tile 53,16 role body sprite 10038 at original height 16
[2026-10-03 12:43:13] dbg: [driver:1] OpenTT3D: retained live water source tile 34,31 role ground sprite 11267 at original height 0
[2026-10-03 12:43:13] dbg: [driver:1] OpenTT3D: retained live water source tile 34,31 role ground sprite 10343 at original height 0
[2026-10-03 12:43:13] dbg: [driver:1] OpenTT3D: retained live water source tile 34,32 role ground sprite 11267 at original height 0
[2026-10-03 12:43:13] dbg: [driver:1] OpenTT3D: retained live water source tile 34,32 role ground sprite 10341 at original height 0
[2026-10-03 12:43:13] dbg: [driver:1] OpenTT3D: live projected tree 1674 stage 6 captured at 41,36
[2026-10-03 12:43:13] dbg: [driver:1] OpenTT3D: live projected tree 1576 stage 3 captured at 43,38
[2026-10-03 12:43:13] dbg: [driver:1] OpenTT3D: live projected tree 1639 stage 3 captured at 43,38
[2026-10-03 12:43:13] dbg: [driver:1] OpenTT3D: live projected tree 1604 stage 3 captured at 43,38
[2026-10-03 12:43:13] dbg: [driver:1] OpenTT3D: live projected tree 1688 stage 3 captured at 45,38
[2026-10-03 12:43:13] dbg: [driver:1] OpenTT3D: live voxel house 24 construction stage 3 captured at 46,38
[2026-10-03 12:43:13] dbg: [driver:1] OpenTT3D: live voxel house 24 construction stage 3 variant 2 captured
[2026-10-03 12:43:13] dbg: [driver:1] OpenTT3D: 51 ground-detail tiles rendered with raised crops, hay, rocks or turf
[2026-10-03 12:43:13] dbg: [driver:1] OpenTT3D: 18 unmodelled reference sprites in this view (release coverage is incomplete)
[2026-10-03 12:43:13] dbg: [driver:2] OpenTT3D: pre-existing OpenGL error before mesh pass (1286)
[2026-10-03 12:43:13] dbg: [driver:1] OpenTT3D: depth-tested mesh renderer initialized
[2026-10-03 12:43:13] dbg: [driver:1] OpenTT3D: live voxel house 6 construction stage 3 captured at 43,40
[2026-10-03 12:43:13] dbg: [driver:1] OpenTT3D: live voxel house 6 construction stage 3 variant 3 captured
[2026-10-03 12:43:13] dbg: [driver:1] OpenTT3D: live voxel house ground 20 construction stage 3 captured at 45,41
[2026-10-03 12:43:13] dbg: [driver:1] OpenTT3D: live voxel house ground 20 construction stage 3 variant 1 captured
[2026-10-03 12:43:13] dbg: [driver:1] OpenTT3D: live voxel house 20 construction stage 3 captured at 45,41
[2026-10-03 12:43:13] dbg: [driver:1] OpenTT3D: live voxel house 20 construction stage 3 variant 1 captured
[2026-10-03 12:43:13] dbg: [driver:1] OpenTT3D: live voxel house ground 22 construction stage 3 captured at 46,41
[2026-10-03 12:43:13] dbg: [driver:1] OpenTT3D: live voxel house ground 22 construction stage 3 variant 2 captured
[2026-10-03 12:43:13] dbg: [driver:1] OpenTT3D: live voxel house 22 construction stage 3 captured at 46,41
[2026-10-03 12:43:13] dbg: [driver:1] OpenTT3D: live voxel house 22 construction stage 3 variant 2 captured
[2026-10-03 12:43:13] dbg: [driver:1] OpenTT3D: live voxel house ground 21 construction stage 3 captured at 45,42
[2026-10-03 12:43:13] dbg: [driver:1] OpenTT3D: live voxel house ground 21 construction stage 3 variant 2 captured
[2026-10-03 12:43:13] dbg: [driver:1] OpenTT3D: live voxel house 21 construction stage 3 captured at 45,42
[2026-10-03 12:43:13] dbg: [driver:1] OpenTT3D: live voxel house 21 construction stage 3 variant 2 captured
[2026-10-03 12:43:13] dbg: [driver:1] OpenTT3D: live voxel house ground 23 construction stage 3 captured at 46,42
[2026-10-03 12:43:13] dbg: [driver:1] OpenTT3D: live voxel house ground 23 construction stage 3 variant 1 captured
[2026-10-03 12:43:13] dbg: [driver:1] OpenTT3D: live voxel house 23 construction stage 3 captured at 46,42
[2026-10-03 12:43:13] dbg: [driver:1] OpenTT3D: live voxel house 23 construction stage 3 variant 1 captured
[2026-10-03 12:43:13] dbg: [driver:1] OpenTT3D: live voxel house 6 construction stage 3 captured at 43,43
[2026-10-03 12:43:13] dbg: [driver:1] OpenTT3D: live voxel house 6 construction stage 3 variant 0 captured
[2026-10-03 12:43:13] dbg: [driver:1] OpenTT3D: live voxel house ground 39 construction stage 2 captured at 45,43
[2026-10-03 12:43:13] dbg: [driver:1] OpenTT3D: live voxel house ground 39 construction stage 2 variant 3 captured
[2026-10-03 12:43:13] dbg: [driver:1] OpenTT3D: live voxel house 39 construction stage 2 captured at 45,43
[2026-10-03 12:43:13] dbg: [driver:1] OpenTT3D: live voxel house 39 construction stage 2 variant 3 captured
[2026-10-03 12:43:13] dbg: [driver:1] OpenTT3D: live voxel house 11 construction stage 3 captured at 46,43
[2026-10-03 12:43:13] dbg: [driver:1] OpenTT3D: live voxel house 11 construction stage 3 variant 0 captured
[2026-10-03 12:43:13] dbg: [driver:1] OpenTT3D: live voxel house 26 construction stage 3 captured at 44,45
[2026-10-03 12:43:13] dbg: [driver:1] OpenTT3D: live voxel house 26 construction stage 3 variant 3 captured
[2026-10-03 12:43:13] dbg: [driver:1] OpenTT3D: live voxel house ground 39 construction stage 3 captured at 46,45
[2026-10-03 12:43:13] dbg: [driver:1] OpenTT3D: live voxel house ground 39 construction stage 3 variant 1 captured
[2026-10-03 12:43:13] dbg: [driver:1] OpenTT3D: live voxel house 39 construction stage 3 captured at 46,45
[2026-10-03 12:43:13] dbg: [driver:1] OpenTT3D: live voxel house 39 construction stage 3 variant 1 captured
[2026-10-03 12:43:13] dbg: [driver:1] OpenTT3D: live voxel house 15 construction stage 3 captured at 47,45
[2026-10-03 12:43:13] dbg: [driver:1] OpenTT3D: live voxel house 15 construction stage 3 variant 2 captured
[2026-10-03 12:43:13] dbg: [driver:1] OpenTT3D: 2 slope foundations rendered with complete retaining walls
[2026-10-03 12:43:13] dbg: [driver:1] OpenTT3D: live voxel house ground 26 construction stage 0 captured at 50,39
[2026-10-03 12:43:13] dbg: [driver:1] OpenTT3D: live voxel house ground 26 construction stage 0 variant 0 captured
[2026-10-03 12:43:13] dbg: [driver:1] OpenTT3D: live projected tree 1632 stage 3 captured at 51,39
[2026-10-03 12:43:13] dbg: [driver:1] OpenTT3D: live projected tree 1625 stage 1 captured at 51,39
[2026-10-03 12:43:13] dbg: [driver:1] OpenTT3D: live projected tree 1653 stage 3 captured at 51,39
[2026-10-03 12:43:13] dbg: [driver:1] OpenTT3D: live voxel house 26 construction stage 2 captured at 48,41
[2026-10-03 12:43:13] dbg: [driver:1] OpenTT3D: live voxel house 26 construction stage 2 variant 3 captured
[2026-10-03 12:43:13] dbg: [driver:1] OpenTT3D: live voxel house 16 construction stage 3 captured at 49,41
[2026-10-03 12:43:13] dbg: [driver:1] OpenTT3D: live voxel house 16 construction stage 3 variant 2 captured
[2026-10-03 12:43:13] dbg: [driver:1] OpenTT3D: live voxel house 16 construction stage 3 captured at 48,42
[2026-10-03 12:43:13] dbg: [driver:1] OpenTT3D: live voxel house 16 construction stage 3 variant 0 captured
[2026-10-03 12:43:13] dbg: [driver:1] OpenTT3D: live projected tree 1583 stage 3 captured at 49,42
[2026-10-03 12:43:13] dbg: [driver:1] OpenTT3D: live voxel house 27 construction stage 3 captured at 49,43
[2026-10-03 12:43:13] dbg: [driver:1] OpenTT3D: live voxel house 27 construction stage 3 variant 0 captured
[2026-10-03 12:43:13] dbg: [driver:1] OpenTT3D: live voxel house 16 construction stage 3 captured at 48,43
[2026-10-03 12:43:13] dbg: [driver:1] OpenTT3D: live voxel house 16 construction stage 3 variant 1 captured
[2026-10-03 12:43:13] dbg: [driver:1] OpenTT3D: live voxel house 14 construction stage 3 captured at 49,44
[2026-10-03 12:43:13] dbg: [driver:1] OpenTT3D: live voxel house 14 construction stage 3 variant 2 captured
[2026-10-03 12:43:13] dbg: [driver:1] OpenTT3D: live voxel house 24 construction stage 3 captured at 43,45
[2026-10-03 12:43:13] dbg: [driver:1] OpenTT3D: live voxel house 24 construction stage 3 variant 1 captured
[2026-10-03 12:43:13] dbg: [driver:1] OpenTT3D: live projected tree 1688 stage 5 captured at 53,38
[2026-10-03 12:43:13] dbg: [driver:1] OpenTT3D: live projected tree 1674 stage 3 captured at 53,39
[2026-10-03 12:43:13] dbg: [driver:1] OpenTT3D: live projected tree 1618 stage 2 captured at 52,40
[2026-10-03 12:43:13] dbg: [driver:1] OpenTT3D: live projected tree 1618 stage 5 captured at 52,43
[2026-10-03 12:43:13] dbg: [driver:1] OpenTT3D: retained live water source tile 64,7 role ground sprite 9957 at original height 8
[2026-10-03 12:43:13] dbg: [driver:1] OpenTT3D: retained live water source tile 64,7 role body sprite 10024 at original height 8
[2026-10-03 12:43:13] dbg: [driver:1] OpenTT3D: retained live water source tile 64,7 role body sprite 10028 at original height 8
[2026-10-03 12:43:13] dbg: [driver:1] OpenTT3D: retained live water source tile 64,8 role ground sprite 9958 at original height 8
[2026-10-03 12:43:13] dbg: [driver:1] OpenTT3D: retained live water source tile 64,8 role body sprite 10016 at original height 8
[2026-10-03 12:43:13] dbg: [driver:1] OpenTT3D: retained live water source tile 64,8 role body sprite 10020 at original height 8
[2026-10-03 12:43:13] dbg: [driver:1] OpenTT3D: retained live water source tile 64,9 role ground sprite 9957 at original height 16
[2026-10-03 12:43:13] dbg: [driver:1] OpenTT3D: retained live water source tile 64,9 role body sprite 10032 at original height 16
[2026-10-03 12:43:13] dbg: [driver:1] OpenTT3D: retained live water source tile 64,9 role body sprite 10036 at original height 16
[2026-10-03 12:43:13] dbg: [driver:1] OpenTT3D: live projected tree 1695 stage 3 captured at 51,33
[2026-10-03 12:43:13] dbg: [driver:1] OpenTT3D: live projected tree 1702 stage 3 captured at 51,33
[2026-10-03 12:43:13] dbg: [driver:1] OpenTT3D: live projected tree 1611 stage 6 captured at 51,34
[2026-10-03 12:43:13] dbg: [driver:1] OpenTT3D: 81 roof/wall pixels select their owning tile across four rotations, with independent vehicle picking
[2026-10-03 12:43:13] dbg: [driver:1] OpenTT3D: live projected tree 1639 stage 1 captured at 56,1
[2026-10-03 12:43:13] dbg: [driver:1] OpenTT3D: live projected tree 1688 stage 6 captured at 57,2
[2026-10-03 12:43:13] dbg: [driver:1] OpenTT3D: retained live water source tile 49,3 role ground sprite 9952 at original height 0
[2026-10-03 12:43:13] dbg: [driver:1] OpenTT3D: retained live water source tile 49,3 role body sprite 10000 at original height 0
[2026-10-03 12:43:13] dbg: [driver:1] OpenTT3D: retained live water source tile 49,3 role body sprite 10004 at original height 0
[2026-10-03 12:43:13] dbg: [driver:1] OpenTT3D: live projected tree 1618 stage 3 captured at 60,3
[2026-10-03 12:43:13] dbg: [driver:1] OpenTT3D: live projected tree 1597 stage 2 captured at 60,3
[2026-10-03 12:43:13] dbg: [driver:1] OpenTT3D: retained live water source tile 49,4 role ground sprite 9953 at original height 0
[2026-10-03 12:43:13] dbg: [driver:1] OpenTT3D: retained live water source tile 49,4 role body sprite 9992 at original height 0
[2026-10-03 12:43:13] dbg: [driver:1] OpenTT3D: retained live water source tile 49,4 role body sprite 9996 at original height 0
[2026-10-03 12:43:13] dbg: [driver:1] OpenTT3D: live projected tree 1646 stage 4 captured at 51,4
[2026-10-03 12:43:13] dbg: [driver:1] OpenTT3D: retained live water source tile 49,5 role ground sprite 9952 at original height 8
[2026-10-03 12:43:13] dbg: [driver:1] OpenTT3D: retained live water source tile 49,5 role body sprite 10008 at original height 8
[2026-10-03 12:43:13] dbg: [driver:1] OpenTT3D: retained live water source tile 49,5 role body sprite 10012 at original height 8
[2026-10-03 12:43:13] dbg: [driver:1] OpenTT3D: live projected tree 1660 stage 3 captured at 57,6
[2026-10-03 12:43:13] dbg: [driver:1] OpenTT3D: live projected tree 1625 stage 3 captured at 63,6
[2026-10-03 12:43:13] dbg: [driver:1] OpenTT3D: live projected tree 1660 stage 2 captured at 63,7
[2026-10-03 12:43:13] dbg: [driver:1] OpenTT3D: live projected tree 1674 stage 0 captured at 56,8
[2026-10-03 12:43:13] dbg: [driver:1] OpenTT3D: live projected tree 1590 stage 4 captured at 61,8
[2026-10-03 12:43:13] dbg: [driver:1] OpenTT3D: live projected tree 1653 stage 2 captured at 66,13
[2026-10-03 12:43:13] dbg: [driver:1] OpenTT3D: whole-world atlas relocation preserves 1228800 exact RGBA/picking pixels across repack, clear and forced row relocation
[2026-10-03 12:43:13] dbg: [driver:1] OpenTT3D: captured OpenGL presentation with 1 GPU viewport regions
