Console log output started to '/Users/stanislav/Projects/opentt3d/build-macos/breadth-original-renderer-zero-yaw-supplement-candidate-opengl-study/console-review.log'.
__opentt3d_review_begin_0__
Game is already paused.
__opentt3d_review_end_0__
__opentt3d_review_begin_1__
__opentt3d_review_end_1__
__opentt3d_review_begin_2__
__opentt3d_review_end_2__
__opentt3d_review_begin_3__
__opentt3d_review_end_3__
__opentt3d_review_begin_4__
__opentt3d_review_end_4__
__opentt3d_review_begin_5__
__opentt3d_review_end_5__
__opentt3d_review_begin_6__
__opentt3d_review_end_6__
__opentt3d_review_begin_7__
__opentt3d_review_end_7__
__opentt3d_review_begin_8__
__opentt3d_review_end_8__
__opentt3d_review_begin_9__
__opentt3d_review_end_9__
__opentt3d_review_begin_10__
__opentt3d_review_end_10__
__opentt3d_review_begin_11__
__opentt3d_review_end_11__
__opentt3d_review_begin_12__
__opentt3d_review_end_12__
__opentt3d_review_begin_13__
__opentt3d_review_end_13__
__opentt3d_review_begin_14__
__opentt3d_review_end_14__
__opentt3d_review_begin_15__
Saving map...
Map successfully saved to 'smoke-state.sav'.
__opentt3d_review_end_15__
__opentt3d_review_begin_16__
__opentt3d_review_end_16__
Console log file closed.
