[  0%] Built target script_window
[  2%] Built target baseset_files
[  2%] Built target renderer3d_models
[  2%] Built target renderer3d_shaders
[  3%] Built target settingsgen
[  4%] Built target strgen
[  5%] Built target ai_compat_files
[  7%] Built target gs_compat_files
[  8%] Generating ../../baseset/opentt3d-voxels.json
[  8%] Built target table_settings
[ 16%] Built target script_ai
[ 25%] Built target script_game
[ 33%] Built target script_template
[ 40%] Built target language_files
-- Version string: 20261004-main-m88fed4dcbb
-- Generating rev.cpp
-- Generating CPackProperties.cmake
-- Generating Doxyfile
-- Generating Doxyfile_AI
-- Generating Doxyfile_GS
[ 41%] Built target table_strings
[ 41%] Built target find_version
[ 41%] Built target script_ai_includes
[ 41%] Built target script_game_includes
[100%] Built target openttd_lib
Compiled 1915 authored voxel volumes; visual approval remains separate
[100%] Built target renderer3d_asset_files
[100%] Built target openttd
