[2026-10-04 00:13:20] dbg: [driver:1] Successfully loaded blitter '40bpp-anim'
[2026-10-04 00:13:20] dbg: [driver:1] OpenTT3D: Cocoa process 25786
[mvk-info] MoltenVK version 1.4.2, supporting Vulkan version 1.4.357.
	The following 154 Vulkan extensions are supported:
	VK_KHR_16bit_storage v1
	VK_KHR_8bit_storage v1
	VK_KHR_bind_memory2 v1
	VK_KHR_buffer_device_address v1
	VK_KHR_calibrated_timestamps v1
	VK_KHR_copy_commands2 v1
	VK_KHR_create_renderpass2 v1
	VK_KHR_dedicated_allocation v3
	VK_KHR_deferred_host_operations v4
	VK_KHR_depth_stencil_resolve v1
	VK_KHR_descriptor_update_template v1
	VK_KHR_device_group v4
	VK_KHR_device_group_creation v1
	VK_KHR_driver_properties v1
	VK_KHR_dynamic_rendering v1
	VK_KHR_dynamic_rendering_local_read v1
	VK_KHR_external_fence v1
	VK_KHR_external_fence_capabilities v1
	VK_KHR_external_memory v1
	VK_KHR_external_memory_capabilities v1
	VK_KHR_external_semaphore v1
	VK_KHR_external_semaphore_capabilities v1
	VK_KHR_format_feature_flags2 v2
	VK_KHR_fragment_shader_barycentric v1
	VK_KHR_get_memory_requirements2 v1
	VK_KHR_get_physical_device_properties2 v2
	VK_KHR_get_surface_capabilities2 v1
	VK_KHR_global_priority v1
	VK_KHR_image_format_list v1
	VK_KHR_imageless_framebuffer v1
	VK_KHR_incremental_present v2
	VK_KHR_index_type_uint8 v1
	VK_KHR_line_rasterization v1
	VK_KHR_load_store_op_none v1
	VK_KHR_maintenance1 v2
	VK_KHR_maintenance2 v1
	VK_KHR_maintenance3 v1
	VK_KHR_maintenance4 v2
	VK_KHR_maintenance5 v1
	VK_KHR_maintenance6 v1
	VK_KHR_maintenance7 v1
	VK_KHR_maintenance8 v1
	VK_KHR_maintenance9 v1
	VK_KHR_map_memory2 v1
	VK_KHR_multiview v1
	VK_KHR_portability_subset v1
	VK_KHR_present_id v1
	VK_KHR_present_id2 v1
	VK_KHR_present_wait v1
	VK_KHR_present_wait2 v1
	VK_KHR_push_descriptor v2
	VK_KHR_relaxed_block_layout v1
	VK_KHR_robustness2 v1
	VK_KHR_sampler_mirror_clamp_to_edge v3
	VK_KHR_sampler_ycbcr_conversion v14
	VK_KHR_separate_depth_stencil_layouts v1
	VK_KHR_shader_draw_parameters v1
	VK_KHR_shader_expect_assume v1
	VK_KHR_shader_float_controls v4
	VK_KHR_shader_float_controls2 v1
	VK_KHR_shader_float16_int8 v1
	VK_KHR_shader_fma v1
	VK_KHR_shader_integer_dot_product v1
	VK_KHR_shader_maximal_reconvergence v1
	VK_KHR_shader_non_semantic_info v1
	VK_KHR_shader_quad_control v1
	VK_KHR_shader_relaxed_extended_instruction v1
	VK_KHR_shader_subgroup_extended_types v1
	VK_KHR_shader_subgroup_rotate v2
	VK_KHR_shader_subgroup_uniform_control_flow v1
	VK_KHR_shader_terminate_invocation v1
	VK_KHR_spirv_1_4 v1
	VK_KHR_storage_buffer_storage_class v1
	VK_KHR_surface v25
	VK_KHR_surface_maintenance1 v1
	VK_KHR_surface_protected_capabilities v1
	VK_KHR_swapchain v70
	VK_KHR_swapchain_maintenance1 v1
	VK_KHR_swapchain_mutable_format v1
	VK_KHR_synchronization2 v1
	VK_KHR_timeline_semaphore v2
	VK_KHR_uniform_buffer_standard_layout v1
	VK_KHR_variable_pointers v1
	VK_KHR_vertex_attribute_divisor v1
	VK_KHR_vulkan_memory_model v3
	VK_KHR_zero_initialize_workgroup_memory v1
	VK_EXT_4444_formats v1
	VK_EXT_buffer_device_address v2
	VK_EXT_calibrated_timestamps v2
	VK_EXT_debug_marker v4
	VK_EXT_debug_report v10
	VK_EXT_debug_utils v2
	VK_EXT_depth_clip_control v1
	VK_EXT_descriptor_indexing v2
	VK_EXT_extended_dynamic_state v1
	VK_EXT_extended_dynamic_state2 v1
	VK_EXT_extended_dynamic_state3 v2
	VK_EXT_external_memory_host v1
	VK_EXT_external_memory_metal v1
	VK_EXT_fragment_shader_interlock v1
	VK_EXT_global_priority v2
	VK_EXT_global_priority_query v1
	VK_EXT_hdr_metadata v3
	VK_EXT_headless_surface v1
	VK_EXT_host_image_copy v1
	VK_EXT_host_query_reset v1
	VK_EXT_image_2d_view_of_3d v1
	VK_EXT_image_robustness v1
	VK_EXT_index_type_uint8 v1
	VK_EXT_inline_uniform_block v1
	VK_EXT_layer_settings v2
	VK_EXT_legacy_dithering v2
	VK_EXT_line_rasterization v1
	VK_EXT_load_store_op_none v1
	VK_EXT_memory_budget v1
	VK_EXT_metal_objects v2
	VK_EXT_metal_surface v1
	VK_EXT_non_seamless_cube_map v1
	VK_EXT_pipeline_creation_cache_control v3
	VK_EXT_pipeline_creation_feedback v1
	VK_EXT_pipeline_robustness v1
	VK_EXT_post_depth_coverage v1
	VK_EXT_primitive_topology_list_restart v1
	VK_EXT_private_data v1
	VK_EXT_provoking_vertex v1
	VK_EXT_robustness2 v1
	VK_EXT_sample_locations v1
	VK_EXT_sampler_filter_minmax v2
	VK_EXT_scalar_block_layout v1
	VK_EXT_separate_stencil_usage v1
	VK_EXT_shader_atomic_float v1
	VK_EXT_shader_demote_to_helper_invocation v1
	VK_EXT_shader_stencil_export v1
	VK_EXT_shader_subgroup_ballot v1
	VK_EXT_shader_subgroup_vote v1
	VK_EXT_shader_viewport_index_layer v1
	VK_EXT_subgroup_size_control v2
	VK_EXT_surface_maintenance1 v1
	VK_EXT_swapchain_colorspace v5
	VK_EXT_swapchain_maintenance1 v1
	VK_EXT_texel_buffer_alignment v1
	VK_EXT_texture_compression_astc_hdr v1
	VK_EXT_tooling_info v1
	VK_EXT_vertex_attribute_divisor v3
	VK_AMD_gpu_shader_half_float v2
	VK_AMD_negative_viewport_height v1
	VK_AMD_shader_image_load_store_lod v1
	VK_AMD_shader_trinary_minmax v1
	VK_GOOGLE_display_timing v1
	VK_IMG_format_pvrtc v1
	VK_INTEL_shader_integer_functions2 v1
	VK_MVK_macos_surface v3
	VK_MVK_moltenvk v37
	VK_NV_fragment_shader_barycentric v1
[mvk-info] GPU device:
	model: Apple M3 Pro
	type: Integrated
	vendorID: 0x106b
	deviceID: 0x1a060209
	pipelineCacheUUID: DB660224-1A06-0209-0000-000100000000
	GPU memory available: 13639 MB
	GPU memory used: 0 MB
	Metal Shading Language 4.0
	supports the following GPU Features:
		GPU Family Metal 4
		GPU Family Apple 9
		GPU Family Mac 1
		GPU Family Mac 2
		Read-Write Texture Tier 2
[mvk-info] Created VkInstance for Vulkan version 1.1.357, as requested by app, with the following 2 Vulkan extensions enabled:
	VK_KHR_surface v25
	VK_EXT_metal_surface v1
[mvk-info] Vulkan semaphores using MTLEvent.
[mvk-info] Descriptor sets binding resources using Metal3 argument buffers.
[mvk-info] Created VkDevice to run on GPU Apple M3 Pro with the following 2 Vulkan extensions enabled:
	VK_KHR_portability_subset v1
	VK_KHR_swapchain v70
[mvk-warn] VK_ERROR_FEATURE_NOT_PRESENT: Blending is enabled for attachment with format VK_FORMAT_R32_UINT, which does not support it.
[mvk-warn] VK_ERROR_FEATURE_NOT_PRESENT: Blending is enabled for attachment with format VK_FORMAT_R32_UINT, which does not support it.
[mvk-warn] VK_ERROR_FEATURE_NOT_PRESENT: Blending is enabled for attachment with format VK_FORMAT_R32_UINT, which does not support it.
[mvk-warn] VK_ERROR_FEATURE_NOT_PRESENT: Blending is enabled for attachment with format VK_FORMAT_R32_UINT, which does not support it.
[2026-10-04 00:13:20] dbg: [driver:1] OpenTT3D: Vulkan instanced renderer initialized on Apple M3 Pro
[mvk-info] Created 3 swapchain images with size (640, 480) and contents scale 1.0 in layer (null) (0x88b38b510) on screen S2-TEK TV.
[2026-10-04 00:13:20] dbg: [driver:1] Successfully loaded video driver 'cocoa-vulkan'
[2026-10-04 00:13:20] dbg: [driver:1] Successfully loaded sound driver 'null'
[2026-10-04 00:13:20] dbg: [driver:1] Successfully loaded music driver 'null'
[2026-10-04 00:13:20] dbg: [driver:1] OpenTT3D: background Cocoa window active=false, key=false, visible=false, policy=2
[2026-10-04 00:13:20] dbg: [driver:1] using thread for game-loop
[2026-10-04 00:13:33] dbg: [driver:1] OpenTT3D: loaded 1879 authored voxel models, 17461979 occupied cells, 12120558 exposed cell faces merged to 2668936 conforming rectangles / 20369368 triangles
[2026-10-04 00:13:33] dbg: [driver:1] OpenTT3D: retained lossless voxel sources use 36526720 bytes instead of 1729010868 dense cell bytes, with one shared palette
[2026-10-04 00:13:33] dbg: [driver:1] OpenTT3D: CPU voxel surfaces retain 1067283632 bytes under a scene-pinned soft budget, including 186471632 exact restoration bytes
[2026-10-04 00:13:34] dbg: [driver:1] OpenTT3D: exported voxel turntables, street-level views and neighbouring-building context (prefix 'river_bank_study_tropic')
[2026-10-04 00:13:34] dbg: [driver:1] OpenTT3D: 4 CPU voxel retirement/rebuild views preserve scene pins, stable GPU keys, exact colour, transparency and picking
[2026-10-04 00:13:34] dbg: [driver:1] OpenTT3D: 0 voxel effect views preserve original sprite/climate selection, altitude, opacity, fixed orientation and unclickable ownership
[2026-10-04 00:13:34] dbg: [driver:1] OpenTT3D: 0 unauthored effect sources preserve their original fallback in climate 2
[2026-10-04 00:13:34] dbg: [driver:1] OpenTT3D: 4 incomplete/custom/unavailable original object families retain every source ground/body layer in climate 2
[2026-10-04 00:13:34] dbg: [driver:1] OpenTT3D: 0 original HQ ground views preserve independent opaque source ownership, all16 company palettes and intentional body absences
[2026-10-04 00:13:34] dbg: [driver:1] OpenTT3D: 0 independent HQ owner LOD views preserve exact occupied/air boundaries, automatic factors1/2/4/8/16, source transforms, opacity and tile picking
[2026-10-04 00:13:34] dbg: [driver:1] OpenTT3D: 0 independent HQ owner LOD rebuild views preserve copied-scene pins, stable mesh identities and exact vertex words/RGBA/picking
[2026-10-04 00:13:34] dbg: [driver:1] OpenTT3D: 0 supported river diagnostic LOD views preserve exact source air boundaries, factors1/2/4/8/16, unscaled columns, original paint and diagnostic picking
[2026-10-04 00:13:34] dbg: [driver:1] OpenTT3D: 0 supported river LOD rebuild views retain copied-scene pins, stable identities and exact vertex words/RGBA/picking
[2026-10-04 00:13:34] dbg: [driver:1] OpenTT3D: 0 joined original HQ views preserve four source anchors, ground/body visibility and independent tile picking
[2026-10-04 00:13:34] dbg: [driver:1] OpenTT3D: 0 original object views preserve source layout/climate, anchors, all16 company palettes and transparent picking
[2026-10-04 00:13:34] dbg: [driver:1] OpenTT3D: 0 house variant/construction bindings select their explicit geometry and original palettes
[2026-10-04 00:13:34] dbg: [driver:1] OpenTT3D: 0 voxel house-ground bindings preserve source palettes, empty body stages and opaque floor ownership
[2026-10-04 00:13:35] dbg: [driver:1] OpenTT3D: 288 authored voxel views match unmerged geometry, CPU instances, palette recolouring and transparent picking; exact palette relocation passed
[2026-10-04 00:13:35] dbg: [driver:1] OpenTT3D: 0 joined multi-tile house views preserve exact cell references and independent tile picking
[2026-10-04 00:13:35] dbg: [driver:1] OpenTT3D: 0 voxel airport ground/body views preserve independent opaque ground, exact CPU colour and visible/transparent/hidden picking
[2026-10-04 00:13:35] dbg: [driver:1] OpenTT3D: 0 airport layer bindings retain their supplied source because the active climate has no matching authored volume
[2026-10-04 00:13:35] dbg: [driver:1] OpenTT3D: voxel mesh selection 'river_bank_study_tropic' passed exact geometry, palettes and picking
[2026-10-04 00:13:35] dbg: [driver:1] OpenTT3D: loaded 62 profiles from opentt3d-trees.json
[2026-10-04 00:13:35] dbg: [driver:1] OpenTT3D: live projected tree 1863 stage 3 captured at 66,12
[2026-10-04 00:13:35] dbg: [driver:1] OpenTT3D: live projected tree 1933 stage 3 captured at 74,12
[2026-10-04 00:13:35] dbg: [driver:1] OpenTT3D: live projected tree 1926 stage 4 captured at 74,12
[2026-10-04 00:13:35] dbg: [driver:1] OpenTT3D: live projected tree 1863 stage 6 captured at 76,12
[2026-10-04 00:13:35] dbg: [driver:1] OpenTT3D: live projected tree 1842 stage 3 captured at 70,13
[2026-10-04 00:13:35] dbg: [driver:1] OpenTT3D: live projected tree 1898 stage 3 captured at 71,13
[2026-10-04 00:13:35] dbg: [driver:1] OpenTT3D: live projected tree 1898 stage 6 captured at 71,13
[2026-10-04 00:13:35] dbg: [driver:1] OpenTT3D: live projected tree 1940 stage 3 captured at 71,13
[2026-10-04 00:13:35] dbg: [driver:1] OpenTT3D: live projected tree 1870 stage 3 captured at 75,13
[2026-10-04 00:13:35] dbg: [driver:1] OpenTT3D: live projected tree 1835 stage 3 captured at 75,13
[2026-10-04 00:13:35] dbg: [driver:1] OpenTT3D: live projected tree 1926 stage 3 captured at 71,14
[2026-10-04 00:13:35] dbg: [driver:1] OpenTT3D: live voxel house ground 81 construction stage 0 captured at 75,14
[2026-10-04 00:13:35] dbg: [driver:1] OpenTT3D: live voxel house ground 81 construction stage 0 variant 0 captured
[2026-10-04 00:13:35] dbg: [driver:1] OpenTT3D: live voxel house ground 78 construction stage 3 captured at 76,14
[2026-10-04 00:13:35] dbg: [driver:1] OpenTT3D: live voxel house ground 78 construction stage 3 variant 2 captured
[2026-10-04 00:13:35] dbg: [driver:1] OpenTT3D: live voxel house 78 construction stage 3 captured at 76,14
[2026-10-04 00:13:35] dbg: [driver:1] OpenTT3D: live voxel house 78 construction stage 3 variant 2 captured
[2026-10-04 00:13:35] dbg: [driver:1] OpenTT3D: 17 ground-detail tiles rendered with raised crops, hay, rocks or turf
[2026-10-04 00:13:35] dbg: [driver:1] OpenTT3D: 8 unmodelled reference sprites in this view (release coverage is incomplete)
[2026-10-04 00:13:35] dbg: [driver:1] OpenTT3D: live voxel house ground 82 construction stage 3 captured at 74,16
[2026-10-04 00:13:35] dbg: [driver:1] OpenTT3D: live voxel house ground 82 construction stage 3 variant 0 captured
[2026-10-04 00:13:35] dbg: [driver:1] OpenTT3D: live voxel house 82 construction stage 3 captured at 74,16
[2026-10-04 00:13:35] dbg: [driver:1] OpenTT3D: live voxel house 82 construction stage 3 variant 0 captured
[2026-10-04 00:13:35] dbg: [driver:1] OpenTT3D: live voxel house ground 84 construction stage 3 captured at 76,16
[2026-10-04 00:13:35] dbg: [driver:1] OpenTT3D: live voxel house ground 84 construction stage 3 variant 3 captured
[2026-10-04 00:13:35] dbg: [driver:1] OpenTT3D: live voxel house 84 construction stage 3 captured at 76,16
[2026-10-04 00:13:35] dbg: [driver:1] OpenTT3D: live voxel house 84 construction stage 3 variant 3 captured
[2026-10-04 00:13:35] dbg: [driver:1] OpenTT3D: live voxel house ground 80 construction stage 3 captured at 76,17
[2026-10-04 00:13:35] dbg: [driver:1] OpenTT3D: live voxel house ground 80 construction stage 3 variant 2 captured
[2026-10-04 00:13:35] dbg: [driver:1] OpenTT3D: live voxel house 80 construction stage 3 captured at 76,17
[2026-10-04 00:13:35] dbg: [driver:1] OpenTT3D: live voxel house 80 construction stage 3 variant 2 captured
[2026-10-04 00:13:35] dbg: [driver:1] OpenTT3D: live voxel house ground 89 construction stage 1 captured at 77,17
[2026-10-04 00:13:35] dbg: [driver:1] OpenTT3D: live voxel house ground 89 construction stage 1 variant 3 captured
[2026-10-04 00:13:35] dbg: [driver:1] OpenTT3D: live voxel house 89 construction stage 1 captured at 77,17
[2026-10-04 00:13:35] dbg: [driver:1] OpenTT3D: live voxel house 89 construction stage 1 variant 3 captured
[2026-10-04 00:13:35] dbg: [driver:1] OpenTT3D: live voxel house ground 78 construction stage 3 captured at 72,18
[2026-10-04 00:13:35] dbg: [driver:1] OpenTT3D: live voxel house ground 78 construction stage 3 variant 0 captured
[2026-10-04 00:13:35] dbg: [driver:1] OpenTT3D: live voxel house 78 construction stage 3 captured at 72,18
[2026-10-04 00:13:35] dbg: [driver:1] OpenTT3D: live voxel house 78 construction stage 3 variant 0 captured
[2026-10-04 00:13:35] dbg: [driver:1] OpenTT3D: live voxel house ground 82 construction stage 3 captured at 74,18
[2026-10-04 00:13:35] dbg: [driver:1] OpenTT3D: live voxel house ground 82 construction stage 3 variant 2 captured
[2026-10-04 00:13:35] dbg: [driver:1] OpenTT3D: live voxel house 82 construction stage 3 captured at 74,18
[2026-10-04 00:13:35] dbg: [driver:1] OpenTT3D: live voxel house 82 construction stage 3 variant 2 captured
[2026-10-04 00:13:35] dbg: [driver:1] OpenTT3D: live voxel house ground 89 construction stage 3 captured at 76,19
[2026-10-04 00:13:35] dbg: [driver:1] OpenTT3D: live voxel house ground 89 construction stage 3 variant 0 captured
[2026-10-04 00:13:35] dbg: [driver:1] OpenTT3D: live voxel house 89 construction stage 3 captured at 76,19
[2026-10-04 00:13:35] dbg: [driver:1] OpenTT3D: live voxel house 89 construction stage 3 variant 0 captured
[2026-10-04 00:13:35] dbg: [driver:1] OpenTT3D: 4 slope foundations rendered with complete retaining walls
[2026-10-04 00:13:35] dbg: [driver:1] OpenTT3D: live projected tree 1870 stage 2 captured at 80,13
[2026-10-04 00:13:35] dbg: [driver:1] OpenTT3D: live projected tree 1877 stage 3 captured at 82,13
[2026-10-04 00:13:35] dbg: [driver:1] OpenTT3D: live projected tree 1842 stage 5 captured at 82,13
[2026-10-04 00:13:35] dbg: [driver:1] OpenTT3D: live voxel house ground 80 construction stage 3 captured at 78,17
[2026-10-04 00:13:35] dbg: [driver:1] OpenTT3D: live voxel house ground 80 construction stage 3 variant 0 captured
[2026-10-04 00:13:35] dbg: [driver:1] OpenTT3D: live voxel house 80 construction stage 3 captured at 78,17
[2026-10-04 00:13:35] dbg: [driver:1] OpenTT3D: live voxel house 80 construction stage 3 variant 0 captured
[2026-10-04 00:13:35] dbg: [driver:1] OpenTT3D: live voxel house ground 79 construction stage 3 captured at 80,17
[2026-10-04 00:13:35] dbg: [driver:1] OpenTT3D: live voxel house ground 79 construction stage 3 variant 1 captured
[2026-10-04 00:13:35] dbg: [driver:1] OpenTT3D: live voxel house 79 construction stage 3 captured at 80,17
[2026-10-04 00:13:35] dbg: [driver:1] OpenTT3D: live voxel house 79 construction stage 3 variant 1 captured
[2026-10-04 00:13:35] dbg: [driver:1] OpenTT3D: live voxel house ground 78 construction stage 3 captured at 82,17
[2026-10-04 00:13:35] dbg: [driver:1] OpenTT3D: live voxel house ground 78 construction stage 3 variant 3 captured
[2026-10-04 00:13:35] dbg: [driver:1] OpenTT3D: live voxel house 78 construction stage 3 captured at 82,17
[2026-10-04 00:13:35] dbg: [driver:1] OpenTT3D: live voxel house 78 construction stage 3 variant 3 captured
[2026-10-04 00:13:35] dbg: [driver:1] OpenTT3D: live voxel house 10 construction stage 3 captured at 78,18
[2026-10-04 00:13:35] dbg: [driver:1] OpenTT3D: live voxel house 10 construction stage 3 variant 3 captured
[2026-10-04 00:13:35] dbg: [driver:1] OpenTT3D: live voxel house ground 84 construction stage 3 captured at 80,18
[2026-10-04 00:13:35] dbg: [driver:1] OpenTT3D: live voxel house ground 84 construction stage 3 variant 2 captured
[2026-10-04 00:13:35] dbg: [driver:1] OpenTT3D: live voxel house 84 construction stage 3 captured at 80,18
[2026-10-04 00:13:35] dbg: [driver:1] OpenTT3D: live voxel house 84 construction stage 3 variant 2 captured
[2026-10-04 00:13:35] dbg: [driver:1] OpenTT3D: live voxel house ground 84 construction stage 3 captured at 82,18
[2026-10-04 00:13:35] dbg: [driver:1] OpenTT3D: live voxel house ground 84 construction stage 3 variant 0 captured
[2026-10-04 00:13:35] dbg: [driver:1] OpenTT3D: live voxel house 84 construction stage 3 captured at 82,18
[2026-10-04 00:13:35] dbg: [driver:1] OpenTT3D: live voxel house 84 construction stage 3 variant 0 captured
[2026-10-04 00:13:35] dbg: [driver:1] OpenTT3D: live voxel house ground 81 construction stage 3 captured at 82,19
[2026-10-04 00:13:35] dbg: [driver:1] OpenTT3D: live voxel house ground 81 construction stage 3 variant 1 captured
[2026-10-04 00:13:35] dbg: [driver:1] OpenTT3D: live voxel house 81 construction stage 3 captured at 82,19
[2026-10-04 00:13:35] dbg: [driver:1] OpenTT3D: live voxel house 81 construction stage 3 variant 1 captured
[2026-10-04 00:13:35] dbg: [driver:1] OpenTT3D: live voxel house ground 82 construction stage 3 captured at 80,20
[2026-10-04 00:13:35] dbg: [driver:1] OpenTT3D: live voxel house ground 82 construction stage 3 variant 3 captured
[2026-10-04 00:13:35] dbg: [driver:1] OpenTT3D: live voxel house 82 construction stage 3 captured at 80,20
[2026-10-04 00:13:35] dbg: [driver:1] OpenTT3D: live voxel house 82 construction stage 3 variant 3 captured
[2026-10-04 00:13:35] dbg: [driver:1] OpenTT3D: 64 roof/wall pixels select their owning tile across four rotations, with independent vehicle picking
[2026-10-04 00:13:35] dbg: [driver:1] OpenTT3D: live projected tree 1863 stage 2 captured at 1,12
[2026-10-04 00:13:35] dbg: [driver:1] OpenTT3D: live projected tree 1898 stage 2 captured at 7,12
[2026-10-04 00:13:35] dbg: [driver:1] OpenTT3D: live projected tree 1849 stage 6 captured at 14,12
[2026-10-04 00:13:35] dbg: [driver:1] OpenTT3D: live projected tree 1870 stage 4 captured at 57,12
[2026-10-04 00:13:35] dbg: [driver:1] OpenTT3D: live projected tree 1940 stage 2 captured at 58,12
[2026-10-04 00:13:35] dbg: [driver:1] OpenTT3D: live projected tree 1870 stage 6 captured at 62,12
[2026-10-04 00:13:35] dbg: [driver:1] OpenTT3D: live projected tree 1898 stage 5 captured at 66,12
[2026-10-04 00:13:35] dbg: [driver:1] OpenTT3D: live projected tree 1842 stage 0 captured at 4,13
[2026-10-04 00:13:35] dbg: [driver:1] OpenTT3D: live projected tree 1870 stage 5 captured at 6,13
[2026-10-04 00:13:35] dbg: [driver:1] OpenTT3D: live projected tree 1835 stage 6 captured at 55,13
[2026-10-04 00:13:35] dbg: [driver:1] OpenTT3D: live projected tree 1835 stage 2 captured at 61,13
[2026-10-04 00:13:35] dbg: [driver:1] OpenTT3D: live projected tree 1842 stage 2 captured at 63,13
[2026-10-04 00:13:35] dbg: [driver:1] OpenTT3D: live projected tree 1926 stage 0 captured at 65,13
[2026-10-04 00:13:35] dbg: [driver:1] OpenTT3D: live projected tree 1835 stage 5 captured at 6,14
[2026-10-04 00:13:35] dbg: [driver:1] OpenTT3D: live projected tree 1849 stage 5 captured at 10,14
[2026-10-04 00:13:35] dbg: [driver:1] OpenTT3D: live projected tree 1842 stage 6 captured at 38,14
[2026-10-04 00:13:35] dbg: [driver:1] OpenTT3D: live projected tree 1870 stage 1 captured at 54,14
[2026-10-04 00:13:35] dbg: [driver:1] OpenTT3D: live projected tree 1821 stage 3 captured at 57,14
[2026-10-04 00:13:35] dbg: [driver:1] OpenTT3D: live projected tree 1933 stage 6 captured at 57,14
[2026-10-04 00:13:35] dbg: [driver:1] OpenTT3D: live projected tree 1884 stage 3 captured at 57,14
[2026-10-04 00:13:35] dbg: [driver:1] OpenTT3D: live projected tree 1926 stage 5 captured at 85,14
[2026-10-04 00:13:35] dbg: [driver:1] OpenTT3D: live projected tree 1940 stage 6 captured at 39,15
[2026-10-04 00:13:35] dbg: [driver:1] OpenTT3D: live projected tree 1842 stage 1 captured at 49,15
[2026-10-04 00:13:35] dbg: [driver:1] OpenTT3D: live projected tree 1905 stage 3 captured at 57,15
[2026-10-04 00:13:35] dbg: [driver:1] OpenTT3D: live projected tree 1905 stage 6 captured at 57,15
[2026-10-04 00:13:35] dbg: [driver:1] OpenTT3D: live projected tree 1940 stage 4 captured at 58,15
[2026-10-04 00:13:35] dbg: [driver:1] OpenTT3D: live projected tree 1926 stage 6 captured at 93,15
[2026-10-04 00:13:35] dbg: [driver:1] OpenTT3D: live projected tree 1940 stage 0 captured at 41,16
[2026-10-04 00:13:35] dbg: [driver:1] OpenTT3D: live projected tree 1884 stage 6 captured at 57,16
[2026-10-04 00:13:35] dbg: [driver:1] OpenTT3D: live projected tree 1884 stage 2 captured at 60,16
[2026-10-04 00:13:35] dbg: [driver:1] OpenTT3D: live projected tree 1905 stage 0 captured at 27,17
[2026-10-04 00:13:35] dbg: [driver:1] OpenTT3D: live projected tree 1940 stage 1 captured at 28,17
[2026-10-04 00:13:35] dbg: [driver:1] OpenTT3D: live projected tree 1828 stage 0 captured at 84,17
[2026-10-04 00:13:35] dbg: [driver:1] OpenTT3D: live projected tree 1905 stage 5 captured at 28,18
[2026-10-04 00:13:35] dbg: [driver:1] OpenTT3D: live projected tree 1870 stage 0 captured at 35,18
[2026-10-04 00:13:35] dbg: [driver:1] OpenTT3D: live projected tree 1821 stage 5 captured at 53,18
[2026-10-04 00:13:35] dbg: [driver:1] OpenTT3D: live projected tree 1828 stage 3 captured at 55,18
[2026-10-04 00:13:35] dbg: [driver:1] OpenTT3D: live projected tree 1828 stage 1 captured at 59,18
[2026-10-04 00:13:35] dbg: [driver:1] OpenTT3D: live projected tree 1891 stage 6 captured at 61,18
[2026-10-04 00:13:35] dbg: [driver:1] OpenTT3D: live projected tree 1884 stage 0 captured at 21,19
[2026-10-04 00:13:35] dbg: [driver:1] OpenTT3D: live projected tree 1828 stage 6 captured at 26,19
[2026-10-04 00:13:35] dbg: [driver:1] OpenTT3D: live projected tree 1828 stage 4 captured at 27,19
[2026-10-04 00:13:35] dbg: [driver:1] OpenTT3D: live projected tree 1821 stage 4 captured at 55,19
[2026-10-04 00:13:35] dbg: [driver:1] OpenTT3D: live projected tree 1905 stage 1 captured at 58,19
[2026-10-04 00:13:35] dbg: [driver:1] OpenTT3D: live projected tree 1905 stage 4 captured at 68,19
[2026-10-04 00:13:35] dbg: [driver:1] OpenTT3D: live voxel house ground 89 construction stage 3 captured at 74,19
[2026-10-04 00:13:35] dbg: [driver:1] OpenTT3D: live voxel house ground 89 construction stage 3 variant 3 captured
[2026-10-04 00:13:35] dbg: [driver:1] OpenTT3D: live voxel house 89 construction stage 3 captured at 74,19
[2026-10-04 00:13:35] dbg: [driver:1] OpenTT3D: live voxel house 89 construction stage 3 variant 3 captured
[2026-10-04 00:13:35] dbg: [driver:1] OpenTT3D: live projected tree 1898 stage 1 captured at 1,20
[2026-10-04 00:13:35] dbg: [driver:1] OpenTT3D: live projected tree 1891 stage 2 captured at 23,20
[2026-10-04 00:13:35] dbg: [driver:1] OpenTT3D: live projected tree 1933 stage 4 captured at 25,20
[2026-10-04 00:13:35] dbg: [driver:1] OpenTT3D: live projected tree 1828 stage 5 captured at 26,20
[2026-10-04 00:13:35] dbg: [driver:1] OpenTT3D: live projected tree 1821 stage 6 captured at 28,20
[2026-10-04 00:13:35] dbg: [driver:1] OpenTT3D: live projected tree 1884 stage 5 captured at 30,20
[2026-10-04 00:13:35] dbg: [driver:1] OpenTT3D: live projected tree 1821 stage 0 captured at 55,20
[2026-10-04 00:13:35] dbg: [driver:1] OpenTT3D: live projected tree 1891 stage 3 captured at 55,20
[2026-10-04 00:13:35] dbg: [driver:1] OpenTT3D: live projected tree 1912 stage 3 captured at 59,20
[2026-10-04 00:13:35] dbg: [driver:1] OpenTT3D: live projected tree 1919 stage 6 captured at 59,20
[2026-10-04 00:13:35] dbg: [driver:1] OpenTT3D: live voxel house ground 89 construction stage 3 captured at 76,20
[2026-10-04 00:13:35] dbg: [driver:1] OpenTT3D: live voxel house ground 89 construction stage 3 variant 2 captured
[2026-10-04 00:13:35] dbg: [driver:1] OpenTT3D: live voxel house 89 construction stage 3 captured at 76,20
[2026-10-04 00:13:35] dbg: [driver:1] OpenTT3D: live voxel house 89 construction stage 3 variant 2 captured
[2026-10-04 00:13:35] dbg: [driver:1] OpenTT3D: live voxel house ground 79 construction stage 3 captured at 78,20
[2026-10-04 00:13:35] dbg: [driver:1] OpenTT3D: live voxel house ground 79 construction stage 3 variant 0 captured
[2026-10-04 00:13:35] dbg: [driver:1] OpenTT3D: live voxel house 79 construction stage 3 captured at 78,20
[2026-10-04 00:13:35] dbg: [driver:1] OpenTT3D: live voxel house 79 construction stage 3 variant 0 captured
[2026-10-04 00:13:35] dbg: [driver:1] OpenTT3D: live voxel house ground 83 construction stage 3 captured at 79,20
[2026-10-04 00:13:35] dbg: [driver:1] OpenTT3D: live voxel house ground 83 construction stage 3 variant 3 captured
[2026-10-04 00:13:35] dbg: [driver:1] OpenTT3D: live voxel house 83 construction stage 3 captured at 79,20
[2026-10-04 00:13:35] dbg: [driver:1] OpenTT3D: live voxel house 83 construction stage 3 variant 3 captured
[2026-10-04 00:13:35] dbg: [driver:1] OpenTT3D: live projected tree 1842 stage 4 captured at 1,21
[2026-10-04 00:13:35] dbg: [driver:1] OpenTT3D: live projected tree 1821 stage 2 captured at 23,21
[2026-10-04 00:13:35] dbg: [driver:1] OpenTT3D: live projected tree 1940 stage 5 captured at 25,21
[2026-10-04 00:13:35] dbg: [driver:1] OpenTT3D: live projected tree 1884 stage 1 captured at 47,21
[2026-10-04 00:13:35] dbg: [driver:1] OpenTT3D: live projected tree 1884 stage 4 captured at 52,21
[2026-10-04 00:13:35] dbg: [driver:1] OpenTT3D: live voxel house ground 78 construction stage 3 captured at 76,21
[2026-10-04 00:13:35] dbg: [driver:1] OpenTT3D: live voxel house ground 78 construction stage 3 variant 1 captured
[2026-10-04 00:13:35] dbg: [driver:1] OpenTT3D: live voxel house 78 construction stage 3 captured at 76,21
[2026-10-04 00:13:35] dbg: [driver:1] OpenTT3D: live voxel house 78 construction stage 3 variant 1 captured
[2026-10-04 00:13:35] dbg: [driver:1] OpenTT3D: live projected tree 1821 stage 1 captured at 93,21
[2026-10-04 00:13:35] dbg: [driver:1] OpenTT3D: live projected tree 1933 stage 5 captured at 49,22
[2026-10-04 00:13:35] dbg: [driver:1] OpenTT3D: live voxel house 9 construction stage 3 captured at 74,22
[2026-10-04 00:13:35] dbg: [driver:1] OpenTT3D: live voxel house 9 construction stage 3 variant 1 captured
[2026-10-04 00:13:35] dbg: [driver:1] OpenTT3D: live voxel house ground 79 construction stage 1 captured at 78,22
[2026-10-04 00:13:35] dbg: [driver:1] OpenTT3D: live voxel house ground 79 construction stage 1 variant 2 captured
[2026-10-04 00:13:35] dbg: [driver:1] OpenTT3D: live voxel house 79 construction stage 1 captured at 78,22
[2026-10-04 00:13:35] dbg: [driver:1] OpenTT3D: live voxel house 79 construction stage 1 variant 2 captured
[2026-10-04 00:13:35] dbg: [driver:1] OpenTT3D: live voxel house ground 89 construction stage 3 captured at 79,22
[2026-10-04 00:13:35] dbg: [driver:1] OpenTT3D: live voxel house ground 89 construction stage 3 variant 1 captured
[2026-10-04 00:13:35] dbg: [driver:1] OpenTT3D: live voxel house 89 construction stage 3 captured at 79,22
[2026-10-04 00:13:35] dbg: [driver:1] OpenTT3D: live voxel house 89 construction stage 3 variant 1 captured
[2026-10-04 00:13:35] dbg: [driver:1] OpenTT3D: live projected tree 1863 stage 5 captured at 47,23
[2026-10-04 00:13:35] dbg: [driver:1] OpenTT3D: live projected tree 1919 stage 3 captured at 85,23
[2026-10-04 00:13:35] dbg: [driver:1] OpenTT3D: live projected tree 1891 stage 5 captured at 46,24
[2026-10-04 00:13:35] dbg: [driver:1] OpenTT3D: live voxel house ground 80 construction stage 3 captured at 76,24
[2026-10-04 00:13:35] dbg: [driver:1] OpenTT3D: live voxel house ground 80 construction stage 3 variant 1 captured
[2026-10-04 00:13:35] dbg: [driver:1] OpenTT3D: live voxel house 80 construction stage 3 captured at 76,24
[2026-10-04 00:13:35] dbg: [driver:1] OpenTT3D: live voxel house 80 construction stage 3 variant 1 captured
[2026-10-04 00:13:35] dbg: [driver:1] OpenTT3D: live projected tree 1891 stage 0 captured at 5,25
[2026-10-04 00:13:35] dbg: [driver:1] OpenTT3D: live projected tree 1891 stage 4 captured at 21,25
[2026-10-04 00:13:35] dbg: [driver:1] OpenTT3D: live projected tree 1828 stage 2 captured at 34,25
[2026-10-04 00:13:35] dbg: [driver:1] OpenTT3D: live projected tree 1912 stage 2 captured at 47,25
[2026-10-04 00:13:35] dbg: [driver:1] OpenTT3D: live projected tree 1912 stage 1 captured at 63,25
[2026-10-04 00:13:35] dbg: [driver:1] OpenTT3D: live projected tree 1912 stage 5 captured at 57,26
[2026-10-04 00:13:35] dbg: [driver:1] OpenTT3D: live voxel house ground 81 construction stage 3 captured at 76,26
[2026-10-04 00:13:35] dbg: [driver:1] OpenTT3D: live voxel house ground 81 construction stage 3 variant 3 captured
[2026-10-04 00:13:35] dbg: [driver:1] OpenTT3D: live voxel house 81 construction stage 3 captured at 76,26
[2026-10-04 00:13:35] dbg: [driver:1] OpenTT3D: live voxel house 81 construction stage 3 variant 3 captured
[2026-10-04 00:13:35] dbg: [driver:1] OpenTT3D: live voxel house ground 81 construction stage 3 captured at 77,26
[2026-10-04 00:13:35] dbg: [driver:1] OpenTT3D: live voxel house ground 81 construction stage 3 variant 2 captured
[2026-10-04 00:13:35] dbg: [driver:1] OpenTT3D: live voxel house 81 construction stage 3 captured at 77,26
[2026-10-04 00:13:35] dbg: [driver:1] OpenTT3D: live voxel house 81 construction stage 3 variant 2 captured
[2026-10-04 00:13:35] dbg: [driver:1] OpenTT3D: live projected tree 1919 stage 2 captured at 51,27
[2026-10-04 00:13:35] dbg: [driver:1] OpenTT3D: live projected tree 1912 stage 0 captured at 57,28
[2026-10-04 00:13:35] dbg: [driver:1] OpenTT3D: live projected tree 1835 stage 4 captured at 11,30
[2026-10-04 00:13:35] dbg: [driver:1] OpenTT3D: live projected tree 1919 stage 1 captured at 55,30
[2026-10-04 00:13:35] dbg: [driver:1] OpenTT3D: live projected tree 1933 stage 0 captured at 22,31
[2026-10-04 00:13:35] dbg: [driver:1] OpenTT3D: live projected tree 1919 stage 0 captured at 70,33
[2026-10-04 00:13:35] dbg: [driver:1] OpenTT3D: live projected tree 1856 stage 5 captured at 16,34
[2026-10-04 00:13:35] dbg: [driver:1] OpenTT3D: live projected tree 1905 stage 2 captured at 25,34
[2026-10-04 00:13:35] dbg: [driver:1] OpenTT3D: live projected tree 1933 stage 1 captured at 14,35
[2026-10-04 00:13:35] dbg: [driver:1] OpenTT3D: live projected tree 1912 stage 6 captured at 106,35
[2026-10-04 00:13:35] dbg: [driver:1] OpenTT3D: live projected tree 1877 stage 5 captured at 19,36
[2026-10-04 00:13:35] dbg: [driver:1] OpenTT3D: live projected tree 1856 stage 3 captured at 13,37
[2026-10-04 00:13:35] dbg: [driver:1] OpenTT3D: live projected tree 1849 stage 4 captured at 18,37
[2026-10-04 00:13:35] dbg: [driver:1] OpenTT3D: live projected tree 1849 stage 1 captured at 20,37
[2026-10-04 00:13:35] dbg: [driver:1] OpenTT3D: live projected tree 1863 stage 0 captured at 34,37
[2026-10-04 00:13:35] dbg: [driver:1] OpenTT3D: live projected tree 1933 stage 2 captured at 15,38
[2026-10-04 00:13:35] dbg: [driver:1] OpenTT3D: live projected tree 1926 stage 2 captured at 19,38
[2026-10-04 00:13:35] dbg: [driver:1] OpenTT3D: live projected tree 1863 stage 1 captured at 96,38
[2026-10-04 00:13:35] dbg: [driver:1] OpenTT3D: live projected tree 1898 stage 4 captured at 1,39
[2026-10-04 00:13:35] dbg: [driver:1] OpenTT3D: live projected tree 1835 stage 0 captured at 6,39
[2026-10-04 00:13:35] dbg: [driver:1] OpenTT3D: live projected tree 1926 stage 1 captured at 27,39
[2026-10-04 00:13:35] dbg: [driver:1] OpenTT3D: live projected tree 1877 stage 2 captured at 2,40
[2026-10-04 00:13:35] dbg: [driver:1] OpenTT3D: live projected tree 1849 stage 3 captured at 43,40
[2026-10-04 00:13:35] dbg: [driver:1] OpenTT3D: live projected tree 1835 stage 1 captured at 7,42
[2026-10-04 00:13:35] dbg: [driver:1] OpenTT3D: live projected tree 1849 stage 0 captured at 8,42
[2026-10-04 00:13:35] dbg: [driver:1] OpenTT3D: live projected tree 1856 stage 2 captured at 9,48
[2026-10-04 00:13:35] dbg: [driver:1] OpenTT3D: live projected tree 1898 stage 0 captured at 67,63
[2026-10-04 00:13:35] dbg: [driver:1] OpenTT3D: live projected tree 1877 stage 6 captured at 81,66
[2026-10-04 00:13:35] dbg: [driver:1] OpenTT3D: live projected tree 1912 stage 4 captured at 6,79
[2026-10-04 00:13:35] dbg: [driver:1] OpenTT3D: live projected tree 1919 stage 5 captured at 105,80
[2026-10-04 00:13:35] dbg: [driver:1] OpenTT3D: live projected tree 1863 stage 4 captured at 42,86
[2026-10-04 00:13:35] dbg: [driver:1] OpenTT3D: live projected tree 1877 stage 4 captured at 96,86
[2026-10-04 00:13:35] dbg: [driver:1] OpenTT3D: live projected tree 1856 stage 4 captured at 108,91
[2026-10-04 00:13:35] dbg: [driver:1] OpenTT3D: live projected tree 1891 stage 1 captured at 115,91
[2026-10-04 00:13:35] dbg: [driver:1] OpenTT3D: live projected tree 1877 stage 1 captured at 91,92
[2026-10-04 00:13:35] dbg: [driver:1] OpenTT3D: live projected tree 1856 stage 0 captured at 83,96
[2026-10-04 00:13:35] dbg: [driver:1] OpenTT3D: live projected tree 1877 stage 0 captured at 87,97
[2026-10-04 00:13:35] dbg: [driver:1] OpenTT3D: live projected tree 1856 stage 6 captured at 99,102
[2026-10-04 00:13:35] dbg: [driver:1] OpenTT3D: whole-world atlas relocation preserves 307200 exact RGBA/picking pixels across repack, clear and forced row relocation
[2026-10-04 00:13:35] dbg: [driver:1] OpenTT3D: captured Vulkan presentation with 1 GPU viewport regions
